0xde165230 N 0xde165234
0xeb7b2cc N 0xeb7b2d0
0xa64 N 0xa68
0xd149cc N 0xd149d0
0xbe8 N 0xbec
0x9cc28 N 0x9cc2c
0xe0bbf08 N 0xe0bbf0c
0xe0bbf08 N 0xe0bbf0c
0x79384 N 0x79388
0x1be674 N 0x1be678
0xf34 N 0xf38
0xa64 N 0xa68
0xb24396d0 N 0xb24396d4
0xa64 N 0xa68
0x91ce4 N 0x91ce8
0x79384 N 0x79388
0x9cc28 N 0x9cc2c
0xb24396d0 N 0xb24396d4
0x9cc28 N 0x9cc2c
0xb24396d0 N 0xb24396d4
0xbe8 N 0xbec
0xbe8 T 0x5ba0
0x1be674 N 0x1be678
0xd149cc N 0xd149d0
0xdf4d48 N 0xdf4d4c
0xdf4d48 T 0x577769c8
0xeb7b2cc N 0xeb7b2d0
0xde165230 N 0xde165234
0xde165230 T 0x6f711c4
0xde165230 N 0xde165234
0x79384 N 0x79388
0xa64 N 0xa68
0xde165230 N 0xde165234
0x9cc28 N 0x9cc2c
0xde165230 N 0xde165234
0x2f34fc N 0x2f3500
0x3659a8 N 0x3659ac
0x88680 N 0x88684
0x3659a8 N 0x3659ac
0xf34 N 0xf38
0xd149cc N 0xd149d0
0xd149cc T 0x47ea75c
0xd149cc T 0x47ea75c
0xc64760 N 0xc64764
0xdf4d48 N 0xdf4d4c
0xd149cc N 0xd149d0
0xeb7b2cc N 0xeb7b2d0
0xdf4d48 N 0xdf4d4c
0x3659a8 N 0x3659ac
0x91ce4 N 0x91ce8
0x974 N 0x978
0x1be674 N 0x1be678
0xb24396d0 N 0xb24396d4
0xeb7b2cc N 0xeb7b2d0
0xde165230 N 0xde165234
0x9cc28 N 0x9cc2c
0xf34 N 0xf38
0xb24396d0 N 0xb24396d4
0x2f34fc N 0x2f3500
0xf34 N 0xf38
0x9cc28 N 0x9cc2c
0xde165230 N 0xde165234
0x2f34fc N 0x2f3500
0xeb7b2cc N 0xeb7b2d0
0xeb7b2cc N 0xeb7b2d0
0xb24396d0 N 0xb24396d4
0x3659a8 N 0x3659ac
0x974 N 0x978
0xc6102958 N 0xc610295c
0x2f34fc N 0x2f3500
0xdf4d48 N 0xdf4d4c
0x2f34fc N 0x2f3500
0x974 N 0x978
0x974 N 0x978
0xde165230 N 0xde165234
0x59d4 N 0x59d8
0x974 N 0x978
0xbe8 N 0xbec
0xeb7b2cc N 0xeb7b2d0
0x1be674 N 0x1be678
0x1be674 N 0x1be678
0xde165230 N 0xde165234
0x88680 N 0x88684
0x9cc28 N 0x9cc2c
0xc64760 N 0xc64764
0xdf4d48 N 0xdf4d4c
0xc64760 N 0xc64764
0x3659a8 N 0x3659ac
0xdf4d48 N 0xdf4d4c
0x3659a8 N 0x3659ac
0x1be674 N 0x1be678
0xdf4d48 N 0xdf4d4c
0x79384 N 0x79388
0x3659a8 N 0x3659ac
0x3659a8 N 0x3659ac
0x59d4 N 0x59d8
0x79384 N 0x79388
0xde165230 N 0xde165234
0xc64760 N 0xc64764
0xc6102958 N 0xc610295c
0xd149cc N 0xd149d0
0xbe8 N 0xbec
0x88680 N 0x88684
0xf34 N 0xf38
0x91ce4 N 0x91ce8
0xdf4d48 N 0xdf4d4c
0xc64760 N 0xc64764
0x1be674 N 0x1be678
0xbe8 N 0xbec
0xeb7b2cc N 0xeb7b2d0
0xeb7b2cc T 0xddbe20
0x9cc28 N 0x9cc2c
0x9cc28 T 0x5d91e4
0xde165230 N 0xde165234
0xe0bbf08 N 0xe0bbf0c
0x91ce4 N 0x91ce8
0x91ce4 T 0x9f8
0xb24396d0 N 0xb24396d4
0xa64 N 0xa68
0xf34 N 0xf38
0x3659a8 N 0x3659ac
0xc6102958 N 0xc610295c
0x59d4 N 0x59d8
0xdf4d48 N 0xdf4d4c
0xc64760 N 0xc64764
0xbe8 N 0xbec
0x2f34fc N 0x2f3500
0x79384 N 0x79388
0xc64760 N 0xc64764
0x88680 N 0x88684
0xbe8 N 0xbec
0xa64 N 0xa68
0xf34 N 0xf38
0xbe8 N 0xbec
0x59d4 N 0x59d8
0xc6102958 N 0xc610295c
0xf34 N 0xf38
0x91ce4 N 0x91ce8
0x974 N 0x978
0x2f34fc N 0x2f3500
0xe0bbf08 N 0xe0bbf0c
0x88680 N 0x88684
0x59d4 N 0x59d8
0x1be674 N 0x1be678
0x91ce4 N 0x91ce8
0xa64 N 0xa68
0xbe8 N 0xbec
0x3659a8 N 0x3659ac
0x79384 N 0x79388
0xd149cc N 0xd149d0
0xbe8 N 0xbec
0x2f34fc N 0x2f3500
0xb24396d0 N 0xb24396d4
0xd149cc N 0xd149d0
0x3659a8 N 0x3659ac
0xd149cc N 0xd149d0
0xf34 N 0xf38
0xc6102958 N 0xc610295c
0x59d4 N 0x59d8
0x1be674 N 0x1be678
0xde165230 N 0xde165234
0xe0bbf08 N 0xe0bbf0c
0xf34 N 0xf38
0xbe8 N 0xbec
0xa64 N 0xa68
0xb24396d0 N 0xb24396d4
0xe0bbf08 N 0xe0bbf0c
0x91ce4 N 0x91ce8
0xc6102958 N 0xc610295c
0xdf4d48 N 0xdf4d4c
0xbe8 N 0xbec
0xf34 N 0xf38
0x9cc28 N 0x9cc2c
0xeb7b2cc N 0xeb7b2d0
0xf34 N 0xf38
0xb24396d0 N 0xb24396d4
0xe0bbf08 N 0xe0bbf0c
0x1be674 N 0x1be678
0x974 N 0x978
0xc64760 N 0xc64764
0xe0bbf08 N 0xe0bbf0c
0x91ce4 N 0x91ce8
0xe0bbf08 N 0xe0bbf0c
0x88680 N 0x88684
0xe0bbf08 N 0xe0bbf0c
0x1be674 N 0x1be678
0xe0bbf08 N 0xe0bbf0c
0xa64 N 0xa68
0xc64760 N 0xc64764
0xdf4d48 N 0xdf4d4c
0x79384 N 0x79388
0x91ce4 N 0x91ce8
0x91ce4 T 0x9f8
0x1be674 N 0x1be678
0x3659a8 N 0x3659ac
0xf34 N 0xf38
0x9cc28 N 0x9cc2c
0x79384 N 0x79388
0x3659a8 N 0x3659ac
0x3659a8 T 0xd2c4fa8
0x9cc28 N 0x9cc2c
0x974 N 0x978
0xd149cc N 0xd149d0
0x91ce4 N 0x91ce8
0xf34 N 0xf38
0xde165230 N 0xde165234
0x59d4 N 0x59d8
0x1be674 N 0x1be678
0x88680 N 0x88684
0xde165230 N 0xde165234
0x3659a8 N 0x3659ac
0xc6102958 N 0xc610295c
0xc64760 N 0xc64764
0xe0bbf08 N 0xe0bbf0c
0xdf4d48 N 0xdf4d4c
0xf34 N 0xf38
0x9cc28 N 0x9cc2c
0xdf4d48 N 0xdf4d4c
0xe0bbf08 N 0xe0bbf0c
0xbe8 N 0xbec
0xa64 N 0xa68
0x79384 N 0x79388
0x3659a8 N 0x3659ac
0xa64 N 0xa68
0x88680 N 0x88684
0xd149cc N 0xd149d0
0xf34 N 0xf38
0x974 N 0x978
0xdf4d48 N 0xdf4d4c
0xc64760 N 0xc64764
0xbe8 N 0xbec
0xb24396d0 N 0xb24396d4
0xc64760 N 0xc64764
0xd149cc N 0xd149d0
0xf34 N 0xf38
0xc64760 N 0xc64764
0x974 N 0x978
0x2f34fc N 0x2f3500
0xbe8 N 0xbec
0xa64 N 0xa68
0xeb7b2cc N 0xeb7b2d0
0x1be674 N 0x1be678
0xc6102958 N 0xc610295c
0xde165230 N 0xde165234
0x59d4 N 0x59d8
0xa64 N 0xa68
0xd149cc N 0xd149d0
0xc6102958 N 0xc610295c
0x9cc28 N 0x9cc2c
0xb24396d0 N 0xb24396d4
0xe0bbf08 N 0xe0bbf0c
0x9cc28 N 0x9cc2c
0xf34 N 0xf38
0x2f34fc N 0x2f3500
0x88680 N 0x88684
0xe0bbf08 N 0xe0bbf0c
0x1be674 N 0x1be678
0x59d4 N 0x59d8
0x9cc28 N 0x9cc2c
0xf34 N 0xf38
0xbe8 N 0xbec
0x91ce4 N 0x91ce8
0xa64 N 0xa68
0x88680 N 0x88684
0xd149cc N 0xd149d0
0x9cc28 N 0x9cc2c
0xa64 N 0xa68
0x974 N 0x978
0x59d4 N 0x59d8
0xc64760 N 0xc64764
0xeb7b2cc N 0xeb7b2d0
0x91ce4 N 0x91ce8
0x2f34fc N 0x2f3500
0xa64 N 0xa68
0x2f34fc N 0x2f3500
0x91ce4 N 0x91ce8
0x2f34fc N 0x2f3500
0x88680 N 0x88684
0x3659a8 N 0x3659ac
0xc64760 N 0xc64764
0x2f34fc N 0x2f3500
0xb24396d0 N 0xb24396d4
0x79384 N 0x79388
0x79384 T 0xe68
0x9cc28 N 0x9cc2c
0x9cc28 N 0x9cc2c
0xbe8 N 0xbec
0xb24396d0 N 0xb24396d4
0xde165230 N 0xde165234
0xdf4d48 N 0xdf4d4c
0x974 N 0x978
0xb24396d0 N 0xb24396d4
0x974 N 0x978
0x79384 N 0x79388
0xde165230 N 0xde165234
0xe0bbf08 N 0xe0bbf0c
0xd149cc N 0xd149d0
0x2f34fc N 0x2f3500
0x79384 N 0x79388
0x2f34fc N 0x2f3500
0x974 N 0x978
0x88680 N 0x88684
0xf34 N 0xf38
0xc6102958 N 0xc610295c
0xa64 N 0xa68
0xd149cc N 0xd149d0
0x79384 N 0x79388
0xde165230 N 0xde165234
0xd149cc N 0xd149d0
0xb24396d0 N 0xb24396d4
0x79384 N 0x79388
0xb24396d0 N 0xb24396d4
0x79384 N 0x79388
0xeb7b2cc N 0xeb7b2d0
0x79384 N 0x79388
0xc6102958 N 0xc610295c
0x59d4 N 0x59d8
0xf34 N 0xf38
0x91ce4 N 0x91ce8
0xdf4d48 N 0xdf4d4c
0xc6102958 N 0xc610295c
0x88680 N 0x88684
0xc6102958 N 0xc610295c
0xdf4d48 N 0xdf4d4c
0x2f34fc N 0x2f3500
0x79384 N 0x79388
0xd149cc N 0xd149d0
0xc64760 N 0xc64764
0xc6102958 N 0xc610295c
0xe0bbf08 N 0xe0bbf0c
0xde165230 N 0xde165234
0xb24396d0 N 0xb24396d4
0xbe8 N 0xbec
0x9cc28 N 0x9cc2c
0xb24396d0 N 0xb24396d4
0xa64 N 0xa68
0x79384 N 0x79388
0xb24396d0 N 0xb24396d4
0x1be674 N 0x1be678
0xde165230 N 0xde165234
0x3659a8 N 0x3659ac
0x9cc28 N 0x9cc2c
0xa64 N 0xa68
0x2f34fc N 0x2f3500
0xbe8 N 0xbec
0xd149cc N 0xd149d0
0xc64760 N 0xc64764
0xde165230 N 0xde165234
0xde165230 N 0xde165234
0xde165230 T 0x6f711c4
0x91ce4 N 0x91ce8
0x91ce4 T 0x9f8
0xc6102958 N 0xc610295c
0x79384 N 0x79388
0xa64 N 0xa68
0xb24396d0 N 0xb24396d4
0xdf4d48 N 0xdf4d4c
0xd149cc N 0xd149d0
0xb24396d0 N 0xb24396d4
0x79384 N 0x79388
0x91ce4 N 0x91ce8
0xc6102958 N 0xc610295c
0xeb7b2cc N 0xeb7b2d0
0x79384 N 0x79388
0xbe8 N 0xbec
0xd149cc N 0xd149d0
0xde165230 N 0xde165234
0xdf4d48 N 0xdf4d4c
0x79384 N 0x79388
0x91ce4 N 0x91ce8
0x1be674 N 0x1be678
0xdf4d48 N 0xdf4d4c
0x9cc28 N 0x9cc2c
0x9cc28 T 0x5d91e4
0xc6102958 N 0xc610295c
0x9cc28 N 0x9cc2c
0xbe8 N 0xbec
0x974 N 0x978
0x91ce4 N 0x91ce8
0xd149cc N 0xd149d0
0x9cc28 N 0x9cc2c
0x2f34fc N 0x2f3500
0xeb7b2cc N 0xeb7b2d0
0x974 N 0x978
0xf34 N 0xf38
0xf34 T 0x783ebdc
0x88680 N 0x88684
0x2f34fc N 0x2f3500
0xb24396d0 N 0xb24396d4
0xf34 N 0xf38
0x974 N 0x978
0x91ce4 N 0x91ce8
0xde165230 N 0xde165234
0x2f34fc N 0x2f3500
0xbe8 N 0xbec
0x9cc28 N 0x9cc2c
0x91ce4 N 0x91ce8
0x79384 N 0x79388
0x974 N 0x978
0xb24396d0 N 0xb24396d4
0xd149cc N 0xd149d0
0xd149cc N 0xd149d0
0xd149cc N 0xd149d0
0x974 N 0x978
0xc6102958 N 0xc610295c
0x3659a8 N 0x3659ac
0xd149cc N 0xd149d0
0x2f34fc N 0x2f3500
0xeb7b2cc N 0xeb7b2d0
0xc6102958 N 0xc610295c
0x88680 N 0x88684
0xbe8 N 0xbec
0xbe8 T 0x5ba0
0xa64 N 0xa68
0xe0bbf08 N 0xe0bbf0c
0xdf4d48 N 0xdf4d4c
0x3659a8 N 0x3659ac
0x91ce4 N 0x91ce8
0xb24396d0 N 0xb24396d4
0x88680 N 0x88684
0x1be674 N 0x1be678
0xc6102958 N 0xc610295c
0x974 N 0x978
0x88680 N 0x88684
0x79384 N 0x79388
0x91ce4 N 0x91ce8
0xa64 N 0xa68
0x88680 N 0x88684
0x2f34fc N 0x2f3500
0x79384 N 0x79388
0x974 N 0x978
0xdf4d48 N 0xdf4d4c
0x88680 N 0x88684
0xc6102958 N 0xc610295c
0xde165230 N 0xde165234
0xde165230 T 0x6f711c4
0x9cc28 N 0x9cc2c
0xe0bbf08 N 0xe0bbf0c
0xa64 N 0xa68
0x974 N 0x978
0x2f34fc N 0x2f3500
0x974 N 0x978
0xeb7b2cc N 0xeb7b2d0
0x2f34fc N 0x2f3500
0x9cc28 N 0x9cc2c
0x974 N 0x978
0xeb7b2cc N 0xeb7b2d0
0xdf4d48 N 0xdf4d4c
0xbe8 N 0xbec
0xa64 N 0xa68
0x88680 N 0x88684
0xd149cc N 0xd149d0
0xf34 N 0xf38
0xe0bbf08 N 0xe0bbf0c
0x88680 N 0x88684
0xc6102958 N 0xc610295c
0xc64760 N 0xc64764
0x9cc28 N 0x9cc2c
0xa64 N 0xa68
0xc6102958 N 0xc610295c
0x2f34fc N 0x2f3500
0x88680 N 0x88684
0xa64 N 0xa68
0xe0bbf08 N 0xe0bbf0c
0xbe8 N 0xbec
0xf34 N 0xf38
0x2f34fc N 0x2f3500
0xc6102958 N 0xc610295c
0xc6102958 T 0xd2d0c
0xdf4d48 N 0xdf4d4c
0xd149cc N 0xd149d0
0xa64 N 0xa68
0x1be674 N 0x1be678
0xa64 N 0xa68
0x1be674 N 0x1be678
0x91ce4 N 0x91ce8
0x2f34fc N 0x2f3500
0xc64760 N 0xc64764
0xbe8 N 0xbec
0xeb7b2cc N 0xeb7b2d0
0x1be674 N 0x1be678
0xbe8 N 0xbec
0xe0bbf08 N 0xe0bbf0c
0x974 N 0x978
0xc64760 N 0xc64764
0x59d4 N 0x59d8
0xe0bbf08 N 0xe0bbf0c
0xa64 N 0xa68
0x9cc28 N 0x9cc2c
0xeb7b2cc N 0xeb7b2d0
0xeb7b2cc N 0xeb7b2d0
0xde165230 N 0xde165234
0xeb7b2cc N 0xeb7b2d0
0xd149cc N 0xd149d0
0xa64 N 0xa68
0xf34 N 0xf38
0xbe8 N 0xbec
0xf34 N 0xf38
0x9cc28 N 0x9cc2c
0x1be674 N 0x1be678
0xe0bbf08 N 0xe0bbf0c
0xa64 N 0xa68
0xd149cc N 0xd149d0
0x91ce4 N 0x91ce8
0x2f34fc N 0x2f3500
0x2f34fc N 0x2f3500
0xb24396d0 N 0xb24396d4
0xc64760 N 0xc64764
0xe0bbf08 N 0xe0bbf0c
0xdf4d48 N 0xdf4d4c
0xbe8 N 0xbec
0xf34 N 0xf38
0xd149cc N 0xd149d0
0xeb7b2cc N 0xeb7b2d0
0x1be674 N 0x1be678
0x91ce4 N 0x91ce8
0x88680 N 0x88684
0xbe8 N 0xbec
0x974 N 0x978
0xeb7b2cc N 0xeb7b2d0
0xa64 N 0xa68
0xde165230 N 0xde165234
0x2f34fc N 0x2f3500
0xde165230 N 0xde165234
0xde165230 T 0x6f711c4
0x974 N 0x978
0x88680 N 0x88684
0x1be674 N 0x1be678
0xe0bbf08 N 0xe0bbf0c
0xdf4d48 N 0xdf4d4c
0xeb7b2cc N 0xeb7b2d0
0x91ce4 N 0x91ce8
0xc64760 N 0xc64764
0x3659a8 N 0x3659ac
0x59d4 N 0x59d8
0x88680 N 0x88684
0xf34 N 0xf38
0xdf4d48 N 0xdf4d4c
0xb24396d0 N 0xb24396d4
0xde165230 N 0xde165234
0xc6102958 N 0xc610295c
0x9cc28 N 0x9cc2c
0xdf4d48 N 0xdf4d4c
0xc6102958 N 0xc610295c
0x79384 N 0x79388
0x3659a8 N 0x3659ac
0xc64760 N 0xc64764
0x1be674 N 0x1be678
0xc64760 N 0xc64764
0xb24396d0 N 0xb24396d4
0xde165230 N 0xde165234
0x59d4 N 0x59d8
0x2f34fc N 0x2f3500
0xe0bbf08 N 0xe0bbf0c
0xa64 N 0xa68
0xde165230 N 0xde165234
0xb24396d0 N 0xb24396d4
0xf34 N 0xf38
0x2f34fc N 0x2f3500
0xa64 N 0xa68
0x1be674 N 0x1be678
0xb24396d0 N 0xb24396d4
0x1be674 N 0x1be678
0xc6102958 N 0xc610295c
0x88680 N 0x88684
0x79384 N 0x79388
0xf34 N 0xf38
0x9cc28 N 0x9cc2c
0xbe8 N 0xbec
0x2f34fc N 0x2f3500
0xc64760 N 0xc64764
0x3659a8 N 0x3659ac
0x1be674 N 0x1be678
0xc64760 N 0xc64764
0xde165230 N 0xde165234
0xeb7b2cc N 0xeb7b2d0
0xdf4d48 N 0xdf4d4c
0x88680 N 0x88684
0xdf4d48 N 0xdf4d4c
0xa64 N 0xa68
0xd149cc N 0xd149d0
0xa64 N 0xa68
0x59d4 N 0x59d8
0xc6102958 N 0xc610295c
0xe0bbf08 N 0xe0bbf0c
0x59d4 N 0x59d8
0x974 N 0x978
0xe0bbf08 N 0xe0bbf0c
0xe0bbf08 T 0xf15e9438
0x9cc28 N 0x9cc2c
0x79384 N 0x79388
0xeb7b2cc N 0xeb7b2d0
0xc6102958 N 0xc610295c
0x1be674 N 0x1be678
0x91ce4 N 0x91ce8
0xdf4d48 N 0xdf4d4c
0xb24396d0 N 0xb24396d4
0x79384 N 0x79388
0xf34 N 0xf38
0x3659a8 N 0x3659ac
0x9cc28 N 0x9cc2c
0x1be674 N 0x1be678
0xf34 N 0xf38
0x1be674 N 0x1be678
0xb24396d0 N 0xb24396d4
0xbe8 N 0xbec
0xbe8 N 0xbec
0x2f34fc N 0x2f3500
0xc64760 N 0xc64764
0xd149cc N 0xd149d0
0x88680 N 0x88684
0xc64760 N 0xc64764
0xdf4d48 N 0xdf4d4c
0xc64760 N 0xc64764
0xd149cc N 0xd149d0
0xc6102958 N 0xc610295c
0xeb7b2cc N 0xeb7b2d0
0x79384 N 0x79388
0x59d4 N 0x59d8
0x974 N 0x978
0xeb7b2cc N 0xeb7b2d0
0xd149cc N 0xd149d0
0x3659a8 N 0x3659ac
0xeb7b2cc N 0xeb7b2d0
0x974 N 0x978
0xb24396d0 N 0xb24396d4
0x3659a8 N 0x3659ac
0xb24396d0 N 0xb24396d4
0xc6102958 N 0xc610295c
0x79384 N 0x79388
0x59d4 N 0x59d8
0x88680 N 0x88684
0x59d4 N 0x59d8
0xd149cc N 0xd149d0
0xc6102958 N 0xc610295c
0x974 N 0x978
0xbe8 N 0xbec
0xeb7b2cc N 0xeb7b2d0
0xdf4d48 N 0xdf4d4c
0x9cc28 N 0x9cc2c
0xc6102958 N 0xc610295c
0x9cc28 N 0x9cc2c
0xe0bbf08 N 0xe0bbf0c
0x1be674 N 0x1be678
0x91ce4 N 0x91ce8
0xf34 N 0xf38
0xde165230 N 0xde165234
0x974 N 0x978
0xa64 N 0xa68
0xc6102958 N 0xc610295c
0xb24396d0 N 0xb24396d4
0x79384 N 0x79388
0xdf4d48 N 0xdf4d4c
0xc64760 N 0xc64764
0xd149cc N 0xd149d0
0xa64 N 0xa68
0xdf4d48 N 0xdf4d4c
0xf34 N 0xf38
0xb24396d0 N 0xb24396d4
0x91ce4 N 0x91ce8
0x974 N 0x978
0x974 T 0x1b0
0xeb7b2cc N 0xeb7b2d0
0x974 N 0x978
0xde165230 N 0xde165234
0xa64 N 0xa68
0xde165230 N 0xde165234
0x59d4 N 0x59d8
0xc6102958 N 0xc610295c
0xdf4d48 N 0xdf4d4c
0x974 N 0x978
0xdf4d48 N 0xdf4d4c
0xb24396d0 N 0xb24396d4
0xbe8 N 0xbec
0x1be674 N 0x1be678
0xdf4d48 N 0xdf4d4c
0x2f34fc N 0x2f3500
0x59d4 N 0x59d8
0x79384 N 0x79388
0x59d4 N 0x59d8
0x9cc28 N 0x9cc2c
0x88680 N 0x88684
0xf34 N 0xf38
0x59d4 N 0x59d8
0x91ce4 N 0x91ce8
0xd149cc N 0xd149d0
0xde165230 N 0xde165234
0x88680 N 0x88684
0x1be674 N 0x1be678
0xd149cc N 0xd149d0
0xa64 N 0xa68
0x974 N 0x978
0xe0bbf08 N 0xe0bbf0c
0xe0bbf08 T 0xf15e9438
0xeb7b2cc N 0xeb7b2d0
0x1be674 N 0x1be678
0x2f34fc N 0x2f3500
0xc64760 N 0xc64764
0xdf4d48 N 0xdf4d4c
0x59d4 N 0x59d8
0xe0bbf08 N 0xe0bbf0c
0x1be674 N 0x1be678
0x1be674 T 0x519dc7c
0x2f34fc N 0x2f3500
0x2f34fc N 0x2f3500
0xa64 N 0xa68
0xeb7b2cc N 0xeb7b2d0
0x79384 N 0x79388
0x59d4 N 0x59d8
0xde165230 N 0xde165234
0x1be674 N 0x1be678
0x91ce4 N 0x91ce8
0x79384 N 0x79388
0xc64760 N 0xc64764
0xde165230 N 0xde165234
0xde165230 T 0x6f711c4
0x3659a8 N 0x3659ac
0x3659a8 T 0xd2c4fa8
0x88680 N 0x88684
0x91ce4 N 0x91ce8
0x91ce4 T 0x9f8
0xa64 N 0xa68
0xc64760 N 0xc64764
0x974 N 0x978
0xe0bbf08 N 0xe0bbf0c
0xb24396d0 N 0xb24396d4
0x3659a8 N 0x3659ac
0x974 N 0x978
0x9cc28 N 0x9cc2c
0xc64760 N 0xc64764
0xc64760 T 0x9e8
0xde165230 N 0xde165234
0x1be674 N 0x1be678
0xa64 N 0xa68
0xdf4d48 N 0xdf4d4c
0x974 N 0x978
0xeb7b2cc N 0xeb7b2d0
0xf34 N 0xf38
0x3659a8 N 0x3659ac
0xd149cc N 0xd149d0
0x9cc28 N 0x9cc2c
0xd149cc N 0xd149d0
0xe0bbf08 N 0xe0bbf0c
0x88680 N 0x88684
0xc6102958 N 0xc610295c
0xc64760 N 0xc64764
0x91ce4 N 0x91ce8
0xc64760 N 0xc64764
0xd149cc N 0xd149d0
0xbe8 N 0xbec
0xd149cc N 0xd149d0
0xf34 N 0xf38
0x2f34fc N 0x2f3500
0xdf4d48 N 0xdf4d4c
0x3659a8 N 0x3659ac
0xbe8 N 0xbec
0xde165230 N 0xde165234
0x59d4 N 0x59d8
0x88680 N 0x88684
0x79384 N 0x79388
0x88680 N 0x88684
0xde165230 N 0xde165234
0xdf4d48 N 0xdf4d4c
0xe0bbf08 N 0xe0bbf0c
0xbe8 N 0xbec
0x88680 N 0x88684
0x1be674 N 0x1be678
0xbe8 N 0xbec
0xe0bbf08 N 0xe0bbf0c
0x88680 N 0x88684
0x1be674 N 0x1be678
0x9cc28 N 0x9cc2c
0x9cc28 T 0x5d91e4
0xd149cc N 0xd149d0
0x2f34fc N 0x2f3500
0xc6102958 N 0xc610295c
0xc64760 N 0xc64764
0xbe8 N 0xbec
0xc6102958 N 0xc610295c
0x9cc28 N 0x9cc2c
0xc64760 N 0xc64764
0x79384 N 0x79388
0xdf4d48 N 0xdf4d4c
0xdf4d48 N 0xdf4d4c
0x79384 N 0x79388
0x3659a8 N 0x3659ac
0x91ce4 N 0x91ce8
0xc6102958 N 0xc610295c
0x1be674 N 0x1be678
0xe0bbf08 N 0xe0bbf0c
0x88680 N 0x88684
0x1be674 N 0x1be678
0xe0bbf08 N 0xe0bbf0c
0xc64760 N 0xc64764
0x79384 N 0x79388
0x59d4 N 0x59d8
0x1be674 N 0x1be678
0xf34 N 0xf38
0x59d4 N 0x59d8
0x3659a8 N 0x3659ac
0xe0bbf08 N 0xe0bbf0c
0xd149cc N 0xd149d0
0xe0bbf08 N 0xe0bbf0c
0x79384 N 0x79388
0xc64760 N 0xc64764
0x974 N 0x978
0xf34 N 0xf38
0xf34 T 0x783ebdc
0x59d4 N 0x59d8
0x974 N 0x978
0xdf4d48 N 0xdf4d4c
0xc6102958 N 0xc610295c
0x3659a8 N 0x3659ac
0xdf4d48 N 0xdf4d4c
0x9cc28 N 0x9cc2c
0x91ce4 N 0x91ce8
0x3659a8 N 0x3659ac
0x79384 N 0x79388
0x2f34fc N 0x2f3500
0xdf4d48 N 0xdf4d4c
0x974 N 0x978
0xdf4d48 N 0xdf4d4c
0xbe8 N 0xbec
0x9cc28 N 0x9cc2c
0x9cc28 T 0x5d91e4
0x2f34fc N 0x2f3500
0x91ce4 N 0x91ce8
0x3659a8 N 0x3659ac
0xc6102958 N 0xc610295c
0xf34 N 0xf38
0x9cc28 N 0x9cc2c
0xe0bbf08 N 0xe0bbf0c
0xd149cc N 0xd149d0
0xbe8 N 0xbec
0xc64760 N 0xc64764
0xd149cc N 0xd149d0
0x974 N 0x978
0x59d4 N 0x59d8
0xa64 N 0xa68
0xeb7b2cc N 0xeb7b2d0
0xe0bbf08 N 0xe0bbf0c
0x59d4 N 0x59d8
0x91ce4 N 0x91ce8
0x2f34fc N 0x2f3500
0xe0bbf08 N 0xe0bbf0c
0x3659a8 N 0x3659ac
0xd149cc N 0xd149d0
0xde165230 N 0xde165234
0x1be674 N 0x1be678
0x974 N 0x978
0xb24396d0 N 0xb24396d4
0xc64760 N 0xc64764
0xf34 N 0xf38
0xb24396d0 N 0xb24396d4
0xde165230 N 0xde165234
0xf34 N 0xf38
0x79384 N 0x79388
0xdf4d48 N 0xdf4d4c
0xe0bbf08 N 0xe0bbf0c
0xc6102958 N 0xc610295c
0xc6102958 N 0xc610295c
0x59d4 N 0x59d8
0x59d4 T 0x980
0xf34 N 0xf38
0xeb7b2cc N 0xeb7b2d0
0xe0bbf08 N 0xe0bbf0c
0x974 N 0x978
0xeb7b2cc N 0xeb7b2d0
0x59d4 N 0x59d8
0xde165230 N 0xde165234
0xa64 N 0xa68
0xde165230 N 0xde165234
0x79384 N 0x79388
0x88680 N 0x88684
0x88680 N 0x88684
0xe0bbf08 N 0xe0bbf0c
0xde165230 N 0xde165234
0xf34 N 0xf38
0x9cc28 N 0x9cc2c
0xa64 N 0xa68
0x3659a8 N 0x3659ac
0x3659a8 N 0x3659ac
0x974 N 0x978
0xeb7b2cc N 0xeb7b2d0
0x974 N 0x978
0xa64 N 0xa68
0x3659a8 N 0x3659ac
0xe0bbf08 N 0xe0bbf0c
0x79384 N 0x79388
0xde165230 N 0xde165234
0xbe8 N 0xbec
0xeb7b2cc N 0xeb7b2d0
0xde165230 N 0xde165234
0xd149cc N 0xd149d0
0x2f34fc N 0x2f3500
0xc6102958 N 0xc610295c
0xc64760 N 0xc64764
0x91ce4 N 0x91ce8
0x91ce4 T 0x9f8
0x3659a8 N 0x3659ac
0x2f34fc N 0x2f3500
0xe0bbf08 N 0xe0bbf0c
0x3659a8 N 0x3659ac
0xbe8 N 0xbec
0x3659a8 N 0x3659ac
0xc64760 N 0xc64764
0x9cc28 N 0x9cc2c
0xe0bbf08 N 0xe0bbf0c
0xde165230 N 0xde165234
0x3659a8 N 0x3659ac
0x9cc28 N 0x9cc2c
0xde165230 N 0xde165234
0x1be674 N 0x1be678
0xeb7b2cc N 0xeb7b2d0
0x91ce4 N 0x91ce8
0xa64 N 0xa68
0xc6102958 N 0xc610295c
0xbe8 N 0xbec
0xd149cc N 0xd149d0
0x974 N 0x978
0xeb7b2cc N 0xeb7b2d0
0xc6102958 N 0xc610295c
0x974 N 0x978
0x59d4 N 0x59d8
0xd149cc N 0xd149d0
0xb24396d0 N 0xb24396d4
0x59d4 N 0x59d8
0x2f34fc N 0x2f3500
0x59d4 N 0x59d8
0xdf4d48 N 0xdf4d4c
0x974 N 0x978
0x3659a8 N 0x3659ac
0x9cc28 N 0x9cc2c
0xdf4d48 N 0xdf4d4c
0x3659a8 N 0x3659ac
0x2f34fc N 0x2f3500
0xd149cc N 0xd149d0
0x9cc28 N 0x9cc2c
0xc64760 N 0xc64764
0x2f34fc N 0x2f3500
0x88680 N 0x88684
0x88680 T 0x9b92c
0x79384 N 0x79388
0x2f34fc N 0x2f3500
0x59d4 N 0x59d8
0x59d4 N 0x59d8
0x88680 N 0x88684
0xe0bbf08 N 0xe0bbf0c
0x91ce4 N 0x91ce8
0xc6102958 N 0xc610295c
0xd149cc N 0xd149d0
0xe0bbf08 N 0xe0bbf0c
0x59d4 N 0x59d8
0xbe8 N 0xbec
0x88680 N 0x88684
0x91ce4 N 0x91ce8
0xde165230 N 0xde165234
0xc64760 N 0xc64764
0xde165230 N 0xde165234
0xc64760 N 0xc64764
0x9cc28 N 0x9cc2c
0x88680 N 0x88684
0x59d4 N 0x59d8
0xc6102958 N 0xc610295c
0x59d4 N 0x59d8
0xc6102958 N 0xc610295c
0xa64 N 0xa68
0xd149cc N 0xd149d0
0xc6102958 N 0xc610295c
0xb24396d0 N 0xb24396d4
0xc64760 N 0xc64764
0x2f34fc N 0x2f3500
0x974 N 0x978
0xa64 N 0xa68
0xc6102958 N 0xc610295c
0x91ce4 N 0x91ce8
0x59d4 N 0x59d8
0xeb7b2cc N 0xeb7b2d0
0x2f34fc N 0x2f3500
0xa64 N 0xa68
flush_num: 493, br_num: 980, size: 71b
