0xa4e808 N 0xa4e80c
0x59c8c4 N 0x59c8c8
0x7a4 N 0x7a8
0xa4e808 T 0x274
0x7200aacc N 0x7200aad0
0xeb323c N 0xeb3240
0xd5dcd54 N 0xd5dcd58
0xb8a04 N 0xb8a08
0x202b0 N 0x202b4
0xa078 N 0xa07c
0xb61f7f54 N 0xb61f7f58
0x46190 N 0x46194
0xd5dcd54 T 0x71440d4
0x7bd140 N 0x7bd144
0x46190 N 0x46194
0x9fe10 T 0x92b4
0x9fe10 N 0x9fe14
0x3d0 N 0x3d4
0xd5dcd54 T 0xa570
0x46190 T 0xa3ec8
0x31b498b8 N 0x31b498bc
0xa44 T 0xc290
0xb8a04 N 0xb8a08
0xd8022e34 N 0xd8022e38
0x5af3b8c T 0xf67974
0xdc8 N 0xdcc
0xc6976bd4 N 0xc6976bd8
0xbef4 T 0x6c650
0x3a861a28 N 0x3a861a2c
0x5af3b8c T 0x7464
0x3dc8 N 0x3dcc
0x7bd140 N 0x7bd144
0xd8022e34 T 0x5bc
0xa21f4 N 0xa21f8
0x34930 N 0x34934
0x7a4 N 0x7a8
0x31b498b8 T 0xea381ff4
0x7a4 T 0xed9c
0x34930 N 0x34934
0xb8a04 T 0xc290
0x7bd140 T 0xd0004
0xa44 T 0xc290
0xeb323c T 0x61118
0xd8022e34 N 0xd8022e38
0xbcb99dc N 0xbcb99e0
0xd8022e34 T 0x6c650
0x13a0 N 0x13a4
0x5af3b8c N 0x5af3b90
0x13a0 N 0x13a4
0x7200aacc T 0x7464
0xaf0 N 0xaf4
0xaf0 N 0xaf4
0xa078 T 0xea381ff4
0x2c2629dc T 0xfad5e70
0x3d0 T 0x92b4
0xd8022e34 N 0xd8022e38
0x7ada2bc N 0x7ada2c0
0xe38c T 0xf67974
0xd8022e34 T 0x6c650
0xd5dcd54 N 0xd5dcd58
0xa21f4 T 0x6c650
0x202b0 N 0x202b4
0xbcb99dc N 0xbcb99e0
0x7bd140 N 0x7bd144
0x34930 T 0x1bc8b0
0xa078 T 0x20ca0
0x2c2629dc N 0x2c2629e0
0x13a0 T 0x172400
0xa44 N 0xa48
0xbcb99dc N 0xbcb99e0
0xbef4 T 0xc7d4
0xa4e808 T 0x657c5f88
0x59c8c4 T 0x18038
0x46190 N 0x46194
0xe38c T 0xfa6aff08
0xe38c T 0xfa6aff08
0xa21f4 T 0x5bc
0xd5dcd54 N 0xd5dcd58
0x7200aacc N 0x7200aad0
0x31b498b8 T 0x20ca0
0x7bd140 T 0xd0004
0x3a861a28 N 0x3a861a2c
0xc6976bd4 N 0xc6976bd8
0x9f289c N 0x9f28a0
0xc6976bd4 T 0x1533dc
0x9fe10 N 0x9fe14
0x34930 T 0x76abc
0x7a4 N 0x7a8
0xd8022e34 T 0xc7d4
0x9f289c N 0x9f28a0
0xaf0 N 0xaf4
0x59c8c4 T 0x434
0x9fe10 T 0x2a686c50
0xe38c N 0xe390
0xa078 N 0xa07c
0x7ada2bc N 0x7ada2c0
0xa21f4 T 0x6c650
0x7ada2bc N 0x7ada2c0
0x7200aacc N 0x7200aad0
0xbcb99dc N 0xbcb99e0
0xb8a04 N 0xb8a08
0x2c2629dc N 0x2c2629e0
0x46190 N 0x46194
0x13a0 T 0x172400
0x13a0 N 0x13a4
0x3dc8 N 0x3dcc
0x59c8c4 N 0x59c8c8
0x9f289c N 0x9f28a0
0x7200aacc N 0x7200aad0
0x202b0 N 0x202b4
0xd8022e34 N 0xd8022e38
0x7ada2bc T 0x69990af0
0xb8a04 T 0x434
0xb61f7f54 T 0x1533dc
0xbcb99dc N 0xbcb99e0
0xa21f4 N 0xa21f8
0xa078 N 0xa07c
0xa4e808 N 0xa4e80c
0x31b498b8 N 0x31b498bc
0xdc5a4 N 0xdc5a8
0x2c2629dc T 0xfad5e70
0xeb323c N 0xeb3240
0x59c8c4 N 0x59c8c8
0x9fe10 T 0x92b4
0x3d0 N 0x3d4
0xaf0 N 0xaf4
0xd5dcd54 T 0x71440d4
0x5af3b8c T 0xf67974
0x39183c N 0x391840
0x7200aacc N 0x7200aad0
0x5af3b8c N 0x5af3b90
0x202b0 T 0xb939c
0xb8a04 T 0x434
0xbef4 T 0xc7d4
0x7ada2bc T 0x5dd198
0x39183c N 0x391840
0xb61f7f54 N 0xb61f7f58
0xc6976bd4 N 0xc6976bd8
0x3a861a28 T 0x8aaa16cc
0x5af3b8c T 0x7464
0x46190 T 0xa3ec8
0xa078 T 0xea381ff4
0xd5dcd54 N 0xd5dcd58
0x3a861a28 T 0x8aaa16cc
0x7bd140 N 0x7bd144
0xaf0 T 0x1bc8b0
0x50c8 T 0x274
0xe38c T 0x7464
0x50c8 N 0x50cc
0xdc8 N 0xdcc
0xd5dcd54 N 0xd5dcd58
0x7a4 T 0x73f8
0x13a0 T 0x172400
0x202b0 T 0xb939c
0xbef4 T 0x5bc
0x5af3b8c N 0x5af3b90
0xeb323c N 0xeb3240
0x2c2629dc N 0x2c2629e0
0xacc N 0xad0
0xa4e808 N 0xa4e80c
0xc6976bd4 T 0xa570
0x13a0 N 0x13a4
0xeb323c T 0x61118
0x31b498b8 T 0x20ca0
0x3dc8 N 0x3dcc
0x31b498b8 N 0x31b498bc
0x7ada2bc T 0x61118
0x39183c T 0x69990af0
0xeb323c T 0x5dd198
0x2c2629dc T 0x7ce074
0xc6976bd4 T 0x1533dc
0x2c2629dc T 0x7ce074
0x7bd140 T 0xd0004
0x46190 T 0x92b4
0xb61f7f54 T 0x1533dc
0x3d0 T 0x92b4
0x2c2629dc T 0x7ce074
0xeb323c N 0xeb3240
0x13a0 N 0x13a4
0x3d0 T 0xa3ec8
0xeb323c T 0x61118
0x3dc8 T 0x657c5f88
0xdc5a4 T 0xed9c
0x7bd140 N 0x7bd144
0xd8022e34 T 0x5bc
0xaf0 N 0xaf4
0xb61f7f54 N 0xb61f7f58
0x3d0 N 0x3d4
0x3dc8 T 0x657c5f88
0xa078 T 0xea381ff4
0xeb323c T 0x61118
0x9fe10 N 0x9fe14
0x3dc8 N 0x3dcc
0xacc T 0x47fec
0x9f289c T 0x7ce074
0x7bd140 N 0x7bd144
0x59c8c4 N 0x59c8c8
0xd8022e34 N 0xd8022e38
0xbef4 T 0x6c650
0x7bd140 N 0x7bd144
0x13a0 T 0x172400
0x7bd140 T 0xd0004
0x7a4 T 0x73f8
0x202b0 T 0xb939c
0x7bd140 T 0xd0004
0x9fe10 T 0x2a686c50
0x59c8c4 T 0x434
0x7bd140 T 0xd0004
0xa078 T 0x20ca0
0xc6976bd4 T 0x71440d4
0xacc T 0x47fec
0x13a0 T 0x172400
0x13a0 T 0x172400
0x31b498b8 T 0x20ca0
0xbef4 T 0x5bc
0x9f289c N 0x9f28a0
0xbef4 N 0xbef8
0x9f289c N 0x9f28a0
0x50c8 N 0x50cc
0x34930 T 0x1bc8b0
0x202b0 T 0x76abc
0xbcb99dc N 0xbcb99e0
0x13a0 N 0x13a4
0xa21f4 T 0x5bc
0xeb323c N 0xeb3240
0xe38c N 0xe390
0xacc T 0xfa6aff08
0x46190 N 0x46194
0xa44 N 0xa48
0x9fe10 N 0x9fe14
0x9fe10 N 0x9fe14
0xaf0 N 0xaf4
0xaf0 T 0xb939c
0x202b0 T 0xb939c
0xc6976bd4 N 0xc6976bd8
0xe38c N 0xe390
0x39183c N 0x391840
0xc6976bd4 N 0xc6976bd8
0xbcb99dc N 0xbcb99e0
0x7ada2bc N 0x7ada2c0
0xd5dcd54 N 0xd5dcd58
0xa4e808 T 0x14e8
0x3d0 T 0x2a686c50
0xbef4 T 0xc7d4
0xc6976bd4 T 0xa570
0x31b498b8 N 0x31b498bc
0x7bd140 N 0x7bd144
0xbef4 N 0xbef8
0x3dc8 N 0x3dcc
0xacc T 0xfa6aff08
0x202b0 N 0x202b4
0xd8022e34 N 0xd8022e38
0xa078 T 0xea381ff4
0xacc N 0xad0
0x3a861a28 N 0x3a861a2c
0xa4e808 T 0x657c5f88
0xdc8 N 0xdcc
0x7200aacc T 0x47fec
0xa4e808 N 0xa4e80c
0xdc5a4 N 0xdc5a8
0xa21f4 T 0x6c650
0xd5dcd54 T 0x1533dc
0xbef4 T 0xc7d4
0x7200aacc N 0x7200aad0
0x9f289c T 0xfad5e70
0x9f289c T 0xde04
0xeb323c N 0xeb3240
0x46190 N 0x46194
0xdc8 T 0x274
0x7bd140 N 0x7bd144
0xeb323c N 0xeb3240
0x9f289c T 0xde04
0xb8a04 N 0xb8a08
0xb61f7f54 T 0xa570
0x46190 T 0x92b4
0x39183c N 0x391840
0xd8022e34 T 0x5bc
0xd8022e34 T 0x6c650
0xa078 N 0xa07c
0x13a0 T 0x172400
0x9fe10 N 0x9fe14
0x7200aacc T 0xf67974
0x7a4 N 0x7a8
0xdc8 T 0x9e15c64
0xe38c N 0xe390
0x9fe10 T 0x2a686c50
0x7a4 T 0xed9c
0x50c8 T 0x9e15c64
0x9fe10 T 0x2a686c50
0xc6976bd4 T 0x71440d4
0xacc T 0xfa6aff08
0x46190 T 0x2a686c50
0xd8022e34 T 0x6c650
0x13a0 T 0x172400
0x5af3b8c T 0x47fec
0x5af3b8c T 0x7464
0x7200aacc T 0x7464
0xd8022e34 T 0x6c650
0xa078 T 0x20ca0
0xb8a04 T 0xc290
0xe38c N 0xe390
0x202b0 T 0x1bc8b0
0x7a4 N 0x7a8
0xdc5a4 T 0xed9c
0xdc5a4 N 0xdc5a8
0x13a0 N 0x13a4
0xbef4 T 0x6c650
0x3dc8 N 0x3dcc
0xbef4 N 0xbef8
0x59c8c4 N 0x59c8c8
0x7a4 N 0x7a8
0xa4e808 T 0x657c5f88
0xa21f4 T 0x5bc
0x7bd140 N 0x7bd144
0x39183c T 0x5dd198
0x9fe10 N 0x9fe14
0x59c8c4 N 0x59c8c8
0x7bd140 T 0xd0004
0x3d0 T 0x2a686c50
0xa44 T 0x434
0x2c2629dc T 0xde04
0x7200aacc N 0x7200aad0
0xacc T 0xf67974
0xdc8 N 0xdcc
0xe38c T 0x47fec
0xa21f4 T 0xc7d4
0xaf0 N 0xaf4
0x2c2629dc N 0x2c2629e0
0x31b498b8 T 0x20ca0
0x59c8c4 T 0x18038
0xa44 N 0xa48
0xbcb99dc N 0xbcb99e0
0x3a861a28 N 0x3a861a2c
0xa078 N 0xa07c
0xbef4 N 0xbef8
0xeb323c T 0x5dd198
0x46190 T 0xa3ec8
0x7a4 T 0xed9c
0x9f289c T 0xfad5e70
0x13a0 N 0x13a4
0x46190 N 0x46194
0xaf0 T 0xb939c
0x3dc8 N 0x3dcc
0x7ada2bc T 0x61118
0x3d0 N 0x3d4
0xe38c N 0xe390
0x13a0 T 0x172400
0x50c8 N 0x50cc
0x9fe10 T 0xa3ec8
0xc6976bd4 T 0x1533dc
0x3d0 T 0x2a686c50
0xa4e808 N 0xa4e80c
0x59c8c4 T 0x18038
0x7bd140 T 0xd0004
0xdc5a4 T 0xed9c
0x202b0 T 0xb939c
0xa21f4 T 0x5bc
0xbcb99dc T 0xde04
0xbcb99dc T 0xfad5e70
0x2c2629dc T 0xfad5e70
0xd8022e34 T 0xc7d4
0xeb323c T 0x69990af0
0xa4e808 T 0x274
0xe38c N 0xe390
0x7ada2bc N 0x7ada2c0
0xeb323c T 0x69990af0
0x9f289c N 0x9f28a0
0x7bd140 N 0x7bd144
0x9fe10 T 0xa3ec8
0x50c8 T 0x274
0xd8022e34 T 0x6c650
0x7a4 T 0x73f8
0x7bd140 T 0xd0004
0x9f289c T 0xde04
0x2c2629dc T 0xde04
0x50c8 T 0x14e8
0xd5dcd54 T 0x1533dc
0x13a0 T 0x172400
0xd5dcd54 T 0xa570
0xb61f7f54 N 0xb61f7f58
0x31b498b8 T 0x20ca0
0x13a0 T 0x172400
0xe38c T 0xfa6aff08
0xb61f7f54 T 0x71440d4
0x2c2629dc N 0x2c2629e0
0xaf0 T 0x1bc8b0
0xeb323c N 0xeb3240
0xa4e808 T 0x14e8
0x5af3b8c N 0x5af3b90
0x31b498b8 N 0x31b498bc
0x7200aacc N 0x7200aad0
0xbef4 T 0x6c650
0xb61f7f54 T 0x71440d4
0x34930 N 0x34934
0x3a861a28 N 0x3a861a2c
0x34930 N 0x34934
0x7ada2bc N 0x7ada2c0
0x3a861a28 T 0x8aaa16cc
0xd5dcd54 N 0xd5dcd58
0x50c8 N 0x50cc
0xbcb99dc T 0x7ce074
0x7200aacc T 0xf67974
0x7a4 T 0xed9c
0x5af3b8c T 0xf67974
0xacc T 0x7464
0x7ada2bc N 0x7ada2c0
0x46190 T 0x2a686c50
0xa21f4 T 0x5bc
0x3dc8 T 0x14e8
0x5af3b8c T 0x47fec
0xc6976bd4 T 0xa570
0xc6976bd4 T 0x1533dc
0x46190 T 0x92b4
0xe38c T 0x7464
0xacc T 0xfa6aff08
0x7bd140 N 0x7bd144
0x7bd140 N 0x7bd144
0x202b0 T 0x76abc
0x2c2629dc T 0xfad5e70
0x7200aacc T 0x47fec
0xdc8 N 0xdcc
0xb8a04 N 0xb8a08
0xb8a04 N 0xb8a08
0xdc5a4 T 0xed9c
0xa21f4 T 0xc7d4
0x9f289c N 0x9f28a0
0xaf0 T 0x1bc8b0
0x9f289c T 0xde04
0xdc5a4 T 0x73f8
0xd5dcd54 N 0xd5dcd58
0x7a4 N 0x7a8
0xd5dcd54 T 0xa570
0x3a861a28 T 0x8aaa16cc
0xbef4 T 0xc7d4
0x2c2629dc N 0x2c2629e0
0xa078 T 0xea381ff4
0x39183c N 0x391840
0xd8022e34 N 0xd8022e38
0xd8022e34 T 0x6c650
0x9f289c T 0x7ce074
0x34930 T 0xb939c
0xa078 T 0x20ca0
0xdc8 T 0x9e15c64
0xb61f7f54 T 0xa570
0xacc T 0xf67974
0x50c8 T 0x9e15c64
0xa4e808 N 0xa4e80c
0xd8022e34 T 0x6c650
0xa078 T 0x20ca0
0xb8a04 N 0xb8a08
0xeb323c N 0xeb3240
0xe38c T 0x47fec
0xa078 T 0x20ca0
0xc6976bd4 N 0xc6976bd8
0x9f289c N 0x9f28a0
0xc6976bd4 N 0xc6976bd8
0xeb323c T 0x61118
0x7200aacc N 0x7200aad0
0x7a4 T 0xed9c
0xa21f4 N 0xa21f8
0xdc5a4 T 0xed9c
0xa078 N 0xa07c
0x50c8 T 0x274
0x9f289c N 0x9f28a0
0x31b498b8 N 0x31b498bc
0x13a0 N 0x13a4
0x31b498b8 N 0x31b498bc
0x3d0 N 0x3d4
0xaf0 N 0xaf4
0xd8022e34 N 0xd8022e38
0xaf0 T 0xb939c
0xb61f7f54 N 0xb61f7f58
0x5af3b8c N 0x5af3b90
0xdc8 T 0x14e8
0xeb323c N 0xeb3240
0xbcb99dc T 0xde04
0xaf0 N 0xaf4
0xdc5a4 T 0x73f8
0xe38c T 0x7464
0xd5dcd54 T 0x71440d4
0xeb323c T 0x61118
0x7200aacc T 0xfa6aff08
0xbef4 N 0xbef8
0xbcb99dc N 0xbcb99e0
0xa078 T 0xea381ff4
0x39183c N 0x391840
0xa078 T 0x20ca0
0x7200aacc N 0x7200aad0
0xa44 T 0xc290
0xb61f7f54 T 0xa570
0x202b0 N 0x202b4
0x7200aacc T 0xf67974
0x7ada2bc T 0x5dd198
0x34930 N 0x34934
0xd8022e34 N 0xd8022e38
0xbcb99dc T 0xfad5e70
0xd5dcd54 T 0x71440d4
0xc6976bd4 T 0xa570
0xb8a04 N 0xb8a08
0x2c2629dc T 0xfad5e70
0xbef4 T 0x6c650
0xa21f4 T 0x5bc
0xb8a04 T 0xc290
0x50c8 T 0x9e15c64
0xeb323c T 0x69990af0
0x5af3b8c T 0xf67974
0xeb323c T 0x61118
0x7200aacc T 0x7464
0x13a0 T 0x172400
0xaf0 T 0x76abc
0x3d0 T 0xa3ec8
0x3d0 T 0xa3ec8
0x13a0 T 0x172400
0x46190 T 0xa3ec8
0xa44 T 0xc290
0x7a4 T 0x73f8
0xc6976bd4 T 0x1533dc
0x7200aacc T 0xf67974
0x5af3b8c T 0xf67974
0xd5dcd54 T 0x1533dc
0xc6976bd4 T 0xa570
0x34930 T 0xb939c
0x7bd140 T 0xd0004
0x59c8c4 N 0x59c8c8
0x3dc8 N 0x3dcc
0x9f289c N 0x9f28a0
0x7a4 T 0xed9c
0x46190 T 0x92b4
0xdc8 T 0x657c5f88
0xaf0 N 0xaf4
0x7bd140 T 0xd0004
0xd5dcd54 N 0xd5dcd58
0xb8a04 T 0x434
0x202b0 N 0x202b4
0xdc5a4 T 0xed9c
0xbef4 N 0xbef8
0x39183c N 0x391840
0xdc5a4 N 0xdc5a8
0x5af3b8c N 0x5af3b90
0xa078 N 0xa07c
0xc6976bd4 T 0xa570
0x34930 N 0x34934
0xe38c T 0x7464
0x7a4 N 0x7a8
0xbef4 N 0xbef8
0x3dc8 N 0x3dcc
0xa078 T 0x20ca0
0xd5dcd54 N 0xd5dcd58
0x39183c N 0x391840
0xd5dcd54 N 0xd5dcd58
0x13a0 T 0x172400
0x7bd140 N 0x7bd144
0xd8022e34 N 0xd8022e38
0x9fe10 N 0x9fe14
0x9f289c N 0x9f28a0
0x7bd140 N 0x7bd144
0x9f289c T 0xde04
0xe38c N 0xe390
0x3dc8 N 0x3dcc
0x7ada2bc N 0x7ada2c0
0xbcb99dc N 0xbcb99e0
0xa4e808 T 0x657c5f88
0x2c2629dc N 0x2c2629e0
0x2c2629dc N 0x2c2629e0
0xdc5a4 T 0xed9c
0x34930 N 0x34934
0xc6976bd4 N 0xc6976bd8
0xa4e808 T 0x274
0xacc N 0xad0
0x7bd140 N 0x7bd144
0xd5dcd54 T 0x1533dc
0x2c2629dc N 0x2c2629e0
0x59c8c4 N 0x59c8c8
0x31b498b8 N 0x31b498bc
0x3a861a28 T 0x8aaa16cc
0xd8022e34 N 0xd8022e38
0xdc8 T 0x274
0xe38c N 0xe390
0x3a861a28 T 0x8aaa16cc
0xdc5a4 T 0x73f8
0x39183c N 0x391840
0xbcb99dc T 0x7ce074
0xacc N 0xad0
0x202b0 N 0x202b4
0x3dc8 N 0x3dcc
0x39183c T 0x5dd198
0x7bd140 T 0xd0004
0x9fe10 N 0x9fe14
0x13a0 T 0x172400
0x9fe10 T 0x2a686c50
0xeb323c N 0xeb3240
0x7bd140 T 0xd0004
0x9f289c T 0xfad5e70
0x3d0 T 0x2a686c50
0x7bd140 T 0xd0004
0x7200aacc T 0x47fec
0xdc5a4 N 0xdc5a8
0xe38c N 0xe390
0x13a0 T 0x172400
0x46190 T 0xa3ec8
0xdc8 T 0x657c5f88
0x50c8 T 0x9e15c64
0xc6976bd4 N 0xc6976bd8
0x3dc8 T 0x14e8
0x202b0 T 0x1bc8b0
0xa4e808 N 0xa4e80c
0xa4e808 N 0xa4e80c
0x7bd140 N 0x7bd144
0x3a861a28 N 0x3a861a2c
0xe38c N 0xe390
0xd5dcd54 N 0xd5dcd58
0x7ada2bc N 0x7ada2c0
0x7a4 T 0x73f8
0x59c8c4 N 0x59c8c8
0xc6976bd4 T 0xa570
0xbef4 T 0x6c650
0xc6976bd4 N 0xc6976bd8
0x7200aacc T 0xfa6aff08
0xeb323c T 0x69990af0
0x202b0 T 0x1bc8b0
0x3dc8 N 0x3dcc
0x59c8c4 N 0x59c8c8
0x46190 T 0x92b4
0xc6976bd4 T 0x1533dc
0xa4e808 N 0xa4e80c
0xdc5a4 N 0xdc5a8
0xeb323c N 0xeb3240
0x3dc8 N 0x3dcc
0x13a0 N 0x13a4
0xa4e808 N 0xa4e80c
0x46190 N 0x46194
0x9fe10 N 0x9fe14
0xacc N 0xad0
0x7bd140 N 0x7bd144
0x7ada2bc T 0x61118
0xdc8 N 0xdcc
0x7bd140 N 0x7bd144
0x7ada2bc N 0x7ada2c0
0x7a4 N 0x7a8
0xaf0 N 0xaf4
0x2c2629dc N 0x2c2629e0
0x2c2629dc T 0x7ce074
0xc6976bd4 N 0xc6976bd8
0x3dc8 N 0x3dcc
0xa4e808 N 0xa4e80c
0xbcb99dc N 0xbcb99e0
0x7a4 N 0x7a8
0xbcb99dc N 0xbcb99e0
0x31b498b8 N 0x31b498bc
0x13a0 N 0x13a4
0x59c8c4 T 0x434
0xb8a04 N 0xb8a08
0x59c8c4 N 0x59c8c8
0x5af3b8c N 0x5af3b90
0xd8022e34 T 0x5bc
0x7bd140 N 0x7bd144
0x9f289c N 0x9f28a0
0xacc N 0xad0
0x39183c T 0x69990af0
0xd5dcd54 T 0x1533dc
0x7bd140 T 0xd0004
0x7200aacc T 0x47fec
0x202b0 T 0xb939c
0xa078 T 0xea381ff4
0xacc T 0xf67974
0xe38c T 0x47fec
0x9fe10 T 0x2a686c50
0x3dc8 T 0x274
0x50c8 T 0x657c5f88
0xb8a04 T 0x434
0x50c8 T 0x14e8
0xa21f4 T 0x6c650
0xb8a04 T 0xc290
0xd8022e34 N 0xd8022e38
0xa21f4 N 0xa21f8
0xa4e808 T 0x14e8
0x46190 T 0x2a686c50
0xacc N 0xad0
0xa44 N 0xa48
0xd5dcd54 N 0xd5dcd58
0x202b0 N 0x202b4
0x59c8c4 N 0x59c8c8
0xa078 T 0x20ca0
0x7ada2bc T 0x5dd198
0xbcb99dc T 0xde04
0x46190 N 0x46194
0xbef4 T 0xc7d4
0x3dc8 T 0x274
0xa44 T 0x434
0xc6976bd4 T 0xa570
0xacc N 0xad0
0xa4e808 T 0x657c5f88
0xdc8 N 0xdcc
0xa44 T 0x18038
0xdc8 N 0xdcc
0xeb323c T 0x69990af0
0x7a4 T 0xed9c
0x9f289c N 0x9f28a0
0x31b498b8 N 0x31b498bc
0xd8022e34 N 0xd8022e38
0x7bd140 T 0xd0004
0x3a861a28 N 0x3a861a2c
0xa4e808 T 0x9e15c64
0x9f289c T 0xde04
0xdc8 N 0xdcc
0x202b0 N 0x202b4
0xd8022e34 N 0xd8022e38
0x39183c N 0x391840
0x7a4 N 0x7a8
0xc6976bd4 N 0xc6976bd8
0x59c8c4 N 0x59c8c8
0xacc N 0xad0
0xeb323c N 0xeb3240
0x3d0 T 0x92b4
0x3a861a28 N 0x3a861a2c
0x7200aacc N 0x7200aad0
0xb8a04 T 0x434
0xc6976bd4 T 0x1533dc
0x2c2629dc T 0xde04
0x7a4 T 0xed9c
0xa44 T 0xc290
0xb61f7f54 T 0x1533dc
0xd8022e34 N 0xd8022e38
0x34930 N 0x34934
0x7ada2bc T 0x61118
0xbcb99dc T 0x7ce074
0xd8022e34 T 0x6c650
0xacc N 0xad0
0xdc8 T 0x9e15c64
0xd5dcd54 N 0xd5dcd58
0x3d0 T 0xa3ec8
0x31b498b8 N 0x31b498bc
0xc6976bd4 T 0xa570
0x7bd140 T 0xd0004
0x9f289c T 0xfad5e70
0xa44 T 0x18038
0x50c8 N 0x50cc
0x13a0 T 0x172400
0xbcb99dc N 0xbcb99e0
0x5af3b8c T 0x47fec
0x3d0 N 0x3d4
0x202b0 N 0x202b4
0x50c8 T 0x14e8
0xdc5a4 T 0xed9c
0xbcb99dc N 0xbcb99e0
0x39183c N 0x391840
0x59c8c4 N 0x59c8c8
0xe38c N 0xe390
0xb8a04 N 0xb8a08
0xdc8 N 0xdcc
0xc6976bd4 N 0xc6976bd8
0x7a4 N 0x7a8
0x31b498b8 T 0xea381ff4
0x7a4 N 0x7a8
0x7ada2bc N 0x7ada2c0
0xdc5a4 T 0xed9c
0x39183c N 0x391840
0x46190 N 0x46194
0x39183c N 0x391840
0x9fe10 N 0x9fe14
0x3d0 N 0x3d4
0xa21f4 N 0xa21f8
0xdc5a4 T 0x73f8
0xbef4 N 0xbef8
0xb8a04 N 0xb8a08
0x7bd140 T 0xd0004
0xa44 N 0xa48
0xacc N 0xad0
0x9fe10 N 0x9fe14
0xa44 N 0xa48
0x59c8c4 N 0x59c8c8
0x31b498b8 T 0xea381ff4
0xa21f4 N 0xa21f8
0x13a0 N 0x13a4
0xdc8 N 0xdcc
0xacc T 0x47fec
0xeb323c T 0x5dd198
0x9f289c N 0x9f28a0
0x7ada2bc T 0x61118
0x5af3b8c T 0x47fec
0x31b498b8 N 0x31b498bc
0xbcb99dc N 0xbcb99e0
0xd5dcd54 T 0x1533dc
0x5af3b8c T 0x7464
0x13a0 N 0x13a4
0xa4e808 N 0xa4e80c
0x34930 T 0x1bc8b0
0x9fe10 N 0x9fe14
0x3dc8 T 0x274
0x50c8 T 0x657c5f88
0xa078 T 0xea381ff4
0x2c2629dc N 0x2c2629e0
0xbcb99dc T 0x7ce074
0x9f289c T 0xfad5e70
0x3a861a28 N 0x3a861a2c
0x3a861a28 N 0x3a861a2c
0xa4e808 T 0x14e8
0x7a4 T 0x73f8
0x7bd140 T 0xd0004
0x31b498b8 T 0x20ca0
0xe38c T 0x7464
0x39183c N 0x391840
0xc6976bd4 N 0xc6976bd8
0xb61f7f54 N 0xb61f7f58
0x7ada2bc T 0x5dd198
0x3a861a28 N 0x3a861a2c
0x34930 T 0x76abc
0x9f289c N 0x9f28a0
0x50c8 N 0x50cc
0x31b498b8 T 0xea381ff4
0x9f289c T 0xde04
0xbef4 T 0xc7d4
0x3a861a28 N 0x3a861a2c
0x46190 T 0x2a686c50
0xc6976bd4 N 0xc6976bd8
0x2c2629dc T 0xde04
0xc6976bd4 N 0xc6976bd8
0x5af3b8c T 0xfa6aff08
0x2c2629dc T 0x7ce074
0xdc8 N 0xdcc
0xbcb99dc T 0x7ce074
0x7ada2bc T 0x69990af0
0x5af3b8c N 0x5af3b90
0xaf0 N 0xaf4
0x9fe10 T 0x92b4
0xa4e808 T 0x9e15c64
0x9fe10 N 0x9fe14
0x2c2629dc N 0x2c2629e0
0xb61f7f54 T 0x1533dc
0x39183c T 0x69990af0
0xeb323c N 0xeb3240
0xdc5a4 N 0xdc5a8
0x9fe10 N 0x9fe14
0x2c2629dc N 0x2c2629e0
0xaf0 N 0xaf4
0xbcb99dc N 0xbcb99e0
0x7200aacc N 0x7200aad0
0x3dc8 N 0x3dcc
0x5af3b8c N 0x5af3b90
0xe38c N 0xe390
0xeb323c N 0xeb3240
0x3dc8 N 0x3dcc
0x39183c N 0x391840
0x50c8 N 0x50cc
0xa21f4 N 0xa21f8
0xa44 N 0xa48
0x39183c N 0x391840
0x5af3b8c N 0x5af3b90
0xacc N 0xad0
0xb61f7f54 N 0xb61f7f58
0x3dc8 N 0x3dcc
0x46190 N 0x46194
0xbcb99dc N 0xbcb99e0
0xc6976bd4 N 0xc6976bd8
0x2c2629dc T 0xfad5e70
0x34930 T 0xb939c
0x13a0 N 0x13a4
0x34930 T 0x76abc
0x46190 N 0x46194
0x39183c N 0x391840
0x3d0 N 0x3d4
0x7200aacc T 0x47fec
0xaf0 N 0xaf4
0x39183c N 0x391840
0xc6976bd4 N 0xc6976bd8
0xeb323c T 0x5dd198
0xb8a04 T 0x18038
0x39183c T 0x61118
0xd5dcd54 T 0x1533dc
0x7bd140 N 0x7bd144
0x13a0 N 0x13a4
0xacc T 0xf67974
0x7a4 T 0x73f8
0xacc T 0x47fec
0xbcb99dc T 0x7ce074
0xd5dcd54 T 0xa570
0x5af3b8c N 0x5af3b90
0xa21f4 T 0xc7d4
0x13a0 N 0x13a4
0xdc5a4 T 0xed9c
0xb8a04 N 0xb8a08
0x7bd140 N 0x7bd144
0x31b498b8 N 0x31b498bc
0x3a861a28 T 0x8aaa16cc
0xbcb99dc T 0xfad5e70
0xbcb99dc N 0xbcb99e0
0xb61f7f54 T 0xa570
0x34930 N 0x34934
0x7200aacc N 0x7200aad0
0xacc T 0xf67974
0xaf0 T 0x76abc
0xa21f4 T 0xc7d4
0x9f289c T 0xfad5e70
0x46190 N 0x46194
0xd8022e34 T 0xc7d4
0x34930 T 0xb939c
0xa078 T 0xea381ff4
0x59c8c4 N 0x59c8c8
0x5af3b8c T 0x47fec
0xeb323c T 0x5dd198
0x3d0 T 0x92b4
0x39183c T 0x61118
0xbcb99dc T 0xde04
0x50c8 T 0x657c5f88
0xbcb99dc N 0xbcb99e0
0xa44 N 0xa48
0x202b0 N 0x202b4
0xb61f7f54 T 0x71440d4
0xc6976bd4 N 0xc6976bd8
0x7bd140 T 0xd0004
0xbef4 T 0x6c650
0xa44 T 0x18038
0x2c2629dc N 0x2c2629e0
0xe38c T 0x7464
0x202b0 T 0x1bc8b0
0x9f289c T 0x7ce074
0xa44 T 0x18038
0xe38c N 0xe390
0x39183c N 0x391840
0x5af3b8c N 0x5af3b90
0x7200aacc T 0x7464
0x59c8c4 T 0x18038
0x5af3b8c N 0x5af3b90
0x50c8 T 0x14e8
0xbef4 N 0xbef8
0x3dc8 N 0x3dcc
0xe38c T 0x7464
0x7200aacc N 0x7200aad0
0x7bd140 T 0xd0004
0x9fe10 T 0xa3ec8
0xa21f4 N 0xa21f8
0x7200aacc N 0x7200aad0
0xb61f7f54 T 0x1533dc
0xaf0 N 0xaf4
0x50c8 T 0x657c5f88
0x50c8 N 0x50cc
0x46190 T 0x2a686c50
0xdc8 T 0x14e8
0x13a0 T 0x172400
0x50c8 T 0x9e15c64
0x13a0 N 0x13a4
0x7bd140 N 0x7bd144
0xbcb99dc N 0xbcb99e0
0x3d0 T 0x92b4
0xc6976bd4 T 0x71440d4
0xb61f7f54 N 0xb61f7f58
0x3dc8 T 0x14e8
0x9f289c N 0x9f28a0
0xc6976bd4 T 0x71440d4
0x202b0 T 0xb939c
0xacc N 0xad0
0x59c8c4 N 0x59c8c8
0xa078 N 0xa07c
0xa4e808 N 0xa4e80c
0x3dc8 T 0x274
0xacc T 0x47fec
0x2c2629dc N 0x2c2629e0
0xa4e808 T 0x657c5f88
0xd5dcd54 T 0x1533dc
0x7bd140 N 0x7bd144
0xdc5a4 N 0xdc5a8
0xa21f4 N 0xa21f8
0x13a0 T 0x172400
0x9fe10 N 0x9fe14
0x9f289c N 0x9f28a0
0xbef4 N 0xbef8
0x39183c T 0x5dd198
0xbef4 N 0xbef8
0x7bd140 N 0x7bd144
0x31b498b8 N 0x31b498bc
0xd5dcd54 N 0xd5dcd58
0x3dc8 N 0x3dcc
0x39183c T 0x5dd198
0xacc N 0xad0
0xc6976bd4 N 0xc6976bd8
0x34930 T 0x1bc8b0
0x7a4 T 0x73f8
0xbcb99dc N 0xbcb99e0
0x2c2629dc N 0x2c2629e0
0x202b0 T 0x76abc
0x5af3b8c T 0x47fec
0xa44 T 0x434
0xa4e808 T 0x657c5f88
0xbef4 N 0xbef8
0xa21f4 N 0xa21f8
0x31b498b8 T 0xea381ff4
0x13a0 N 0x13a4
0xdc8 T 0x274
0x3dc8 T 0x9e15c64
0xdc8 N 0xdcc
0x3a861a28 T 0x8aaa16cc
0x3a861a28 T 0x8aaa16cc
0xd5dcd54 T 0x1533dc
0x9f289c N 0x9f28a0
0x9fe10 T 0x2a686c50
0xb8a04 N 0xb8a08
0x46190 T 0x2a686c50
0x3dc8 T 0x9e15c64
0x9fe10 T 0x92b4
0xbef4 N 0xbef8
0x5af3b8c T 0x7464
0xc6976bd4 N 0xc6976bd8
0xa44 T 0xc290
0x7200aacc T 0x7464
0x9f289c T 0xde04
0x31b498b8 N 0x31b498bc
0xb61f7f54 N 0xb61f7f58
0x3dc8 N 0x3dcc
0xb8a04 T 0x18038
0xa44 N 0xa48
0x9f289c N 0x9f28a0
0xa078 N 0xa07c
0xa44 N 0xa48
0x9fe10 T 0x2a686c50
0x7ada2bc T 0x5dd198
0x31b498b8 N 0x31b498bc
0x2c2629dc N 0x2c2629e0
0x3dc8 T 0x657c5f88
0x2c2629dc N 0x2c2629e0
0xaf0 N 0xaf4
0x202b0 T 0xb939c
0x3a861a28 N 0x3a861a2c
0x7ada2bc T 0x69990af0
0xbcb99dc N 0xbcb99e0
0xd5dcd54 T 0x71440d4
0xb61f7f54 N 0xb61f7f58
0x31b498b8 T 0xea381ff4
0x13a0 T 0x172400
0x13a0 N 0x13a4
0xdc8 N 0xdcc
0x39183c N 0x391840
0xd5dcd54 N 0xd5dcd58
0xb61f7f54 T 0xa570
0x34930 N 0x34934
0x3a861a28 N 0x3a861a2c
0x13a0 N 0x13a4
0xbcb99dc N 0xbcb99e0
0xdc5a4 T 0xed9c
0x13a0 N 0x13a4
0x7ada2bc N 0x7ada2c0
0x2c2629dc T 0xfad5e70
0x202b0 N 0x202b4
0x2c2629dc N 0x2c2629e0
0xa21f4 N 0xa21f8
0x50c8 N 0x50cc
0x3a861a28 T 0x8aaa16cc
0xa44 N 0xa48
0x5af3b8c N 0x5af3b90
0x13a0 T 0x172400
0x46190 N 0x46194
0x5af3b8c N 0x5af3b90
0x3d0 T 0x92b4
0xa078 N 0xa07c
0xd8022e34 N 0xd8022e38
0xacc N 0xad0
0x7ada2bc T 0x69990af0
0x3dc8 N 0x3dcc
0x9f289c N 0x9f28a0
0x5af3b8c N 0x5af3b90
0x7200aacc T 0x7464
0xa078 N 0xa07c
0xe38c N 0xe390
0x50c8 T 0x657c5f88
0x9f289c T 0xde04
0x46190 N 0x46194
0x59c8c4 N 0x59c8c8
0x46190 T 0x92b4
0xa078 N 0xa07c
0x7bd140 N 0x7bd144
0xacc N 0xad0
0x34930 T 0x1bc8b0
0x202b0 T 0x76abc
0x3d0 T 0x92b4
0xe38c T 0x47fec
0xdc5a4 N 0xdc5a8
0x3d0 N 0x3d4
0xe38c T 0xfa6aff08
0x3dc8 N 0x3dcc
0xd5dcd54 T 0x71440d4
0x5af3b8c T 0xfa6aff08
0x59c8c4 T 0x434
0x9f289c T 0xde04
0xd5dcd54 T 0xa570
0xbef4 N 0xbef8
0x39183c N 0x391840
0x13a0 T 0x172400
0xc6976bd4 T 0xa570
0x5af3b8c T 0x7464
0xbef4 N 0xbef8
0xbef4 N 0xbef8
0x50c8 T 0x657c5f88
0x39183c N 0x391840
0x13a0 T 0x172400
0xaf0 T 0x1bc8b0
0xd8022e34 N 0xd8022e38
0x3d0 T 0xa3ec8
0xdc5a4 N 0xdc5a8
0xacc T 0x7464
0xacc N 0xad0
0x46190 N 0x46194
0x3d0 N 0x3d4
0x31b498b8 N 0x31b498bc
0x9f289c T 0xde04
0xb8a04 N 0xb8a08
0xa44 T 0xc290
0x39183c N 0x391840
0xd5dcd54 N 0xd5dcd58
0x9f289c T 0xde04
0x59c8c4 N 0x59c8c8
0x31b498b8 N 0x31b498bc
0xc6976bd4 T 0xa570
0x39183c T 0x5dd198
0xacc N 0xad0
0x9fe10 N 0x9fe14
0xbcb99dc N 0xbcb99e0
0x3a861a28 N 0x3a861a2c
0x59c8c4 N 0x59c8c8
0xa078 N 0xa07c
0x202b0 N 0x202b4
0x9f289c N 0x9f28a0
0xaf0 N 0xaf4
0xd5dcd54 T 0x1533dc
0x7ada2bc T 0x5dd198
0xe38c N 0xe390
0xd5dcd54 T 0xa570
0xdc8 N 0xdcc
0x9fe10 T 0x2a686c50
0xb8a04 N 0xb8a08
0x50c8 N 0x50cc
0xc6976bd4 N 0xc6976bd8
0x2c2629dc T 0xde04
0x31b498b8 N 0x31b498bc
0x9f289c T 0x7ce074
0x59c8c4 N 0x59c8c8
0x13a0 N 0x13a4
0x59c8c4 T 0x434
0xacc N 0xad0
0x5af3b8c N 0x5af3b90
0xdc5a4 N 0xdc5a8
0x9f289c N 0x9f28a0
0x7200aacc N 0x7200aad0
0xeb323c T 0x69990af0
0xb8a04 N 0xb8a08
0x5af3b8c N 0x5af3b90
0x39183c N 0x391840
0xb8a04 N 0xb8a08
0xb8a04 N 0xb8a08
0x7a4 T 0x73f8
0x9fe10 N 0x9fe14
0x3dc8 T 0x14e8
0x7ada2bc N 0x7ada2c0
0xb8a04 N 0xb8a08
0x5af3b8c T 0x7464
0xa21f4 N 0xa21f8
0x50c8 N 0x50cc
0x7200aacc T 0x7464
0x9f289c T 0xde04
0xa078 T 0xea381ff4
0x7ada2bc T 0x69990af0
0x3a861a28 T 0x8aaa16cc
0x31b498b8 N 0x31b498bc
0xa21f4 N 0xa21f8
0xaf0 N 0xaf4
0x3dc8 N 0x3dcc
0x46190 T 0x2a686c50
0x9fe10 T 0x92b4
0x39183c N 0x391840
0x50c8 N 0x50cc
0x34930 T 0xb939c
0xeb323c T 0x5dd198
0xe38c T 0xf67974
0x3d0 T 0x2a686c50
0x39183c N 0x391840
0xeb323c T 0x5dd198
0xbef4 T 0xc7d4
0xa44 T 0xc290
0xa44 T 0x18038
0x3d0 N 0x3d4
0xeb323c T 0x61118
0xa4e808 N 0xa4e80c
0xb61f7f54 N 0xb61f7f58
0x3a861a28 T 0x8aaa16cc
0xb8a04 T 0x18038
0x50c8 T 0x274
0xeb323c N 0xeb3240
0x13a0 N 0x13a4
0xe38c T 0xfa6aff08
0xb8a04 T 0xc290
0xbef4 N 0xbef8
0x3a861a28 N 0x3a861a2c
0xdc5a4 T 0xed9c
0xd5dcd54 T 0x71440d4
0x59c8c4 N 0x59c8c8
0x202b0 T 0x76abc
0xbcb99dc T 0xde04
0xdc5a4 T 0x73f8
0xbef4 T 0x5bc
0xeb323c N 0xeb3240
0xe38c T 0xfa6aff08
0x39183c T 0x61118
0x202b0 T 0x1bc8b0
0xb61f7f54 T 0xa570
0xa21f4 T 0x5bc
0xa4e808 T 0x14e8
0xa21f4 T 0xc7d4
0x7bd140 T 0xd0004
0xb61f7f54 T 0x71440d4
0xb61f7f54 T 0x71440d4
0xeb323c T 0x5dd198
0xd5dcd54 N 0xd5dcd58
0x7bd140 T 0xd0004
0xacc T 0xfa6aff08
0xa4e808 N 0xa4e80c
0x7a4 T 0x73f8
0x3dc8 T 0x274
0x31b498b8 T 0xea381ff4
0xdc5a4 T 0xed9c
0x7bd140 T 0xd0004
0xa078 T 0xea381ff4
0xaf0 T 0x1bc8b0
0xb8a04 N 0xb8a08
0x39183c T 0x61118
0xbcb99dc T 0xfad5e70
0x50c8 N 0x50cc
0x9fe10 T 0xa3ec8
0xa078 N 0xa07c
0xdc8 T 0x14e8
0x7bd140 T 0xd0004
0xd5dcd54 T 0xa570
0x50c8 N 0x50cc
0x9fe10 T 0x2a686c50
0xeb323c T 0x5dd198
0xdc5a4 T 0x73f8
0x31b498b8 N 0x31b498bc
0xc6976bd4 T 0xa570
0x7200aacc N 0x7200aad0
0x50c8 T 0x14e8
0x5af3b8c T 0xf67974
0x31b498b8 N 0x31b498bc
0xbef4 N 0xbef8
0x9f289c N 0x9f28a0
0xaf0 T 0xb939c
0xa21f4 N 0xa21f8
0xa44 T 0xc290
0x3dc8 T 0x14e8
0xa21f4 N 0xa21f8
0xd8022e34 N 0xd8022e38
0xa21f4 N 0xa21f8
0x3d0 N 0x3d4
0x7200aacc N 0x7200aad0
0xacc N 0xad0
0xb8a04 N 0xb8a08
0xb61f7f54 T 0x1533dc
0x3a861a28 T 0x8aaa16cc
0xdc8 N 0xdcc
0xa4e808 N 0xa4e80c
0x7a4 T 0x73f8
0xd8022e34 T 0xc7d4
0xa078 N 0xa07c
0xeb323c N 0xeb3240
0x7ada2bc N 0x7ada2c0
0xa078 N 0xa07c
0x202b0 N 0x202b4
0xd5dcd54 T 0x71440d4
0xacc N 0xad0
0x31b498b8 T 0x20ca0
0x9fe10 N 0x9fe14
0x202b0 T 0x1bc8b0
0xb8a04 T 0xc290
0x34930 T 0x1bc8b0
0xaf0 N 0xaf4
0xbef4 T 0x6c650
0x9f289c N 0x9f28a0
0xaf0 N 0xaf4
0x7bd140 T 0xd0004
0xb8a04 N 0xb8a08
0xacc N 0xad0
0x7ada2bc T 0x69990af0
0x9f289c T 0xde04
0x7ada2bc T 0x69990af0
0xbcb99dc N 0xbcb99e0
0x3a861a28 N 0x3a861a2c
0x7ada2bc T 0x69990af0
0x7a4 T 0xed9c
0xa21f4 N 0xa21f8
0xb61f7f54 T 0xa570
0xeb323c T 0x69990af0
0xdc5a4 T 0xed9c
0x13a0 N 0x13a4
0xdc5a4 N 0xdc5a8
0x34930 T 0xb939c
0xb8a04 T 0xc290
0x7200aacc T 0x47fec
0x202b0 N 0x202b4
0xbcb99dc N 0xbcb99e0
0x31b498b8 T 0xea381ff4
0x9fe10 T 0x2a686c50
0x34930 T 0x1bc8b0
0xd5dcd54 T 0x71440d4
0x7bd140 N 0x7bd144
0xa21f4 T 0xc7d4
0xdc8 N 0xdcc
0xdc8 N 0xdcc
0xdc8 N 0xdcc
0x46190 T 0x2a686c50
0xb61f7f54 T 0xa570
0x202b0 N 0x202b4
0x7ada2bc N 0x7ada2c0
0x202b0 T 0x1bc8b0
0xa44 N 0xa48
0xeb323c N 0xeb3240
0x13a0 N 0x13a4
0x34930 N 0x34934
0x5af3b8c T 0xf67974
0xe38c N 0xe390
0x59c8c4 N 0x59c8c8
0xdc5a4 T 0x73f8
0x7200aacc T 0xfa6aff08
0x5af3b8c N 0x5af3b90
0xeb323c T 0x61118
0xbcb99dc T 0xfad5e70
0xb61f7f54 T 0x71440d4
0x202b0 N 0x202b4
0xa078 T 0xea381ff4
0xdc8 T 0x9e15c64
0x50c8 T 0x9e15c64
0xc6976bd4 T 0x71440d4
0x39183c T 0x61118
0xd8022e34 N 0xd8022e38
0x39183c T 0x5dd198
0xb61f7f54 T 0x1533dc
0xd5dcd54 T 0x71440d4
0x7bd140 T 0xd0004
0x2c2629dc T 0xfad5e70
0x7bd140 T 0xd0004
0xeb323c N 0xeb3240
0xeb323c T 0x61118
0xd5dcd54 N 0xd5dcd58
0x202b0 N 0x202b4
0x39183c N 0x391840
0xa078 T 0x20ca0
0x7bd140 N 0x7bd144
0xd8022e34 T 0x6c650
0xb8a04 N 0xb8a08
0x9fe10 N 0x9fe14
0x2c2629dc T 0x7ce074
0x39183c T 0x5dd198
0xd8022e34 T 0x6c650
0xdc5a4 N 0xdc5a8
0x2c2629dc T 0x7ce074
0xbcb99dc T 0x7ce074
0x5af3b8c N 0x5af3b90
0x2c2629dc N 0x2c2629e0
0x9fe10 T 0x2a686c50
0x46190 T 0x2a686c50
0x5af3b8c N 0x5af3b90
0x5af3b8c T 0x7464
0xd8022e34 N 0xd8022e38
0xeb323c T 0x5dd198
0x7200aacc N 0x7200aad0
0x7200aacc T 0xf67974
0x3d0 N 0x3d4
0xc6976bd4 T 0xa570
0x202b0 T 0x1bc8b0
0x39183c T 0x61118
0x7ada2bc N 0x7ada2c0
0xbcb99dc T 0x7ce074
0xa4e808 T 0x14e8
0xbef4 N 0xbef8
0xa4e808 N 0xa4e80c
0xb8a04 N 0xb8a08
0xe38c T 0xf67974
0xd5dcd54 T 0x1533dc
0x34930 T 0x1bc8b0
0xe38c T 0xfa6aff08
0x7bd140 T 0xd0004
0xacc T 0xfa6aff08
0xa078 N 0xa07c
0x202b0 N 0x202b4
0xa44 T 0xc290
0x3a861a28 T 0x8aaa16cc
0x50c8 N 0x50cc
0xb61f7f54 N 0xb61f7f58
0x9fe10 T 0xa3ec8
0xdc8 T 0x14e8
0x3d0 N 0x3d4
0xa4e808 T 0x9e15c64
0xd5dcd54 T 0x71440d4
0x3a861a28 N 0x3a861a2c
0xe38c N 0xe390
0x7200aacc T 0xfa6aff08
0x59c8c4 N 0x59c8c8
0xd8022e34 T 0x5bc
0xdc8 T 0x274
0x7a4 N 0x7a8
0x39183c N 0x391840
0xbcb99dc T 0xfad5e70
0x3a861a28 T 0x8aaa16cc
0xbef4 N 0xbef8
0xb61f7f54 T 0xa570
0x2c2629dc N 0x2c2629e0
0x9f289c T 0x7ce074
0x46190 T 0xa3ec8
0xeb323c N 0xeb3240
0xd5dcd54 N 0xd5dcd58
0xa44 N 0xa48
0xaf0 N 0xaf4
0xbef4 N 0xbef8
0x59c8c4 N 0x59c8c8
0xbcb99dc N 0xbcb99e0
0xd8022e34 N 0xd8022e38
0xb61f7f54 N 0xb61f7f58
0x9fe10 N 0x9fe14
0x50c8 N 0x50cc
0xaf0 N 0xaf4
0x3a861a28 N 0x3a861a2c
0x50c8 N 0x50cc
0x7bd140 N 0x7bd144
0x7bd140 N 0x7bd144
0x59c8c4 N 0x59c8c8
0x9fe10 N 0x9fe14
0xaf0 N 0xaf4
0x3dc8 N 0x3dcc
0x3a861a28 N 0x3a861a2c
0x39183c N 0x391840
0xb8a04 N 0xb8a08
0x3a861a28 N 0x3a861a2c
0x5af3b8c N 0x5af3b90
0x7200aacc N 0x7200aad0
0xa44 N 0xa48
0x5af3b8c N 0x5af3b90
0x9fe10 N 0x9fe14
0x7200aacc N 0x7200aad0
0x202b0 N 0x202b4
0xeb323c N 0xeb3240
0x50c8 N 0x50cc
0x13a0 T 0x172400
0xaf0 N 0xaf4
0x202b0 N 0x202b4
0xe38c N 0xe390
0xd5dcd54 T 0x71440d4
0x39183c N 0x391840
0xa44 N 0xa48
0x7ada2bc N 0x7ada2c0
0x7ada2bc T 0x69990af0
0x7bd140 T 0xd0004
0x7ada2bc N 0x7ada2c0
0x5af3b8c T 0xfa6aff08
0xbcb99dc T 0xfad5e70
0x31b498b8 T 0x20ca0
0xbef4 N 0xbef8
0xbef4 T 0x5bc
0x2c2629dc N 0x2c2629e0
0xd5dcd54 N 0xd5dcd58
0xbcb99dc T 0x7ce074
0x7a4 T 0xed9c
0x34930 N 0x34934
0x59c8c4 T 0x18038
0xaf0 N 0xaf4
0xeb323c N 0xeb3240
0xb61f7f54 N 0xb61f7f58
0x7ada2bc T 0x61118
0x50c8 N 0x50cc
0xe38c T 0x7464
0x46190 N 0x46194
0xeb323c T 0x69990af0
0xb61f7f54 T 0x71440d4
0xacc T 0xfa6aff08
0x59c8c4 N 0x59c8c8
0xa078 N 0xa07c
0xe38c N 0xe390
0x7ada2bc T 0x61118
0xdc5a4 N 0xdc5a8
0xdc5a4 N 0xdc5a8
0xaf0 N 0xaf4
0x3a861a28 N 0x3a861a2c
0x202b0 N 0x202b4
0xa44 T 0x434
0xdc8 N 0xdcc
0x3a861a28 N 0x3a861a2c
0xacc N 0xad0
0x31b498b8 T 0x20ca0
0x3dc8 N 0x3dcc
0x7a4 N 0x7a8
0x7ada2bc T 0x69990af0
0xd8022e34 T 0x5bc
0xaf0 N 0xaf4
0x3d0 N 0x3d4
0x9f289c T 0xfad5e70
0xbef4 N 0xbef8
0x9f289c T 0xde04
0xa44 N 0xa48
0x9f289c T 0xde04
0x34930 T 0xb939c
0x5af3b8c N 0x5af3b90
0x5af3b8c T 0x7464
0xc6976bd4 T 0x71440d4
0x39183c T 0x69990af0
0x2c2629dc T 0xde04
0xdc5a4 N 0xdc5a8
0x46190 T 0xa3ec8
0x50c8 N 0x50cc
0x3a861a28 N 0x3a861a2c
0x34930 T 0x76abc
0x7a4 T 0x73f8
0xb8a04 T 0x18038
0x202b0 T 0x76abc
0x3a861a28 N 0x3a861a2c
0xa078 T 0xea381ff4
0x7a4 N 0x7a8
0x3dc8 T 0x14e8
0xdc8 N 0xdcc
0x7200aacc T 0x7464
0x59c8c4 T 0xc290
0x5af3b8c T 0xf67974
0x7a4 N 0x7a8
0x3a861a28 N 0x3a861a2c
0xc6976bd4 T 0x1533dc
0x9f289c N 0x9f28a0
0x9fe10 N 0x9fe14
0x50c8 T 0x9e15c64
0xdc5a4 N 0xdc5a8
0xa21f4 N 0xa21f8
0xdc8 N 0xdcc
0xbcb99dc T 0xde04
0xe38c T 0x7464
0xbef4 N 0xbef8
0x7200aacc T 0xfa6aff08
0xc6976bd4 T 0x1533dc
0xaf0 T 0x1bc8b0
0xa4e808 T 0x9e15c64
0x9f289c T 0xfad5e70
0x7a4 T 0x73f8
0x7200aacc N 0x7200aad0
0x39183c N 0x391840
0x39183c N 0x391840
0x50c8 T 0x274
0x3dc8 T 0x14e8
0xaf0 T 0xb939c
0xeb323c T 0x5dd198
0x7bd140 N 0x7bd144
0xacc T 0xf67974
0x3d0 N 0x3d4
0xdc8 T 0x657c5f88
0x202b0 T 0xb939c
0x3dc8 N 0x3dcc
0x46190 N 0x46194
0x5af3b8c T 0x47fec
0x46190 T 0x92b4
0x9f289c N 0x9f28a0
0x31b498b8 N 0x31b498bc
0x3d0 T 0x92b4
0x7200aacc T 0x7464
0xd8022e34 T 0x5bc
0xa4e808 T 0x657c5f88
0xd8022e34 T 0x6c650
0x59c8c4 T 0x434
0x3a861a28 T 0x8aaa16cc
0x2c2629dc T 0xde04
0x5af3b8c T 0xf67974
0x7a4 T 0xed9c
0xd8022e34 T 0x6c650
0xa078 N 0xa07c
0x7bd140 N 0x7bd144
0x34930 N 0x34934
0xaf0 N 0xaf4
0xb8a04 N 0xb8a08
0x3d0 N 0x3d4
0xa21f4 N 0xa21f8
0x34930 T 0xb939c
0xbcb99dc T 0x7ce074
0xb8a04 T 0xc290
0x59c8c4 N 0x59c8c8
0xa44 T 0x434
0xb61f7f54 T 0x1533dc
0x13a0 T 0x172400
0x5af3b8c T 0x7464
0xbef4 T 0xc7d4
0x7bd140 T 0xd0004
0xaf0 N 0xaf4
0x31b498b8 T 0x20ca0
0x2c2629dc T 0xfad5e70
0xacc T 0x7464
0x50c8 T 0x274
0x5af3b8c N 0x5af3b90
0x13a0 N 0x13a4
0xa4e808 T 0x14e8
0x13a0 T 0x172400
0xeb323c N 0xeb3240
0x3d0 N 0x3d4
0xa078 T 0xea381ff4
0x3a861a28 N 0x3a861a2c
0xacc N 0xad0
0x3a861a28 N 0x3a861a2c
0xc6976bd4 N 0xc6976bd8
0x50c8 N 0x50cc
0xd8022e34 T 0x5bc
0x46190 T 0xa3ec8
0x3dc8 N 0x3dcc
0xa44 N 0xa48
0x13a0 T 0x172400
0x9fe10 T 0x92b4
0x9f289c T 0x7ce074
0xd8022e34 T 0x6c650
0xd8022e34 T 0x6c650
0xa4e808 N 0xa4e80c
0x202b0 T 0xb939c
0x7bd140 N 0x7bd144
0xaf0 T 0x1bc8b0
0xa078 T 0x20ca0
0x7200aacc T 0x47fec
0x13a0 T 0x172400
0x3d0 N 0x3d4
0xa21f4 T 0x6c650
0xbef4 T 0xc7d4
0xd8022e34 T 0x5bc
0x202b0 T 0xb939c
0xbcb99dc T 0xde04
0xbef4 T 0x6c650
0xa4e808 N 0xa4e80c
0xa44 N 0xa48
0xa44 T 0x18038
0x39183c N 0x391840
0xd5dcd54 N 0xd5dcd58
0x39183c N 0x391840
0x7ada2bc T 0x5dd198
0x50c8 N 0x50cc
0x7200aacc N 0x7200aad0
0x7a4 N 0x7a8
0x7a4 T 0xed9c
0x9f289c T 0xfad5e70
0x9f289c N 0x9f28a0
0x13a0 T 0x172400
0xa21f4 N 0xa21f8
0xc6976bd4 T 0xa570
0xb61f7f54 N 0xb61f7f58
0x7bd140 N 0x7bd144
0xeb323c N 0xeb3240
0xd8022e34 N 0xd8022e38
0x3d0 N 0x3d4
0x3a861a28 N 0x3a861a2c
0xaf0 T 0x1bc8b0
0xbef4 N 0xbef8
0x9f289c N 0x9f28a0
0xa21f4 N 0xa21f8
0x3a861a28 N 0x3a861a2c
0x39183c T 0x61118
0xd8022e34 N 0xd8022e38
0x7a4 N 0x7a8
0x9fe10 T 0xa3ec8
0x202b0 T 0xb939c
0xd8022e34 T 0x6c650
0x34930 T 0x1bc8b0
0xacc N 0xad0
0xa4e808 N 0xa4e80c
0xd8022e34 T 0x6c650
0x7a4 T 0xed9c
0x3dc8 N 0x3dcc
0x3d0 T 0x2a686c50
0xa4e808 T 0x657c5f88
0x46190 N 0x46194
0xeb323c N 0xeb3240
0xeb323c T 0x61118
0xe38c N 0xe390
0xacc T 0xfa6aff08
0xc6976bd4 T 0x71440d4
0x31b498b8 T 0x20ca0
0x39183c T 0x61118
0xa078 N 0xa07c
0x59c8c4 N 0x59c8c8
0xd5dcd54 N 0xd5dcd58
0xc6976bd4 T 0xa570
0x7a4 T 0xed9c
0xa4e808 N 0xa4e80c
0x3dc8 T 0x274
0x7a4 N 0x7a8
0xa4e808 T 0x657c5f88
0xbef4 N 0xbef8
0x50c8 T 0x274
0xa21f4 N 0xa21f8
0xbef4 N 0xbef8
0xa078 T 0x20ca0
0x34930 T 0x76abc
0xd8022e34 T 0x5bc
0x3dc8 N 0x3dcc
0xb61f7f54 N 0xb61f7f58
0x50c8 N 0x50cc
0xdc8 T 0x14e8
0xb61f7f54 N 0xb61f7f58
0xacc N 0xad0
0x2c2629dc N 0x2c2629e0
0xd5dcd54 N 0xd5dcd58
0xa4e808 T 0x9e15c64
0x2c2629dc T 0x7ce074
0x31b498b8 N 0x31b498bc
0x34930 N 0x34934
0x2c2629dc T 0x7ce074
0x9f289c N 0x9f28a0
0x3a861a28 N 0x3a861a2c
0xb61f7f54 N 0xb61f7f58
0xd8022e34 N 0xd8022e38
0x50c8 N 0x50cc
0xd8022e34 N 0xd8022e38
0x7200aacc T 0x47fec
0xaf0 N 0xaf4
0x9f289c N 0x9f28a0
0xdc8 N 0xdcc
0xd5dcd54 T 0x71440d4
0x2c2629dc T 0xde04
0xdc5a4 T 0xed9c
0xa4e808 N 0xa4e80c
0xa078 T 0xea381ff4
0xa078 T 0x20ca0
0xd8022e34 T 0x6c650
0xacc T 0xf67974
0xdc8 T 0x274
0x31b498b8 N 0x31b498bc
0x50c8 T 0x9e15c64
0x7200aacc T 0x47fec
0x13a0 T 0x172400
0xacc T 0xf67974
0xacc T 0x47fec
0xa4e808 T 0x14e8
0x7ada2bc T 0x5dd198
0xdc8 T 0x274
0xc6976bd4 T 0xa570
0xdc8 T 0x9e15c64
0xdc8 T 0x9e15c64
0xa078 T 0xea381ff4
0xe38c T 0x47fec
0xa4e808 T 0x9e15c64
0xbcb99dc T 0x7ce074
0xacc T 0xfa6aff08
0xd8022e34 T 0x6c650
0xd5dcd54 T 0x1533dc
0x9f289c T 0xfad5e70
0xbef4 T 0x6c650
0xd5dcd54 T 0xa570
0x46190 T 0x92b4
0xb8a04 N 0xb8a08
0x59c8c4 N 0x59c8c8
0xa21f4 N 0xa21f8
0xb61f7f54 T 0xa570
0x2c2629dc T 0xde04
0xb8a04 N 0xb8a08
0xd8022e34 N 0xd8022e38
0x59c8c4 T 0xc290
0x9f289c T 0x7ce074
0xe38c N 0xe390
0x34930 N 0x34934
0x7bd140 T 0xd0004
0xa078 N 0xa07c
0x9f289c T 0xde04
0xaf0 N 0xaf4
0xdc5a4 N 0xdc5a8
0x9fe10 N 0x9fe14
0x7a4 N 0x7a8
0xd8022e34 N 0xd8022e38
0x39183c T 0x69990af0
0x31b498b8 T 0x20ca0
0xd5dcd54 N 0xd5dcd58
0x202b0 T 0xb939c
0x5af3b8c N 0x5af3b90
0xbef4 T 0x6c650
0x59c8c4 N 0x59c8c8
0xe38c T 0x7464
0x7200aacc N 0x7200aad0
0xc6976bd4 N 0xc6976bd8
0xe38c T 0xf67974
0xd5dcd54 T 0x1533dc
0xaf0 T 0x1bc8b0
0x3dc8 N 0x3dcc
0xeb323c N 0xeb3240
0xb61f7f54 T 0xa570
0xa078 N 0xa07c
0x7ada2bc N 0x7ada2c0
0x9f289c N 0x9f28a0
0x7a4 T 0xed9c
0xe38c T 0xfa6aff08
0xa44 T 0x434
0xb8a04 T 0x18038
0xc6976bd4 T 0x71440d4
0x202b0 T 0xb939c
0x3d0 N 0x3d4
0x50c8 N 0x50cc
0x31b498b8 N 0x31b498bc
0xa21f4 N 0xa21f8
0x3dc8 T 0x14e8
0xa44 N 0xa48
0xeb323c N 0xeb3240
0xa21f4 T 0xc7d4
0x202b0 T 0x1bc8b0
0x5af3b8c T 0xfa6aff08
0x9f289c T 0xde04
0x5af3b8c N 0x5af3b90
0xbcb99dc N 0xbcb99e0
0xd5dcd54 N 0xd5dcd58
flush_num: 1168, br_num: 1797, size: 506b
