0xb0bc N 0xb0c0
0x652b30 N 0x652b34
0x24e8b0 T 0x4cccc
0x92f5b0 T 0xdad7e90
0xb0bc T 0x99c4
0xb0bc N 0xb0c0
0x52c N 0x530
0xf60 N 0xf64
0xd54e08 N 0xd54e0c
0x92f5b0 N 0x92f5b4
0xd54e08 T 0xbe74
0x28da584 N 0x28da588
0xf60 N 0xf64
0x69a80 N 0x69a84
0x52c T 0xf82ac
0x24e8b0 N 0x24e8b4
0x69a80 N 0x69a84
0x24e8b0 N 0x24e8b4
0xf8e7a0 N 0xf8e7a4
0x56a036c N 0x56a0370
0x56a036c T 0xd5f0
0xd54e08 T 0xbe74
0x52c N 0x530
0xb0bc N 0xb0c0
0xf60 N 0xf64
0xb0bc N 0xb0c0
0x8cc N 0x8d0
0x92f5b0 N 0x92f5b4
0xf8e7a0 N 0xf8e7a4
0xb0bc N 0xb0c0
0x56a036c N 0x56a0370
0x28da584 T 0x26c
0x28da584 T 0x26c
0xf60 N 0xf64
0xc544 N 0xc548
0x56a036c N 0x56a0370
0x28da584 N 0x28da588
0x24e8b0 N 0x24e8b4
0xc544 N 0xc548
0x28da584 N 0x28da588
0x92f5b0 T 0xdad7e90
0x52c N 0x530
0x652b30 T 0x4390
0x52c N 0x530
0x8cc N 0x8d0
0xc544 N 0xc548
0x92f5b0 T 0x4cccc
0x652b30 T 0x4390
0x652b30 T 0x4cccc
0x52c N 0x530
0x8cc N 0x8d0
0x28da584 N 0x28da588
0x92f5b0 T 0x4cccc
0x28da584 T 0x26c
0xb0bc N 0xb0c0
0x24e8b0 T 0x4390
0x56a036c N 0x56a0370
0x8cc N 0x8d0
0x8cc N 0x8d0
0xd54e08 T 0xbe74
0x56a036c N 0x56a0370
0xd54e08 T 0xbe74
0xf60 N 0xf64
0xc544 N 0xc548
0xb0bc N 0xb0c0
0x28da584 N 0x28da588
0x92f5b0 N 0x92f5b4
0xb0bc N 0xb0c0
0xc544 N 0xc548
0x56a036c N 0x56a0370
0x56a036c T 0xd5f0
0x52c N 0x530
0xc544 T 0x424
0x652b30 T 0x4390
0x56a036c N 0x56a0370
0x69a80 N 0x69a84
0xf8e7a0 N 0xf8e7a4
0x92f5b0 N 0x92f5b4
0xb0bc N 0xb0c0
0xc544 T 0x424
0x8cc N 0x8d0
0x28da584 N 0x28da588
0x652b30 T 0x4390
0xb0bc N 0xb0c0
0x8cc N 0x8d0
0xc544 N 0xc548
0x92f5b0 T 0x4cccc
0xf8e7a0 N 0xf8e7a4
0x8cc N 0x8d0
0xf8e7a0 T 0x9674
0x92f5b0 N 0x92f5b4
0x8cc N 0x8d0
0xd54e08 T 0xbe74
0xd54e08 T 0xbe74
0x8cc N 0x8d0
0xf60 N 0xf64
0x56a036c N 0x56a0370
0x28da584 N 0x28da588
0xb0bc N 0xb0c0
0x8cc N 0x8d0
0xd54e08 T 0xbe74
0x652b30 N 0x652b34
0x8cc T 0x78ac608
0xf60 N 0xf64
0x24e8b0 N 0x24e8b4
0x652b30 T 0xdad7e90
0x28da584 N 0x28da588
0x52c N 0x530
0x8cc N 0x8d0
0x8cc T 0x78ac608
0xc544 N 0xc548
0x28da584 N 0x28da588
0x69a80 N 0x69a84
0xf60 N 0xf64
0x652b30 N 0x652b34
0x69a80 N 0x69a84
0xc544 N 0xc548
0x52c N 0x530
0x652b30 N 0x652b34
0x92f5b0 N 0x92f5b4
0x69a80 N 0x69a84
0x69a80 T 0xa39abc
0x56a036c N 0x56a0370
0x69a80 T 0xa39abc
0x28da584 N 0x28da588
0xd54e08 T 0xbe74
0xf60 N 0xf64
0xc544 N 0xc548
0x92f5b0 N 0x92f5b4
0xc544 N 0xc548
0x8cc N 0x8d0
0xb0bc N 0xb0c0
0x69a80 N 0x69a84
0x652b30 N 0x652b34
0x24e8b0 T 0x4cccc
0x24e8b0 T 0xdad7e90
0xf60 N 0xf64
0xf60 N 0xf64
0x52c N 0x530
0x92f5b0 N 0x92f5b4
0x69a80 N 0x69a84
0x28da584 N 0x28da588
0xd54e08 T 0xbe74
0xd54e08 T 0xbe74
0xc544 N 0xc548
0x24e8b0 N 0x24e8b4
0xd54e08 T 0xbe74
0xf8e7a0 N 0xf8e7a4
0xb0bc N 0xb0c0
0xd54e08 T 0xbe74
0x52c N 0x530
0x69a80 N 0x69a84
0x92f5b0 N 0x92f5b4
0x56a036c N 0x56a0370
0xd54e08 T 0xbe74
0x24e8b0 T 0x4390
0xf8e7a0 N 0xf8e7a4
0x8cc N 0x8d0
0xc544 N 0xc548
0x24e8b0 N 0x24e8b4
0x8cc N 0x8d0
0x28da584 N 0x28da588
0x28da584 N 0x28da588
0xf60 N 0xf64
0x52c N 0x530
0x69a80 N 0x69a84
0xc544 N 0xc548
0x24e8b0 N 0x24e8b4
0x52c T 0xf82ac
0x8cc N 0x8d0
0xf8e7a0 N 0xf8e7a4
0x92f5b0 N 0x92f5b4
0xd54e08 T 0xbe74
0xf8e7a0 N 0xf8e7a4
0x28da584 N 0x28da588
0x52c N 0x530
0x69a80 N 0x69a84
0x24e8b0 N 0x24e8b4
0xc544 N 0xc548
0x92f5b0 N 0x92f5b4
0x24e8b0 T 0x4390
0xc544 T 0x424
0xc544 T 0x424
0x24e8b0 T 0xdad7e90
0x92f5b0 T 0xdad7e90
0xf60 N 0xf64
0xc544 N 0xc548
0xf8e7a0 N 0xf8e7a4
0xf60 N 0xf64
0xf8e7a0 N 0xf8e7a4
0x28da584 N 0x28da588
0x56a036c N 0x56a0370
0x69a80 N 0x69a84
0x652b30 N 0x652b34
0x652b30 T 0x4cccc
0xc544 N 0xc548
0xc544 T 0x424
0xb0bc N 0xb0c0
0x52c N 0x530
0xc544 T 0x424
0xc544 N 0xc548
0xc544 N 0xc548
0x52c T 0xf82ac
0xb0bc N 0xb0c0
0x24e8b0 T 0x4cccc
0x8cc N 0x8d0
0xf60 N 0xf64
0x24e8b0 N 0x24e8b4
0x92f5b0 N 0x92f5b4
0x8cc T 0x78ac608
0xd54e08 T 0xbe74
0xd54e08 T 0xbe74
0x24e8b0 T 0x4390
0x52c N 0x530
0xf60 N 0xf64
0x52c N 0x530
0x28da584 N 0x28da588
0x69a80 N 0x69a84
0x652b30 N 0x652b34
0x52c T 0xf82ac
0x8cc N 0x8d0
0x24e8b0 T 0x4cccc
0xb0bc N 0xb0c0
0x69a80 N 0x69a84
0x652b30 N 0x652b34
0x69a80 N 0x69a84
0x28da584 N 0x28da588
0x92f5b0 N 0x92f5b4
0xf60 N 0xf64
0x52c N 0x530
0x92f5b0 N 0x92f5b4
0xf60 N 0xf64
0x652b30 N 0x652b34
0x69a80 N 0x69a84
0x652b30 N 0x652b34
0x652b30 N 0x652b34
0xb0bc N 0xb0c0
0x69a80 N 0x69a84
0x8cc N 0x8d0
0xd54e08 T 0xbe74
0xc544 N 0xc548
0x92f5b0 N 0x92f5b4
0x52c N 0x530
0xd54e08 T 0xbe74
0x56a036c N 0x56a0370
0xf8e7a0 N 0xf8e7a4
0x28da584 N 0x28da588
0x24e8b0 N 0x24e8b4
0xb0bc N 0xb0c0
0xb0bc T 0x99c4
0x652b30 T 0xdad7e90
0x8cc N 0x8d0
0xd54e08 T 0xbe74
0xf60 N 0xf64
0xd54e08 T 0xbe74
0xc544 N 0xc548
0x24e8b0 N 0x24e8b4
0x69a80 N 0x69a84
0xf60 N 0xf64
0xc544 T 0x424
0xb0bc N 0xb0c0
0xc544 T 0x424
0x56a036c N 0x56a0370
0xd54e08 T 0xbe74
0x24e8b0 N 0x24e8b4
0xc544 T 0x424
0x24e8b0 T 0xdad7e90
0xf60 N 0xf64
0x8cc N 0x8d0
0xd54e08 T 0xbe74
0x52c N 0x530
0x652b30 N 0x652b34
0x8cc N 0x8d0
0x69a80 N 0x69a84
0x69a80 T 0xa39abc
0x652b30 N 0x652b34
0x56a036c N 0x56a0370
0x28da584 N 0x28da588
0xb0bc N 0xb0c0
0x652b30 N 0x652b34
0x28da584 T 0x26c
0x52c N 0x530
0x69a80 N 0x69a84
0x28da584 T 0x26c
0x652b30 N 0x652b34
0xc544 N 0xc548
0x652b30 T 0x4cccc
0x652b30 T 0x4cccc
0x52c T 0xf82ac
0xc544 T 0x424
0x92f5b0 T 0x4cccc
0xb0bc N 0xb0c0
0xd54e08 T 0xbe74
0x24e8b0 T 0x4390
0xf60 N 0xf64
0x56a036c N 0x56a0370
0x92f5b0 N 0x92f5b4
0x56a036c N 0x56a0370
0xf60 N 0xf64
0xf60 T 0x3d2e24
0x8cc N 0x8d0
0x24e8b0 N 0x24e8b4
0xc544 T 0x424
0xf60 N 0xf64
0xf60 T 0x3d2e24
0x52c N 0x530
0xd54e08 T 0xbe74
0xc544 N 0xc548
0x92f5b0 N 0x92f5b4
0xd54e08 T 0xbe74
0xb0bc N 0xb0c0
0xd54e08 T 0xbe74
0x8cc N 0x8d0
0x69a80 N 0x69a84
0xf60 N 0xf64
0x69a80 N 0x69a84
0x69a80 N 0x69a84
0x652b30 N 0x652b34
0xb0bc N 0xb0c0
0xf60 N 0xf64
0xb0bc T 0x99c4
0x69a80 N 0x69a84
0xf8e7a0 N 0xf8e7a4
0x24e8b0 N 0x24e8b4
0x92f5b0 T 0xdad7e90
0xd54e08 N 0xd54e0c
0x92f5b0 T 0x4390
0x56a036c N 0x56a0370
0x92f5b0 N 0x92f5b4
0xd54e08 T 0xbe74
0xb0bc N 0xb0c0
0xf60 N 0xf64
0x8cc N 0x8d0
0x652b30 N 0x652b34
0xf8e7a0 N 0xf8e7a4
0xf60 N 0xf64
0xf8e7a0 N 0xf8e7a4
0x24e8b0 N 0x24e8b4
0x52c N 0x530
0x652b30 N 0x652b34
0xf60 N 0xf64
0x52c N 0x530
0xd54e08 T 0xbe74
0x28da584 N 0x28da588
0x28da584 N 0x28da588
0x8cc N 0x8d0
0xb0bc N 0xb0c0
0x56a036c N 0x56a0370
0xb0bc N 0xb0c0
0x56a036c N 0x56a0370
0x8cc N 0x8d0
0x28da584 N 0x28da588
0x92f5b0 N 0x92f5b4
0xc544 N 0xc548
0xb0bc N 0xb0c0
0x652b30 T 0x4390
0xf60 N 0xf64
0xf8e7a0 N 0xf8e7a4
0x56a036c N 0x56a0370
0xf8e7a0 N 0xf8e7a4
0x56a036c N 0x56a0370
0xb0bc N 0xb0c0
0x52c N 0x530
0x8cc N 0x8d0
0x56a036c N 0x56a0370
0x8cc N 0x8d0
0x69a80 N 0x69a84
0xf60 N 0xf64
0xf8e7a0 N 0xf8e7a4
0x8cc T 0x78ac608
0x56a036c N 0x56a0370
0xb0bc N 0xb0c0
0x8cc N 0x8d0
0xc544 T 0x424
0xf8e7a0 N 0xf8e7a4
0xf60 N 0xf64
0xf8e7a0 N 0xf8e7a4
0x28da584 N 0x28da588
0x8cc N 0x8d0
0xb0bc N 0xb0c0
0xb0bc T 0x99c4
0xf8e7a0 T 0x9674
0x52c N 0x530
0xb0bc N 0xb0c0
0x92f5b0 N 0x92f5b4
0xf8e7a0 N 0xf8e7a4
0xd54e08 T 0xbe74
0x652b30 N 0x652b34
0x56a036c N 0x56a0370
0xc544 N 0xc548
0xd54e08 T 0xbe74
0xf8e7a0 N 0xf8e7a4
0x52c N 0x530
0x56a036c N 0x56a0370
0x92f5b0 N 0x92f5b4
0xd54e08 T 0xbe74
0x24e8b0 N 0x24e8b4
0xd54e08 T 0xbe74
0x652b30 T 0xdad7e90
0x28da584 N 0x28da588
0x92f5b0 N 0x92f5b4
0x52c N 0x530
0xf8e7a0 N 0xf8e7a4
0x24e8b0 N 0x24e8b4
0x8cc N 0x8d0
0xc544 N 0xc548
0xb0bc N 0xb0c0
0xb0bc N 0xb0c0
0xf60 N 0xf64
0xb0bc T 0x99c4
0x69a80 N 0x69a84
0x69a80 N 0x69a84
0x56a036c N 0x56a0370
0x28da584 N 0x28da588
0xc544 N 0xc548
0x69a80 N 0x69a84
0x52c N 0x530
0x92f5b0 N 0x92f5b4
0x8cc N 0x8d0
0x8cc T 0x78ac608
0x52c N 0x530
0x56a036c N 0x56a0370
0xf8e7a0 N 0xf8e7a4
0xd54e08 T 0xbe74
0x652b30 N 0x652b34
0xf60 N 0xf64
0xc544 T 0x424
0x52c N 0x530
0xb0bc N 0xb0c0
0xf8e7a0 N 0xf8e7a4
0x52c N 0x530
0x92f5b0 N 0x92f5b4
0xc544 N 0xc548
0x28da584 N 0x28da588
0xf60 N 0xf64
0x24e8b0 N 0x24e8b4
0xf8e7a0 N 0xf8e7a4
0x8cc N 0x8d0
0x69a80 N 0x69a84
0xb0bc N 0xb0c0
0x24e8b0 N 0x24e8b4
0x92f5b0 N 0x92f5b4
0xd54e08 T 0xbe74
0x652b30 T 0x4390
0x56a036c N 0x56a0370
0x92f5b0 T 0x4cccc
0xd54e08 T 0xbe74
0xd54e08 T 0xbe74
0x28da584 N 0x28da588
0x56a036c T 0xd5f0
0xb0bc N 0xb0c0
0x69a80 N 0x69a84
0xd54e08 T 0xbe74
0x28da584 N 0x28da588
0x24e8b0 N 0x24e8b4
0xb0bc T 0x99c4
0x8cc N 0x8d0
0xf8e7a0 N 0xf8e7a4
0x69a80 N 0x69a84
0x652b30 N 0x652b34
0xc544 N 0xc548
0x92f5b0 N 0x92f5b4
0x652b30 T 0x4390
0xf60 N 0xf64
0x8cc N 0x8d0
0x69a80 N 0x69a84
0x652b30 N 0x652b34
0xc544 N 0xc548
0x8cc N 0x8d0
0x652b30 T 0x4cccc
0x56a036c N 0x56a0370
0xf60 N 0xf64
0x69a80 N 0x69a84
0xc544 N 0xc548
0x69a80 N 0x69a84
0x69a80 T 0xa39abc
0xd54e08 T 0xbe74
0xd54e08 T 0xbe74
0xd54e08 T 0xbe74
0x56a036c T 0xd5f0
0xf60 N 0xf64
0x92f5b0 N 0x92f5b4
0xf8e7a0 N 0xf8e7a4
0x8cc N 0x8d0
0x8cc N 0x8d0
0xc544 N 0xc548
0x8cc T 0x78ac608
0xf8e7a0 N 0xf8e7a4
0x24e8b0 N 0x24e8b4
0x24e8b0 N 0x24e8b4
0xd54e08 T 0xbe74
0x52c N 0x530
0x92f5b0 N 0x92f5b4
0x24e8b0 T 0x4390
0xc544 N 0xc548
0xc544 T 0x424
0x69a80 N 0x69a84
0x28da584 N 0x28da588
0xb0bc N 0xb0c0
0x69a80 T 0xa39abc
0xd54e08 T 0xbe74
0xf60 N 0xf64
0x92f5b0 N 0x92f5b4
0x28da584 N 0x28da588
0xc544 N 0xc548
0xc544 N 0xc548
0x24e8b0 T 0x4390
0x92f5b0 N 0x92f5b4
0x652b30 T 0x4390
0xf8e7a0 N 0xf8e7a4
0x56a036c N 0x56a0370
0x28da584 N 0x28da588
0xf60 N 0xf64
0x28da584 T 0x26c
0x52c N 0x530
0x52c T 0xf82ac
0xf60 N 0xf64
0x24e8b0 N 0x24e8b4
0x52c T 0xf82ac
0x652b30 T 0xdad7e90
0xf8e7a0 N 0xf8e7a4
0xf8e7a0 T 0x9674
0x24e8b0 N 0x24e8b4
0x92f5b0 N 0x92f5b4
0xc544 N 0xc548
0x56a036c N 0x56a0370
0x92f5b0 N 0x92f5b4
0x69a80 N 0x69a84
0x8cc N 0x8d0
0x8cc N 0x8d0
0x24e8b0 N 0x24e8b4
0xd54e08 T 0xbe74
0x652b30 T 0xdad7e90
0x52c N 0x530
0xf8e7a0 N 0xf8e7a4
0x92f5b0 N 0x92f5b4
0x52c N 0x530
0xb0bc N 0xb0c0
0xf8e7a0 N 0xf8e7a4
0x69a80 N 0x69a84
0x8cc N 0x8d0
0x52c N 0x530
0xb0bc N 0xb0c0
0x52c N 0x530
0xd54e08 T 0xbe74
0x69a80 T 0xa39abc
0xf60 N 0xf64
0x652b30 N 0x652b34
0xb0bc N 0xb0c0
0x24e8b0 T 0x4cccc
0xf8e7a0 N 0xf8e7a4
0x52c N 0x530
0x69a80 N 0x69a84
0xf8e7a0 N 0xf8e7a4
0xd54e08 T 0xbe74
0xd54e08 T 0xbe74
0x52c N 0x530
0x28da584 N 0x28da588
0x652b30 N 0x652b34
0x28da584 T 0x26c
0x69a80 N 0x69a84
0x56a036c N 0x56a0370
0xf60 N 0xf64
0x652b30 N 0x652b34
0x8cc N 0x8d0
0xf8e7a0 N 0xf8e7a4
0x69a80 N 0x69a84
0xd54e08 T 0xbe74
0x52c N 0x530
0x92f5b0 N 0x92f5b4
0x69a80 N 0x69a84
0x56a036c N 0x56a0370
0xf60 N 0xf64
0x24e8b0 N 0x24e8b4
0xc544 N 0xc548
0x56a036c T 0xd5f0
0xb0bc N 0xb0c0
0xf60 N 0xf64
0x652b30 N 0x652b34
0xb0bc N 0xb0c0
0x92f5b0 N 0x92f5b4
0x24e8b0 N 0x24e8b4
0x28da584 N 0x28da588
0x92f5b0 T 0xdad7e90
0x92f5b0 T 0x4390
0x92f5b0 N 0x92f5b4
0x652b30 T 0x4390
0x652b30 T 0x4cccc
0xd54e08 T 0xbe74
0x92f5b0 T 0x4cccc
0x24e8b0 T 0x4390
0x69a80 N 0x69a84
0x52c N 0x530
0x652b30 N 0x652b34
0x69a80 N 0x69a84
0x52c N 0x530
0x24e8b0 N 0x24e8b4
0x8cc N 0x8d0
0xc544 N 0xc548
0xf60 N 0xf64
0x24e8b0 N 0x24e8b4
0xb0bc N 0xb0c0
0x652b30 T 0xdad7e90
0xc544 N 0xc548
0xf8e7a0 N 0xf8e7a4
0x24e8b0 N 0x24e8b4
0x24e8b0 T 0xdad7e90
0x24e8b0 T 0xdad7e90
0x28da584 N 0x28da588
0x652b30 T 0xdad7e90
0x69a80 N 0x69a84
0xd54e08 T 0xbe74
0xf60 N 0xf64
0xf8e7a0 N 0xf8e7a4
0xd54e08 T 0xbe74
0xf8e7a0 N 0xf8e7a4
0x56a036c N 0x56a0370
0xf60 N 0xf64
0xc544 N 0xc548
0x8cc N 0x8d0
0xf8e7a0 N 0xf8e7a4
0x652b30 N 0x652b34
0x92f5b0 N 0x92f5b4
0x652b30 N 0x652b34
0x28da584 N 0x28da588
0xb0bc N 0xb0c0
0x652b30 T 0x4cccc
0x56a036c N 0x56a0370
0xf60 N 0xf64
0xf60 N 0xf64
0x8cc N 0x8d0
0xf60 N 0xf64
0x24e8b0 N 0x24e8b4
0xf60 N 0xf64
0x56a036c N 0x56a0370
0xf60 N 0xf64
0x56a036c T 0xd5f0
0x28da584 T 0x26c
0x52c N 0x530
0x8cc N 0x8d0
0x652b30 N 0x652b34
0x8cc N 0x8d0
0x8cc N 0x8d0
0x652b30 T 0x4cccc
0xb0bc N 0xb0c0
0xb0bc N 0xb0c0
0x24e8b0 T 0x4cccc
0x8cc N 0x8d0
0xf60 N 0xf64
0xf8e7a0 N 0xf8e7a4
0xf60 N 0xf64
0x24e8b0 N 0x24e8b4
0x92f5b0 N 0x92f5b4
0x69a80 N 0x69a84
0xb0bc N 0xb0c0
0xd54e08 T 0xbe74
0x52c N 0x530
0x69a80 T 0xa39abc
0x69a80 T 0xa39abc
0xd54e08 T 0xbe74
0x92f5b0 N 0x92f5b4
0x28da584 T 0x26c
0x652b30 T 0x4390
0x24e8b0 T 0x4cccc
0x652b30 T 0xdad7e90
0xd54e08 T 0xbe74
0x8cc N 0x8d0
0xc544 N 0xc548
0x24e8b0 T 0x4cccc
0x92f5b0 T 0xdad7e90
0x92f5b0 T 0x4390
0x8cc T 0x78ac608
0xb0bc N 0xb0c0
0x8cc N 0x8d0
0x8cc N 0x8d0
0x52c N 0x530
0x56a036c N 0x56a0370
0x69a80 N 0x69a84
0xf60 N 0xf64
0xb0bc N 0xb0c0
0x8cc N 0x8d0
0x652b30 N 0x652b34
0xf8e7a0 N 0xf8e7a4
0x8cc N 0x8d0
0x69a80 N 0x69a84
0xd54e08 T 0xbe74
0xd54e08 T 0xbe74
0x24e8b0 N 0x24e8b4
0x92f5b0 N 0x92f5b4
0x8cc N 0x8d0
0x56a036c N 0x56a0370
0x92f5b0 T 0x4390
0x92f5b0 T 0x4390
0x92f5b0 T 0x4390
0xf8e7a0 N 0xf8e7a4
0x8cc N 0x8d0
0x8cc N 0x8d0
0x52c N 0x530
0x8cc N 0x8d0
0xb0bc N 0xb0c0
0xb0bc N 0xb0c0
0xf60 N 0xf64
0x28da584 N 0x28da588
0xd54e08 N 0xd54e0c
0x8cc N 0x8d0
0x24e8b0 N 0x24e8b4
0xf8e7a0 N 0xf8e7a4
0x652b30 N 0x652b34
0xd54e08 T 0xbe74
0x52c N 0x530
0xd54e08 T 0xbe74
0x92f5b0 N 0x92f5b4
0x56a036c N 0x56a0370
0xb0bc N 0xb0c0
0xf60 N 0xf64
0xd54e08 T 0xbe74
0x652b30 N 0x652b34
0x8cc N 0x8d0
0x28da584 T 0x26c
0x28da584 T 0x26c
0x652b30 N 0x652b34
0x52c N 0x530
0xf8e7a0 N 0xf8e7a4
0xc544 N 0xc548
0xf60 N 0xf64
0x28da584 N 0x28da588
0x92f5b0 N 0x92f5b4
0x8cc N 0x8d0
0xf8e7a0 N 0xf8e7a4
0x652b30 N 0x652b34
0x52c N 0x530
0xf60 N 0xf64
0x69a80 N 0x69a84
0x56a036c N 0x56a0370
0xc544 N 0xc548
0x8cc N 0x8d0
0xf8e7a0 N 0xf8e7a4
0xd54e08 T 0xbe74
0xf60 N 0xf64
0x28da584 N 0x28da588
0x69a80 N 0x69a84
0xd54e08 T 0xbe74
0x69a80 T 0xa39abc
0x8cc T 0x78ac608
0xd54e08 T 0xbe74
0xf8e7a0 N 0xf8e7a4
0xb0bc N 0xb0c0
0xf60 N 0xf64
0xd54e08 T 0xbe74
0x652b30 N 0x652b34
0xc544 N 0xc548
0x69a80 N 0x69a84
0xf8e7a0 N 0xf8e7a4
0x52c N 0x530
0xb0bc N 0xb0c0
0x28da584 N 0x28da588
0xf60 N 0xf64
0xc544 N 0xc548
0xf60 N 0xf64
0xc544 N 0xc548
0xc544 N 0xc548
0xb0bc N 0xb0c0
0x92f5b0 N 0x92f5b4
0xd54e08 T 0xbe74
0xf8e7a0 N 0xf8e7a4
0xf8e7a0 T 0x9674
0x92f5b0 N 0x92f5b4
0xf60 N 0xf64
0x69a80 N 0x69a84
0xf60 N 0xf64
0xf60 N 0xf64
0x652b30 N 0x652b34
0x92f5b0 N 0x92f5b4
0x56a036c N 0x56a0370
0xd54e08 T 0xbe74
0xb0bc N 0xb0c0
0xc544 N 0xc548
0xd54e08 T 0xbe74
0xf60 N 0xf64
0x8cc N 0x8d0
0xf8e7a0 N 0xf8e7a4
0x652b30 N 0x652b34
0xf8e7a0 N 0xf8e7a4
flush_num: 410, br_num: 783, size: 420b
