0xbce3c0 N 0xbce3c4
0x6cc94 N 0x6cc98
0xe88 N 0xe8c
0x193c N 0x1940
0x49efc N 0x49f00
0xe88 N 0xe8c
0x36dc80 N 0x36dc84
0x2d0 N 0x2d4
0x927d1dec N 0x927d1df0
0x6cc94 N 0x6cc98
0x2d0 N 0x2d4
0x197f8c0 N 0x197f8c4
0x36dc80 N 0x36dc84
0xa2bae5ec N 0xa2bae5f0
0x42c81f84 N 0x42c81f88
0x193c N 0x1940
0x6cc94 N 0x6cc98
0x3694 N 0x3698
0x42c81f84 N 0x42c81f88
0xd41fcd4 N 0xd41fcd8
0xc0dc8 N 0xc0dcc
0x4fd87d4 N 0x4fd87d8
0x797c N 0x7980
0xc0dc8 N 0xc0dcc
0xc74 N 0xc78
0x5a0e8 N 0x5a0ec
0xe88 N 0xe8c
0x29e68 N 0x29e6c
0x44c N 0x450
0x197f8c0 N 0x197f8c4
0x68bc N 0x68c0
0xd41fcd4 N 0xd41fcd8
0x57f41e08 N 0x57f41e0c
0x14 N 0x18
0xcb4 N 0xcb8
0xf5339d48 N 0xf5339d4c
0x854cbdc N 0x854cbe0
0x14 N 0x18
0xa2bae5ec N 0xa2bae5f0
0x1f68 N 0x1f6c
0x797c N 0x7980
0x36dc80 N 0x36dc84
0x68bc N 0x68c0
0x797c N 0x7980
0x5a0e8 N 0x5a0ec
0xbce3c0 N 0xbce3c4
0x5a0e8 N 0x5a0ec
0x4fd87d4 N 0x4fd87d8
0xc74 N 0xc78
0xe88 N 0xe8c
0x197f8c0 N 0x197f8c4
0x44c N 0x450
0x927d1dec N 0x927d1df0
0xdfb75518 N 0xdfb7551c
0x4fd87d4 N 0x4fd87d8
0x49efc N 0x49f00
0xc0dc8 N 0xc0dcc
0x193c N 0x1940
0xdfb75518 N 0xdfb7551c
0x68bc N 0x68c0
0x2d0 N 0x2d4
0x927d1dec N 0x927d1df0
0x6cc94 N 0x6cc98
0x2d0 N 0x2d4
0x68bc N 0x68c0
0x99897560 N 0x99897564
0x854cbdc N 0x854cbe0
0x3694 N 0x3698
0xa7ad932c N 0xa7ad9330
0x5a0e8 N 0x5a0ec
0x14 N 0x18
0x927d1dec N 0x927d1df0
0x197f8c0 N 0x197f8c4
0xbce3c0 N 0xbce3c4
0x42c81f84 N 0x42c81f88
0x68bc N 0x68c0
0x57f41e08 N 0x57f41e0c
0x99897560 N 0x99897564
0x193c N 0x1940
0x6cc94 N 0x6cc98
0x14 N 0x18
0x42c81f84 N 0x42c81f88
0x49efc N 0x49f00
0xd41fcd4 N 0xd41fcd8
0x36dc80 N 0x36dc84
0x797c N 0x7980
0x193c N 0x1940
0x68bc N 0x68c0
0xc74 N 0xc78
0xc74 N 0xc78
0x797c N 0x7980
0x14 N 0x18
0xdb51244 N 0xdb51248
0x68bc N 0x68c0
0xc0dc8 N 0xc0dcc
0x29e68 N 0x29e6c
0x2d0 N 0x2d4
0x42c81f84 N 0x42c81f88
0x193c N 0x1940
0xbce3c0 N 0xbce3c4
0x797c N 0x7980
0x99897560 N 0x99897564
0x6cc94 N 0x6cc98
0xd41fcd4 N 0xd41fcd8
0x1f68 N 0x1f6c
0xd41fcd4 N 0xd41fcd8
0xd41fcd4 N 0xd41fcd8
0x4fd87d4 N 0x4fd87d8
0x927d1dec N 0x927d1df0
0x1f68 N 0x1f6c
0xe88 N 0xe8c
0x57f41e08 N 0x57f41e0c
0xbce3c0 N 0xbce3c4
0x797c N 0x7980
0x42c81f84 N 0x42c81f88
0x68bc N 0x68c0
0xa7ad932c N 0xa7ad9330
0x57f41e08 N 0x57f41e0c
0x68bc N 0x68c0
0xdfb75518 N 0xdfb7551c
0x5a0e8 N 0x5a0ec
0x193c N 0x1940
0x49efc N 0x49f00
0xc0dc8 N 0xc0dcc
0x5a0e8 N 0x5a0ec
0xd41fcd4 N 0xd41fcd8
0x927d1dec N 0x927d1df0
0xdb51244 N 0xdb51248
0x197f8c0 N 0x197f8c4
0x927d1dec N 0x927d1df0
0xdb51244 N 0xdb51248
0x49efc N 0x49f00
0xdb51244 N 0xdb51248
0x44c N 0x450
0xdb51244 N 0xdb51248
0x49efc N 0x49f00
0x29e68 N 0x29e6c
0x5a0e8 N 0x5a0ec
0x6cc94 N 0x6cc98
0xe88 N 0xe8c
0x854cbdc N 0x854cbe0
0x193c N 0x1940
0x6cc94 N 0x6cc98
0xe88 N 0xe8c
0xdfb75518 N 0xdfb7551c
0xcb4 N 0xcb8
0x14 N 0x18
0x99897560 N 0x99897564
0xe88 N 0xe8c
0x42c81f84 N 0x42c81f88
0x797c N 0x7980
0x14 N 0x18
0xe88 N 0xe8c
0x1f68 N 0x1f6c
0x4fd87d4 N 0x4fd87d8
0x1f68 N 0x1f6c
0x197f8c0 N 0x197f8c4
0x6cc94 N 0x6cc98
0x99897560 N 0x99897564
0x193c N 0x1940
0xf5339d48 N 0xf5339d4c
0x29e68 N 0x29e6c
0xbce3c0 N 0xbce3c4
0xa7ad932c N 0xa7ad9330
0x44c N 0x450
0xc0dc8 N 0xc0dcc
0x4fd87d4 N 0x4fd87d8
0x854cbdc N 0x854cbe0
0x4fd87d4 N 0x4fd87d8
0x36dc80 N 0x36dc84
0x44c N 0x450
0xdfb75518 N 0xdfb7551c
0x49efc N 0x49f00
0x854cbdc N 0x854cbe0
0xa2bae5ec N 0xa2bae5f0
0x3694 N 0x3698
0x797c N 0x7980
0x42c81f84 N 0x42c81f88
0xc0dc8 N 0xc0dcc
0xdb51244 N 0xdb51248
0xbce3c0 N 0xbce3c4
0x927d1dec N 0x927d1df0
0xdfb75518 N 0xdfb7551c
0x1f68 N 0x1f6c
0x2d0 N 0x2d4
0x5a0e8 N 0x5a0ec
0xdfb75518 N 0xdfb7551c
0xc0dc8 N 0xc0dcc
0xd41fcd4 N 0xd41fcd8
0x797c N 0x7980
0xbce3c0 N 0xbce3c4
0x193c N 0x1940
0xf5339d48 N 0xf5339d4c
0x29e68 N 0x29e6c
0x68bc N 0x68c0
0x6cc94 N 0x6cc98
0x197f8c0 N 0x197f8c4
0xa2bae5ec N 0xa2bae5f0
0x68bc N 0x68c0
0x5a0e8 N 0x5a0ec
0x1f68 N 0x1f6c
0xf5339d48 N 0xf5339d4c
0x2d0 N 0x2d4
0xcb4 N 0xcb8
0x927d1dec N 0x927d1df0
0xc0dc8 N 0xc0dcc
0xdfb75518 N 0xdfb7551c
0x68bc N 0x68c0
0x4fd87d4 N 0x4fd87d8
0x49efc N 0x49f00
0x193c N 0x1940
0x44c N 0x450
0x197f8c0 N 0x197f8c4
0x6cc94 N 0x6cc98
0xc0dc8 N 0xc0dcc
0x36dc80 N 0x36dc84
0x2d0 N 0x2d4
0xc0dc8 N 0xc0dcc
0x4fd87d4 N 0x4fd87d8
0x68bc N 0x68c0
0x42c81f84 N 0x42c81f88
0x68bc N 0x68c0
0xcb4 N 0xcb8
0x3694 N 0x3698
0xcb4 N 0xcb8
0xd41fcd4 N 0xd41fcd8
0xc0dc8 N 0xc0dcc
0xc0dc8 N 0xc0dcc
0x42c81f84 N 0x42c81f88
0xf5339d48 N 0xf5339d4c
0xc0dc8 N 0xc0dcc
0x2d0 N 0x2d4
0x42c81f84 N 0x42c81f88
0x5a0e8 N 0x5a0ec
0x6cc94 N 0x6cc98
0xdfb75518 N 0xdfb7551c
0x6cc94 N 0x6cc98
0x99897560 N 0x99897564
0xcb4 N 0xcb8
0x42c81f84 N 0x42c81f88
0x36dc80 N 0x36dc84
0x197f8c0 N 0x197f8c4
0x57f41e08 N 0x57f41e0c
0xa2bae5ec N 0xa2bae5f0
0x197f8c0 N 0x197f8c4
0xdfb75518 N 0xdfb7551c
0x68bc N 0x68c0
0xa2bae5ec N 0xa2bae5f0
0x14 N 0x18
0x99897560 N 0x99897564
0xa2bae5ec N 0xa2bae5f0
0x2d0 N 0x2d4
0x29e68 N 0x29e6c
0x4fd87d4 N 0x4fd87d8
0xe88 N 0xe8c
0x5a0e8 N 0x5a0ec
0xdfb75518 N 0xdfb7551c
0x36dc80 N 0x36dc84
0xc0dc8 N 0xc0dcc
0x68bc N 0x68c0
0xdb51244 N 0xdb51248
0xf5339d48 N 0xf5339d4c
0x1f68 N 0x1f6c
0xbce3c0 N 0xbce3c4
0x2d0 N 0x2d4
0x14 N 0x18
0xc74 N 0xc78
0x927d1dec N 0x927d1df0
0xa2bae5ec N 0xa2bae5f0
0x197f8c0 N 0x197f8c4
0x3694 N 0x3698
0xbce3c0 N 0xbce3c4
0xc74 N 0xc78
0x68bc N 0x68c0
0x1f68 N 0x1f6c
0xcb4 N 0xcb8
0xe88 N 0xe8c
0x29e68 N 0x29e6c
0x44c N 0x450
0x4fd87d4 N 0x4fd87d8
0xe88 N 0xe8c
0x6cc94 N 0x6cc98
0x5a0e8 N 0x5a0ec
0xa7ad932c N 0xa7ad9330
0xe88 N 0xe8c
0x5a0e8 N 0x5a0ec
0x49efc N 0x49f00
0xc74 N 0xc78
0xc0dc8 N 0xc0dcc
0x42c81f84 N 0x42c81f88
0xdb51244 N 0xdb51248
0x3694 N 0x3698
0xe88 N 0xe8c
0x4fd87d4 N 0x4fd87d8
0xbce3c0 N 0xbce3c4
0xe88 N 0xe8c
0x14 N 0x18
0x44c N 0x450
0x44c N 0x450
0x3694 N 0x3698
0xc74 N 0xc78
0xe88 N 0xe8c
0x14 N 0x18
0xd41fcd4 N 0xd41fcd8
0x1f68 N 0x1f6c
0x197f8c0 N 0x197f8c4
0xd41fcd4 N 0xd41fcd8
0xc74 N 0xc78
0x6cc94 N 0x6cc98
0xd41fcd4 N 0xd41fcd8
0x4fd87d4 N 0x4fd87d8
0x29e68 N 0x29e6c
0x99897560 N 0x99897564
0xdb51244 N 0xdb51248
0x14 N 0x18
0xdb51244 N 0xdb51248
0x57f41e08 N 0x57f41e0c
0x29e68 N 0x29e6c
0x1f68 N 0x1f6c
0x57f41e08 N 0x57f41e0c
0x68bc N 0x68c0
0x197f8c0 N 0x197f8c4
0x57f41e08 N 0x57f41e0c
0x99897560 N 0x99897564
0x4fd87d4 N 0x4fd87d8
0xe88 N 0xe8c
0xc0dc8 N 0xc0dcc
0xdb51244 N 0xdb51248
0x68bc N 0x68c0
0xa2bae5ec N 0xa2bae5f0
0x68bc N 0x68c0
0x6cc94 N 0x6cc98
0x29e68 N 0x29e6c
0xdfb75518 N 0xdfb7551c
0x68bc N 0x68c0
0x44c N 0x450
0x797c N 0x7980
0xe88 N 0xe8c
0x99897560 N 0x99897564
0xdb51244 N 0xdb51248
0x3694 N 0x3698
0xdb51244 N 0xdb51248
0x4fd87d4 N 0x4fd87d8
0x797c N 0x7980
0xdfb75518 N 0xdfb7551c
0xd41fcd4 N 0xd41fcd8
0x3694 N 0x3698
0xd41fcd4 N 0xd41fcd8
0xdb51244 N 0xdb51248
0xa2bae5ec N 0xa2bae5f0
0xd41fcd4 N 0xd41fcd8
0xdb51244 N 0xdb51248
0x3694 N 0x3698
0x42c81f84 N 0x42c81f88
0x5a0e8 N 0x5a0ec
0x1f68 N 0x1f6c
0x927d1dec N 0x927d1df0
0xc0dc8 N 0xc0dcc
0x1f68 N 0x1f6c
0xc0dc8 N 0xc0dcc
0x29e68 N 0x29e6c
0x68bc N 0x68c0
0x57f41e08 N 0x57f41e0c
0xcb4 N 0xcb8
0x3694 N 0x3698
0x797c N 0x7980
0x193c N 0x1940
0x4fd87d4 N 0x4fd87d8
0x68bc N 0x68c0
0x29e68 N 0x29e6c
0xa7ad932c N 0xa7ad9330
0xd41fcd4 N 0xd41fcd8
0x5a0e8 N 0x5a0ec
0xa2bae5ec N 0xa2bae5f0
0x193c N 0x1940
0xd41fcd4 N 0xd41fcd8
0xa7ad932c N 0xa7ad9330
0xa2bae5ec N 0xa2bae5f0
0x42c81f84 N 0x42c81f88
0x797c N 0x7980
0x6cc94 N 0x6cc98
0xa7ad932c N 0xa7ad9330
0x2d0 N 0x2d4
0x854cbdc N 0x854cbe0
0xdfb75518 N 0xdfb7551c
0xc74 N 0xc78
0xcb4 N 0xcb8
0x2d0 N 0x2d4
0x68bc N 0x68c0
0x797c N 0x7980
0xcb4 N 0xcb8
0x1f68 N 0x1f6c
0xf5339d48 N 0xf5339d4c
0x3694 N 0x3698
0x5a0e8 N 0x5a0ec
0x42c81f84 N 0x42c81f88
0x854cbdc N 0x854cbe0
0x4fd87d4 N 0x4fd87d8
0xe88 N 0xe8c
0x99897560 N 0x99897564
0xc0dc8 N 0xc0dcc
0x6cc94 N 0x6cc98
0x2d0 N 0x2d4
0x927d1dec N 0x927d1df0
0xc74 N 0xc78
0x99897560 N 0x99897564
0x99897560 N 0x99897564
0x193c N 0x1940
0x797c N 0x7980
0x927d1dec N 0x927d1df0
0xc0dc8 N 0xc0dcc
0xbce3c0 N 0xbce3c4
0x193c N 0x1940
0x2d0 N 0x2d4
0x2d0 T 0xbbbd4
0xe88 N 0xe8c
0xd41fcd4 N 0xd41fcd8
0xcb4 N 0xcb8
0x44c N 0x450
0xdb51244 N 0xdb51248
0xa2bae5ec N 0xa2bae5f0
0xf5339d48 N 0xf5339d4c
0x36dc80 N 0x36dc84
0xe88 N 0xe8c
0xc74 N 0xc78
0x57f41e08 N 0x57f41e0c
0xbce3c0 N 0xbce3c4
0xcb4 N 0xcb8
0xf5339d48 N 0xf5339d4c
0x36dc80 N 0x36dc84
0x68bc N 0x68c0
0xdb51244 N 0xdb51248
0xdb51244 N 0xdb51248
0xcb4 N 0xcb8
0x29e68 N 0x29e6c
0xc74 N 0xc78
0x2d0 N 0x2d4
0x197f8c0 N 0x197f8c4
0xdfb75518 N 0xdfb7551c
0xcb4 N 0xcb8
0xbce3c0 N 0xbce3c4
0xf5339d48 N 0xf5339d4c
0x29e68 N 0x29e6c
0x197f8c0 N 0x197f8c4
0x2d0 N 0x2d4
0xf5339d48 N 0xf5339d4c
0x1f68 N 0x1f6c
0xa2bae5ec N 0xa2bae5f0
0x2d0 N 0x2d4
0x68bc N 0x68c0
0x2d0 N 0x2d4
0xa7ad932c N 0xa7ad9330
0x68bc N 0x68c0
0x797c N 0x7980
0xdfb75518 N 0xdfb7551c
0xf5339d48 N 0xf5339d4c
0x797c N 0x7980
0xcb4 N 0xcb8
0x57f41e08 N 0x57f41e0c
0x797c N 0x7980
0x49efc N 0x49f00
0xbce3c0 N 0xbce3c4
0xa7ad932c N 0xa7ad9330
0x99897560 N 0x99897564
0x6cc94 N 0x6cc98
0x797c N 0x7980
0xc0dc8 N 0xc0dcc
0x3694 N 0x3698
0xbce3c0 N 0xbce3c4
0x49efc N 0x49f00
0xdb51244 N 0xdb51248
0xe88 N 0xe8c
0xdb51244 N 0xdb51248
0x193c N 0x1940
0x797c N 0x7980
0x14 N 0x18
0xdb51244 N 0xdb51248
0x57f41e08 N 0x57f41e0c
0xc74 N 0xc78
0x29e68 N 0x29e6c
0xa7ad932c N 0xa7ad9330
0x29e68 N 0x29e6c
0xa7ad932c N 0xa7ad9330
0x5a0e8 N 0x5a0ec
0x36dc80 N 0x36dc84
0x854cbdc N 0x854cbe0
0xd41fcd4 N 0xd41fcd8
0xdfb75518 N 0xdfb7551c
0x29e68 N 0x29e6c
0x68bc N 0x68c0
0x49efc N 0x49f00
0x6cc94 N 0x6cc98
0x797c N 0x7980
0x797c N 0x7980
0x2d0 N 0x2d4
0xa7ad932c N 0xa7ad9330
0xa7ad932c N 0xa7ad9330
0x99897560 N 0x99897564
0xd41fcd4 N 0xd41fcd8
0xa7ad932c N 0xa7ad9330
0xdb51244 N 0xdb51248
0xf5339d48 N 0xf5339d4c
0x57f41e08 N 0x57f41e0c
0xdb51244 N 0xdb51248
0x14 N 0x18
0x68bc N 0x68c0
0xc74 N 0xc78
0x4fd87d4 N 0x4fd87d8
0x42c81f84 N 0x42c81f88
0xdb51244 N 0xdb51248
0xd41fcd4 N 0xd41fcd8
0x193c N 0x1940
0xd41fcd4 N 0xd41fcd8
0x36dc80 N 0x36dc84
0x2d0 N 0x2d4
0x68bc N 0x68c0
0x29e68 N 0x29e6c
0x5a0e8 N 0x5a0ec
0x49efc N 0x49f00
0xc0dc8 N 0xc0dcc
0x5a0e8 N 0x5a0ec
0x49efc N 0x49f00
0x5a0e8 N 0x5a0ec
0x193c N 0x1940
0x57f41e08 N 0x57f41e0c
0x29e68 N 0x29e6c
0x99897560 N 0x99897564
0x197f8c0 N 0x197f8c4
0x5a0e8 N 0x5a0ec
0xdfb75518 N 0xdfb7551c
0xd41fcd4 N 0xd41fcd8
0x36dc80 N 0x36dc84
0x14 N 0x18
0xe88 N 0xe8c
0x197f8c0 N 0x197f8c4
0x14 N 0x18
0x57f41e08 N 0x57f41e0c
0x197f8c0 N 0x197f8c4
0x99897560 N 0x99897564
0x44c N 0x450
0x5a0e8 N 0x5a0ec
0xd41fcd4 N 0xd41fcd8
0x14 N 0x18
0x6cc94 N 0x6cc98
0x797c N 0x7980
0x193c N 0x1940
0x14 N 0x18
0x68bc N 0x68c0
0xe88 N 0xe8c
0x42c81f84 N 0x42c81f88
0x854cbdc N 0x854cbe0
0x68bc N 0x68c0
0x14 N 0x18
0x4fd87d4 N 0x4fd87d8
0xc0dc8 N 0xc0dcc
0x42c81f84 N 0x42c81f88
0xd41fcd4 N 0xd41fcd8
0x197f8c0 N 0x197f8c4
0x2d0 N 0x2d4
0x49efc N 0x49f00
0xf5339d48 N 0xf5339d4c
0x44c N 0x450
0x44c T 0xed8
0x2d0 N 0x2d4
0x854cbdc N 0x854cbe0
0x4fd87d4 N 0x4fd87d8
0xd41fcd4 N 0xd41fcd8
0x44c N 0x450
0x6cc94 N 0x6cc98
0x57f41e08 N 0x57f41e0c
0x193c N 0x1940
0xdfb75518 N 0xdfb7551c
0x927d1dec N 0x927d1df0
0xcb4 N 0xcb8
0x44c N 0x450
0xbce3c0 N 0xbce3c4
0x1f68 N 0x1f6c
0xcb4 N 0xcb8
0x57f41e08 N 0x57f41e0c
0x4fd87d4 N 0x4fd87d8
0x42c81f84 N 0x42c81f88
0xcb4 N 0xcb8
0x44c N 0x450
0xc0dc8 N 0xc0dcc
0x57f41e08 N 0x57f41e0c
0xc74 N 0xc78
0x2d0 N 0x2d4
0x42c81f84 N 0x42c81f88
0x36dc80 N 0x36dc84
0x5a0e8 N 0x5a0ec
0x99897560 N 0x99897564
0xdfb75518 N 0xdfb7551c
0x29e68 N 0x29e6c
0x1f68 N 0x1f6c
0x2d0 N 0x2d4
0x36dc80 N 0x36dc84
0xbce3c0 N 0xbce3c4
0x6cc94 N 0x6cc98
0xc0dc8 N 0xc0dcc
0x1f68 N 0x1f6c
0xe88 N 0xe8c
0x6cc94 N 0x6cc98
0xcb4 N 0xcb8
0xbce3c0 N 0xbce3c4
0xbce3c0 T 0xbd84
0x1f68 N 0x1f6c
0x99897560 N 0x99897564
0x49efc N 0x49f00
0x6cc94 N 0x6cc98
0xe88 N 0xe8c
0xe88 T 0x75176c
0xbce3c0 N 0xbce3c4
0xe88 N 0xe8c
0xe88 N 0xe8c
0x197f8c0 N 0x197f8c4
0xa2bae5ec N 0xa2bae5f0
0x797c N 0x7980
0x68bc N 0x68c0
0x42c81f84 N 0x42c81f88
0x99897560 N 0x99897564
0x854cbdc N 0x854cbe0
0x14 N 0x18
0x6cc94 N 0x6cc98
0x44c N 0x450
0xdb51244 N 0xdb51248
0x2d0 N 0x2d4
0xbce3c0 N 0xbce3c4
0x6cc94 N 0x6cc98
0xbce3c0 N 0xbce3c4
0x57f41e08 N 0x57f41e0c
0x797c N 0x7980
0x36dc80 N 0x36dc84
0xf5339d48 N 0xf5339d4c
0x854cbdc N 0x854cbe0
0x36dc80 N 0x36dc84
0xf5339d48 N 0xf5339d4c
0x927d1dec N 0x927d1df0
0xc74 N 0xc78
0x44c N 0x450
0x99897560 N 0x99897564
0x3694 N 0x3698
0xdb51244 N 0xdb51248
0x99897560 N 0x99897564
0xc0dc8 N 0xc0dcc
0xf5339d48 N 0xf5339d4c
0x99897560 N 0x99897564
0x6cc94 N 0x6cc98
0x854cbdc N 0x854cbe0
0x1f68 N 0x1f6c
0x4fd87d4 N 0x4fd87d8
0x6cc94 N 0x6cc98
0xf5339d48 N 0xf5339d4c
0x2d0 N 0x2d4
0xdfb75518 N 0xdfb7551c
0xcb4 N 0xcb8
0xa2bae5ec N 0xa2bae5f0
0x2d0 N 0x2d4
0xcb4 N 0xcb8
0x197f8c0 N 0x197f8c4
0x49efc N 0x49f00
0xf5339d48 N 0xf5339d4c
0x854cbdc N 0x854cbe0
0x2d0 N 0x2d4
0xf5339d48 N 0xf5339d4c
0x14 N 0x18
0xdb51244 N 0xdb51248
0x193c N 0x1940
0xa7ad932c N 0xa7ad9330
0x2d0 N 0x2d4
0xdb51244 N 0xdb51248
0xa7ad932c N 0xa7ad9330
0x36dc80 N 0x36dc84
0x797c N 0x7980
0xdfb75518 N 0xdfb7551c
0x797c N 0x7980
0x57f41e08 N 0x57f41e0c
0xa2bae5ec N 0xa2bae5f0
0x6cc94 N 0x6cc98
0x5a0e8 N 0x5a0ec
0x44c N 0x450
0x29e68 N 0x29e6c
0x197f8c0 N 0x197f8c4
0x36dc80 N 0x36dc84
0x14 N 0x18
0xf5339d48 N 0xf5339d4c
0xa7ad932c N 0xa7ad9330
0x197f8c0 N 0x197f8c4
0x68bc N 0x68c0
0xcb4 N 0xcb8
0x57f41e08 N 0x57f41e0c
0xcb4 N 0xcb8
0x3694 N 0x3698
0xe88 N 0xe8c
0x3694 N 0x3698
0x927d1dec N 0x927d1df0
0xf5339d48 N 0xf5339d4c
0x5a0e8 N 0x5a0ec
0x68bc N 0x68c0
0x42c81f84 N 0x42c81f88
0xbce3c0 N 0xbce3c4
0x1f68 N 0x1f6c
0x797c N 0x7980
0x29e68 N 0x29e6c
0x6cc94 N 0x6cc98
0xf5339d48 N 0xf5339d4c
0xa2bae5ec N 0xa2bae5f0
0x197f8c0 N 0x197f8c4
0xc74 N 0xc78
0xdfb75518 N 0xdfb7551c
0xc0dc8 N 0xc0dcc
0x49efc N 0x49f00
0x797c N 0x7980
0x1f68 N 0x1f6c
0x6cc94 N 0x6cc98
0x68bc N 0x68c0
0xe88 N 0xe8c
0x854cbdc N 0x854cbe0
0xf5339d48 N 0xf5339d4c
0x4fd87d4 N 0x4fd87d8
0x14 N 0x18
0xa2bae5ec N 0xa2bae5f0
0x4fd87d4 N 0x4fd87d8
0x57f41e08 N 0x57f41e0c
0x854cbdc N 0x854cbe0
0x68bc N 0x68c0
0xa2bae5ec N 0xa2bae5f0
0x36dc80 N 0x36dc84
0x193c N 0x1940
0x193c N 0x1940
0xdfb75518 N 0xdfb7551c
0x42c81f84 N 0x42c81f88
0x1f68 N 0x1f6c
0xe88 N 0xe8c
0xcb4 N 0xcb8
0x4fd87d4 N 0x4fd87d8
0x36dc80 N 0x36dc84
0x1f68 N 0x1f6c
0x44c N 0x450
0x68bc N 0x68c0
0x3694 N 0x3698
0x3694 T 0x7330628
0x797c N 0x7980
0xdb51244 N 0xdb51248
0xdb51244 N 0xdb51248
0xbce3c0 N 0xbce3c4
0x4fd87d4 N 0x4fd87d8
0x5a0e8 N 0x5a0ec
0x57f41e08 N 0x57f41e0c
0xc74 N 0xc78
0xe88 N 0xe8c
0x854cbdc N 0x854cbe0
0xa2bae5ec N 0xa2bae5f0
0x4fd87d4 N 0x4fd87d8
0xdb51244 N 0xdb51248
0xc74 N 0xc78
0xf5339d48 N 0xf5339d4c
0x1f68 N 0x1f6c
0x5a0e8 N 0x5a0ec
0xcb4 N 0xcb8
0xa2bae5ec N 0xa2bae5f0
0x3694 N 0x3698
0x4fd87d4 N 0x4fd87d8
0x42c81f84 N 0x42c81f88
0xe88 N 0xe8c
0x57f41e08 N 0x57f41e0c
0x1f68 N 0x1f6c
0x44c N 0x450
0xf5339d48 N 0xf5339d4c
0x927d1dec N 0x927d1df0
0x197f8c0 N 0x197f8c4
0xcb4 N 0xcb8
0xf5339d48 N 0xf5339d4c
0x2d0 N 0x2d4
0x927d1dec N 0x927d1df0
0x57f41e08 N 0x57f41e0c
0xc0dc8 N 0xc0dcc
0x44c N 0x450
0xdb51244 N 0xdb51248
0x854cbdc N 0x854cbe0
0x197f8c0 N 0x197f8c4
0x4fd87d4 N 0x4fd87d8
0x5a0e8 N 0x5a0ec
0x197f8c0 N 0x197f8c4
0x4fd87d4 N 0x4fd87d8
0x14 N 0x18
0x6cc94 N 0x6cc98
0xcb4 N 0xcb8
0x14 N 0x18
0x4fd87d4 N 0x4fd87d8
0x36dc80 N 0x36dc84
0x2d0 N 0x2d4
0xf5339d48 N 0xf5339d4c
0x5a0e8 N 0x5a0ec
0x49efc N 0x49f00
0x854cbdc N 0x854cbe0
0xe88 N 0xe8c
0xcb4 N 0xcb8
0x42c81f84 N 0x42c81f88
0xcb4 N 0xcb8
0x854cbdc N 0x854cbe0
0xc74 N 0xc78
0xc74 T 0xf61a54
0x68bc N 0x68c0
0xc0dc8 N 0xc0dcc
0x5a0e8 N 0x5a0ec
0x197f8c0 N 0x197f8c4
0xdfb75518 N 0xdfb7551c
0xa7ad932c N 0xa7ad9330
0x854cbdc N 0x854cbe0
0x36dc80 N 0x36dc84
0xc0dc8 N 0xc0dcc
0xf5339d48 N 0xf5339d4c
0x49efc N 0x49f00
0x854cbdc N 0x854cbe0
0xc74 N 0xc78
0xbce3c0 N 0xbce3c4
0xdb51244 N 0xdb51248
0x4fd87d4 N 0x4fd87d8
0xbce3c0 N 0xbce3c4
0x927d1dec N 0x927d1df0
0xa2bae5ec N 0xa2bae5f0
0xdfb75518 N 0xdfb7551c
0x5a0e8 N 0x5a0ec
0x49efc N 0x49f00
0x36dc80 N 0x36dc84
0xbce3c0 N 0xbce3c4
0x42c81f84 N 0x42c81f88
0xa2bae5ec N 0xa2bae5f0
0xdb51244 N 0xdb51248
0xdb51244 N 0xdb51248
0xdfb75518 N 0xdfb7551c
0x49efc N 0x49f00
0x5a0e8 N 0x5a0ec
0x36dc80 N 0x36dc84
0xf5339d48 N 0xf5339d4c
0x29e68 N 0x29e6c
0xc74 N 0xc78
0x3694 N 0x3698
0xdfb75518 N 0xdfb7551c
0x49efc N 0x49f00
0x3694 N 0x3698
0x68bc N 0x68c0
0xa2bae5ec N 0xa2bae5f0
0x193c N 0x1940
0xbce3c0 N 0xbce3c4
0x68bc N 0x68c0
0x29e68 N 0x29e6c
0x29e68 N 0x29e6c
0xa7ad932c N 0xa7ad9330
0x42c81f84 N 0x42c81f88
0xbce3c0 N 0xbce3c4
0x6cc94 N 0x6cc98
0x3694 N 0x3698
0x57f41e08 N 0x57f41e0c
0xbce3c0 N 0xbce3c4
0xc74 N 0xc78
0x3694 N 0x3698
0x854cbdc N 0x854cbe0
0xf5339d48 N 0xf5339d4c
0x5a0e8 N 0x5a0ec
0x797c N 0x7980
0x797c N 0x7980
0x2d0 N 0x2d4
0x6cc94 N 0x6cc98
0x1f68 N 0x1f6c
0x2d0 N 0x2d4
0x5a0e8 N 0x5a0ec
0xbce3c0 N 0xbce3c4
0x99897560 N 0x99897564
0x14 N 0x18
0x57f41e08 N 0x57f41e0c
0xd41fcd4 N 0xd41fcd8
0x14 N 0x18
0x68bc N 0x68c0
0x99897560 N 0x99897564
0x44c N 0x450
0x99897560 N 0x99897564
0xdfb75518 N 0xdfb7551c
0x42c81f84 N 0x42c81f88
0xf5339d48 N 0xf5339d4c
0x854cbdc N 0x854cbe0
0xdb51244 N 0xdb51248
0xbce3c0 N 0xbce3c4
0x2d0 N 0x2d4
0xa7ad932c N 0xa7ad9330
0xf5339d48 N 0xf5339d4c
0xcb4 N 0xcb8
0xbce3c0 N 0xbce3c4
0xdb51244 N 0xdb51248
0x197f8c0 N 0x197f8c4
0x29e68 N 0x29e6c
0xc0dc8 N 0xc0dcc
0x5a0e8 N 0x5a0ec
0x99897560 N 0x99897564
0x4fd87d4 N 0x4fd87d8
0x3694 N 0x3698
0x99897560 N 0x99897564
0x68bc N 0x68c0
0x2d0 N 0x2d4
0x57f41e08 N 0x57f41e0c
0x6cc94 N 0x6cc98
0xbce3c0 N 0xbce3c4
0xc0dc8 N 0xc0dcc
0x193c N 0x1940
0x36dc80 N 0x36dc84
0x3694 N 0x3698
0x99897560 N 0x99897564
0xbce3c0 N 0xbce3c4
0xc74 N 0xc78
0xdb51244 N 0xdb51248
0x99897560 N 0x99897564
0xc0dc8 N 0xc0dcc
0x99897560 N 0x99897564
0x193c N 0x1940
0xdfb75518 N 0xdfb7551c
0xc74 N 0xc78
0x5a0e8 N 0x5a0ec
0x14 N 0x18
0x2d0 N 0x2d4
0x1f68 N 0x1f6c
0xdfb75518 N 0xdfb7551c
0x5a0e8 N 0x5a0ec
0x42c81f84 N 0x42c81f88
0x42c81f84 T 0xcd5c
0x2d0 N 0x2d4
0x197f8c0 N 0x197f8c4
0x797c N 0x7980
0x42c81f84 N 0x42c81f88
0x5a0e8 N 0x5a0ec
0xbce3c0 N 0xbce3c4
0xe88 N 0xe8c
flush_num: 481, br_num: 931, size: 174b
