0xc37154 N 0xc37158
0xc37154 T 0xb7de170
0xd9d2ec N 0xd9d2f0
0xd9d2ec T 0x675fc
0xd9d2ec N 0xd9d2f0
0xc37154 N 0xc37158
0xc37154 T 0xb7de170
0xd9d2ec N 0xd9d2f0
0xc37154 N 0xc37158
0x30cf0 N 0x30cf4
0xc37154 T 0xb7de170
0xd9d2ec N 0xd9d2f0
0x30cf0 T 0xeb06c34
0xc37154 N 0xc37158
0xc37154 T 0xb7de170
0xc37154 N 0xc37158
0xc37154 N 0xc37158
0xd9d2ec N 0xd9d2f0
0x30cf0 T 0xeb06c34
0x30cf0 T 0xeb06c34
0xc37154 N 0xc37158
0xd9d2ec N 0xd9d2f0
0x30cf0 T 0xeb06c34
0x30cf0 T 0xeb06c34
0x30cf0 T 0xeb06c34
0xd9d2ec T 0x675fc
0x30cf0 T 0xeb06c34
0xd9d2ec T 0x675fc
0xc37154 N 0xc37158
0x30cf0 T 0xeb06c34
0xc37154 N 0xc37158
0x30cf0 T 0xeb06c34
0x30cf0 T 0xeb06c34
0x30cf0 N 0x30cf4
0xc37154 T 0xb7de170
0xd9d2ec N 0xd9d2f0
0xd9d2ec T 0x675fc
0x30cf0 T 0xeb06c34
0xd9d2ec N 0xd9d2f0
0xd9d2ec T 0x675fc
0xc37154 N 0xc37158
0xc37154 T 0xb7de170
0xd9d2ec N 0xd9d2f0
0xd9d2ec N 0xd9d2f0
0xd9d2ec N 0xd9d2f0
0x30cf0 T 0xeb06c34
0xc37154 N 0xc37158
0xd9d2ec N 0xd9d2f0
0x30cf0 T 0xeb06c34
0xd9d2ec N 0xd9d2f0
0xc37154 N 0xc37158
0xc37154 N 0xc37158
0xc37154 T 0xb7de170
0xc37154 T 0xb7de170
0xc37154 T 0xb7de170
0xd9d2ec N 0xd9d2f0
0xc37154 N 0xc37158
0xd9d2ec N 0xd9d2f0
0xc37154 N 0xc37158
0xd9d2ec N 0xd9d2f0
0xc37154 N 0xc37158
0xd9d2ec N 0xd9d2f0
0xc37154 N 0xc37158
0x30cf0 T 0xeb06c34
0xd9d2ec N 0xd9d2f0
0xc37154 N 0xc37158
0xc37154 T 0xb7de170
0xd9d2ec N 0xd9d2f0
0xd9d2ec N 0xd9d2f0
0xd9d2ec T 0x675fc
0xd9d2ec T 0x675fc
0x30cf0 T 0xeb06c34
0xc37154 N 0xc37158
0x30cf0 T 0xeb06c34
0xc37154 T 0xb7de170
0xd9d2ec N 0xd9d2f0
0xc37154 N 0xc37158
0x30cf0 T 0xeb06c34
0xc37154 T 0xb7de170
0xd9d2ec N 0xd9d2f0
0xd9d2ec N 0xd9d2f0
0xc37154 N 0xc37158
0xd9d2ec N 0xd9d2f0
0xd9d2ec N 0xd9d2f0
0xc37154 N 0xc37158
0x30cf0 T 0xeb06c34
0xc37154 T 0xb7de170
0x30cf0 T 0xeb06c34
0xc37154 N 0xc37158
0x30cf0 T 0xeb06c34
0x30cf0 T 0xeb06c34
0xd9d2ec N 0xd9d2f0
0xc37154 N 0xc37158
0xc37154 T 0xb7de170
0xd9d2ec N 0xd9d2f0
0xd9d2ec N 0xd9d2f0
0xd9d2ec N 0xd9d2f0
0x30cf0 T 0xeb06c34
0x30cf0 T 0xeb06c34
0x30cf0 T 0xeb06c34
0xd9d2ec T 0x675fc
0xd9d2ec T 0x675fc
0xc37154 N 0xc37158
0xd9d2ec N 0xd9d2f0
0x30cf0 T 0xeb06c34
0xc37154 N 0xc37158
0x30cf0 T 0xeb06c34
0xc37154 T 0xb7de170
0x30cf0 T 0xeb06c34
0x30cf0 T 0xeb06c34
0xc37154 T 0xb7de170
0x30cf0 T 0xeb06c34
0x30cf0 T 0xeb06c34
0x30cf0 T 0xeb06c34
0xd9d2ec N 0xd9d2f0
0xc37154 N 0xc37158
0xd9d2ec N 0xd9d2f0
0xc37154 N 0xc37158
0xc37154 T 0xb7de170
0xc37154 N 0xc37158
0xd9d2ec N 0xd9d2f0
0xd9d2ec N 0xd9d2f0
0x30cf0 T 0xeb06c34
0xc37154 N 0xc37158
0xc37154 T 0xb7de170
0x30cf0 T 0xeb06c34
0xd9d2ec N 0xd9d2f0
0xc37154 N 0xc37158
0x30cf0 T 0xeb06c34
0xd9d2ec N 0xd9d2f0
0xd9d2ec N 0xd9d2f0
0xd9d2ec T 0x675fc
0xd9d2ec T 0x675fc
0xd9d2ec T 0x675fc
0xd9d2ec T 0x675fc
0xc37154 N 0xc37158
0xd9d2ec N 0xd9d2f0
0xc37154 N 0xc37158
0xd9d2ec N 0xd9d2f0
0x30cf0 T 0xeb06c34
0xc37154 N 0xc37158
0xc37154 N 0xc37158
0xc37154 N 0xc37158
0xd9d2ec N 0xd9d2f0
0xd9d2ec T 0x675fc
0x30cf0 T 0xeb06c34
0x30cf0 T 0xeb06c34
0x30cf0 T 0xeb06c34
0xc37154 N 0xc37158
0x30cf0 N 0x30cf4
0xc37154 N 0xc37158
0xc37154 T 0xb7de170
0xc37154 T 0xb7de170
0x30cf0 T 0xeb06c34
0xd9d2ec N 0xd9d2f0
0xd9d2ec N 0xd9d2f0
0xc37154 N 0xc37158
0xd9d2ec N 0xd9d2f0
0x30cf0 N 0x30cf4
0xd9d2ec N 0xd9d2f0
0xd9d2ec T 0x675fc
0xc37154 N 0xc37158
0xd9d2ec N 0xd9d2f0
0x30cf0 T 0xeb06c34
0xc37154 N 0xc37158
0xd9d2ec N 0xd9d2f0
0xc37154 N 0xc37158
0xc37154 T 0xb7de170
0xd9d2ec N 0xd9d2f0
0xd9d2ec T 0x675fc
0x30cf0 T 0xeb06c34
0xc37154 N 0xc37158
0xd9d2ec N 0xd9d2f0
0xc37154 N 0xc37158
0xc37154 T 0xb7de170
0xc37154 N 0xc37158
0xc37154 N 0xc37158
0xd9d2ec N 0xd9d2f0
0x30cf0 T 0xeb06c34
0x30cf0 T 0xeb06c34
0xd9d2ec N 0xd9d2f0
0x30cf0 T 0xeb06c34
0x30cf0 T 0xeb06c34
0x30cf0 T 0xeb06c34
0x30cf0 T 0xeb06c34
0xd9d2ec T 0x675fc
0xc37154 N 0xc37158
0xc37154 N 0xc37158
0xc37154 N 0xc37158
0xd9d2ec N 0xd9d2f0
0xc37154 N 0xc37158
0xc37154 T 0xb7de170
0x30cf0 T 0xeb06c34
0x30cf0 N 0x30cf4
0xc37154 N 0xc37158
0xc37154 T 0xb7de170
0xd9d2ec N 0xd9d2f0
0x30cf0 T 0xeb06c34
0xd9d2ec N 0xd9d2f0
0xc37154 N 0xc37158
0xc37154 N 0xc37158
0xd9d2ec N 0xd9d2f0
0xd9d2ec T 0x675fc
0x30cf0 T 0xeb06c34
0xd9d2ec N 0xd9d2f0
0xc37154 N 0xc37158
0xd9d2ec N 0xd9d2f0
0xd9d2ec T 0x675fc
0x30cf0 T 0xeb06c34
0xc37154 N 0xc37158
0x30cf0 T 0xeb06c34
0xd9d2ec N 0xd9d2f0
0x30cf0 T 0xeb06c34
0x30cf0 T 0xeb06c34
0x30cf0 T 0xeb06c34
0xc37154 N 0xc37158
0xc37154 N 0xc37158
0x30cf0 T 0xeb06c34
0xc37154 T 0xb7de170
0xc37154 T 0xb7de170
0xc37154 T 0xb7de170
0x30cf0 T 0xeb06c34
0x30cf0 T 0xeb06c34
0xd9d2ec N 0xd9d2f0
0xc37154 N 0xc37158
0x30cf0 T 0xeb06c34
0x30cf0 T 0xeb06c34
0xd9d2ec N 0xd9d2f0
0x30cf0 T 0xeb06c34
0xd9d2ec T 0x675fc
0xc37154 N 0xc37158
0xd9d2ec N 0xd9d2f0
0xc37154 N 0xc37158
0xc37154 N 0xc37158
0xc37154 N 0xc37158
0x30cf0 T 0xeb06c34
0xc37154 N 0xc37158
0xd9d2ec N 0xd9d2f0
0xc37154 N 0xc37158
0x30cf0 T 0xeb06c34
0xc37154 T 0xb7de170
0xc37154 N 0xc37158
0xd9d2ec N 0xd9d2f0
0xd9d2ec T 0x675fc
0xc37154 N 0xc37158
0xd9d2ec N 0xd9d2f0
0x30cf0 N 0x30cf4
0xd9d2ec N 0xd9d2f0
0xd9d2ec T 0x675fc
0xc37154 N 0xc37158
0x30cf0 T 0xeb06c34
0xd9d2ec N 0xd9d2f0
0x30cf0 T 0xeb06c34
0xc37154 N 0xc37158
0x30cf0 T 0xeb06c34
0xc37154 T 0xb7de170
0xd9d2ec N 0xd9d2f0
0xd9d2ec T 0x675fc
0xc37154 N 0xc37158
0x30cf0 T 0xeb06c34
0xd9d2ec N 0xd9d2f0
0x30cf0 T 0xeb06c34
0xc37154 N 0xc37158
0xd9d2ec N 0xd9d2f0
0x30cf0 T 0xeb06c34
0xc37154 N 0xc37158
0x30cf0 T 0xeb06c34
0x30cf0 N 0x30cf4
0xc37154 N 0xc37158
0xc37154 T 0xb7de170
0xd9d2ec N 0xd9d2f0
0xc37154 N 0xc37158
0x30cf0 T 0xeb06c34
0xd9d2ec N 0xd9d2f0
0x30cf0 T 0xeb06c34
0xc37154 N 0xc37158
0xd9d2ec N 0xd9d2f0
0x30cf0 T 0xeb06c34
0xc37154 N 0xc37158
0xc37154 N 0xc37158
0xd9d2ec N 0xd9d2f0
0xc37154 N 0xc37158
0xc37154 N 0xc37158
0xd9d2ec N 0xd9d2f0
0x30cf0 N 0x30cf4
0xd9d2ec T 0x675fc
0xc37154 N 0xc37158
0xd9d2ec N 0xd9d2f0
0xc37154 N 0xc37158
0xd9d2ec N 0xd9d2f0
0x30cf0 T 0xeb06c34
0x30cf0 N 0x30cf4
0xc37154 N 0xc37158
0xd9d2ec N 0xd9d2f0
0xc37154 N 0xc37158
0x30cf0 T 0xeb06c34
0x30cf0 T 0xeb06c34
0xc37154 T 0xb7de170
0xc37154 T 0xb7de170
0x30cf0 T 0xeb06c34
0xc37154 N 0xc37158
0xd9d2ec N 0xd9d2f0
0xc37154 N 0xc37158
0xd9d2ec N 0xd9d2f0
0x30cf0 T 0xeb06c34
0xc37154 N 0xc37158
0xc37154 T 0xb7de170
0xd9d2ec N 0xd9d2f0
0x30cf0 N 0x30cf4
0x30cf0 T 0xeb06c34
0xc37154 N 0xc37158
0xd9d2ec N 0xd9d2f0
0xc37154 N 0xc37158
0x30cf0 N 0x30cf4
0x30cf0 T 0xeb06c34
0xc37154 N 0xc37158
0xc37154 T 0xb7de170
0xc37154 T 0xb7de170
0x30cf0 T 0xeb06c34
0x30cf0 T 0xeb06c34
0xd9d2ec N 0xd9d2f0
0xd9d2ec N 0xd9d2f0
0xd9d2ec N 0xd9d2f0
0xc37154 N 0xc37158
0xd9d2ec N 0xd9d2f0
0xc37154 N 0xc37158
0xd9d2ec N 0xd9d2f0
0xc37154 N 0xc37158
0xd9d2ec N 0xd9d2f0
0xc37154 N 0xc37158
0xc37154 N 0xc37158
0xd9d2ec N 0xd9d2f0
0x30cf0 T 0xeb06c34
0xd9d2ec N 0xd9d2f0
0x30cf0 T 0xeb06c34
0xc37154 N 0xc37158
0xd9d2ec N 0xd9d2f0
0xd9d2ec N 0xd9d2f0
0x30cf0 T 0xeb06c34
0xd9d2ec T 0x675fc
0xd9d2ec N 0xd9d2f0
0xc37154 N 0xc37158
0x30cf0 T 0xeb06c34
0xd9d2ec N 0xd9d2f0
0x30cf0 T 0xeb06c34
0xc37154 N 0xc37158
0xd9d2ec N 0xd9d2f0
0xc37154 N 0xc37158
0xd9d2ec N 0xd9d2f0
0xc37154 N 0xc37158
0xd9d2ec N 0xd9d2f0
0x30cf0 T 0xeb06c34
0xd9d2ec T 0x675fc
0xd9d2ec N 0xd9d2f0
0xd9d2ec T 0x675fc
0x30cf0 T 0xeb06c34
0xd9d2ec T 0x675fc
0xc37154 N 0xc37158
0xc37154 N 0xc37158
0xd9d2ec N 0xd9d2f0
0xc37154 N 0xc37158
0x30cf0 N 0x30cf4
0xd9d2ec N 0xd9d2f0
0xc37154 N 0xc37158
0x30cf0 N 0x30cf4
0xc37154 T 0xb7de170
0xc37154 N 0xc37158
0x30cf0 N 0x30cf4
0xc37154 T 0xb7de170
0xc37154 T 0xb7de170
0x30cf0 T 0xeb06c34
0xc37154 T 0xb7de170
0xc37154 T 0xb7de170
0xd9d2ec N 0xd9d2f0
0x30cf0 T 0xeb06c34
0xd9d2ec N 0xd9d2f0
0xc37154 N 0xc37158
0xc37154 N 0xc37158
0xd9d2ec N 0xd9d2f0
0xc37154 N 0xc37158
0xc37154 N 0xc37158
0xc37154 T 0xb7de170
0xd9d2ec N 0xd9d2f0
0xd9d2ec N 0xd9d2f0
0xd9d2ec T 0x675fc
0xc37154 N 0xc37158
0x30cf0 T 0xeb06c34
0xd9d2ec N 0xd9d2f0
0xd9d2ec T 0x675fc
0xd9d2ec N 0xd9d2f0
0xc37154 N 0xc37158
0xc37154 T 0xb7de170
0x30cf0 T 0xeb06c34
0xd9d2ec N 0xd9d2f0
0xc37154 N 0xc37158
0xc37154 T 0xb7de170
0xc37154 N 0xc37158
0xd9d2ec N 0xd9d2f0
0x30cf0 N 0x30cf4
0x30cf0 N 0x30cf4
0xd9d2ec T 0x675fc
0xc37154 N 0xc37158
0x30cf0 T 0xeb06c34
0x30cf0 T 0xeb06c34
0x30cf0 T 0xeb06c34
0xd9d2ec N 0xd9d2f0
0xd9d2ec N 0xd9d2f0
0xc37154 N 0xc37158
0x30cf0 T 0xeb06c34
0xc37154 N 0xc37158
0xc37154 N 0xc37158
0xd9d2ec N 0xd9d2f0
0x30cf0 T 0xeb06c34
0x30cf0 T 0xeb06c34
0xd9d2ec N 0xd9d2f0
0xc37154 N 0xc37158
0x30cf0 T 0xeb06c34
0xc37154 N 0xc37158
0x30cf0 T 0xeb06c34
0x30cf0 N 0x30cf4
0x30cf0 N 0x30cf4
0xc37154 N 0xc37158
0xc37154 T 0xb7de170
0xc37154 T 0xb7de170
0xd9d2ec N 0xd9d2f0
0xd9d2ec T 0x675fc
0xd9d2ec T 0x675fc
0x30cf0 T 0xeb06c34
0xd9d2ec T 0x675fc
0x30cf0 N 0x30cf4
0xd9d2ec T 0x675fc
0x30cf0 T 0xeb06c34
0xd9d2ec T 0x675fc
0xd9d2ec T 0x675fc
0x30cf0 T 0xeb06c34
0xc37154 N 0xc37158
0xd9d2ec N 0xd9d2f0
0xd9d2ec N 0xd9d2f0
0xd9d2ec N 0xd9d2f0
0xc37154 N 0xc37158
0x30cf0 T 0xeb06c34
0x30cf0 T 0xeb06c34
0x30cf0 N 0x30cf4
0xd9d2ec N 0xd9d2f0
0xc37154 N 0xc37158
0x30cf0 T 0xeb06c34
0xd9d2ec N 0xd9d2f0
0xd9d2ec N 0xd9d2f0
0xc37154 N 0xc37158
0x30cf0 T 0xeb06c34
0xc37154 N 0xc37158
0x30cf0 N 0x30cf4
0x30cf0 N 0x30cf4
0x30cf0 T 0xeb06c34
0xc37154 T 0xb7de170
0x30cf0 T 0xeb06c34
0xd9d2ec N 0xd9d2f0
0x30cf0 T 0xeb06c34
0xd9d2ec T 0x675fc
0x30cf0 T 0xeb06c34
0xc37154 N 0xc37158
0xc37154 N 0xc37158
0xd9d2ec N 0xd9d2f0
0xc37154 N 0xc37158
0xd9d2ec N 0xd9d2f0
0xd9d2ec T 0x675fc
0xd9d2ec N 0xd9d2f0
0xc37154 N 0xc37158
0xd9d2ec N 0xd9d2f0
0x30cf0 N 0x30cf4
0xc37154 N 0xc37158
0x30cf0 T 0xeb06c34
0xc37154 T 0xb7de170
0xd9d2ec N 0xd9d2f0
0x30cf0 T 0xeb06c34
0xd9d2ec T 0x675fc
0xc37154 N 0xc37158
0x30cf0 T 0xeb06c34
0xc37154 T 0xb7de170
0xc37154 N 0xc37158
0x30cf0 T 0xeb06c34
0xc37154 N 0xc37158
0x30cf0 N 0x30cf4
0xd9d2ec N 0xd9d2f0
0x30cf0 N 0x30cf4
0xc37154 N 0xc37158
0xd9d2ec N 0xd9d2f0
0xc37154 N 0xc37158
0xc37154 T 0xb7de170
0x30cf0 N 0x30cf4
0xd9d2ec N 0xd9d2f0
0xd9d2ec N 0xd9d2f0
0xd9d2ec N 0xd9d2f0
0x30cf0 T 0xeb06c34
0xd9d2ec T 0x675fc
0x30cf0 N 0x30cf4
0xc37154 N 0xc37158
0x30cf0 T 0xeb06c34
0xd9d2ec N 0xd9d2f0
0xd9d2ec N 0xd9d2f0
0x30cf0 N 0x30cf4
0x30cf0 N 0x30cf4
0xc37154 N 0xc37158
0x30cf0 T 0xeb06c34
0xc37154 N 0xc37158
0xc37154 N 0xc37158
0xc37154 T 0xb7de170
0xc37154 N 0xc37158
0xd9d2ec N 0xd9d2f0
0xd9d2ec T 0x675fc
0xc37154 N 0xc37158
0xd9d2ec N 0xd9d2f0
0x30cf0 T 0xeb06c34
0x30cf0 N 0x30cf4
0xd9d2ec T 0x675fc
0x30cf0 T 0xeb06c34
0x30cf0 N 0x30cf4
0x30cf0 T 0xeb06c34
0xc37154 N 0xc37158
0x30cf0 N 0x30cf4
0xd9d2ec N 0xd9d2f0
0xd9d2ec N 0xd9d2f0
0xc37154 N 0xc37158
0xd9d2ec N 0xd9d2f0
0xd9d2ec N 0xd9d2f0
0xd9d2ec N 0xd9d2f0
0xc37154 N 0xc37158
0xc37154 T 0xb7de170
0xd9d2ec N 0xd9d2f0
0xd9d2ec N 0xd9d2f0
0x30cf0 T 0xeb06c34
0xc37154 N 0xc37158
0xd9d2ec N 0xd9d2f0
0xd9d2ec T 0x675fc
0xd9d2ec N 0xd9d2f0
0x30cf0 T 0xeb06c34
0xc37154 N 0xc37158
0x30cf0 N 0x30cf4
0xd9d2ec N 0xd9d2f0
0xc37154 N 0xc37158
0xc37154 T 0xb7de170
0x30cf0 T 0xeb06c34
0xd9d2ec N 0xd9d2f0
0xd9d2ec N 0xd9d2f0
0xd9d2ec N 0xd9d2f0
0xc37154 N 0xc37158
0xd9d2ec N 0xd9d2f0
0xd9d2ec N 0xd9d2f0
0xd9d2ec N 0xd9d2f0
0xc37154 N 0xc37158
0xc37154 N 0xc37158
0x30cf0 T 0xeb06c34
0xd9d2ec N 0xd9d2f0
0xd9d2ec N 0xd9d2f0
0xc37154 N 0xc37158
0xd9d2ec N 0xd9d2f0
0xd9d2ec N 0xd9d2f0
0xc37154 N 0xc37158
0xd9d2ec N 0xd9d2f0
0xd9d2ec N 0xd9d2f0
0xc37154 N 0xc37158
0xd9d2ec N 0xd9d2f0
0xd9d2ec N 0xd9d2f0
0x30cf0 N 0x30cf4
0xc37154 N 0xc37158
0x30cf0 T 0xeb06c34
0xd9d2ec N 0xd9d2f0
0xc37154 N 0xc37158
0x30cf0 T 0xeb06c34
0xd9d2ec N 0xd9d2f0
0xd9d2ec N 0xd9d2f0
0xc37154 N 0xc37158
0x30cf0 T 0xeb06c34
0x30cf0 N 0x30cf4
0x30cf0 N 0x30cf4
0xd9d2ec N 0xd9d2f0
0x30cf0 N 0x30cf4
0x30cf0 T 0xeb06c34
0xc37154 N 0xc37158
0xc37154 T 0xb7de170
0xd9d2ec N 0xd9d2f0
0xc37154 N 0xc37158
0x30cf0 N 0x30cf4
0xd9d2ec N 0xd9d2f0
0xc37154 N 0xc37158
0xc37154 T 0xb7de170
0xc37154 N 0xc37158
0xc37154 N 0xc37158
0x30cf0 N 0x30cf4
0x30cf0 N 0x30cf4
0xd9d2ec N 0xd9d2f0
0x30cf0 T 0xeb06c34
0xd9d2ec T 0x675fc
0x30cf0 T 0xeb06c34
0xd9d2ec N 0xd9d2f0
0x30cf0 T 0xeb06c34
0xd9d2ec N 0xd9d2f0
0xd9d2ec T 0x675fc
0xc37154 N 0xc37158
0xd9d2ec N 0xd9d2f0
0xc37154 N 0xc37158
0xc37154 T 0xb7de170
0x30cf0 N 0x30cf4
0xd9d2ec N 0xd9d2f0
0x30cf0 N 0x30cf4
0xd9d2ec N 0xd9d2f0
0x30cf0 T 0xeb06c34
0x30cf0 T 0xeb06c34
0xc37154 N 0xc37158
0xc37154 T 0xb7de170
0x30cf0 N 0x30cf4
0x30cf0 N 0x30cf4
0x30cf0 N 0x30cf4
0x30cf0 T 0xeb06c34
0xd9d2ec N 0xd9d2f0
0xd9d2ec T 0x675fc
0xc37154 N 0xc37158
0x30cf0 N 0x30cf4
0xd9d2ec N 0xd9d2f0
0xc37154 N 0xc37158
0xd9d2ec N 0xd9d2f0
0xc37154 N 0xc37158
0xc37154 T 0xb7de170
0x30cf0 N 0x30cf4
0xc37154 T 0xb7de170
0x30cf0 N 0x30cf4
0xd9d2ec N 0xd9d2f0
0xd9d2ec N 0xd9d2f0
0xd9d2ec N 0xd9d2f0
0xc37154 N 0xc37158
0xc37154 T 0xb7de170
0x30cf0 N 0x30cf4
0xd9d2ec N 0xd9d2f0
0x30cf0 T 0xeb06c34
0xd9d2ec N 0xd9d2f0
0xc37154 N 0xc37158
0xc37154 T 0xb7de170
0xd9d2ec N 0xd9d2f0
0xc37154 N 0xc37158
0xd9d2ec N 0xd9d2f0
0xd9d2ec N 0xd9d2f0
0x30cf0 T 0xeb06c34
0xc37154 N 0xc37158
0x30cf0 T 0xeb06c34
0x30cf0 T 0xeb06c34
0xd9d2ec N 0xd9d2f0
0x30cf0 T 0xeb06c34
0xd9d2ec N 0xd9d2f0
0xc37154 N 0xc37158
0xc37154 N 0xc37158
0x30cf0 T 0xeb06c34
0xd9d2ec N 0xd9d2f0
0xc37154 N 0xc37158
0xd9d2ec N 0xd9d2f0
0x30cf0 N 0x30cf4
0x30cf0 T 0xeb06c34
0x30cf0 T 0xeb06c34
0x30cf0 T 0xeb06c34
0x30cf0 N 0x30cf4
0xd9d2ec N 0xd9d2f0
0x30cf0 T 0xeb06c34
0xc37154 N 0xc37158
0x30cf0 N 0x30cf4
0xc37154 N 0xc37158
0x30cf0 T 0xeb06c34
0x30cf0 N 0x30cf4
0x30cf0 T 0xeb06c34
0xd9d2ec N 0xd9d2f0
0xd9d2ec T 0x675fc
0x30cf0 N 0x30cf4
0xc37154 N 0xc37158
0x30cf0 T 0xeb06c34
0xc37154 N 0xc37158
0xc37154 T 0xb7de170
0x30cf0 N 0x30cf4
0x30cf0 T 0xeb06c34
0xc37154 N 0xc37158
0xc37154 T 0xb7de170
0xd9d2ec N 0xd9d2f0
0xc37154 N 0xc37158
0xd9d2ec N 0xd9d2f0
0xc37154 N 0xc37158
0xd9d2ec N 0xd9d2f0
0x30cf0 T 0xeb06c34
0xc37154 N 0xc37158
0xc37154 N 0xc37158
0xc37154 T 0xb7de170
0xd9d2ec N 0xd9d2f0
0xd9d2ec N 0xd9d2f0
0xd9d2ec N 0xd9d2f0
0xc37154 N 0xc37158
0x30cf0 N 0x30cf4
0xd9d2ec N 0xd9d2f0
0x30cf0 N 0x30cf4
0x30cf0 N 0x30cf4
0xd9d2ec N 0xd9d2f0
0x30cf0 N 0x30cf4
0xc37154 N 0xc37158
0xc37154 T 0xb7de170
0xc37154 T 0xb7de170
0xc37154 N 0xc37158
0x30cf0 N 0x30cf4
0x30cf0 N 0x30cf4
0xc37154 T 0xb7de170
0xc37154 N 0xc37158
0xc37154 T 0xb7de170
0xd9d2ec N 0xd9d2f0
0xd9d2ec N 0xd9d2f0
0xc37154 N 0xc37158
0x30cf0 T 0xeb06c34
0xd9d2ec N 0xd9d2f0
0x30cf0 T 0xeb06c34
0xd9d2ec T 0x675fc
0xc37154 N 0xc37158
0xd9d2ec N 0xd9d2f0
0xd9d2ec T 0x675fc
0x30cf0 N 0x30cf4
0xc37154 N 0xc37158
0xd9d2ec N 0xd9d2f0
0xd9d2ec N 0xd9d2f0
0x30cf0 T 0xeb06c34
0x30cf0 T 0xeb06c34
0x30cf0 T 0xeb06c34
0xd9d2ec N 0xd9d2f0
0xd9d2ec N 0xd9d2f0
0xd9d2ec N 0xd9d2f0
0xd9d2ec T 0x675fc
0xc37154 N 0xc37158
0xd9d2ec N 0xd9d2f0
0xd9d2ec N 0xd9d2f0
0x30cf0 N 0x30cf4
0xc37154 N 0xc37158
0x30cf0 T 0xeb06c34
0x30cf0 T 0xeb06c34
0xd9d2ec N 0xd9d2f0
0xc37154 N 0xc37158
0xd9d2ec N 0xd9d2f0
0xc37154 N 0xc37158
0xd9d2ec N 0xd9d2f0
0xd9d2ec N 0xd9d2f0
0xd9d2ec N 0xd9d2f0
0xd9d2ec N 0xd9d2f0
0x30cf0 N 0x30cf4
0xd9d2ec T 0x675fc
0xd9d2ec N 0xd9d2f0
0xd9d2ec N 0xd9d2f0
0xd9d2ec T 0x675fc
0x30cf0 N 0x30cf4
0xd9d2ec N 0xd9d2f0
0xd9d2ec N 0xd9d2f0
0xd9d2ec T 0x675fc
0x30cf0 T 0xeb06c34
0x30cf0 T 0xeb06c34
0xd9d2ec T 0x675fc
0x30cf0 T 0xeb06c34
0x30cf0 T 0xeb06c34
0xc37154 N 0xc37158
0x30cf0 N 0x30cf4
0xd9d2ec N 0xd9d2f0
0xc37154 N 0xc37158
0xc37154 N 0xc37158
0x30cf0 T 0xeb06c34
0xd9d2ec N 0xd9d2f0
0x30cf0 N 0x30cf4
0xc37154 N 0xc37158
0xd9d2ec N 0xd9d2f0
0xd9d2ec N 0xd9d2f0
0xc37154 N 0xc37158
0x30cf0 T 0xeb06c34
0xc37154 N 0xc37158
0x30cf0 N 0x30cf4
0xd9d2ec N 0xd9d2f0
0xd9d2ec N 0xd9d2f0
0xc37154 N 0xc37158
0xc37154 N 0xc37158
0xd9d2ec N 0xd9d2f0
0xd9d2ec T 0x675fc
0x30cf0 T 0xeb06c34
0xc37154 N 0xc37158
0xd9d2ec N 0xd9d2f0
0x30cf0 T 0xeb06c34
0x30cf0 T 0xeb06c34
0x30cf0 T 0xeb06c34
0xd9d2ec N 0xd9d2f0
0x30cf0 T 0xeb06c34
0xc37154 N 0xc37158
0xd9d2ec N 0xd9d2f0
0xc37154 N 0xc37158
0xc37154 N 0xc37158
0xd9d2ec N 0xd9d2f0
0x30cf0 T 0xeb06c34
0xc37154 N 0xc37158
0xc37154 T 0xb7de170
0xd9d2ec N 0xd9d2f0
0xd9d2ec N 0xd9d2f0
0xc37154 N 0xc37158
0xc37154 T 0xb7de170
0xd9d2ec N 0xd9d2f0
0xc37154 N 0xc37158
0xc37154 T 0xb7de170
0xc37154 N 0xc37158
0x30cf0 T 0xeb06c34
0x30cf0 T 0xeb06c34
0xc37154 T 0xb7de170
0x30cf0 N 0x30cf4
0x30cf0 N 0x30cf4
0x30cf0 T 0xeb06c34
0xc37154 N 0xc37158
0xd9d2ec N 0xd9d2f0
0x30cf0 T 0xeb06c34
0xc37154 N 0xc37158
0x30cf0 T 0xeb06c34
0x30cf0 N 0x30cf4
0x30cf0 T 0xeb06c34
0x30cf0 T 0xeb06c34
0xd9d2ec N 0xd9d2f0
0xc37154 N 0xc37158
0xc37154 N 0xc37158
0xd9d2ec N 0xd9d2f0
0x30cf0 N 0x30cf4
0x30cf0 T 0xeb06c34
0xd9d2ec N 0xd9d2f0
0xd9d2ec N 0xd9d2f0
0x30cf0 N 0x30cf4
0xd9d2ec N 0xd9d2f0
0xc37154 N 0xc37158
0x30cf0 N 0x30cf4
0xc37154 N 0xc37158
0x30cf0 T 0xeb06c34
0xd9d2ec N 0xd9d2f0
0xc37154 N 0xc37158
0x30cf0 T 0xeb06c34
0xd9d2ec N 0xd9d2f0
0xd9d2ec N 0xd9d2f0
0xd9d2ec N 0xd9d2f0
0xc37154 N 0xc37158
0xd9d2ec N 0xd9d2f0
0x30cf0 T 0xeb06c34
0xd9d2ec N 0xd9d2f0
0x30cf0 N 0x30cf4
0xd9d2ec T 0x675fc
0x30cf0 T 0xeb06c34
0x30cf0 T 0xeb06c34
0xc37154 N 0xc37158
0xd9d2ec N 0xd9d2f0
0xc37154 N 0xc37158
0x30cf0 T 0xeb06c34
0xd9d2ec N 0xd9d2f0
0xc37154 N 0xc37158
0x30cf0 N 0x30cf4
0x30cf0 N 0x30cf4
0x30cf0 N 0x30cf4
0xc37154 N 0xc37158
0xd9d2ec N 0xd9d2f0
0xd9d2ec N 0xd9d2f0
0xd9d2ec N 0xd9d2f0
0xc37154 N 0xc37158
0xc37154 T 0xb7de170
0x30cf0 T 0xeb06c34
0x30cf0 T 0xeb06c34
0x30cf0 T 0xeb06c34
0x30cf0 T 0xeb06c34
0xd9d2ec N 0xd9d2f0
0xc37154 N 0xc37158
0xc37154 N 0xc37158
0xd9d2ec N 0xd9d2f0
0xd9d2ec N 0xd9d2f0
0xd9d2ec T 0x675fc
0xd9d2ec T 0x675fc
0x30cf0 T 0xeb06c34
0x30cf0 N 0x30cf4
0xd9d2ec N 0xd9d2f0
0xd9d2ec N 0xd9d2f0
0xd9d2ec T 0x675fc
0xc37154 N 0xc37158
0x30cf0 T 0xeb06c34
0xc37154 N 0xc37158
0xd9d2ec N 0xd9d2f0
0x30cf0 N 0x30cf4
0x30cf0 T 0xeb06c34
0x30cf0 T 0xeb06c34
0x30cf0 T 0xeb06c34
0xc37154 N 0xc37158
0xd9d2ec N 0xd9d2f0
0xd9d2ec T 0x675fc
0xd9d2ec T 0x675fc
0x30cf0 T 0xeb06c34
0xc37154 N 0xc37158
0xc37154 N 0xc37158
0xd9d2ec N 0xd9d2f0
0x30cf0 T 0xeb06c34
0xd9d2ec N 0xd9d2f0
0xc37154 N 0xc37158
0x30cf0 T 0xeb06c34
0xc37154 N 0xc37158
0xc37154 T 0xb7de170
0x30cf0 N 0x30cf4
flush_num: 453, br_num: 897, size: 250b
