0x4680 N 0x4684
0x7a0f304 N 0x7a0f308
0xb8c N 0xb90
0x7a0f304 T 0x3d4c0cb4
0x4680 T 0x653e1d64
0x4abb11e8 N 0x4abb11ec
0x4abb11e8 T 0x8bda0
0x4abb11e8 T 0x8bda0
0xbd4c N 0xbd50
0x34c4 N 0x34c8
0x7a0f304 N 0x7a0f308
0xbd4c T 0xee34d3c4
0xb678 N 0xb67c
0x34c4 N 0x34c8
0xb678 T 0xdf8ae84
0xbd4c T 0xee34d3c4
0x4abb11e8 T 0x8bda0
0xb678 T 0xdf8ae84
0xb8c N 0xb90
0xb678 T 0xdf8ae84
0x7a0f304 N 0x7a0f308
0x7a0f304 T 0x3d4c0cb4
0x9ffec N 0x9fff0
0x9ffec T 0x8770
0x7a0f304 T 0x3d4c0cb4
0x9ffec T 0x8770
0x4680 T 0x653e1d64
0x4680 T 0x653e1d64
0xb8c N 0xb90
0x34c4 N 0x34c8
0x4680 T 0x653e1d64
0x7a0f304 N 0x7a0f308
0x9ffec N 0x9fff0
0x9ffec T 0x8770
0xb678 T 0xdf8ae84
0xbd4c N 0xbd50
0x9ffec N 0x9fff0
0x7a0f304 T 0x3d4c0cb4
0xb8c N 0xb90
0x4680 N 0x4684
0x7a0f304 T 0x3d4c0cb4
0xbd4c N 0xbd50
0xb8c N 0xb90
0xb8c T 0x1d80
0x4abb11e8 T 0x8bda0
0x4abb11e8 N 0x4abb11ec
0x34c4 N 0x34c8
0x4680 T 0x653e1d64
0xb678 T 0xdf8ae84
0x4680 T 0x653e1d64
0x4abb11e8 T 0x8bda0
0x7a0f304 N 0x7a0f308
0x4680 T 0x653e1d64
0xb8c T 0x1d80
0x4680 T 0x653e1d64
0xbd4c N 0xbd50
0x4abb11e8 T 0x8bda0
0x7a0f304 T 0x3d4c0cb4
0x34c4 N 0x34c8
0x4680 T 0x653e1d64
0x4680 N 0x4684
0x4680 T 0x653e1d64
0xbd4c T 0xee34d3c4
0x7a0f304 N 0x7a0f308
0x4680 N 0x4684
0x7a0f304 T 0x3d4c0cb4
0x7a0f304 T 0x3d4c0cb4
0x4abb11e8 T 0x8bda0
0x4abb11e8 T 0x8bda0
0x4abb11e8 T 0x8bda0
0x7a0f304 T 0x3d4c0cb4
0x9ffec N 0x9fff0
0xb678 T 0xdf8ae84
0x9ffec T 0x8770
0x4680 T 0x653e1d64
0x34c4 N 0x34c8
0x9ffec T 0x8770
0x34c4 T 0x3604
0xb8c N 0xb90
0x7a0f304 N 0x7a0f308
0xbd4c N 0xbd50
0xb678 T 0xdf8ae84
0x4680 T 0x653e1d64
0x4680 N 0x4684
0x34c4 N 0x34c8
0xbd4c T 0xee34d3c4
0xb8c N 0xb90
0xb8c T 0x1d80
0xb8c T 0x1d80
0x9ffec N 0x9fff0
0x4680 N 0x4684
0x9ffec N 0x9fff0
0x7a0f304 N 0x7a0f308
0x7a0f304 T 0x3d4c0cb4
0x34c4 N 0x34c8
0x9ffec T 0x8770
0xb8c N 0xb90
0x34c4 T 0x3604
0xb678 T 0xdf8ae84
0x9ffec N 0x9fff0
0x9ffec T 0x8770
0xb8c N 0xb90
0xb678 T 0xdf8ae84
0x4abb11e8 T 0x8bda0
0xb8c T 0x1d80
0x34c4 T 0x3604
0xbd4c N 0xbd50
0x34c4 T 0x3604
0xbd4c T 0xee34d3c4
0xb8c N 0xb90
0x9ffec N 0x9fff0
0xbd4c N 0xbd50
0x4abb11e8 T 0x8bda0
0x4680 T 0x653e1d64
0x7a0f304 N 0x7a0f308
0x4680 T 0x653e1d64
0xb8c N 0xb90
0xbd4c N 0xbd50
0x34c4 N 0x34c8
0x34c4 T 0x3604
0x9ffec N 0x9fff0
0x4abb11e8 T 0x8bda0
0x4680 N 0x4684
0x7a0f304 N 0x7a0f308
0x7a0f304 T 0x3d4c0cb4
0x7a0f304 T 0x3d4c0cb4
0x34c4 N 0x34c8
0x7a0f304 N 0x7a0f308
0x7a0f304 T 0x3d4c0cb4
0xb678 N 0xb67c
0x9ffec T 0x8770
0x4abb11e8 T 0x8bda0
0xbd4c N 0xbd50
0x4680 N 0x4684
0xbd4c T 0xee34d3c4
0xbd4c T 0xee34d3c4
0xbd4c T 0xee34d3c4
0x34c4 N 0x34c8
0x4680 N 0x4684
0x7a0f304 N 0x7a0f308
0x4680 N 0x4684
0x9ffec N 0x9fff0
0xb8c N 0xb90
0xbd4c N 0xbd50
0xbd4c T 0xee34d3c4
0xbd4c T 0xee34d3c4
0x7a0f304 T 0x3d4c0cb4
0xb8c N 0xb90
0xbd4c N 0xbd50
0x4abb11e8 T 0x8bda0
0x4680 T 0x653e1d64
0xb678 T 0xdf8ae84
0xb8c N 0xb90
0x4abb11e8 T 0x8bda0
0xb678 T 0xdf8ae84
0xbd4c N 0xbd50
0x7a0f304 T 0x3d4c0cb4
0x4680 N 0x4684
0x7a0f304 N 0x7a0f308
0x9ffec N 0x9fff0
0xbd4c N 0xbd50
0x4680 T 0x653e1d64
0x4680 T 0x653e1d64
0x9ffec N 0x9fff0
0x34c4 N 0x34c8
0x4abb11e8 N 0x4abb11ec
0x4abb11e8 T 0x8bda0
0x9ffec T 0x8770
0xb8c N 0xb90
0xb8c T 0x1d80
0x7a0f304 N 0x7a0f308
0x34c4 N 0x34c8
0xb8c T 0x1d80
0x34c4 T 0x3604
0x7a0f304 N 0x7a0f308
0x9ffec N 0x9fff0
0x4abb11e8 N 0x4abb11ec
0x4680 T 0x653e1d64
0x4680 T 0x653e1d64
0x34c4 N 0x34c8
0x7a0f304 N 0x7a0f308
0x9ffec T 0x8770
0x4abb11e8 T 0x8bda0
0x9ffec T 0x8770
0xb678 T 0xdf8ae84
0x4abb11e8 T 0x8bda0
0x4abb11e8 T 0x8bda0
0xb8c N 0xb90
0x9ffec N 0x9fff0
0x9ffec T 0x8770
0xbd4c N 0xbd50
0x4abb11e8 N 0x4abb11ec
0x7a0f304 T 0x3d4c0cb4
0x9ffec N 0x9fff0
0x4680 T 0x653e1d64
0xbd4c N 0xbd50
0xb678 T 0xdf8ae84
0xbd4c T 0xee34d3c4
0x4abb11e8 T 0x8bda0
0x34c4 N 0x34c8
0xbd4c T 0xee34d3c4
0xb678 T 0xdf8ae84
0xb8c N 0xb90
0x34c4 T 0x3604
0xb678 N 0xb67c
0x7a0f304 N 0x7a0f308
0x34c4 N 0x34c8
0x4680 T 0x653e1d64
0x34c4 T 0x3604
0xb8c T 0x1d80
0xb678 T 0xdf8ae84
0xbd4c N 0xbd50
0x9ffec N 0x9fff0
0xb678 N 0xb67c
0xbd4c N 0xbd50
0xbd4c T 0xee34d3c4
0xbd4c T 0xee34d3c4
0xb8c N 0xb90
0x9ffec N 0x9fff0
0x9ffec T 0x8770
0x4680 N 0x4684
0x4680 T 0x653e1d64
0x4680 N 0x4684
0x9ffec T 0x8770
0x4abb11e8 N 0x4abb11ec
0x34c4 T 0x3604
0x9ffec T 0x8770
0xb678 T 0xdf8ae84
0x34c4 T 0x3604
0x34c4 T 0x3604
0x34c4 T 0x3604
0xbd4c N 0xbd50
0x4680 N 0x4684
0xb678 N 0xb67c
0x7a0f304 N 0x7a0f308
0xb678 N 0xb67c
0xb8c N 0xb90
0xb8c T 0x1d80
0xb678 T 0xdf8ae84
0xbd4c N 0xbd50
0xb8c N 0xb90
0xb8c T 0x1d80
0xb8c T 0x1d80
0x34c4 N 0x34c8
0x7a0f304 N 0x7a0f308
0x4abb11e8 T 0x8bda0
0x4680 N 0x4684
0x7a0f304 T 0x3d4c0cb4
0x34c4 N 0x34c8
0xb8c T 0x1d80
0x4abb11e8 N 0x4abb11ec
0xbd4c N 0xbd50
0x4abb11e8 N 0x4abb11ec
0xbd4c T 0xee34d3c4
0xb678 T 0xdf8ae84
0xbd4c T 0xee34d3c4
0xb678 T 0xdf8ae84
0xbd4c T 0xee34d3c4
0xb678 T 0xdf8ae84
0xbd4c T 0xee34d3c4
0x9ffec N 0x9fff0
0x4680 N 0x4684
0x4abb11e8 T 0x8bda0
0x4abb11e8 T 0x8bda0
0x4680 T 0x653e1d64
0x9ffec T 0x8770
0x4abb11e8 T 0x8bda0
0xb8c N 0xb90
0x7a0f304 N 0x7a0f308
0x9ffec N 0x9fff0
0x4abb11e8 T 0x8bda0
0xbd4c N 0xbd50
0x34c4 N 0x34c8
0x34c4 T 0x3604
0x4abb11e8 T 0x8bda0
0x4680 T 0x653e1d64
0x4abb11e8 T 0x8bda0
0x4abb11e8 N 0x4abb11ec
0xbd4c T 0xee34d3c4
0x4680 T 0x653e1d64
0x34c4 T 0x3604
0xb678 N 0xb67c
0xbd4c T 0xee34d3c4
0x9ffec N 0x9fff0
0x4680 T 0x653e1d64
0x4680 N 0x4684
0xb8c N 0xb90
0xb678 T 0xdf8ae84
0x4680 T 0x653e1d64
0x34c4 T 0x3604
0x4abb11e8 N 0x4abb11ec
0x7a0f304 N 0x7a0f308
0x9ffec N 0x9fff0
0xb678 T 0xdf8ae84
0x9ffec T 0x8770
0xb8c N 0xb90
0x4abb11e8 T 0x8bda0
0xb678 N 0xb67c
0x34c4 N 0x34c8
0xb678 T 0xdf8ae84
0xbd4c N 0xbd50
0xb678 N 0xb67c
0xbd4c T 0xee34d3c4
0xb8c N 0xb90
0x4680 T 0x653e1d64
0x7a0f304 N 0x7a0f308
0xb678 T 0xdf8ae84
0x4abb11e8 T 0x8bda0
0x4680 T 0x653e1d64
0xb8c T 0x1d80
0x4abb11e8 T 0x8bda0
0x9ffec N 0x9fff0
0x4abb11e8 N 0x4abb11ec
0xb8c N 0xb90
0x9ffec N 0x9fff0
0x34c4 N 0x34c8
0x34c4 T 0x3604
0x7a0f304 N 0x7a0f308
0x34c4 N 0x34c8
0xbd4c N 0xbd50
0xbd4c T 0xee34d3c4
0x7a0f304 N 0x7a0f308
0x9ffec N 0x9fff0
0x4680 N 0x4684
0x4abb11e8 N 0x4abb11ec
0x34c4 N 0x34c8
0x9ffec T 0x8770
0x34c4 T 0x3604
0x34c4 T 0x3604
0x4680 T 0x653e1d64
0x9ffec T 0x8770
0x4680 T 0x653e1d64
0xb8c N 0xb90
0x4680 N 0x4684
0x34c4 T 0x3604
0x7a0f304 N 0x7a0f308
0x4abb11e8 N 0x4abb11ec
0x7a0f304 T 0x3d4c0cb4
0x34c4 N 0x34c8
0xbd4c N 0xbd50
0x34c4 T 0x3604
0x4680 T 0x653e1d64
0xb8c N 0xb90
0xb678 N 0xb67c
0x4680 T 0x653e1d64
0x34c4 T 0x3604
0xbd4c N 0xbd50
0x4680 T 0x653e1d64
0xb8c N 0xb90
0x9ffec N 0x9fff0
0xb8c N 0xb90
0xbd4c N 0xbd50
0x9ffec N 0x9fff0
0xb678 T 0xdf8ae84
0x4abb11e8 T 0x8bda0
0x9ffec T 0x8770
0x7a0f304 N 0x7a0f308
0x34c4 N 0x34c8
0xb678 N 0xb67c
0xb8c N 0xb90
0x4680 N 0x4684
0xbd4c N 0xbd50
0x4abb11e8 N 0x4abb11ec
0x9ffec N 0x9fff0
0xbd4c N 0xbd50
0xb678 N 0xb67c
0x4680 N 0x4684
0x4680 T 0x653e1d64
0x4680 T 0x653e1d64
0xb8c N 0xb90
0x7a0f304 N 0x7a0f308
0x4680 T 0x653e1d64
0x7a0f304 T 0x3d4c0cb4
0x4680 T 0x653e1d64
0x7a0f304 T 0x3d4c0cb4
0x9ffec N 0x9fff0
0xb8c N 0xb90
0xb8c T 0x1d80
0xb8c T 0x1d80
0xb8c T 0x1d80
0xbd4c N 0xbd50
0xb678 T 0xdf8ae84
0xb8c N 0xb90
0x4abb11e8 T 0x8bda0
0x4abb11e8 T 0x8bda0
0xb678 T 0xdf8ae84
0x7a0f304 T 0x3d4c0cb4
0xbd4c N 0xbd50
0x7a0f304 N 0x7a0f308
0x4680 T 0x653e1d64
0xb678 T 0xdf8ae84
0xbd4c T 0xee34d3c4
0xbd4c T 0xee34d3c4
0x34c4 N 0x34c8
0x9ffec N 0x9fff0
0x34c4 T 0x3604
0x9ffec T 0x8770
0xbd4c N 0xbd50
0xb678 N 0xb67c
0x34c4 T 0x3604
0xb678 N 0xb67c
0x34c4 T 0x3604
0x9ffec N 0x9fff0
0xb8c N 0xb90
0xb678 T 0xdf8ae84
0xb678 N 0xb67c
0x4680 T 0x653e1d64
0x4abb11e8 T 0x8bda0
0xbd4c N 0xbd50
0x4680 T 0x653e1d64
0x7a0f304 N 0x7a0f308
0x4680 T 0x653e1d64
0xbd4c T 0xee34d3c4
0xbd4c T 0xee34d3c4
0x7a0f304 T 0x3d4c0cb4
0x7a0f304 N 0x7a0f308
0x4680 T 0x653e1d64
0x4abb11e8 N 0x4abb11ec
0xbd4c T 0xee34d3c4
0x7a0f304 T 0x3d4c0cb4
0x7a0f304 T 0x3d4c0cb4
0xbd4c T 0xee34d3c4
0xb8c N 0xb90
0x4680 T 0x653e1d64
0xb678 T 0xdf8ae84
0xb8c T 0x1d80
0x9ffec N 0x9fff0
0x9ffec T 0x8770
0xbd4c N 0xbd50
0xbd4c T 0xee34d3c4
0x9ffec N 0x9fff0
0x34c4 N 0x34c8
0x7a0f304 N 0x7a0f308
0x9ffec T 0x8770
0xbd4c N 0xbd50
0x7a0f304 T 0x3d4c0cb4
0xb8c N 0xb90
0x4abb11e8 T 0x8bda0
0xb8c T 0x1d80
0x9ffec N 0x9fff0
0x4abb11e8 T 0x8bda0
0x34c4 N 0x34c8
0x7a0f304 N 0x7a0f308
0x34c4 N 0x34c8
0x7a0f304 N 0x7a0f308
0x7a0f304 T 0x3d4c0cb4
0x7a0f304 T 0x3d4c0cb4
0xb8c N 0xb90
0xb678 T 0xdf8ae84
0x4abb11e8 N 0x4abb11ec
0xb678 T 0xdf8ae84
0xbd4c N 0xbd50
0xb678 T 0xdf8ae84
0xb678 N 0xb67c
0x4680 T 0x653e1d64
0x34c4 N 0x34c8
0x34c4 N 0x34c8
0x4abb11e8 T 0x8bda0
0xb8c N 0xb90
0xbd4c N 0xbd50
0x4abb11e8 T 0x8bda0
0xb678 T 0xdf8ae84
0x4abb11e8 N 0x4abb11ec
0x9ffec N 0x9fff0
0xbd4c N 0xbd50
0x4680 T 0x653e1d64
0xb678 T 0xdf8ae84
0x34c4 T 0x3604
0xb678 T 0xdf8ae84
0xb8c N 0xb90
0xb678 T 0xdf8ae84
0x4680 N 0x4684
0x4680 T 0x653e1d64
0xb8c T 0x1d80
0x4abb11e8 N 0x4abb11ec
0x34c4 T 0x3604
0x34c4 T 0x3604
0x4abb11e8 N 0x4abb11ec
0xbd4c N 0xbd50
0xb678 T 0xdf8ae84
0x9ffec N 0x9fff0
0x9ffec T 0x8770
0xbd4c N 0xbd50
0xbd4c T 0xee34d3c4
0xbd4c T 0xee34d3c4
0xb8c N 0xb90
0xbd4c N 0xbd50
0xbd4c T 0xee34d3c4
0x34c4 T 0x3604
0xbd4c T 0xee34d3c4
0xb678 N 0xb67c
0x4680 T 0x653e1d64
0xb8c N 0xb90
0xb678 N 0xb67c
0x4680 T 0x653e1d64
0x4abb11e8 T 0x8bda0
0x9ffec N 0x9fff0
0xb678 T 0xdf8ae84
0xbd4c N 0xbd50
0x9ffec N 0x9fff0
0x34c4 N 0x34c8
0x34c4 T 0x3604
0xb678 N 0xb67c
0x9ffec T 0x8770
0x4680 T 0x653e1d64
0xbd4c N 0xbd50
0x34c4 T 0x3604
0xbd4c T 0xee34d3c4
0x4abb11e8 T 0x8bda0
0x9ffec N 0x9fff0
0x4abb11e8 N 0x4abb11ec
0x7a0f304 N 0x7a0f308
0xb678 N 0xb67c
0x7a0f304 T 0x3d4c0cb4
0xb8c N 0xb90
0x34c4 N 0x34c8
0xbd4c N 0xbd50
0xbd4c T 0xee34d3c4
0xb678 N 0xb67c
0x34c4 T 0x3604
0x4680 T 0x653e1d64
0x9ffec N 0x9fff0
0x34c4 N 0x34c8
0xbd4c N 0xbd50
0x4abb11e8 N 0x4abb11ec
0x4abb11e8 T 0x8bda0
0x4abb11e8 T 0x8bda0
0xbd4c T 0xee34d3c4
0x9ffec N 0x9fff0
0x34c4 T 0x3604
0xbd4c N 0xbd50
0xb8c N 0xb90
0xb678 T 0xdf8ae84
0x34c4 T 0x3604
0x9ffec N 0x9fff0
0x34c4 T 0x3604
0xb678 N 0xb67c
0xbd4c N 0xbd50
0xb678 T 0xdf8ae84
0x4abb11e8 T 0x8bda0
0x34c4 T 0x3604
0x7a0f304 N 0x7a0f308
0x4abb11e8 T 0x8bda0
0xb8c N 0xb90
0xb8c T 0x1d80
0x7a0f304 T 0x3d4c0cb4
0xbd4c N 0xbd50
0x34c4 N 0x34c8
0xb678 T 0xdf8ae84
0x7a0f304 N 0x7a0f308
0x7a0f304 T 0x3d4c0cb4
0xbd4c T 0xee34d3c4
0x34c4 N 0x34c8
0x4abb11e8 T 0x8bda0
0x4680 T 0x653e1d64
0x9ffec N 0x9fff0
0x34c4 T 0x3604
0xbd4c N 0xbd50
0x4abb11e8 N 0x4abb11ec
0x9ffec N 0x9fff0
0x34c4 T 0x3604
0x4680 T 0x653e1d64
0xb678 T 0xdf8ae84
0x9ffec T 0x8770
0x4680 N 0x4684
0x7a0f304 N 0x7a0f308
0x4abb11e8 T 0x8bda0
0x7a0f304 T 0x3d4c0cb4
0x7a0f304 T 0x3d4c0cb4
0xb678 T 0xdf8ae84
0x4680 N 0x4684
0x34c4 N 0x34c8
0xb678 T 0xdf8ae84
0xb8c N 0xb90
0xb8c T 0x1d80
0x7a0f304 N 0x7a0f308
0x4680 T 0x653e1d64
0xbd4c N 0xbd50
0x7a0f304 T 0x3d4c0cb4
0x34c4 N 0x34c8
0x4abb11e8 T 0x8bda0
0xb8c N 0xb90
0xbd4c N 0xbd50
0x4abb11e8 N 0x4abb11ec
0x34c4 T 0x3604
0x4680 T 0x653e1d64
0x4680 T 0x653e1d64
0xb678 T 0xdf8ae84
0x4abb11e8 N 0x4abb11ec
0x4680 T 0x653e1d64
0x34c4 T 0x3604
0xb8c N 0xb90
0xbd4c N 0xbd50
0xb8c N 0xb90
0xb8c N 0xb90
0xb8c N 0xb90
0xb678 N 0xb67c
0x7a0f304 N 0x7a0f308
0x34c4 N 0x34c8
0xbd4c N 0xbd50
0x4abb11e8 N 0x4abb11ec
0x4abb11e8 T 0x8bda0
0xb8c N 0xb90
0x9ffec N 0x9fff0
0xb678 T 0xdf8ae84
0x4680 N 0x4684
0x4abb11e8 T 0x8bda0
0x34c4 T 0x3604
0xb678 N 0xb67c
0xbd4c N 0xbd50
0x7a0f304 N 0x7a0f308
0xb8c N 0xb90
0xb678 N 0xb67c
0xb678 N 0xb67c
0xb8c T 0x1d80
0x4abb11e8 N 0x4abb11ec
0x4abb11e8 N 0x4abb11ec
0xbd4c N 0xbd50
0x9ffec N 0x9fff0
0x34c4 N 0x34c8
0x34c4 T 0x3604
0x7a0f304 N 0x7a0f308
0x34c4 N 0x34c8
0x4abb11e8 N 0x4abb11ec
0x4abb11e8 T 0x8bda0
0x34c4 T 0x3604
0x7a0f304 N 0x7a0f308
0x4abb11e8 T 0x8bda0
0xbd4c N 0xbd50
0x7a0f304 T 0x3d4c0cb4
0x4680 N 0x4684
0xb678 T 0xdf8ae84
0x4680 T 0x653e1d64
0x9ffec N 0x9fff0
0x7a0f304 T 0x3d4c0cb4
0x34c4 N 0x34c8
0x34c4 T 0x3604
0x34c4 N 0x34c8
0xb8c N 0xb90
0xb8c T 0x1d80
0x4680 T 0x653e1d64
0x7a0f304 N 0x7a0f308
0xb678 N 0xb67c
0x9ffec N 0x9fff0
0x4680 T 0x653e1d64
0x4680 N 0x4684
0x4abb11e8 T 0x8bda0
0xb678 T 0xdf8ae84
0xb8c N 0xb90
0x4abb11e8 T 0x8bda0
0x7a0f304 T 0x3d4c0cb4
0x4680 T 0x653e1d64
0x34c4 N 0x34c8
0x34c4 T 0x3604
0x7a0f304 N 0x7a0f308
0x4abb11e8 T 0x8bda0
0x9ffec N 0x9fff0
0x9ffec T 0x8770
0xbd4c N 0xbd50
0x4680 T 0x653e1d64
0xb678 T 0xdf8ae84
0x9ffec N 0x9fff0
0xb8c N 0xb90
0x34c4 N 0x34c8
0x4680 N 0x4684
0x7a0f304 N 0x7a0f308
0x4abb11e8 N 0x4abb11ec
0xb678 T 0xdf8ae84
0x4abb11e8 N 0x4abb11ec
0xbd4c N 0xbd50
0xbd4c T 0xee34d3c4
0xb678 T 0xdf8ae84
0xb678 T 0xdf8ae84
0x7a0f304 T 0x3d4c0cb4
0xb678 N 0xb67c
0xb678 T 0xdf8ae84
flush_num: 303, br_num: 676, size: 660b
