0x254 N 0x258
0xec55b12c N 0xec55b130
0xb54cb8 N 0xb54cbc
0x4ff0 N 0x4ff4
0x3a694 N 0x3a698
0x27c4fe4 N 0x27c4fe8
0x27c4fe4 T 0x8536c00
0x1a4 N 0x1a8
0x3b4 N 0x3b8
0xbc4 N 0xbc8
0xa528 N 0xa52c
0x14cc598c N 0x14cc5990
0x1a4 N 0x1a8
0x8bc N 0x8c0
0xa1464 N 0xa1468
0x14cc598c T 0xa3ec40
0x910c N 0x9110
0x2d74c N 0x2d750
0xd2e9c N 0xd2ea0
0xbfb26c34 N 0xbfb26c38
0x7e290 N 0x7e294
0x724 N 0x728
0x254 N 0x258
0xe9db70 N 0xe9db74
0x8bc N 0x8c0
0x1a4 N 0x1a8
0x66b314 N 0x66b318
0xe9db70 T 0xf0f6a0
0xa528 T 0xf6c5c4
0x9ad5440 N 0x9ad5444
0x1a4 T 0xe74c
0x4ff0 N 0x4ff4
0x818 N 0x81c
0xae4 N 0xae8
0xa939b10 N 0xa939b14
0xe5620 N 0xe5624
0xa1464 N 0xa1468
0x66b314 T 0x95138
0x27c4fe4 N 0x27c4fe8
0xa1464 N 0xa1468
0xb54cb8 N 0xb54cbc
0xcd04 N 0xcd08
0x254 N 0x258
0xe1a534 N 0xe1a538
0x3a694 N 0x3a698
0x9628 N 0x962c
0x54d60 N 0x54d64
0x8bc T 0x3cc
0xbfb26c34 N 0xbfb26c38
0x54d60 T 0xbc4
0x9628 T 0xa105c
0x36a144e8 N 0x36a144ec
0xb54cb8 T 0xdcac8b4
0x9628 N 0x962c
0xa528 N 0xa52c
0x9dbb8 N 0x9dbbc
0xa1464 N 0xa1468
0x22b8f350 N 0x22b8f354
0xd54c N 0xd550
0xd54c T 0x84af288
0x910c N 0x9110
0x36a144e8 N 0x36a144ec
0xb54cb8 N 0xb54cbc
0x3b4 N 0x3b8
0x3a694 N 0x3a698
0x1a4 N 0x1a8
0xe9db70 N 0xe9db74
0x3a694 T 0xc0c
0x818 N 0x81c
0xec55b12c N 0xec55b130
0xa939b10 N 0xa939b14
0x910c N 0x9110
0x818 T 0x137dc980
0x22b8f350 N 0x22b8f354
0xa1464 N 0xa1468
0x26248 N 0x2624c
0x84c N 0x850
0xa528 N 0xa52c
0x910c N 0x9110
0xa1464 T 0x628b18
0xb54cb8 N 0xb54cbc
0xe1a534 N 0xe1a538
0xd2e9c N 0xd2ea0
0xe5620 N 0xe5624
0xe9db70 N 0xe9db74
0xbfb26c34 N 0xbfb26c38
0xae4 N 0xae8
0xe9db70 T 0xf0f6a0
0xa939b10 N 0xa939b14
0x7e290 N 0x7e294
0x27c4fe4 N 0x27c4fe8
0xd2e9c T 0x767b4904
0x7e290 T 0xc8cbe004
0xa939b10 N 0xa939b14
0xae4 N 0xae8
0x9ad5440 N 0x9ad5444
0x818 N 0x81c
0x84c N 0x850
0x254 N 0x258
0x84c T 0x8985f4
0x9dbb8 N 0x9dbbc
0xa939b10 T 0x49133c
0xd2e9c N 0xd2ea0
0x39cf0 N 0x39cf4
0x26248 N 0x2624c
0xd2e9c T 0x767b4904
0xcd04 N 0xcd08
0x66b314 N 0x66b318
0xa528 N 0xa52c
0x7e290 N 0x7e294
0xcadc0 N 0xcadc4
0xcadc0 T 0x7a38
0x36a144e8 N 0x36a144ec
0x1a4 N 0x1a8
0x910c N 0x9110
0x9ad5440 N 0x9ad5444
0xa528 N 0xa52c
0x8bc N 0x8c0
0x3b4 N 0x3b8
0xd2e9c N 0xd2ea0
0x39cf0 N 0x39cf4
0xbc4 N 0xbc8
0xcd04 N 0xcd08
0xe9db70 N 0xe9db74
0x54d60 N 0x54d64
0x1a4 N 0x1a8
0x910c T 0xe6d983c
0xa939b10 N 0xa939b14
0xe5620 N 0xe5624
0x39cf0 N 0x39cf4
0xd54c N 0xd550
0x2d74c N 0x2d750
0xe5620 T 0xfb4
0x54d60 N 0x54d64
0xd2e9c T 0x767b4904
0xe9db70 N 0xe9db74
0xbc4 N 0xbc8
0x2d74c T 0x13b0
0xae4 N 0xae8
0x8bc N 0x8c0
0x910c N 0x9110
0x818 N 0x81c
0x36a144e8 N 0x36a144ec
0xe1a534 N 0xe1a538
0xd54c N 0xd550
0x3b4 N 0x3b8
0x254 N 0x258
0x4ff0 N 0x4ff4
0x26248 N 0x2624c
0x9ad5440 N 0x9ad5444
0xec55b12c N 0xec55b130
0x14cc598c N 0x14cc5990
0x9628 N 0x962c
0xb54cb8 N 0xb54cbc
0x3a694 N 0x3a698
0x66b314 N 0x66b318
0xbfb26c34 N 0xbfb26c38
0x1a4 N 0x1a8
0x8bc T 0x3cc
0x9dbb8 N 0x9dbbc
0xcd04 N 0xcd08
0x254 N 0x258
0x9628 T 0xa105c
0x3a694 N 0x3a698
0x27c4fe4 N 0x27c4fe8
0x910c N 0x9110
0x4ff0 T 0x774
0xb54cb8 N 0xb54cbc
0xd2e9c N 0xd2ea0
0x8bc N 0x8c0
0x4ff0 T 0x774
0x84c N 0x850
0x39cf0 N 0x39cf4
0x84c T 0x8985f4
0x3a694 T 0xc0c
0xb54cb8 T 0xdcac8b4
0x22b8f350 N 0x22b8f354
0x84c T 0x8985f4
0x3a694 N 0x3a698
0x22b8f350 T 0x1c0fd88
0xa1464 N 0xa1468
0xd2e9c N 0xd2ea0
0xa528 N 0xa52c
0xe9db70 N 0xe9db74
0x84c T 0x8985f4
0x9628 N 0x962c
0x1a4 N 0x1a8
0xd2e9c T 0x767b4904
0x910c N 0x9110
0x26248 N 0x2624c
0x39cf0 N 0x39cf4
0x8bc N 0x8c0
0x84c N 0x850
0xa939b10 N 0xa939b14
0xd54c N 0xd550
0x9ad5440 T 0xdd58
0x9628 N 0x962c
0xa528 N 0xa52c
0xae4 N 0xae8
0x9dbb8 N 0x9dbbc
0xb54cb8 N 0xb54cbc
0x36a144e8 N 0x36a144ec
0xa939b10 T 0x49133c
0xe5620 N 0xe5624
0xbfb26c34 N 0xbfb26c38
0x9ad5440 N 0x9ad5444
0x84c N 0x850
0x7e290 N 0x7e294
0xcd04 N 0xcd08
0x3a694 N 0x3a698
0x27c4fe4 N 0x27c4fe8
0x84c T 0x8985f4
0x84c N 0x850
0x3a694 T 0xc0c
0x3b4 N 0x3b8
0x1a4 N 0x1a8
0xcadc0 N 0xcadc4
0xec55b12c N 0xec55b130
0x8bc T 0x3cc
0xcadc0 T 0x7a38
0x254 N 0x258
0x36a144e8 T 0xe5d7b0
0xa528 N 0xa52c
0x818 N 0x81c
0x724 N 0x728
0xa528 T 0xf6c5c4
0x4ff0 N 0x4ff4
0x9dbb8 N 0x9dbbc
0x14cc598c N 0x14cc5990
0x54d60 N 0x54d64
0xcd04 N 0xcd08
0xe9db70 N 0xe9db74
0x9dbb8 T 0xc0bac
0xa939b10 N 0xa939b14
0x54d60 T 0xbc4
0xa939b10 T 0x49133c
0xec55b12c N 0xec55b130
0xcd04 T 0x1250
0x2d74c N 0x2d750
0x54d60 T 0xbc4
0x724 N 0x728
0x2d74c T 0x13b0
0x724 T 0x905da4
0xcadc0 N 0xcadc4
0x4ff0 N 0x4ff4
0x254 T 0x14478d4
0x4ff0 T 0x774
0x3a694 N 0x3a698
0xbfb26c34 N 0xbfb26c38
0x8bc N 0x8c0
0xbc4 N 0xbc8
0xbc4 T 0xf01db4c
0x84c N 0x850
0x3a694 N 0x3a698
0x910c N 0x9110
0x22b8f350 N 0x22b8f354
0xcadc0 T 0x7a38
0xcd04 N 0xcd08
0xd2e9c N 0xd2ea0
0x818 N 0x81c
0x27c4fe4 N 0x27c4fe8
0x9ad5440 N 0x9ad5444
0xd2e9c T 0x767b4904
0xd2e9c N 0xd2ea0
0xcd04 N 0xcd08
0xae4 N 0xae8
0xa528 T 0xf6c5c4
0xe9db70 N 0xe9db74
0x254 N 0x258
0xa1464 N 0xa1468
0x14cc598c N 0x14cc5990
0x26248 N 0x2624c
0xa528 N 0xa52c
0xb54cb8 N 0xb54cbc
0x2d74c N 0x2d750
0x9628 N 0x962c
0x8bc N 0x8c0
0xec55b12c N 0xec55b130
0x724 N 0x728
0x724 T 0x905da4
0xe9db70 T 0xf0f6a0
0x2d74c N 0x2d750
0xa1464 N 0xa1468
0x27c4fe4 N 0x27c4fe8
0xbc4 N 0xbc8
0x724 N 0x728
0xcadc0 N 0xcadc4
0x27c4fe4 N 0x27c4fe8
0x9ad5440 N 0x9ad5444
0x1a4 N 0x1a8
0x14cc598c N 0x14cc5990
0x54d60 N 0x54d64
0x7e290 N 0x7e294
0xbfb26c34 N 0xbfb26c38
0x9dbb8 N 0x9dbbc
0xd54c N 0xd550
0x14cc598c N 0x14cc5990
0x8bc T 0x3cc
0xb54cb8 N 0xb54cbc
0x26248 N 0x2624c
0x3b4 N 0x3b8
0xb54cb8 T 0xdcac8b4
0xbfb26c34 N 0xbfb26c38
0xa528 N 0xa52c
0xcd04 N 0xcd08
0xbfb26c34 T 0x2caa54
0xe5620 N 0xe5624
0xbc4 N 0xbc8
0x26248 N 0x2624c
0xbfb26c34 T 0x2caa54
0x36a144e8 N 0x36a144ec
0x54d60 N 0x54d64
0x54d60 T 0xbc4
0x26248 N 0x2624c
0x84c N 0x850
0x27c4fe4 N 0x27c4fe8
0x9ad5440 N 0x9ad5444
0x724 N 0x728
0x1a4 N 0x1a8
0x724 N 0x728
0xec55b12c N 0xec55b130
0x84c N 0x850
0xec55b12c N 0xec55b130
0xa1464 N 0xa1468
0x39cf0 N 0x39cf4
0x66b314 N 0x66b318
0x9ad5440 T 0xdd58
0x818 N 0x81c
0xcd04 N 0xcd08
0x3a694 N 0x3a698
0x9ad5440 T 0xdd58
0x9dbb8 N 0x9dbbc
0xb54cb8 N 0xb54cbc
0x3a694 T 0xc0c
0x36a144e8 N 0x36a144ec
0x22b8f350 N 0x22b8f354
0x724 N 0x728
0x910c N 0x9110
0xa528 N 0xa52c
0xe9db70 N 0xe9db74
0xe5620 N 0xe5624
0xbfb26c34 N 0xbfb26c38
0x1a4 N 0x1a8
0x66b314 N 0x66b318
0xb54cb8 T 0xdcac8b4
0xa939b10 N 0xa939b14
0x724 N 0x728
0xe5620 T 0xfb4
0x2d74c N 0x2d750
0xbfb26c34 N 0xbfb26c38
0x36a144e8 N 0x36a144ec
0x4ff0 N 0x4ff4
0x254 N 0x258
0x910c N 0x9110
0x724 T 0x905da4
0xbc4 N 0xbc8
0x54d60 N 0x54d64
0xb54cb8 N 0xb54cbc
0x84c N 0x850
0x26248 N 0x2624c
0xa939b10 N 0xa939b14
0xbfb26c34 N 0xbfb26c38
0xec55b12c N 0xec55b130
0x22b8f350 N 0x22b8f354
0x54d60 T 0xbc4
0x39cf0 N 0x39cf4
0x54d60 T 0xbc4
0x22b8f350 N 0x22b8f354
0x3b4 N 0x3b8
0x9628 N 0x962c
0x36a144e8 N 0x36a144ec
0x22b8f350 T 0x1c0fd88
0x7e290 N 0x7e294
0xd2e9c N 0xd2ea0
0x7e290 T 0xc8cbe004
0x7e290 T 0xc8cbe004
0x9dbb8 N 0x9dbbc
0x54d60 T 0xbc4
0x3a694 N 0x3a698
0x254 N 0x258
0xa939b10 N 0xa939b14
0xcd04 N 0xcd08
0x27c4fe4 N 0x27c4fe8
0x3a694 N 0x3a698
0x39cf0 N 0x39cf4
0xe9db70 N 0xe9db74
0xa939b10 N 0xa939b14
0x818 N 0x81c
0x84c N 0x850
0x254 N 0x258
0x39cf0 N 0x39cf4
0xcadc0 N 0xcadc4
0x36a144e8 T 0xe5d7b0
0x14cc598c N 0x14cc5990
0x254 T 0x14478d4
0x9dbb8 N 0x9dbbc
0x14cc598c T 0xa3ec40
0x3b4 N 0x3b8
0xe9db70 N 0xe9db74
0xbfb26c34 N 0xbfb26c38
0x26248 N 0x2624c
0xcadc0 T 0x7a38
0x3b4 N 0x3b8
0xa939b10 N 0xa939b14
0x66b314 N 0x66b318
0x9ad5440 N 0x9ad5444
0x2d74c N 0x2d750
0xcadc0 N 0xcadc4
0x9dbb8 T 0xc0bac
0x4ff0 N 0x4ff4
0xbfb26c34 N 0xbfb26c38
0xbfb26c34 T 0x2caa54
0x27c4fe4 T 0x8536c00
0xb54cb8 N 0xb54cbc
0xe5620 N 0xe5624
0xa528 N 0xa52c
0x39cf0 N 0x39cf4
0x1a4 N 0x1a8
0xbc4 N 0xbc8
0x9628 N 0x962c
0xae4 N 0xae8
0x254 N 0x258
0xa528 N 0xa52c
0x724 N 0x728
0x9ad5440 N 0x9ad5444
0xec55b12c N 0xec55b130
0xe5620 N 0xe5624
0x14cc598c N 0x14cc5990
0x26248 N 0x2624c
0x26248 T 0x7b60
0x39cf0 T 0x93ac50
0x254 T 0x14478d4
0xa1464 N 0xa1468
0x9628 N 0x962c
0xa528 N 0xa52c
0x14cc598c T 0xa3ec40
0x54d60 N 0x54d64
0x7e290 N 0x7e294
0x66b314 N 0x66b318
0xa1464 T 0x628b18
0x27c4fe4 N 0x27c4fe8
0xae4 N 0xae8
0xb54cb8 T 0xdcac8b4
0xe9db70 N 0xe9db74
0x14cc598c T 0xa3ec40
0x8bc N 0x8c0
0x1a4 N 0x1a8
0x3a694 N 0x3a698
0xe5620 N 0xe5624
0xbfb26c34 N 0xbfb26c38
0x724 N 0x728
0x66b314 N 0x66b318
0x22b8f350 N 0x22b8f354
0x9ad5440 N 0x9ad5444
0x4ff0 N 0x4ff4
0xec55b12c N 0xec55b130
0xec55b12c T 0x2dc85e8
0xcd04 N 0xcd08
0xcadc0 N 0xcadc4
0xe9db70 N 0xe9db74
0x3b4 N 0x3b8
0xa1464 N 0xa1468
0x4ff0 N 0x4ff4
0xbc4 N 0xbc8
0x26248 N 0x2624c
0x9628 N 0x962c
0xbc4 T 0xf01db4c
0x39cf0 N 0x39cf4
0x8bc T 0x3cc
0xe9db70 N 0xe9db74
0x84c N 0x850
0x66b314 N 0x66b318
0x9dbb8 N 0x9dbbc
0x84c T 0x8985f4
0xbfb26c34 N 0xbfb26c38
0x8bc T 0x3cc
0x84c T 0x8985f4
0xa1464 N 0xa1468
0x22b8f350 N 0x22b8f354
0x4ff0 N 0x4ff4
0xd54c N 0xd550
0x84c N 0x850
0xe1a534 N 0xe1a538
0x8bc T 0x3cc
0xe1a534 T 0x95cdc
0x84c T 0x8985f4
0x724 N 0x728
0xa939b10 N 0xa939b14
0x36a144e8 N 0x36a144ec
0x724 T 0x905da4
0x818 N 0x81c
0x14cc598c N 0x14cc5990
0x4ff0 N 0x4ff4
0x22b8f350 N 0x22b8f354
0x26248 N 0x2624c
0xd54c N 0xd550
0x22b8f350 T 0x1c0fd88
0xd2e9c N 0xd2ea0
0xbc4 N 0xbc8
0xa1464 N 0xa1468
0xcd04 N 0xcd08
0xa1464 N 0xa1468
0x8bc N 0x8c0
0xa1464 T 0x628b18
0xec55b12c N 0xec55b130
0xd2e9c N 0xd2ea0
0xe1a534 T 0x95cdc
0x724 N 0x728
0x9628 N 0x962c
0xd54c N 0xd550
0xe1a534 T 0x95cdc
0xb54cb8 N 0xb54cbc
0x4ff0 N 0x4ff4
0x3a694 N 0x3a698
0xe1a534 N 0xe1a538
0x36a144e8 N 0x36a144ec
0x7e290 N 0x7e294
0x8bc N 0x8c0
0x54d60 N 0x54d64
0xa528 N 0xa52c
0x54d60 T 0xbc4
0x14cc598c N 0x14cc5990
0x8bc T 0x3cc
0x14cc598c T 0xa3ec40
0x84c N 0x850
0xec55b12c N 0xec55b130
0x22b8f350 N 0x22b8f354
0x84c N 0x850
0xe5620 N 0xe5624
0x724 T 0x905da4
0x26248 N 0x2624c
0xe1a534 T 0x95cdc
0x26248 T 0x7b60
0x66b314 N 0x66b318
0xbc4 N 0xbc8
0x66b314 T 0x95138
0x66b314 T 0x95138
0x9628 N 0x962c
0x14cc598c N 0x14cc5990
0xa1464 N 0xa1468
0x9ad5440 N 0x9ad5444
0xcadc0 N 0xcadc4
0x4ff0 N 0x4ff4
0xe1a534 N 0xe1a538
0xbc4 N 0xbc8
0x8bc T 0x3cc
0xcd04 N 0xcd08
0xbc4 N 0xbc8
0x1a4 N 0x1a8
0xb54cb8 T 0xdcac8b4
0x9628 T 0xa105c
0x724 N 0x728
0xe9db70 N 0xe9db74
0xa939b10 N 0xa939b14
0xec55b12c N 0xec55b130
0xcadc0 T 0x7a38
0x3a694 N 0x3a698
0xbfb26c34 N 0xbfb26c38
0x9ad5440 N 0x9ad5444
0x9dbb8 N 0x9dbbc
0x66b314 N 0x66b318
0xd54c N 0xd550
0xd54c T 0x84af288
0x39cf0 N 0x39cf4
0x54d60 N 0x54d64
0xd2e9c N 0xd2ea0
0x3a694 N 0x3a698
0xcd04 N 0xcd08
0xa939b10 N 0xa939b14
0x1a4 N 0x1a8
0x254 N 0x258
0x39cf0 N 0x39cf4
0xcadc0 N 0xcadc4
0xd54c N 0xd550
0xcadc0 T 0x7a38
0xbc4 N 0xbc8
0x22b8f350 N 0x22b8f354
0x3a694 N 0x3a698
0x66b314 N 0x66b318
0x3b4 N 0x3b8
0xec55b12c N 0xec55b130
0xd54c N 0xd550
0xa1464 N 0xa1468
0xcadc0 T 0x7a38
0xd54c T 0x84af288
0x54d60 N 0x54d64
0xcadc0 N 0xcadc4
0xa1464 T 0x628b18
0x2d74c N 0x2d750
0xbfb26c34 N 0xbfb26c38
0x9ad5440 N 0x9ad5444
0xd54c N 0xd550
0xa1464 T 0x628b18
0x9ad5440 T 0xdd58
0x3a694 N 0x3a698
0xbfb26c34 N 0xbfb26c38
0x9ad5440 T 0xdd58
0x66b314 N 0x66b318
0x66b314 T 0x95138
0x54d60 N 0x54d64
0xe1a534 N 0xe1a538
0x9dbb8 T 0xc0bac
0x14cc598c N 0x14cc5990
0xe1a534 T 0x95cdc
0xbfb26c34 N 0xbfb26c38
0xcadc0 N 0xcadc4
0xae4 N 0xae8
0x2d74c N 0x2d750
0xa1464 N 0xa1468
0xb54cb8 N 0xb54cbc
0x66b314 N 0x66b318
0xbfb26c34 N 0xbfb26c38
0x3b4 N 0x3b8
0x8bc N 0x8c0
0x9dbb8 N 0x9dbbc
0x9628 N 0x962c
0x54d60 N 0x54d64
0xae4 N 0xae8
0x8bc T 0x3cc
0x9dbb8 T 0xc0bac
0x9dbb8 N 0x9dbbc
0xd54c N 0xd550
0x84c N 0x850
0x9ad5440 N 0x9ad5444
0x36a144e8 N 0x36a144ec
0xcadc0 N 0xcadc4
0x818 N 0x81c
0x36a144e8 T 0xe5d7b0
0x724 N 0x728
0xd2e9c N 0xd2ea0
0xe9db70 N 0xe9db74
0xcd04 N 0xcd08
0x2d74c N 0x2d750
0x3b4 T 0x1e718d0
0x724 N 0x728
0x27c4fe4 N 0x27c4fe8
0xec55b12c N 0xec55b130
0x14cc598c N 0x14cc5990
0xcd04 N 0xcd08
0x8bc N 0x8c0
0x26248 N 0x2624c
0x1a4 N 0x1a8
0x54d60 N 0x54d64
0x818 T 0x137dc980
0x36a144e8 N 0x36a144ec
0x4ff0 N 0x4ff4
0x22b8f350 N 0x22b8f354
0x3a694 N 0x3a698
0x26248 N 0x2624c
0xec55b12c N 0xec55b130
0xa528 N 0xa52c
0xec55b12c T 0x2dc85e8
0x1a4 T 0xe74c
0x27c4fe4 N 0x27c4fe8
0xbc4 N 0xbc8
0x2d74c N 0x2d750
0x4ff0 N 0x4ff4
0x54d60 T 0xbc4
0x1a4 N 0x1a8
0x2d74c T 0x13b0
0xa1464 N 0xa1468
0x26248 N 0x2624c
0x3a694 T 0xc0c
0x724 N 0x728
0x818 N 0x81c
0x8bc T 0x3cc
0xbc4 N 0xbc8
0xa1464 N 0xa1468
0x9ad5440 N 0x9ad5444
0x22b8f350 N 0x22b8f354
0xbfb26c34 N 0xbfb26c38
0x9dbb8 N 0x9dbbc
0x9628 N 0x962c
0x22b8f350 T 0x1c0fd88
0x3b4 N 0x3b8
0xcd04 N 0xcd08
0x9dbb8 T 0xc0bac
0xe5620 N 0xe5624
0x54d60 N 0x54d64
0xbc4 N 0xbc8
0x1a4 N 0x1a8
0xa1464 N 0xa1468
0x22b8f350 T 0x1c0fd88
0x36a144e8 N 0x36a144ec
0xbfb26c34 N 0xbfb26c38
0xcadc0 N 0xcadc4
0xae4 N 0xae8
0x84c N 0x850
0x3a694 N 0x3a698
0xbfb26c34 N 0xbfb26c38
0x818 N 0x81c
0x4ff0 N 0x4ff4
0xd2e9c N 0xd2ea0
0xe1a534 N 0xe1a538
0xcd04 N 0xcd08
0x14cc598c N 0x14cc5990
0x8bc N 0x8c0
0x26248 N 0x2624c
0xa1464 N 0xa1468
0xec55b12c N 0xec55b130
0x3a694 N 0x3a698
0x2d74c N 0x2d750
0x39cf0 N 0x39cf4
0xd54c N 0xd550
0x4ff0 N 0x4ff4
0xec55b12c N 0xec55b130
0xa939b10 N 0xa939b14
0x7e290 N 0x7e294
0xd54c N 0xd550
0x724 N 0x728
0xa528 N 0xa52c
0x2d74c N 0x2d750
0x9628 N 0x962c
0x7e290 T 0xc8cbe004
0x14cc598c N 0x14cc5990
0xd54c N 0xd550
0x36a144e8 N 0x36a144ec
0x84c N 0x850
0x4ff0 N 0x4ff4
0xe1a534 N 0xe1a538
0xe9db70 N 0xe9db74
0x3a694 N 0x3a698
0xe9db70 T 0xf0f6a0
0x4ff0 N 0x4ff4
0xa939b10 N 0xa939b14
0x3a694 T 0xc0c
0xa528 N 0xa52c
0x254 N 0x258
0xbfb26c34 N 0xbfb26c38
0xe5620 N 0xe5624
0x818 T 0x137dc980
0xae4 N 0xae8
0x4ff0 N 0x4ff4
0x9628 N 0x962c
0x27c4fe4 N 0x27c4fe8
0x1a4 N 0x1a8
0xe1a534 N 0xe1a538
0x254 N 0x258
0x9dbb8 N 0x9dbbc
0x724 N 0x728
0x22b8f350 N 0x22b8f354
0xd2e9c N 0xd2ea0
0x14cc598c N 0x14cc5990
0x9ad5440 N 0x9ad5444
0x724 T 0x905da4
0x254 T 0x14478d4
0x39cf0 N 0x39cf4
0xbfb26c34 N 0xbfb26c38
0xec55b12c N 0xec55b130
0x1a4 N 0x1a8
0xec55b12c T 0x2dc85e8
0x66b314 N 0x66b318
0xd54c N 0xd550
0x254 N 0x258
0x724 N 0x728
0x27c4fe4 N 0x27c4fe8
0x36a144e8 N 0x36a144ec
0xbc4 N 0xbc8
0x3a694 N 0x3a698
0x254 N 0x258
0x3b4 N 0x3b8
0x22b8f350 N 0x22b8f354
0x54d60 N 0x54d64
0x8bc N 0x8c0
0x39cf0 N 0x39cf4
0xbfb26c34 N 0xbfb26c38
0x7e290 N 0x7e294
0x2d74c N 0x2d750
0x724 N 0x728
0x3b4 N 0x3b8
0xa1464 N 0xa1468
0x9ad5440 N 0x9ad5444
0x3b4 T 0x1e718d0
0x2d74c T 0x13b0
0x1a4 N 0x1a8
0xd2e9c N 0xd2ea0
0xbc4 N 0xbc8
0x27c4fe4 N 0x27c4fe8
0xa528 N 0xa52c
0x3a694 N 0x3a698
0xe5620 N 0xe5624
0x7e290 T 0xc8cbe004
0x8bc N 0x8c0
0x8bc T 0x3cc
0x22b8f350 N 0x22b8f354
0xb54cb8 N 0xb54cbc
0x7e290 N 0x7e294
0xd54c N 0xd550
0x818 N 0x81c
0xa1464 N 0xa1468
0xbc4 N 0xbc8
0x9dbb8 N 0x9dbbc
0x84c N 0x850
0x7e290 T 0xc8cbe004
0x36a144e8 N 0x36a144ec
0xa528 N 0xa52c
0xcadc0 N 0xcadc4
0xe1a534 N 0xe1a538
0x8bc T 0x3cc
0xec55b12c N 0xec55b130
0x2d74c N 0x2d750
0x84c N 0x850
0xe1a534 T 0x95cdc
0xe1a534 T 0x95cdc
0x724 N 0x728
0x14cc598c N 0x14cc5990
0x9628 N 0x962c
0x84c N 0x850
0xb54cb8 N 0xb54cbc
0xbfb26c34 N 0xbfb26c38
0xa528 N 0xa52c
0x254 N 0x258
0xe9db70 N 0xe9db74
0xe5620 N 0xe5624
0x1a4 N 0x1a8
0x2d74c N 0x2d750
0xe9db70 T 0xf0f6a0
0xa1464 N 0xa1468
0x66b314 N 0x66b318
0x1a4 N 0x1a8
0x9628 N 0x962c
0x4ff0 N 0x4ff4
0x2d74c T 0x13b0
0x3b4 N 0x3b8
0x84c N 0x850
0xe1a534 N 0xe1a538
0x724 N 0x728
0x818 N 0x81c
0xe9db70 N 0xe9db74
0x14cc598c N 0x14cc5990
0x39cf0 N 0x39cf4
0x84c N 0x850
0x4ff0 N 0x4ff4
0x724 T 0x905da4
0x84c T 0x8985f4
0xd2e9c N 0xd2ea0
0x9ad5440 N 0x9ad5444
0x4ff0 T 0x774
0xcadc0 N 0xcadc4
0x66b314 N 0x66b318
0x2d74c N 0x2d750
0xae4 N 0xae8
0xcd04 N 0xcd08
0x910c N 0x9110
0xcd04 T 0x1250
0xbfb26c34 N 0xbfb26c38
0xe5620 N 0xe5624
0xe1a534 N 0xe1a538
0xbfb26c34 N 0xbfb26c38
0x36a144e8 N 0x36a144ec
0x1a4 N 0x1a8
0x9ad5440 N 0x9ad5444
0xe1a534 N 0xe1a538
0xb54cb8 N 0xb54cbc
0xcd04 N 0xcd08
0xe9db70 N 0xe9db74
0x4ff0 N 0x4ff4
0xcd04 T 0x1250
0x14cc598c N 0x14cc5990
0xbc4 N 0xbc8
0xbfb26c34 N 0xbfb26c38
0xa1464 N 0xa1468
0x9628 N 0x962c
0xe1a534 N 0xe1a538
0x66b314 N 0x66b318
0x26248 N 0x2624c
0x4ff0 T 0x774
0x4ff0 T 0x774
0x9dbb8 N 0x9dbbc
0xb54cb8 N 0xb54cbc
0xb54cb8 T 0xdcac8b4
0x22b8f350 N 0x22b8f354
0x8bc N 0x8c0
0x14cc598c T 0xa3ec40
0xa1464 T 0x628b18
0x1a4 N 0x1a8
0x1a4 T 0xe74c
0xe5620 N 0xe5624
0x4ff0 N 0x4ff4
0x8bc T 0x3cc
0x26248 T 0x7b60
0x3b4 N 0x3b8
0x7e290 N 0x7e294
0xae4 N 0xae8
0xcd04 N 0xcd08
0xb54cb8 T 0xdcac8b4
0x3a694 N 0x3a698
0x14cc598c T 0xa3ec40
0xa939b10 N 0xa939b14
0x54d60 N 0x54d64
0x66b314 N 0x66b318
0x818 N 0x81c
0x9628 N 0x962c
0x4ff0 N 0x4ff4
0x7e290 N 0x7e294
0x4ff0 N 0x4ff4
0x9ad5440 N 0x9ad5444
0xcadc0 N 0xcadc4
0x7e290 N 0x7e294
0xcadc0 T 0x7a38
0x26248 N 0x2624c
0xb54cb8 N 0xb54cbc
0x84c N 0x850
0x14cc598c N 0x14cc5990
0xe9db70 N 0xe9db74
0xe5620 N 0xe5624
0x54d60 N 0x54d64
0xa939b10 N 0xa939b14
0xa1464 N 0xa1468
0x54d60 T 0xbc4
0xae4 N 0xae8
0x22b8f350 N 0x22b8f354
0xa939b10 N 0xa939b14
0x4ff0 N 0x4ff4
0x9ad5440 N 0x9ad5444
0xd54c N 0xd550
0x22b8f350 N 0x22b8f354
0x54d60 N 0x54d64
0xd54c T 0x84af288
0x2d74c N 0x2d750
0x9dbb8 N 0x9dbbc
0x818 N 0x81c
0x39cf0 N 0x39cf4
0xbfb26c34 N 0xbfb26c38
0xcd04 N 0xcd08
0x910c N 0x9110
0xa1464 N 0xa1468
0xd54c N 0xd550
0x36a144e8 N 0x36a144ec
0x724 N 0x728
0x66b314 N 0x66b318
0x8bc T 0x3cc
0x1a4 N 0x1a8
0x910c N 0x9110
0x910c T 0xe6d983c
0x9dbb8 N 0x9dbbc
0x8bc T 0x3cc
0x1a4 T 0xe74c
0x39cf0 T 0x93ac50
0xa1464 N 0xa1468
0x910c N 0x9110
0x7e290 N 0x7e294
0xe5620 N 0xe5624
0xae4 N 0xae8
0x7e290 T 0xc8cbe004
0xa1464 N 0xa1468
0x4ff0 N 0x4ff4
0x7e290 N 0x7e294
0x54d60 N 0x54d64
0x7e290 T 0xc8cbe004
0x724 N 0x728
0xb54cb8 N 0xb54cbc
0x39cf0 N 0x39cf4
0xcadc0 N 0xcadc4
0xa939b10 N 0xa939b14
0xbc4 N 0xbc8
0x2d74c N 0x2d750
0xcadc0 T 0x7a38
0x66b314 T 0x95138
0xd54c N 0xd550
0x818 N 0x81c
0x22b8f350 N 0x22b8f354
0xa1464 N 0xa1468
0x7e290 N 0x7e294
0x254 N 0x258
0x26248 N 0x2624c
0x39cf0 N 0x39cf4
0xa1464 T 0x628b18
0x4ff0 N 0x4ff4
0xcd04 N 0xcd08
0x818 T 0x137dc980
0x36a144e8 N 0x36a144ec
0x22b8f350 N 0x22b8f354
0x3a694 N 0x3a698
0x36a144e8 T 0xe5d7b0
0x84c N 0x850
0x3a694 T 0xc0c
0x8bc T 0x3cc
0xd54c N 0xd550
0xe1a534 N 0xe1a538
0x36a144e8 T 0xe5d7b0
0x910c N 0x9110
0x7e290 N 0x7e294
0x8bc T 0x3cc
0x22b8f350 N 0x22b8f354
0xa1464 N 0xa1468
0xcd04 N 0xcd08
0x9ad5440 N 0x9ad5444
0x1a4 N 0x1a8
0xbc4 N 0xbc8
0xcadc0 N 0xcadc4
0x3b4 N 0x3b8
0x84c N 0x850
0x9628 N 0x962c
0x9dbb8 N 0x9dbbc
0x7e290 N 0x7e294
0x9dbb8 T 0xc0bac
0x1a4 N 0x1a8
0xbfb26c34 N 0xbfb26c38
0xa528 N 0xa52c
0x8bc T 0x3cc
0x7e290 T 0xc8cbe004
0x22b8f350 N 0x22b8f354
0x36a144e8 N 0x36a144ec
0x8bc T 0x3cc
0x1a4 T 0xe74c
0x8bc T 0x3cc
0x3a694 N 0x3a698
0xbfb26c34 N 0xbfb26c38
0xa939b10 N 0xa939b14
0xbc4 N 0xbc8
0x84c T 0x8985f4
0x7e290 N 0x7e294
0xec55b12c N 0xec55b130
0xbc4 T 0xf01db4c
0x724 N 0x728
0xd54c N 0xd550
0x3a694 N 0x3a698
0xa528 N 0xa52c
0x818 N 0x81c
0x2d74c N 0x2d750
0xec55b12c N 0xec55b130
0xcadc0 T 0x7a38
0x9dbb8 N 0x9dbbc
0x22b8f350 N 0x22b8f354
0x1a4 N 0x1a8
0x3a694 T 0xc0c
0xd2e9c N 0xd2ea0
0xe5620 N 0xe5624
0x9ad5440 N 0x9ad5444
0x9628 N 0x962c
0x22b8f350 T 0x1c0fd88
0x9628 T 0xa105c
0xec55b12c T 0x2dc85e8
0x54d60 N 0x54d64
0x27c4fe4 N 0x27c4fe8
0x7e290 N 0x7e294
0x36a144e8 N 0x36a144ec
0x84c N 0x850
0x14cc598c N 0x14cc5990
0xd54c N 0xd550
0xa939b10 N 0xa939b14
0xae4 N 0xae8
0xbc4 N 0xbc8
0x9628 N 0x962c
0x1a4 N 0x1a8
0xa939b10 T 0x49133c
0x7e290 N 0x7e294
0xa528 N 0xa52c
0xcadc0 N 0xcadc4
0x8bc N 0x8c0
0x7e290 T 0xc8cbe004
0x3a694 T 0xc0c
0x9dbb8 T 0xc0bac
0x910c N 0x9110
0x9628 N 0x962c
0x2d74c N 0x2d750
0x9dbb8 N 0x9dbbc
0x724 N 0x728
0xe5620 N 0xe5624
0x724 T 0x905da4
0x910c N 0x9110
0x7e290 T 0xc8cbe004
0xa1464 N 0xa1468
0xe1a534 N 0xe1a538
0x910c T 0xe6d983c
0xcadc0 N 0xcadc4
0xb54cb8 N 0xb54cbc
0xae4 N 0xae8
0x818 N 0x81c
0xec55b12c N 0xec55b130
0x8bc T 0x3cc
0x8bc T 0x3cc
0x84c N 0x850
0x66b314 N 0x66b318
0xcadc0 T 0x7a38
0x22b8f350 N 0x22b8f354
0xcadc0 T 0x7a38
0xcd04 N 0xcd08
0xe5620 N 0xe5624
0xae4 N 0xae8
0x26248 N 0x2624c
0x2d74c N 0x2d750
0x36a144e8 N 0x36a144ec
0x7e290 N 0x7e294
0x9dbb8 N 0x9dbbc
0xd54c N 0xd550
0xbc4 N 0xbc8
0xcd04 N 0xcd08
0xd54c T 0x84af288
0xec55b12c N 0xec55b130
0xae4 N 0xae8
0x36a144e8 T 0xe5d7b0
0x9dbb8 T 0xc0bac
0x54d60 N 0x54d64
0x54d60 T 0xbc4
0x9628 N 0x962c
0xae4 T 0x6e1a08
0xbc4 N 0xbc8
0x910c N 0x9110
0xa528 N 0xa52c
0x7e290 T 0xc8cbe004
0xa528 T 0xf6c5c4
0x254 N 0x258
0xcadc0 N 0xcadc4
0x818 N 0x81c
0xe5620 N 0xe5624
0xe1a534 N 0xe1a538
0x4ff0 N 0x4ff4
0x27c4fe4 N 0x27c4fe8
0xa528 T 0xf6c5c4
0xb54cb8 N 0xb54cbc
0xcd04 N 0xcd08
0xb54cb8 T 0xdcac8b4
0xe1a534 T 0x95cdc
0xec55b12c N 0xec55b130
0xe9db70 N 0xe9db74
0xd2e9c N 0xd2ea0
0x1a4 N 0x1a8
0xae4 N 0xae8
0x9628 N 0x962c
0x3a694 N 0x3a698
0xb54cb8 N 0xb54cbc
0x724 N 0x728
0xd54c N 0xd550
0xb54cb8 N 0xb54cbc
0x66b314 N 0x66b318
0x84c N 0x850
0xcd04 N 0xcd08
0x8bc N 0x8c0
0x4ff0 N 0x4ff4
0xae4 N 0xae8
0x1a4 N 0x1a8
0x39cf0 N 0x39cf4
0xbc4 N 0xbc8
0xbfb26c34 N 0xbfb26c38
0xae4 N 0xae8
0x36a144e8 N 0x36a144ec
0x3a694 N 0x3a698
0x9dbb8 N 0x9dbbc
0x84c T 0x8985f4
0x4ff0 N 0x4ff4
0xae4 T 0x6e1a08
0x9ad5440 N 0x9ad5444
0x54d60 N 0x54d64
0xd2e9c N 0xd2ea0
0xe9db70 N 0xe9db74
0x4ff0 N 0x4ff4
0x14cc598c N 0x14cc5990
0x7e290 N 0x7e294
0x7e290 T 0xc8cbe004
0xa1464 N 0xa1468
0x9628 N 0x962c
0x7e290 T 0xc8cbe004
0x9ad5440 N 0x9ad5444
0x3b4 N 0x3b8
0x7e290 T 0xc8cbe004
0xb54cb8 N 0xb54cbc
0xcd04 N 0xcd08
0xbfb26c34 N 0xbfb26c38
0x818 N 0x81c
0xbfb26c34 T 0x2caa54
0x22b8f350 N 0x22b8f354
0x84c N 0x850
0xcd04 T 0x1250
0x26248 N 0x2624c
0xa1464 N 0xa1468
0xcd04 N 0xcd08
0x9ad5440 T 0xdd58
0x14cc598c N 0x14cc5990
0xcd04 T 0x1250
0x7e290 N 0x7e294
0x724 N 0x728
0x7e290 T 0xc8cbe004
0x39cf0 N 0x39cf4
0xe9db70 N 0xe9db74
0x14cc598c T 0xa3ec40
0x27c4fe4 N 0x27c4fe8
0x27c4fe4 T 0x8536c00
0x1a4 N 0x1a8
0x254 N 0x258
0xec55b12c N 0xec55b130
0x36a144e8 N 0x36a144ec
0x3b4 N 0x3b8
0x254 N 0x258
0x66b314 N 0x66b318
0xa939b10 N 0xa939b14
0xb54cb8 N 0xb54cbc
0x54d60 N 0x54d64
0x54d60 T 0xbc4
0x910c N 0x9110
0x27c4fe4 N 0x27c4fe8
0x1a4 N 0x1a8
0x36a144e8 T 0xe5d7b0
0xe5620 N 0xe5624
0x14cc598c N 0x14cc5990
0x36a144e8 T 0xe5d7b0
0x36a144e8 T 0xe5d7b0
0xcadc0 N 0xcadc4
0x9ad5440 N 0x9ad5444
0xa528 N 0xa52c
0xec55b12c N 0xec55b130
0xe9db70 N 0xe9db74
0x39cf0 N 0x39cf4
0x66b314 T 0x95138
0x1a4 T 0xe74c
0x27c4fe4 N 0x27c4fe8
0x14cc598c N 0x14cc5990
0x36a144e8 N 0x36a144ec
0x39cf0 T 0x93ac50
0x8bc N 0x8c0
0xd2e9c N 0xd2ea0
0x84c N 0x850
0xcd04 N 0xcd08
0xe9db70 N 0xe9db74
0xe1a534 N 0xe1a538
0xcadc0 N 0xcadc4
0xcd04 T 0x1250
0x27c4fe4 N 0x27c4fe8
0x8bc N 0x8c0
0x9dbb8 N 0x9dbbc
0x9dbb8 T 0xc0bac
0x39cf0 N 0x39cf4
0x1a4 N 0x1a8
0x14cc598c N 0x14cc5990
0x66b314 N 0x66b318
0xbc4 N 0xbc8
0x2d74c N 0x2d750
0x9dbb8 T 0xc0bac
0xb54cb8 N 0xb54cbc
0x910c N 0x9110
0xe5620 N 0xe5624
0x14cc598c N 0x14cc5990
0x54d60 N 0x54d64
0x1a4 N 0x1a8
0x724 N 0x728
0x3b4 N 0x3b8
0xae4 N 0xae8
0x9ad5440 N 0x9ad5444
0x39cf0 T 0x93ac50
0xec55b12c N 0xec55b130
0x9dbb8 N 0x9dbbc
0xa939b10 N 0xa939b14
0xe1a534 N 0xe1a538
0xb54cb8 N 0xb54cbc
0x14cc598c N 0x14cc5990
0x8bc T 0x3cc
0xcd04 N 0xcd08
0x1a4 N 0x1a8
0xe1a534 T 0x95cdc
0xe5620 N 0xe5624
0xb54cb8 T 0xdcac8b4
0x254 N 0x258
0xe5620 T 0xfb4
0x1a4 T 0xe74c
0x54d60 N 0x54d64
0xd2e9c N 0xd2ea0
0x7e290 N 0x7e294
0x22b8f350 N 0x22b8f354
0x54d60 T 0xbc4
0xcd04 N 0xcd08
0xbfb26c34 N 0xbfb26c38
0xe9db70 N 0xe9db74
0xec55b12c N 0xec55b130
0x910c N 0x9110
0xe9db70 T 0xf0f6a0
0x84c N 0x850
0x9628 N 0x962c
0xe9db70 T 0xf0f6a0
0x3b4 N 0x3b8
0xec55b12c N 0xec55b130
0x39cf0 N 0x39cf4
0xa528 N 0xa52c
0xd2e9c T 0x767b4904
0xe1a534 N 0xe1a538
0xae4 N 0xae8
0x4ff0 N 0x4ff4
0x2d74c N 0x2d750
0x7e290 N 0x7e294
0x3a694 N 0x3a698
0x39cf0 N 0x39cf4
0xa1464 N 0xa1468
0x910c N 0x9110
0x3a694 T 0xc0c
0x2d74c N 0x2d750
0x4ff0 N 0x4ff4
0x39cf0 N 0x39cf4
0xbfb26c34 N 0xbfb26c38
0x3b4 N 0x3b8
0x26248 N 0x2624c
0x254 N 0x258
0x9ad5440 N 0x9ad5444
0xa1464 T 0x628b18
0x7e290 N 0x7e294
0x1a4 N 0x1a8
0x39cf0 N 0x39cf4
0xe1a534 N 0xe1a538
0x27c4fe4 N 0x27c4fe8
0xd54c N 0xd550
0x8bc N 0x8c0
0x7e290 N 0x7e294
0x818 N 0x81c
0x26248 T 0x7b60
0x9dbb8 N 0x9dbbc
0xec55b12c N 0xec55b130
0x4ff0 N 0x4ff4
0x84c N 0x850
0xcadc0 N 0xcadc4
0x818 N 0x81c
0x36a144e8 N 0x36a144ec
0x818 T 0x137dc980
0x9dbb8 N 0x9dbbc
0x724 N 0x728
0x3a694 N 0x3a698
0x818 N 0x81c
0xcd04 N 0xcd08
0x36a144e8 T 0xe5d7b0
0x14cc598c N 0x14cc5990
0x66b314 N 0x66b318
0x7e290 N 0x7e294
0x724 N 0x728
0x910c N 0x9110
0x4ff0 N 0x4ff4
0xec55b12c N 0xec55b130
0x3b4 N 0x3b8
0x4ff0 T 0x774
0xe1a534 N 0xe1a538
0xa939b10 N 0xa939b14
0xd2e9c N 0xd2ea0
0x39cf0 N 0x39cf4
0xa528 N 0xa52c
0x36a144e8 N 0x36a144ec
0x910c N 0x9110
0xbfb26c34 N 0xbfb26c38
0xa1464 N 0xa1468
0xb54cb8 N 0xb54cbc
0x724 N 0x728
0xd54c N 0xd550
0x910c N 0x9110
0x39cf0 T 0x93ac50
0x9628 N 0x962c
0xa939b10 N 0xa939b14
0x818 N 0x81c
0xa528 N 0xa52c
0x9628 N 0x962c
0x26248 N 0x2624c
0xae4 N 0xae8
0x36a144e8 N 0x36a144ec
0xd2e9c T 0x767b4904
0xe5620 N 0xe5624
0x26248 N 0x2624c
0xcd04 N 0xcd08
0x724 N 0x728
0x7e290 N 0x7e294
0xe9db70 N 0xe9db74
0x22b8f350 N 0x22b8f354
0x84c N 0x850
0x36a144e8 N 0x36a144ec
0x9dbb8 N 0x9dbbc
0xb54cb8 N 0xb54cbc
0xec55b12c N 0xec55b130
0x22b8f350 T 0x1c0fd88
0xb54cb8 T 0xdcac8b4
0x14cc598c N 0x14cc5990
0xb54cb8 T 0xdcac8b4
0xa939b10 N 0xa939b14
0xb54cb8 T 0xdcac8b4
0xd2e9c N 0xd2ea0
0x36a144e8 T 0xe5d7b0
0x84c N 0x850
0x36a144e8 N 0x36a144ec
0xd2e9c T 0x767b4904
0x27c4fe4 N 0x27c4fe8
0x254 N 0x258
0x8bc N 0x8c0
0x1a4 N 0x1a8
0x8bc T 0x3cc
0xbfb26c34 N 0xbfb26c38
0xe1a534 N 0xe1a538
0x54d60 N 0x54d64
0xe5620 N 0xe5624
0xe9db70 N 0xe9db74
0x3a694 N 0x3a698
0x254 N 0x258
0x724 N 0x728
0xd54c N 0xd550
0xa939b10 N 0xa939b14
0x724 T 0x905da4
0x818 N 0x81c
0xbc4 N 0xbc8
0xe9db70 N 0xe9db74
0xe1a534 N 0xe1a538
0x9628 N 0x962c
0x84c N 0x850
0xec55b12c N 0xec55b130
0xae4 N 0xae8
0x9628 T 0xa105c
0x254 N 0x258
0x54d60 N 0x54d64
0x2d74c N 0x2d750
0x7e290 N 0x7e294
0x3a694 N 0x3a698
0x2d74c T 0x13b0
0x3a694 T 0xc0c
0x9628 T 0xa105c
0x4ff0 N 0x4ff4
0x910c N 0x9110
0xcadc0 N 0xcadc4
0xbfb26c34 N 0xbfb26c38
0x14cc598c N 0x14cc5990
0x36a144e8 N 0x36a144ec
0xa1464 N 0xa1468
0xec55b12c N 0xec55b130
0xa528 N 0xa52c
0x3a694 N 0x3a698
0x910c N 0x9110
0x14cc598c N 0x14cc5990
0x66b314 N 0x66b318
0xe5620 N 0xe5624
0x7e290 N 0x7e294
0x14cc598c T 0xa3ec40
0x36a144e8 N 0x36a144ec
0x3a694 N 0x3a698
0x9ad5440 N 0x9ad5444
0x54d60 N 0x54d64
0x7e290 T 0xc8cbe004
0xbc4 N 0xbc8
0x2d74c N 0x2d750
0x9628 N 0x962c
0xa939b10 N 0xa939b14
0x26248 N 0x2624c
0x8bc T 0x3cc
0x26248 T 0x7b60
0x39cf0 N 0x39cf4
flush_num: 724, br_num: 1434, size: 2392b
