0xb1663c N 0xb16640
0xee7c0 N 0xee7c4
0xee7c0 T 0xaf52c
0xb1663c T 0xe7f2b0f8
0xb1663c T 0xe7f2b0f8
0xb1663c T 0xe7f2b0f8
0xb1663c T 0xe7f2b0f8
0xb1663c T 0xe7f2b0f8
0xee7c0 T 0xaf52c
0xc6ddc N 0xc6de0
0xee7c0 T 0xaf52c
0xee7c0 T 0xaf52c
0xc6ddc T 0xf5c
0xee7c0 T 0xaf52c
0xc6ddc T 0xf5c
0xc6ddc T 0xf5c
0xc6ddc T 0xf5c
0xee7c0 T 0xaf52c
0xc6ddc T 0xf5c
0xee7c0 T 0xaf52c
0xb1663c N 0xb16640
0xc6ddc N 0xc6de0
0xee7c0 T 0xaf52c
0xc6ddc T 0xf5c
0xb1663c N 0xb16640
0xee7c0 T 0xaf52c
0xee7c0 T 0xaf52c
0xee7c0 T 0xaf52c
0xc6ddc N 0xc6de0
0xb1663c N 0xb16640
0xc6ddc N 0xc6de0
0xee7c0 T 0xaf52c
0xee7c0 T 0xaf52c
0xb1663c N 0xb16640
0xee7c0 T 0xaf52c
0xb1663c T 0xe7f2b0f8
0xc6ddc N 0xc6de0
0xb1663c N 0xb16640
0xb1663c T 0xe7f2b0f8
0xb1663c T 0xe7f2b0f8
0xc6ddc N 0xc6de0
0xee7c0 T 0xaf52c
0xee7c0 T 0xaf52c
0xb1663c N 0xb16640
0xb1663c T 0xe7f2b0f8
0xc6ddc N 0xc6de0
0xee7c0 T 0xaf52c
flush_num: 27, br_num: 47, size: 936b
