0xc360 N 0xc364
0xc360 N 0xc364
0xc360 N 0xc364
0x9ee70 N 0x9ee74
0x9ee70 N 0x9ee74
0xc360 N 0xc364
0xc360 N 0xc364
0xc360 N 0xc364
0x9ee70 N 0x9ee74
0x1880 N 0x1884
0x9ee70 N 0x9ee74
0x9ee70 N 0x9ee74
0x9ee70 N 0x9ee74
0xc360 N 0xc364
0xc360 N 0xc364
0xc360 N 0xc364
0xc360 N 0xc364
0x9ee70 T 0x4cf4
0x9ee70 T 0xc0dfc
0x1880 T 0xc0dfc
0x1880 T 0x93c
0xc360 N 0xc364
0xc360 N 0xc364
0xc360 N 0xc364
0x1880 T 0x4cf4
0x1880 N 0x1884
0xc360 N 0xc364
0x1880 N 0x1884
0x1880 N 0x1884
0x9ee70 N 0x9ee74
0xc360 N 0xc364
0x1880 N 0x1884
0x1880 N 0x1884
0xc360 N 0xc364
0x1880 N 0x1884
0x9ee70 N 0x9ee74
0x9ee70 N 0x9ee74
0x9ee70 N 0x9ee74
0x9ee70 N 0x9ee74
0x1880 T 0xc0dfc
0x1880 T 0x93c
0x1880 T 0x93c
0xc360 T 0x93c
0x1880 T 0x4cf4
0x9ee70 N 0x9ee74
0x9ee70 N 0x9ee74
0x9ee70 N 0x9ee74
0x1880 T 0xc0dfc
0x9ee70 T 0x93c
0x9ee70 N 0x9ee74
0x1880 N 0x1884
0x1880 N 0x1884
0x1880 T 0x93c
0x9ee70 T 0x93c
0xc360 N 0xc364
0xc360 T 0x4cf4
0x1880 N 0x1884
0xc360 N 0xc364
0x1880 N 0x1884
0xc360 N 0xc364
0xc360 N 0xc364
0xc360 N 0xc364
0x9ee70 N 0x9ee74
0x1880 N 0x1884
0xc360 N 0xc364
0x9ee70 N 0x9ee74
0x9ee70 N 0x9ee74
0xc360 N 0xc364
0xc360 T 0x4cf4
0xc360 N 0xc364
0x9ee70 N 0x9ee74
0x1880 T 0xc0dfc
0x1880 T 0x93c
0x9ee70 N 0x9ee74
0x1880 T 0xc0dfc
0x9ee70 N 0x9ee74
0x9ee70 N 0x9ee74
0x1880 N 0x1884
0xc360 T 0x93c
0xc360 T 0x4cf4
0xc360 T 0x4cf4
0x1880 N 0x1884
0x9ee70 N 0x9ee74
0xc360 T 0xc0dfc
0x9ee70 T 0x4cf4
0xc360 T 0xc0dfc
0xc360 N 0xc364
0x1880 N 0x1884
0x9ee70 N 0x9ee74
0xc360 N 0xc364
0x1880 T 0x4cf4
0xc360 N 0xc364
0x1880 N 0x1884
0xc360 T 0x93c
0x9ee70 N 0x9ee74
0xc360 N 0xc364
0x9ee70 N 0x9ee74
0xc360 N 0xc364
0x9ee70 T 0x4cf4
0x9ee70 N 0x9ee74
0x1880 N 0x1884
0x1880 N 0x1884
0x9ee70 N 0x9ee74
0x1880 N 0x1884
0x9ee70 N 0x9ee74
0x1880 N 0x1884
0xc360 T 0x93c
0x9ee70 T 0x4cf4
0x9ee70 T 0xc0dfc
0x9ee70 N 0x9ee74
0xc360 N 0xc364
0x1880 T 0x4cf4
0x9ee70 T 0x93c
0x1880 T 0xc0dfc
0x9ee70 N 0x9ee74
0xc360 T 0xc0dfc
0x9ee70 T 0x4cf4
0xc360 T 0xc0dfc
0xc360 N 0xc364
0x9ee70 N 0x9ee74
0x1880 T 0xc0dfc
0xc360 N 0xc364
0x9ee70 T 0x4cf4
0x9ee70 T 0xc0dfc
0x1880 N 0x1884
0xc360 N 0xc364
0x1880 T 0x4cf4
0xc360 N 0xc364
0x9ee70 T 0x4cf4
0xc360 N 0xc364
0x9ee70 T 0x4cf4
0x1880 N 0x1884
0x1880 T 0x93c
0xc360 N 0xc364
0x9ee70 N 0x9ee74
0x9ee70 N 0x9ee74
0x1880 N 0x1884
0xc360 T 0x93c
0x1880 N 0x1884
0x9ee70 N 0x9ee74
0x1880 T 0xc0dfc
0x1880 T 0x93c
0xc360 T 0x93c
0x9ee70 N 0x9ee74
0x9ee70 T 0xc0dfc
0x9ee70 N 0x9ee74
0x1880 N 0x1884
0x1880 N 0x1884
0xc360 T 0x93c
0x1880 T 0x4cf4
0x1880 T 0x93c
0x1880 N 0x1884
0x9ee70 N 0x9ee74
0x9ee70 T 0xc0dfc
0xc360 N 0xc364
0x1880 T 0x4cf4
0x9ee70 T 0x93c
0xc360 T 0xc0dfc
0x9ee70 N 0x9ee74
0xc360 N 0xc364
0xc360 T 0x4cf4
0x9ee70 T 0x4cf4
0x1880 T 0xc0dfc
0xc360 T 0x93c
0x1880 N 0x1884
0xc360 N 0xc364
0xc360 T 0x4cf4
0x1880 T 0x4cf4
0xc360 N 0xc364
0x1880 T 0x4cf4
0x9ee70 N 0x9ee74
0xc360 N 0xc364
0x1880 N 0x1884
0x9ee70 T 0x93c
0x1880 N 0x1884
0xc360 T 0x93c
0x1880 T 0x4cf4
0x9ee70 N 0x9ee74
0xc360 T 0xc0dfc
0x1880 T 0x4cf4
0xc360 N 0xc364
0x1880 N 0x1884
0x1880 N 0x1884
0x9ee70 T 0x93c
0x9ee70 T 0xc0dfc
0x1880 N 0x1884
0xc360 T 0x93c
0x1880 T 0x4cf4
0x9ee70 T 0x93c
0x1880 N 0x1884
0xc360 N 0xc364
0xc360 T 0x4cf4
0x9ee70 N 0x9ee74
0x1880 T 0xc0dfc
0x1880 T 0x93c
0xc360 T 0x93c
0xc360 N 0xc364
0xc360 N 0xc364
0x1880 T 0x4cf4
0x1880 T 0x93c
0xc360 T 0x93c
0xc360 N 0xc364
0x9ee70 N 0x9ee74
0x9ee70 N 0x9ee74
0x9ee70 N 0x9ee74
0x9ee70 N 0x9ee74
0x1880 N 0x1884
0x1880 T 0x93c
0x1880 T 0x93c
0x1880 N 0x1884
0x9ee70 T 0x93c
0x9ee70 T 0xc0dfc
0xc360 N 0xc364
0x9ee70 T 0x4cf4
0x1880 T 0xc0dfc
0xc360 T 0x93c
0x1880 N 0x1884
0x1880 T 0x93c
0xc360 N 0xc364
0x9ee70 N 0x9ee74
0xc360 T 0xc0dfc
0x9ee70 N 0x9ee74
0x9ee70 N 0x9ee74
0x9ee70 T 0xc0dfc
0x9ee70 T 0xc0dfc
0xc360 T 0xc0dfc
0xc360 N 0xc364
0x1880 N 0x1884
0x9ee70 T 0x93c
0x9ee70 N 0x9ee74
0x1880 T 0xc0dfc
0x1880 T 0x93c
0x9ee70 N 0x9ee74
0x9ee70 T 0xc0dfc
0xc360 N 0xc364
0x1880 T 0x4cf4
0x9ee70 T 0x93c
0xc360 T 0xc0dfc
0x9ee70 T 0x4cf4
0x1880 N 0x1884
0x9ee70 T 0x93c
0x9ee70 T 0xc0dfc
0x9ee70 T 0xc0dfc
0xc360 T 0xc0dfc
0xc360 T 0x4cf4
0x9ee70 N 0x9ee74
0x9ee70 N 0x9ee74
0x1880 N 0x1884
0x1880 N 0x1884
0x9ee70 N 0x9ee74
0x9ee70 N 0x9ee74
0x1880 N 0x1884
0x1880 N 0x1884
0x9ee70 T 0x93c
0x1880 T 0xc0dfc
0x9ee70 N 0x9ee74
0x9ee70 N 0x9ee74
0x1880 N 0x1884
0x1880 N 0x1884
0xc360 N 0xc364
0x1880 N 0x1884
0xc360 N 0xc364
0x1880 T 0x4cf4
0x9ee70 T 0x93c
0x1880 N 0x1884
0xc360 N 0xc364
0x9ee70 N 0x9ee74
0x1880 N 0x1884
0x1880 N 0x1884
0x1880 N 0x1884
0x9ee70 N 0x9ee74
0x9ee70 N 0x9ee74
0x9ee70 T 0xc0dfc
0x1880 N 0x1884
0x9ee70 T 0x93c
0xc360 T 0xc0dfc
0x1880 T 0x4cf4
0xc360 T 0x93c
0xc360 T 0x4cf4
0x1880 N 0x1884
0x9ee70 N 0x9ee74
0x1880 T 0xc0dfc
0x1880 T 0x93c
0x1880 N 0x1884
0x9ee70 N 0x9ee74
0x9ee70 T 0xc0dfc
0x9ee70 T 0xc0dfc
0x9ee70 N 0x9ee74
0x9ee70 N 0x9ee74
0x9ee70 T 0xc0dfc
0xc360 T 0xc0dfc
0xc360 T 0x4cf4
0x1880 N 0x1884
0x9ee70 N 0x9ee74
0x1880 T 0xc0dfc
0x1880 N 0x1884
0x9ee70 T 0x93c
0xc360 N 0xc364
0x1880 T 0x4cf4
0x9ee70 N 0x9ee74
0x9ee70 T 0xc0dfc
0xc360 N 0xc364
0x9ee70 T 0x4cf4
0xc360 T 0xc0dfc
0x1880 T 0x4cf4
0x1880 N 0x1884
0x1880 T 0x93c
0x1880 T 0x93c
0xc360 T 0x93c
0x9ee70 N 0x9ee74
0x1880 N 0x1884
0x1880 N 0x1884
0x9ee70 N 0x9ee74
0x1880 N 0x1884
0xc360 N 0xc364
0x9ee70 N 0x9ee74
0x1880 T 0xc0dfc
0x1880 N 0x1884
0x9ee70 T 0x93c
0x9ee70 N 0x9ee74
0x9ee70 T 0xc0dfc
0x9ee70 T 0xc0dfc
0x9ee70 N 0x9ee74
0x9ee70 T 0xc0dfc
0x9ee70 T 0xc0dfc
0xc360 T 0xc0dfc
0x1880 T 0x4cf4
0x9ee70 N 0x9ee74
0xc360 T 0xc0dfc
0x9ee70 T 0x4cf4
0xc360 N 0xc364
0x1880 T 0x4cf4
0x9ee70 N 0x9ee74
0xc360 N 0xc364
0x1880 T 0x4cf4
0xc360 T 0x93c
0x1880 T 0x4cf4
0xc360 T 0x93c
0x9ee70 N 0x9ee74
0xc360 T 0xc0dfc
0x9ee70 N 0x9ee74
0xc360 T 0xc0dfc
0x9ee70 T 0x4cf4
0xc360 T 0xc0dfc
0x9ee70 T 0x4cf4
0xc360 N 0xc364
0x9ee70 T 0x4cf4
0x1880 N 0x1884
0xc360 N 0xc364
0xc360 N 0xc364
0xc360 N 0xc364
0x9ee70 N 0x9ee74
0xc360 N 0xc364
0xc360 N 0xc364
0x1880 N 0x1884
0x1880 N 0x1884
0x1880 N 0x1884
0x9ee70 N 0x9ee74
0xc360 N 0xc364
0x1880 T 0x4cf4
0xc360 T 0x93c
0x9ee70 N 0x9ee74
0xc360 N 0xc364
0xc360 N 0xc364
0x1880 N 0x1884
0x9ee70 T 0x93c
0x1880 N 0x1884
0x1880 T 0x93c
0x9ee70 T 0x93c
0x1880 N 0x1884
0x1880 T 0x93c
0x1880 T 0x93c
0x1880 T 0x93c
0x9ee70 N 0x9ee74
0xc360 T 0xc0dfc
0xc360 N 0xc364
0xc360 N 0xc364
0xc360 T 0x4cf4
0xc360 T 0x4cf4
0x9ee70 N 0x9ee74
flush_num: 241, br_num: 380, size: 167b
