0x3aa48 N 0x3aa4c
0x9b9e48 N 0x9b9e4c
0x9b9e48 N 0x9b9e4c
0x3aa48 N 0x3aa4c
0x9b9e48 N 0x9b9e4c
0x9b9e48 N 0x9b9e4c
0x9b9e48 N 0x9b9e4c
0x3aa48 N 0x3aa4c
0x9b9e48 N 0x9b9e4c
0x3aa48 T 0x2f278
0x9b9e48 T 0xd115d8
0x3aa48 T 0x2f278
0x9b9e48 N 0x9b9e4c
0x9b9e48 T 0x2f278
0x9b9e48 T 0x2f278
0x3aa48 N 0x3aa4c
0x9b9e48 N 0x9b9e4c
0x3aa48 N 0x3aa4c
0x9b9e48 N 0x9b9e4c
0x3aa48 N 0x3aa4c
0x3aa48 N 0x3aa4c
0x9b9e48 N 0x9b9e4c
0x3aa48 N 0x3aa4c
0x9b9e48 N 0x9b9e4c
0x9b9e48 N 0x9b9e4c
0x3aa48 N 0x3aa4c
0x9b9e48 N 0x9b9e4c
0x9b9e48 N 0x9b9e4c
0x9b9e48 N 0x9b9e4c
0x9b9e48 N 0x9b9e4c
0x9b9e48 N 0x9b9e4c
0x9b9e48 N 0x9b9e4c
0x9b9e48 N 0x9b9e4c
0x3aa48 N 0x3aa4c
0x9b9e48 N 0x9b9e4c
0x9b9e48 N 0x9b9e4c
0x9b9e48 N 0x9b9e4c
0x9b9e48 N 0x9b9e4c
0x9b9e48 N 0x9b9e4c
0x3aa48 T 0x2f278
0x9b9e48 T 0xd115d8
0x3aa48 N 0x3aa4c
0x9b9e48 N 0x9b9e4c
0x9b9e48 N 0x9b9e4c
0x3aa48 N 0x3aa4c
0x3aa48 N 0x3aa4c
0x9b9e48 T 0xd115d8
0x9b9e48 N 0x9b9e4c
0x9b9e48 N 0x9b9e4c
0x9b9e48 N 0x9b9e4c
0x9b9e48 N 0x9b9e4c
0x9b9e48 N 0x9b9e4c
0x3aa48 N 0x3aa4c
0x3aa48 T 0xd115d8
0x3aa48 N 0x3aa4c
0x3aa48 N 0x3aa4c
0x3aa48 T 0xd115d8
0x9b9e48 N 0x9b9e4c
0x9b9e48 N 0x9b9e4c
0x3aa48 N 0x3aa4c
0x9b9e48 N 0x9b9e4c
0x9b9e48 N 0x9b9e4c
0x9b9e48 N 0x9b9e4c
0x3aa48 N 0x3aa4c
0x3aa48 N 0x3aa4c
0x3aa48 N 0x3aa4c
0x3aa48 N 0x3aa4c
0x9b9e48 N 0x9b9e4c
0x3aa48 N 0x3aa4c
0x9b9e48 N 0x9b9e4c
0x9b9e48 N 0x9b9e4c
0x9b9e48 N 0x9b9e4c
0x3aa48 N 0x3aa4c
0x3aa48 N 0x3aa4c
0x3aa48 N 0x3aa4c
0x9b9e48 N 0x9b9e4c
0x3aa48 N 0x3aa4c
0x3aa48 N 0x3aa4c
0x9b9e48 N 0x9b9e4c
0x3aa48 N 0x3aa4c
0x3aa48 N 0x3aa4c
0x3aa48 N 0x3aa4c
0x9b9e48 T 0xd115d8
0x9b9e48 N 0x9b9e4c
0x9b9e48 T 0x2f278
0x3aa48 N 0x3aa4c
0x3aa48 T 0xd115d8
0x9b9e48 T 0xd115d8
0x9b9e48 N 0x9b9e4c
0x9b9e48 N 0x9b9e4c
0x9b9e48 N 0x9b9e4c
0x9b9e48 N 0x9b9e4c
0x3aa48 N 0x3aa4c
0x9b9e48 T 0xd115d8
0x9b9e48 T 0x2f278
0x9b9e48 T 0x2f278
0x3aa48 N 0x3aa4c
0x9b9e48 N 0x9b9e4c
0x3aa48 T 0x2f278
0x9b9e48 N 0x9b9e4c
0x9b9e48 N 0x9b9e4c
0x3aa48 N 0x3aa4c
0x3aa48 N 0x3aa4c
0x3aa48 T 0xd115d8
0x3aa48 N 0x3aa4c
0x9b9e48 N 0x9b9e4c
0x3aa48 N 0x3aa4c
0x9b9e48 T 0xd115d8
0x3aa48 T 0x2f278
0x9b9e48 T 0xd115d8
0x9b9e48 N 0x9b9e4c
0x3aa48 N 0x3aa4c
0x3aa48 T 0xd115d8
0x3aa48 T 0xd115d8
0x9b9e48 N 0x9b9e4c
0x9b9e48 T 0x2f278
0x3aa48 T 0x2f278
0x9b9e48 N 0x9b9e4c
0x3aa48 N 0x3aa4c
0x9b9e48 T 0xd115d8
0x9b9e48 T 0x2f278
0x3aa48 N 0x3aa4c
0x9b9e48 N 0x9b9e4c
0x3aa48 N 0x3aa4c
0x9b9e48 T 0xd115d8
0x3aa48 N 0x3aa4c
0x3aa48 N 0x3aa4c
0x3aa48 N 0x3aa4c
0x9b9e48 N 0x9b9e4c
0x3aa48 N 0x3aa4c
0x9b9e48 N 0x9b9e4c
0x3aa48 T 0x2f278
0x3aa48 N 0x3aa4c
0x9b9e48 N 0x9b9e4c
0x9b9e48 T 0x2f278
0x9b9e48 N 0x9b9e4c
0x3aa48 N 0x3aa4c
0x3aa48 T 0xd115d8
0x3aa48 T 0xd115d8
0x9b9e48 T 0xd115d8
0x3aa48 T 0x2f278
0x3aa48 T 0xd115d8
0x9b9e48 T 0xd115d8
0x9b9e48 N 0x9b9e4c
0x3aa48 T 0x2f278
0x9b9e48 T 0xd115d8
0x9b9e48 N 0x9b9e4c
0x3aa48 T 0x2f278
0x3aa48 T 0xd115d8
0x9b9e48 N 0x9b9e4c
0x3aa48 T 0x2f278
0x9b9e48 T 0xd115d8
0x9b9e48 T 0x2f278
0x9b9e48 T 0x2f278
0x9b9e48 T 0x2f278
0x3aa48 T 0x2f278
0x3aa48 T 0xd115d8
0x9b9e48 T 0xd115d8
0x9b9e48 T 0x2f278
0x9b9e48 T 0x2f278
0x9b9e48 T 0x2f278
0x3aa48 T 0x2f278
0x3aa48 T 0xd115d8
0x3aa48 T 0xd115d8
0x9b9e48 N 0x9b9e4c
0x9b9e48 T 0x2f278
0x9b9e48 T 0x2f278
0x3aa48 T 0x2f278
0x3aa48 T 0xd115d8
0x3aa48 T 0xd115d8
0x3aa48 T 0xd115d8
0x3aa48 T 0xd115d8
0x9b9e48 N 0x9b9e4c
0x9b9e48 N 0x9b9e4c
0x3aa48 T 0x2f278
0x9b9e48 N 0x9b9e4c
0x3aa48 N 0x3aa4c
0x3aa48 T 0xd115d8
0x9b9e48 N 0x9b9e4c
0x3aa48 T 0x2f278
0x3aa48 T 0xd115d8
0x3aa48 N 0x3aa4c
0x9b9e48 N 0x9b9e4c
0x9b9e48 N 0x9b9e4c
0x3aa48 N 0x3aa4c
0x3aa48 N 0x3aa4c
0x3aa48 N 0x3aa4c
0x3aa48 N 0x3aa4c
0x9b9e48 N 0x9b9e4c
0x3aa48 N 0x3aa4c
0x9b9e48 N 0x9b9e4c
0x3aa48 N 0x3aa4c
0x9b9e48 N 0x9b9e4c
0x9b9e48 N 0x9b9e4c
0x9b9e48 T 0x2f278
0x9b9e48 T 0x2f278
0x3aa48 N 0x3aa4c
0x3aa48 N 0x3aa4c
0x3aa48 N 0x3aa4c
0x9b9e48 N 0x9b9e4c
0x9b9e48 N 0x9b9e4c
0x3aa48 N 0x3aa4c
0x3aa48 N 0x3aa4c
0x9b9e48 N 0x9b9e4c
0x3aa48 N 0x3aa4c
0x9b9e48 N 0x9b9e4c
0x9b9e48 N 0x9b9e4c
0x9b9e48 T 0x2f278
0x9b9e48 N 0x9b9e4c
0x9b9e48 N 0x9b9e4c
0x3aa48 N 0x3aa4c
0x9b9e48 N 0x9b9e4c
0x3aa48 N 0x3aa4c
0x3aa48 N 0x3aa4c
0x9b9e48 N 0x9b9e4c
0x9b9e48 N 0x9b9e4c
0x3aa48 N 0x3aa4c
0x3aa48 N 0x3aa4c
0x3aa48 T 0xd115d8
0x9b9e48 T 0xd115d8
0x9b9e48 T 0x2f278
0x9b9e48 N 0x9b9e4c
0x9b9e48 N 0x9b9e4c
0x3aa48 N 0x3aa4c
0x3aa48 T 0xd115d8
0x9b9e48 T 0xd115d8
0x3aa48 N 0x3aa4c
0x3aa48 T 0xd115d8
0x9b9e48 T 0xd115d8
0x3aa48 T 0x2f278
0x3aa48 N 0x3aa4c
0x9b9e48 N 0x9b9e4c
0x9b9e48 T 0x2f278
0x9b9e48 N 0x9b9e4c
0x9b9e48 N 0x9b9e4c
0x3aa48 T 0x2f278
0x3aa48 T 0xd115d8
0x9b9e48 T 0xd115d8
0x9b9e48 T 0x2f278
0x3aa48 T 0x2f278
0x9b9e48 T 0xd115d8
0x3aa48 T 0x2f278
0x9b9e48 T 0xd115d8
0x3aa48 T 0x2f278
0x3aa48 T 0xd115d8
0x9b9e48 T 0xd115d8
0x9b9e48 N 0x9b9e4c
0x3aa48 T 0x2f278
0x3aa48 T 0xd115d8
0x3aa48 T 0xd115d8
0x3aa48 N 0x3aa4c
0x9b9e48 T 0xd115d8
0x3aa48 T 0x2f278
0x9b9e48 T 0xd115d8
0x3aa48 T 0x2f278
0x3aa48 T 0xd115d8
0x3aa48 N 0x3aa4c
0x3aa48 N 0x3aa4c
0x3aa48 N 0x3aa4c
0x3aa48 T 0xd115d8
0x3aa48 T 0xd115d8
0x3aa48 N 0x3aa4c
0x9b9e48 T 0xd115d8
0x9b9e48 T 0x2f278
0x9b9e48 N 0x9b9e4c
0x9b9e48 N 0x9b9e4c
0x9b9e48 N 0x9b9e4c
0x3aa48 N 0x3aa4c
0x9b9e48 N 0x9b9e4c
0x3aa48 N 0x3aa4c
0x9b9e48 N 0x9b9e4c
0x3aa48 T 0x2f278
0x3aa48 T 0xd115d8
0x3aa48 N 0x3aa4c
0x9b9e48 N 0x9b9e4c
0x9b9e48 N 0x9b9e4c
0x3aa48 N 0x3aa4c
0x3aa48 N 0x3aa4c
0x3aa48 N 0x3aa4c
0x9b9e48 N 0x9b9e4c
0x9b9e48 T 0x2f278
0x3aa48 T 0x2f278
0x3aa48 T 0xd115d8
0x3aa48 N 0x3aa4c
0x3aa48 T 0xd115d8
0x9b9e48 T 0xd115d8
0x9b9e48 N 0x9b9e4c
0x3aa48 T 0x2f278
0x3aa48 T 0xd115d8
0x9b9e48 T 0xd115d8
0x9b9e48 T 0x2f278
0x3aa48 N 0x3aa4c
0x3aa48 N 0x3aa4c
0x9b9e48 N 0x9b9e4c
0x9b9e48 N 0x9b9e4c
0x9b9e48 N 0x9b9e4c
0x9b9e48 T 0x2f278
0x3aa48 N 0x3aa4c
0x9b9e48 N 0x9b9e4c
0x9b9e48 T 0x2f278
0x9b9e48 T 0x2f278
0x3aa48 T 0x2f278
0x3aa48 T 0xd115d8
0x3aa48 N 0x3aa4c
0x9b9e48 N 0x9b9e4c
0x9b9e48 T 0x2f278
0x3aa48 T 0x2f278
0x3aa48 N 0x3aa4c
0x3aa48 N 0x3aa4c
0x3aa48 N 0x3aa4c
0x9b9e48 T 0xd115d8
0x9b9e48 N 0x9b9e4c
0x3aa48 N 0x3aa4c
0x9b9e48 T 0xd115d8
0x9b9e48 N 0x9b9e4c
0x9b9e48 N 0x9b9e4c
0x3aa48 N 0x3aa4c
0x3aa48 N 0x3aa4c
0x9b9e48 N 0x9b9e4c
0x9b9e48 N 0x9b9e4c
0x3aa48 N 0x3aa4c
0x3aa48 N 0x3aa4c
0x9b9e48 N 0x9b9e4c
0x9b9e48 N 0x9b9e4c
0x3aa48 N 0x3aa4c
0x9b9e48 T 0xd115d8
0x9b9e48 N 0x9b9e4c
0x3aa48 N 0x3aa4c
0x3aa48 T 0xd115d8
0x3aa48 N 0x3aa4c
0x9b9e48 N 0x9b9e4c
0x3aa48 N 0x3aa4c
0x9b9e48 N 0x9b9e4c
0x3aa48 N 0x3aa4c
0x9b9e48 N 0x9b9e4c
0x3aa48 N 0x3aa4c
0x3aa48 N 0x3aa4c
0x3aa48 N 0x3aa4c
0x3aa48 N 0x3aa4c
0x9b9e48 N 0x9b9e4c
0x3aa48 N 0x3aa4c
0x3aa48 N 0x3aa4c
0x9b9e48 N 0x9b9e4c
0x9b9e48 T 0x2f278
0x3aa48 N 0x3aa4c
0x9b9e48 N 0x9b9e4c
0x9b9e48 T 0x2f278
0x9b9e48 T 0x2f278
0x3aa48 T 0x2f278
0x3aa48 T 0xd115d8
0x3aa48 T 0xd115d8
0x3aa48 N 0x3aa4c
0x3aa48 N 0x3aa4c
0x9b9e48 T 0xd115d8
0x3aa48 T 0x2f278
0x9b9e48 T 0xd115d8
0x3aa48 N 0x3aa4c
0x3aa48 N 0x3aa4c
0x9b9e48 N 0x9b9e4c
0x3aa48 N 0x3aa4c
0x9b9e48 T 0xd115d8
0x3aa48 T 0x2f278
0x3aa48 T 0xd115d8
0x9b9e48 T 0xd115d8
0x9b9e48 T 0x2f278
0x9b9e48 T 0x2f278
0x9b9e48 N 0x9b9e4c
0x3aa48 T 0x2f278
0x9b9e48 T 0xd115d8
0x9b9e48 T 0x2f278
0x9b9e48 T 0x2f278
0x3aa48 T 0x2f278
0x3aa48 T 0xd115d8
0x9b9e48 T 0xd115d8
0x3aa48 T 0x2f278
0x3aa48 T 0xd115d8
0x3aa48 T 0xd115d8
0x9b9e48 T 0xd115d8
0x3aa48 T 0x2f278
0x3aa48 T 0xd115d8
0x3aa48 T 0xd115d8
0x3aa48 T 0xd115d8
0x3aa48 T 0xd115d8
0x9b9e48 T 0xd115d8
0x3aa48 T 0x2f278
0x9b9e48 T 0xd115d8
0x3aa48 T 0x2f278
0x3aa48 N 0x3aa4c
0x3aa48 N 0x3aa4c
0x3aa48 T 0xd115d8
0x3aa48 N 0x3aa4c
0x3aa48 N 0x3aa4c
0x3aa48 N 0x3aa4c
0x9b9e48 T 0xd115d8
0x3aa48 N 0x3aa4c
0x3aa48 N 0x3aa4c
0x9b9e48 N 0x9b9e4c
0x3aa48 T 0x2f278
0x3aa48 N 0x3aa4c
0x3aa48 T 0xd115d8
0x9b9e48 N 0x9b9e4c
0x9b9e48 T 0x2f278
0x3aa48 T 0x2f278
0x9b9e48 N 0x9b9e4c
0x3aa48 N 0x3aa4c
0x9b9e48 T 0xd115d8
0x3aa48 T 0x2f278
0x3aa48 N 0x3aa4c
0x3aa48 T 0xd115d8
0x3aa48 T 0xd115d8
0x3aa48 N 0x3aa4c
0x9b9e48 N 0x9b9e4c
0x9b9e48 T 0x2f278
0x9b9e48 N 0x9b9e4c
0x9b9e48 T 0x2f278
0x3aa48 T 0x2f278
0x9b9e48 N 0x9b9e4c
0x3aa48 N 0x3aa4c
0x9b9e48 N 0x9b9e4c
0x9b9e48 N 0x9b9e4c
0x9b9e48 N 0x9b9e4c
0x3aa48 N 0x3aa4c
0x3aa48 T 0xd115d8
0x9b9e48 T 0xd115d8
0x9b9e48 N 0x9b9e4c
0x3aa48 N 0x3aa4c
0x9b9e48 T 0xd115d8
0x3aa48 T 0x2f278
0x3aa48 N 0x3aa4c
0x3aa48 T 0xd115d8
0x3aa48 T 0xd115d8
0x3aa48 T 0xd115d8
0x3aa48 T 0xd115d8
0x9b9e48 T 0xd115d8
0x9b9e48 T 0x2f278
0x9b9e48 N 0x9b9e4c
0x9b9e48 T 0x2f278
0x3aa48 T 0x2f278
0x9b9e48 N 0x9b9e4c
0x9b9e48 N 0x9b9e4c
0x9b9e48 N 0x9b9e4c
0x3aa48 N 0x3aa4c
0x9b9e48 N 0x9b9e4c
0x9b9e48 N 0x9b9e4c
0x9b9e48 N 0x9b9e4c
0x9b9e48 N 0x9b9e4c
0x9b9e48 N 0x9b9e4c
0x9b9e48 N 0x9b9e4c
0x3aa48 N 0x3aa4c
0x9b9e48 N 0x9b9e4c
0x3aa48 T 0x2f278
0x9b9e48 N 0x9b9e4c
0x9b9e48 N 0x9b9e4c
0x3aa48 N 0x3aa4c
0x9b9e48 N 0x9b9e4c
0x9b9e48 T 0x2f278
0x9b9e48 N 0x9b9e4c
0x9b9e48 N 0x9b9e4c
0x9b9e48 T 0x2f278
0x9b9e48 N 0x9b9e4c
0x3aa48 N 0x3aa4c
0x3aa48 N 0x3aa4c
0x9b9e48 N 0x9b9e4c
0x9b9e48 N 0x9b9e4c
0x3aa48 N 0x3aa4c
0x3aa48 N 0x3aa4c
0x9b9e48 N 0x9b9e4c
0x3aa48 N 0x3aa4c
0x9b9e48 N 0x9b9e4c
0x9b9e48 N 0x9b9e4c
0x3aa48 N 0x3aa4c
0x9b9e48 N 0x9b9e4c
0x3aa48 T 0x2f278
0x3aa48 T 0xd115d8
0x3aa48 N 0x3aa4c
0x9b9e48 N 0x9b9e4c
0x9b9e48 T 0x2f278
0x9b9e48 T 0x2f278
0x9b9e48 T 0x2f278
0x3aa48 T 0x2f278
0x9b9e48 T 0xd115d8
0x3aa48 N 0x3aa4c
0x3aa48 T 0xd115d8
0x3aa48 T 0xd115d8
0x9b9e48 T 0xd115d8
0x3aa48 T 0x2f278
0x3aa48 T 0xd115d8
0x3aa48 T 0xd115d8
0x3aa48 T 0xd115d8
0x3aa48 T 0xd115d8
0x3aa48 T 0xd115d8
0x3aa48 T 0xd115d8
0x3aa48 T 0xd115d8
0x3aa48 N 0x3aa4c
0x9b9e48 T 0xd115d8
0x9b9e48 T 0x2f278
0x9b9e48 N 0x9b9e4c
0x9b9e48 N 0x9b9e4c
0x9b9e48 N 0x9b9e4c
0x9b9e48 T 0x2f278
0x9b9e48 N 0x9b9e4c
0x9b9e48 N 0x9b9e4c
0x9b9e48 T 0x2f278
0x9b9e48 T 0x2f278
0x9b9e48 T 0x2f278
0x3aa48 T 0x2f278
0x9b9e48 T 0xd115d8
0x9b9e48 N 0x9b9e4c
0x9b9e48 T 0x2f278
0x3aa48 T 0x2f278
0x9b9e48 T 0xd115d8
0x3aa48 T 0x2f278
0x3aa48 T 0xd115d8
0x3aa48 T 0xd115d8
0x9b9e48 T 0xd115d8
0x9b9e48 T 0x2f278
0x9b9e48 T 0x2f278
0x9b9e48 T 0x2f278
0x3aa48 N 0x3aa4c
0x9b9e48 N 0x9b9e4c
0x9b9e48 N 0x9b9e4c
0x9b9e48 N 0x9b9e4c
0x9b9e48 N 0x9b9e4c
0x9b9e48 N 0x9b9e4c
0x3aa48 N 0x3aa4c
0x3aa48 T 0xd115d8
0x3aa48 N 0x3aa4c
0x9b9e48 N 0x9b9e4c
0x9b9e48 T 0x2f278
0x9b9e48 T 0x2f278
0x9b9e48 T 0x2f278
0x3aa48 T 0x2f278
0x9b9e48 N 0x9b9e4c
0x3aa48 T 0x2f278
0x9b9e48 T 0xd115d8
0x3aa48 T 0x2f278
0x3aa48 T 0xd115d8
0x3aa48 T 0xd115d8
0x9b9e48 T 0xd115d8
0x3aa48 T 0x2f278
0x3aa48 T 0xd115d8
0x3aa48 T 0xd115d8
0x9b9e48 T 0xd115d8
0x9b9e48 T 0x2f278
0x9b9e48 T 0x2f278
0x3aa48 T 0x2f278
0x3aa48 T 0xd115d8
0x9b9e48 T 0xd115d8
0x3aa48 T 0x2f278
0x3aa48 T 0xd115d8
0x9b9e48 T 0xd115d8
0x3aa48 N 0x3aa4c
0x9b9e48 T 0xd115d8
0x9b9e48 T 0x2f278
0x3aa48 T 0x2f278
0x9b9e48 T 0xd115d8
0x9b9e48 T 0x2f278
0x3aa48 T 0x2f278
0x3aa48 T 0xd115d8
0x9b9e48 T 0xd115d8
0x3aa48 T 0x2f278
0x3aa48 T 0xd115d8
0x3aa48 N 0x3aa4c
0x9b9e48 N 0x9b9e4c
0x9b9e48 T 0x2f278
0x9b9e48 N 0x9b9e4c
0x9b9e48 N 0x9b9e4c
0x3aa48 N 0x3aa4c
0x9b9e48 N 0x9b9e4c
0x9b9e48 N 0x9b9e4c
0x9b9e48 T 0x2f278
0x3aa48 T 0x2f278
0x3aa48 N 0x3aa4c
0x3aa48 N 0x3aa4c
0x9b9e48 T 0xd115d8
0x9b9e48 N 0x9b9e4c
0x9b9e48 N 0x9b9e4c
0x9b9e48 N 0x9b9e4c
0x3aa48 N 0x3aa4c
0x3aa48 N 0x3aa4c
0x3aa48 N 0x3aa4c
0x9b9e48 N 0x9b9e4c
0x9b9e48 N 0x9b9e4c
0x9b9e48 N 0x9b9e4c
0x9b9e48 N 0x9b9e4c
0x9b9e48 N 0x9b9e4c
0x9b9e48 T 0x2f278
0x3aa48 T 0x2f278
0x9b9e48 T 0xd115d8
0x9b9e48 T 0x2f278
0x3aa48 T 0x2f278
0x3aa48 T 0xd115d8
0x9b9e48 T 0xd115d8
0x9b9e48 T 0x2f278
0x9b9e48 N 0x9b9e4c
0x3aa48 T 0x2f278
0x9b9e48 T 0xd115d8
0x3aa48 N 0x3aa4c
0x9b9e48 T 0xd115d8
0x9b9e48 T 0x2f278
0x9b9e48 T 0x2f278
0x9b9e48 T 0x2f278
0x9b9e48 T 0x2f278
0x9b9e48 T 0x2f278
0x3aa48 T 0x2f278
0x3aa48 N 0x3aa4c
0x9b9e48 T 0xd115d8
0x3aa48 T 0x2f278
0x3aa48 N 0x3aa4c
0x9b9e48 T 0xd115d8
0x3aa48 T 0x2f278
0x9b9e48 N 0x9b9e4c
0x9b9e48 N 0x9b9e4c
0x9b9e48 N 0x9b9e4c
0x3aa48 N 0x3aa4c
0x9b9e48 N 0x9b9e4c
0x3aa48 N 0x3aa4c
0x9b9e48 T 0xd115d8
0x9b9e48 N 0x9b9e4c
0x9b9e48 N 0x9b9e4c
0x3aa48 T 0x2f278
0x3aa48 N 0x3aa4c
0x9b9e48 N 0x9b9e4c
0x9b9e48 T 0x2f278
0x9b9e48 T 0x2f278
0x9b9e48 N 0x9b9e4c
0x9b9e48 N 0x9b9e4c
0x9b9e48 T 0x2f278
0x9b9e48 N 0x9b9e4c
0x9b9e48 T 0x2f278
0x9b9e48 N 0x9b9e4c
0x3aa48 T 0x2f278
0x3aa48 N 0x3aa4c
0x3aa48 N 0x3aa4c
0x3aa48 T 0xd115d8
0x3aa48 N 0x3aa4c
0x3aa48 T 0xd115d8
0x3aa48 T 0xd115d8
0x3aa48 N 0x3aa4c
0x3aa48 N 0x3aa4c
0x9b9e48 T 0xd115d8
0x3aa48 T 0x2f278
0x9b9e48 N 0x9b9e4c
0x9b9e48 T 0x2f278
0x9b9e48 T 0x2f278
0x9b9e48 N 0x9b9e4c
0x9b9e48 N 0x9b9e4c
0x3aa48 T 0x2f278
0x9b9e48 N 0x9b9e4c
0x3aa48 N 0x3aa4c
0x9b9e48 T 0xd115d8
0x3aa48 T 0x2f278
0x3aa48 N 0x3aa4c
0x9b9e48 T 0xd115d8
0x3aa48 T 0x2f278
0x3aa48 T 0xd115d8
0x3aa48 T 0xd115d8
0x3aa48 T 0xd115d8
0x9b9e48 T 0xd115d8
0x3aa48 T 0x2f278
0x3aa48 N 0x3aa4c
0x3aa48 N 0x3aa4c
0x9b9e48 N 0x9b9e4c
0x3aa48 T 0x2f278
0x9b9e48 N 0x9b9e4c
0x3aa48 N 0x3aa4c
0x9b9e48 T 0xd115d8
0x9b9e48 N 0x9b9e4c
0x9b9e48 N 0x9b9e4c
0x3aa48 T 0x2f278
0x3aa48 N 0x3aa4c
0x3aa48 N 0x3aa4c
0x9b9e48 T 0xd115d8
0x9b9e48 T 0x2f278
0x9b9e48 N 0x9b9e4c
0x9b9e48 T 0x2f278
0x3aa48 T 0x2f278
0x3aa48 T 0xd115d8
0x9b9e48 T 0xd115d8
0x9b9e48 T 0x2f278
0x3aa48 T 0x2f278
0x9b9e48 T 0xd115d8
0x3aa48 T 0x2f278
0x3aa48 T 0xd115d8
0x3aa48 T 0xd115d8
0x3aa48 N 0x3aa4c
0x9b9e48 T 0xd115d8
0x3aa48 T 0x2f278
0x9b9e48 N 0x9b9e4c
0x3aa48 N 0x3aa4c
0x9b9e48 T 0xd115d8
0x3aa48 N 0x3aa4c
0x9b9e48 T 0xd115d8
0x3aa48 T 0x2f278
0x3aa48 N 0x3aa4c
0x9b9e48 N 0x9b9e4c
0x9b9e48 T 0x2f278
0x9b9e48 N 0x9b9e4c
0x9b9e48 T 0x2f278
0x9b9e48 T 0x2f278
0x9b9e48 N 0x9b9e4c
0x9b9e48 N 0x9b9e4c
0x3aa48 N 0x3aa4c
0x3aa48 T 0xd115d8
0x3aa48 N 0x3aa4c
0x9b9e48 N 0x9b9e4c
0x9b9e48 N 0x9b9e4c
0x3aa48 T 0x2f278
0x3aa48 T 0xd115d8
0x9b9e48 T 0xd115d8
0x9b9e48 T 0x2f278
0x3aa48 T 0x2f278
0x3aa48 T 0xd115d8
0x3aa48 T 0xd115d8
0x3aa48 T 0xd115d8
0x9b9e48 N 0x9b9e4c
0x9b9e48 N 0x9b9e4c
0x9b9e48 T 0x2f278
0x3aa48 T 0x2f278
0x9b9e48 T 0xd115d8
0x9b9e48 T 0x2f278
0x9b9e48 T 0x2f278
0x9b9e48 T 0x2f278
0x3aa48 T 0x2f278
0x3aa48 T 0xd115d8
0x9b9e48 N 0x9b9e4c
0x9b9e48 T 0x2f278
0x3aa48 T 0x2f278
0x3aa48 T 0xd115d8
0x3aa48 N 0x3aa4c
0x3aa48 T 0xd115d8
0x9b9e48 T 0xd115d8
0x9b9e48 N 0x9b9e4c
0x3aa48 T 0x2f278
0x9b9e48 T 0xd115d8
0x9b9e48 N 0x9b9e4c
0x3aa48 T 0x2f278
0x3aa48 N 0x3aa4c
0x9b9e48 N 0x9b9e4c
0x3aa48 T 0x2f278
0x3aa48 T 0xd115d8
0x3aa48 T 0xd115d8
0x9b9e48 N 0x9b9e4c
0x3aa48 N 0x3aa4c
0x9b9e48 N 0x9b9e4c
0x3aa48 N 0x3aa4c
0x9b9e48 N 0x9b9e4c
0x9b9e48 N 0x9b9e4c
0x3aa48 T 0x2f278
0x9b9e48 N 0x9b9e4c
0x9b9e48 N 0x9b9e4c
0x9b9e48 N 0x9b9e4c
0x9b9e48 T 0x2f278
0x3aa48 T 0x2f278
0x9b9e48 N 0x9b9e4c
0x9b9e48 T 0x2f278
0x3aa48 T 0x2f278
0x9b9e48 T 0xd115d8
0x9b9e48 T 0x2f278
0x9b9e48 T 0x2f278
0x9b9e48 T 0x2f278
0x3aa48 T 0x2f278
0x3aa48 T 0xd115d8
0x3aa48 T 0xd115d8
0x3aa48 T 0xd115d8
0x9b9e48 T 0xd115d8
0x9b9e48 T 0x2f278
0x3aa48 T 0x2f278
0x9b9e48 T 0xd115d8
0x3aa48 T 0x2f278
0x9b9e48 T 0xd115d8
0x3aa48 T 0x2f278
0x3aa48 T 0xd115d8
0x3aa48 T 0xd115d8
0x9b9e48 T 0xd115d8
0x9b9e48 T 0x2f278
0x9b9e48 T 0x2f278
0x3aa48 N 0x3aa4c
0x9b9e48 N 0x9b9e4c
0x9b9e48 N 0x9b9e4c
0x9b9e48 N 0x9b9e4c
0x3aa48 T 0x2f278
0x9b9e48 N 0x9b9e4c
0x3aa48 N 0x3aa4c
0x9b9e48 T 0xd115d8
0x3aa48 N 0x3aa4c
0x3aa48 N 0x3aa4c
0x3aa48 T 0xd115d8
0x3aa48 T 0xd115d8
0x9b9e48 T 0xd115d8
0x3aa48 T 0x2f278
0x3aa48 T 0xd115d8
0x3aa48 T 0xd115d8
0x9b9e48 T 0xd115d8
0x3aa48 T 0x2f278
0x9b9e48 T 0xd115d8
0x9b9e48 T 0x2f278
0x3aa48 T 0x2f278
0x3aa48 T 0xd115d8
0x3aa48 T 0xd115d8
0x3aa48 T 0xd115d8
0x9b9e48 T 0xd115d8
0x9b9e48 N 0x9b9e4c
0x3aa48 T 0x2f278
0x9b9e48 T 0xd115d8
0x3aa48 N 0x3aa4c
0x3aa48 T 0xd115d8
0x9b9e48 N 0x9b9e4c
0x9b9e48 T 0x2f278
0x3aa48 N 0x3aa4c
0x3aa48 N 0x3aa4c
0x3aa48 T 0xd115d8
0x3aa48 T 0xd115d8
0x3aa48 N 0x3aa4c
0x3aa48 N 0x3aa4c
0x9b9e48 T 0xd115d8
0x3aa48 N 0x3aa4c
0x3aa48 N 0x3aa4c
0x3aa48 T 0xd115d8
0x9b9e48 N 0x9b9e4c
0x9b9e48 N 0x9b9e4c
0x9b9e48 T 0x2f278
0x3aa48 T 0x2f278
0x3aa48 T 0xd115d8
0x9b9e48 T 0xd115d8
0x3aa48 T 0x2f278
0x9b9e48 N 0x9b9e4c
0x9b9e48 T 0x2f278
0x3aa48 T 0x2f278
0x9b9e48 N 0x9b9e4c
0x3aa48 N 0x3aa4c
0x3aa48 T 0xd115d8
0x9b9e48 N 0x9b9e4c
0x3aa48 N 0x3aa4c
0x3aa48 T 0xd115d8
0x9b9e48 N 0x9b9e4c
0x9b9e48 T 0x2f278
0x9b9e48 T 0x2f278
0x3aa48 N 0x3aa4c
0x3aa48 T 0xd115d8
0x9b9e48 N 0x9b9e4c
0x3aa48 N 0x3aa4c
0x3aa48 T 0xd115d8
0x9b9e48 N 0x9b9e4c
0x3aa48 N 0x3aa4c
0x9b9e48 T 0xd115d8
0x9b9e48 N 0x9b9e4c
0x3aa48 T 0x2f278
0x9b9e48 N 0x9b9e4c
0x3aa48 T 0x2f278
0x9b9e48 T 0xd115d8
0x9b9e48 N 0x9b9e4c
0x3aa48 N 0x3aa4c
0x9b9e48 N 0x9b9e4c
0x3aa48 T 0x2f278
0x9b9e48 T 0xd115d8
0x9b9e48 N 0x9b9e4c
0x3aa48 N 0x3aa4c
0x9b9e48 T 0xd115d8
0x9b9e48 T 0x2f278
0x9b9e48 N 0x9b9e4c
0x9b9e48 N 0x9b9e4c
0x9b9e48 T 0x2f278
0x9b9e48 N 0x9b9e4c
0x3aa48 N 0x3aa4c
0x3aa48 T 0xd115d8
0x3aa48 T 0xd115d8
0x9b9e48 N 0x9b9e4c
0x3aa48 N 0x3aa4c
0x3aa48 N 0x3aa4c
0x9b9e48 T 0xd115d8
0x9b9e48 T 0x2f278
0x3aa48 T 0x2f278
0x3aa48 T 0xd115d8
0x3aa48 N 0x3aa4c
0x3aa48 T 0xd115d8
0x9b9e48 T 0xd115d8
0x3aa48 N 0x3aa4c
0x9b9e48 N 0x9b9e4c
0x3aa48 N 0x3aa4c
0x9b9e48 T 0xd115d8
0x3aa48 N 0x3aa4c
0x9b9e48 N 0x9b9e4c
0x3aa48 T 0x2f278
0x9b9e48 T 0xd115d8
0x9b9e48 T 0x2f278
0x3aa48 T 0x2f278
0x3aa48 N 0x3aa4c
0x3aa48 T 0xd115d8
0x3aa48 T 0xd115d8
0x3aa48 T 0xd115d8
0x3aa48 T 0xd115d8
0x9b9e48 T 0xd115d8
0x3aa48 T 0x2f278
0x9b9e48 T 0xd115d8
0x9b9e48 N 0x9b9e4c
0x9b9e48 T 0x2f278
0x3aa48 T 0x2f278
0x3aa48 T 0xd115d8
0x3aa48 T 0xd115d8
0x3aa48 T 0xd115d8
0x9b9e48 T 0xd115d8
0x3aa48 T 0x2f278
0x9b9e48 T 0xd115d8
0x3aa48 T 0x2f278
0x9b9e48 N 0x9b9e4c
0x3aa48 T 0x2f278
0x3aa48 T 0xd115d8
0x3aa48 N 0x3aa4c
0x3aa48 N 0x3aa4c
0x9b9e48 T 0xd115d8
0x9b9e48 N 0x9b9e4c
0x9b9e48 T 0x2f278
0x3aa48 T 0x2f278
0x9b9e48 N 0x9b9e4c
0x9b9e48 N 0x9b9e4c
0x3aa48 N 0x3aa4c
0x3aa48 T 0xd115d8
0x3aa48 N 0x3aa4c
0x3aa48 N 0x3aa4c
0x9b9e48 T 0xd115d8
0x9b9e48 N 0x9b9e4c
0x3aa48 T 0x2f278
0x3aa48 T 0xd115d8
0x3aa48 N 0x3aa4c
0x3aa48 N 0x3aa4c
0x9b9e48 N 0x9b9e4c
0x3aa48 T 0x2f278
0x9b9e48 T 0xd115d8
0x3aa48 N 0x3aa4c
0x9b9e48 T 0xd115d8
0x3aa48 T 0x2f278
0x9b9e48 N 0x9b9e4c
0x3aa48 T 0x2f278
0x9b9e48 T 0xd115d8
0x3aa48 N 0x3aa4c
0x9b9e48 N 0x9b9e4c
0x9b9e48 T 0x2f278
0x9b9e48 N 0x9b9e4c
0x3aa48 N 0x3aa4c
0x3aa48 T 0xd115d8
0x9b9e48 T 0xd115d8
0x3aa48 T 0x2f278
0x3aa48 N 0x3aa4c
0x3aa48 N 0x3aa4c
0x9b9e48 T 0xd115d8
0x9b9e48 N 0x9b9e4c
0x9b9e48 N 0x9b9e4c
0x3aa48 T 0x2f278
0x3aa48 N 0x3aa4c
0x3aa48 N 0x3aa4c
0x9b9e48 N 0x9b9e4c
0x9b9e48 T 0x2f278
0x3aa48 N 0x3aa4c
0x3aa48 N 0x3aa4c
0x9b9e48 N 0x9b9e4c
0x3aa48 N 0x3aa4c
0x9b9e48 N 0x9b9e4c
0x3aa48 T 0x2f278
0x3aa48 N 0x3aa4c
0x9b9e48 N 0x9b9e4c
0x9b9e48 T 0x2f278
0x3aa48 T 0x2f278
0x3aa48 T 0xd115d8
0x9b9e48 T 0xd115d8
0x3aa48 T 0x2f278
0x3aa48 T 0xd115d8
0x9b9e48 T 0xd115d8
0x9b9e48 N 0x9b9e4c
0x3aa48 T 0x2f278
0x3aa48 T 0xd115d8
0x3aa48 T 0xd115d8
0x9b9e48 T 0xd115d8
0x3aa48 T 0x2f278
0x9b9e48 T 0xd115d8
0x9b9e48 T 0x2f278
0x9b9e48 T 0x2f278
0x3aa48 T 0x2f278
0x9b9e48 N 0x9b9e4c
0x3aa48 T 0x2f278
0x9b9e48 T 0xd115d8
0x9b9e48 T 0x2f278
0x3aa48 T 0x2f278
0x9b9e48 T 0xd115d8
0x3aa48 T 0x2f278
0x3aa48 T 0xd115d8
0x9b9e48 T 0xd115d8
0x9b9e48 T 0x2f278
0x3aa48 T 0x2f278
0x9b9e48 T 0xd115d8
0x3aa48 T 0x2f278
0x3aa48 T 0xd115d8
0x9b9e48 T 0xd115d8
0x3aa48 T 0x2f278
0x3aa48 N 0x3aa4c
0x3aa48 T 0xd115d8
0x3aa48 T 0xd115d8
0x3aa48 T 0xd115d8
0x9b9e48 N 0x9b9e4c
0x9b9e48 T 0x2f278
0x3aa48 T 0x2f278
0x3aa48 T 0xd115d8
0x3aa48 T 0xd115d8
0x9b9e48 T 0xd115d8
0x9b9e48 T 0x2f278
0x3aa48 N 0x3aa4c
0x3aa48 N 0x3aa4c
0x3aa48 N 0x3aa4c
0x9b9e48 N 0x9b9e4c
0x9b9e48 N 0x9b9e4c
0x3aa48 T 0x2f278
0x9b9e48 T 0xd115d8
0x9b9e48 T 0x2f278
0x9b9e48 N 0x9b9e4c
0x3aa48 T 0x2f278
0x3aa48 T 0xd115d8
0x9b9e48 N 0x9b9e4c
0x3aa48 N 0x3aa4c
0x9b9e48 T 0xd115d8
0x9b9e48 T 0x2f278
0x9b9e48 N 0x9b9e4c
0x3aa48 N 0x3aa4c
0x3aa48 T 0xd115d8
0x9b9e48 T 0xd115d8
0x3aa48 N 0x3aa4c
0x3aa48 N 0x3aa4c
0x9b9e48 N 0x9b9e4c
0x9b9e48 N 0x9b9e4c
0x3aa48 N 0x3aa4c
0x9b9e48 N 0x9b9e4c
0x9b9e48 N 0x9b9e4c
0x9b9e48 N 0x9b9e4c
0x9b9e48 T 0x2f278
0x9b9e48 T 0x2f278
0x9b9e48 T 0x2f278
0x3aa48 T 0x2f278
0x9b9e48 T 0xd115d8
0x9b9e48 T 0x2f278
0x9b9e48 T 0x2f278
0x9b9e48 T 0x2f278
0x3aa48 T 0x2f278
0x9b9e48 T 0xd115d8
0x3aa48 T 0x2f278
0x3aa48 T 0xd115d8
0x3aa48 T 0xd115d8
0x3aa48 T 0xd115d8
0x3aa48 T 0xd115d8
0x9b9e48 T 0xd115d8
0x9b9e48 T 0x2f278
0x9b9e48 T 0x2f278
0x9b9e48 T 0x2f278
0x9b9e48 T 0x2f278
0x3aa48 N 0x3aa4c
0x3aa48 N 0x3aa4c
0x3aa48 T 0xd115d8
0x9b9e48 N 0x9b9e4c
0x9b9e48 N 0x9b9e4c
0x3aa48 N 0x3aa4c
0x3aa48 T 0xd115d8
0x9b9e48 N 0x9b9e4c
0x3aa48 N 0x3aa4c
0x3aa48 N 0x3aa4c
0x3aa48 N 0x3aa4c
0x9b9e48 T 0xd115d8
0x3aa48 T 0x2f278
0x3aa48 N 0x3aa4c
0x9b9e48 T 0xd115d8
0x9b9e48 T 0x2f278
0x9b9e48 N 0x9b9e4c
0x3aa48 N 0x3aa4c
0x3aa48 N 0x3aa4c
0x9b9e48 N 0x9b9e4c
0x3aa48 T 0x2f278
0x9b9e48 N 0x9b9e4c
0x9b9e48 N 0x9b9e4c
0x9b9e48 T 0x2f278
0x3aa48 N 0x3aa4c
0x9b9e48 T 0xd115d8
0x3aa48 N 0x3aa4c
0x3aa48 N 0x3aa4c
0x9b9e48 T 0xd115d8
0x9b9e48 T 0x2f278
0x9b9e48 T 0x2f278
0x3aa48 T 0x2f278
0x9b9e48 T 0xd115d8
0x3aa48 T 0x2f278
0x3aa48 T 0xd115d8
0x9b9e48 T 0xd115d8
0x9b9e48 T 0x2f278
0x3aa48 T 0x2f278
0x3aa48 T 0xd115d8
0x3aa48 T 0xd115d8
0x9b9e48 T 0xd115d8
0x3aa48 T 0x2f278
0x9b9e48 T 0xd115d8
0x9b9e48 T 0x2f278
0x3aa48 T 0x2f278
0x9b9e48 T 0xd115d8
0x3aa48 N 0x3aa4c
0x9b9e48 T 0xd115d8
0x9b9e48 T 0x2f278
0x3aa48 T 0x2f278
0x3aa48 T 0xd115d8
0x3aa48 N 0x3aa4c
0x9b9e48 N 0x9b9e4c
0x3aa48 T 0x2f278
0x9b9e48 N 0x9b9e4c
0x9b9e48 N 0x9b9e4c
0x9b9e48 N 0x9b9e4c
0x3aa48 T 0x2f278
0x3aa48 N 0x3aa4c
flush_num: 717, br_num: 1111, size: 78b
