0x4f330 N 0x4f334
0xc63c N 0xc640
0xc63c N 0xc640
0xc63c N 0xc640
0x4f330 N 0x4f334
0xc63c N 0xc640
0xc63c N 0xc640
0x4f330 N 0x4f334
0x4f330 T 0x548
0x4f330 N 0x4f334
0xc63c N 0xc640
0x4f330 N 0x4f334
0x4f330 N 0x4f334
0xc63c N 0xc640
0xc63c N 0xc640
0x4f330 N 0x4f334
0x4f330 N 0x4f334
0x4f330 N 0x4f334
0x4f330 N 0x4f334
0xc63c N 0xc640
0xc63c N 0xc640
0x4f330 N 0x4f334
0x4f330 N 0x4f334
0xc63c N 0xc640
0xc63c N 0xc640
0x4f330 T 0x548
0x4f330 T 0x548
0xc63c N 0xc640
0x4f330 T 0x548
0xc63c N 0xc640
0x4f330 T 0x548
0x4f330 N 0x4f334
0xc63c T 0xee8f8
0xc63c N 0xc640
0xc63c N 0xc640
0x4f330 N 0x4f334
0xc63c N 0xc640
0xc63c T 0xee8f8
0xc63c N 0xc640
0x4f330 T 0x548
0xc63c N 0xc640
0x4f330 N 0x4f334
0x4f330 N 0x4f334
0xc63c N 0xc640
0x4f330 T 0x548
0x4f330 N 0x4f334
0xc63c T 0xee8f8
0x4f330 T 0x548
0x4f330 T 0x548
0xc63c N 0xc640
0xc63c N 0xc640
0xc63c N 0xc640
0x4f330 T 0x548
0xc63c N 0xc640
0x4f330 T 0x548
0xc63c N 0xc640
0xc63c N 0xc640
0x4f330 T 0x548
0xc63c T 0xee8f8
0x4f330 N 0x4f334
0xc63c T 0xee8f8
0xc63c N 0xc640
0xc63c N 0xc640
0xc63c N 0xc640
0x4f330 T 0x548
0x4f330 N 0x4f334
0xc63c T 0xee8f8
0x4f330 T 0x548
0xc63c T 0xee8f8
0xc63c N 0xc640
0xc63c N 0xc640
0x4f330 T 0x548
0xc63c T 0xee8f8
0xc63c T 0xee8f8
0xc63c N 0xc640
0xc63c N 0xc640
0xc63c T 0xee8f8
0x4f330 T 0x548
0xc63c T 0xee8f8
0x4f330 T 0x548
0xc63c N 0xc640
0xc63c N 0xc640
0x4f330 T 0x548
0xc63c T 0xee8f8
0xc63c T 0xee8f8
0xc63c N 0xc640
0x4f330 T 0x548
0x4f330 T 0x548
0xc63c N 0xc640
0x4f330 T 0x548
0x4f330 N 0x4f334
0x4f330 N 0x4f334
0x4f330 N 0x4f334
0x4f330 T 0x548
0x4f330 N 0x4f334
0x4f330 T 0x548
0xc63c T 0xee8f8
0x4f330 N 0x4f334
0x4f330 N 0x4f334
0xc63c N 0xc640
0x4f330 T 0x548
0xc63c T 0xee8f8
0xc63c N 0xc640
0x4f330 T 0x548
0x4f330 N 0x4f334
0x4f330 N 0x4f334
0x4f330 T 0x548
0x4f330 T 0x548
0x4f330 N 0x4f334
0x4f330 N 0x4f334
0xc63c N 0xc640
0x4f330 N 0x4f334
0xc63c N 0xc640
0x4f330 N 0x4f334
0x4f330 N 0x4f334
0xc63c T 0xee8f8
0xc63c N 0xc640
0x4f330 T 0x548
0x4f330 N 0x4f334
0xc63c N 0xc640
0x4f330 N 0x4f334
0xc63c T 0xee8f8
0xc63c N 0xc640
0xc63c N 0xc640
0x4f330 N 0x4f334
0xc63c T 0xee8f8
0x4f330 N 0x4f334
0xc63c T 0xee8f8
0x4f330 N 0x4f334
0x4f330 N 0x4f334
0x4f330 N 0x4f334
0xc63c N 0xc640
0x4f330 N 0x4f334
0xc63c N 0xc640
0xc63c N 0xc640
0xc63c N 0xc640
0xc63c T 0xee8f8
0x4f330 N 0x4f334
0xc63c T 0xee8f8
0x4f330 T 0x548
0xc63c N 0xc640
0xc63c N 0xc640
0xc63c T 0xee8f8
0xc63c T 0xee8f8
0xc63c N 0xc640
0xc63c N 0xc640
0x4f330 N 0x4f334
0xc63c T 0xee8f8
0xc63c T 0xee8f8
0x4f330 N 0x4f334
0xc63c N 0xc640
0x4f330 N 0x4f334
0x4f330 N 0x4f334
0x4f330 N 0x4f334
0xc63c N 0xc640
0xc63c T 0xee8f8
0xc63c T 0xee8f8
0x4f330 T 0x548
0x4f330 N 0x4f334
0x4f330 N 0x4f334
0xc63c T 0xee8f8
0x4f330 N 0x4f334
0x4f330 N 0x4f334
0x4f330 N 0x4f334
0xc63c N 0xc640
0xc63c N 0xc640
0xc63c T 0xee8f8
0xc63c T 0xee8f8
0xc63c T 0xee8f8
0xc63c N 0xc640
0x4f330 T 0x548
0xc63c N 0xc640
0x4f330 N 0x4f334
0x4f330 N 0x4f334
0x4f330 T 0x548
0x4f330 N 0x4f334
0xc63c T 0xee8f8
0xc63c T 0xee8f8
0x4f330 N 0x4f334
0xc63c T 0xee8f8
0x4f330 N 0x4f334
0x4f330 N 0x4f334
0xc63c T 0xee8f8
0xc63c T 0xee8f8
0xc63c N 0xc640
0xc63c N 0xc640
0x4f330 N 0x4f334
0x4f330 N 0x4f334
0xc63c T 0xee8f8
0xc63c N 0xc640
0x4f330 N 0x4f334
0x4f330 T 0x548
0x4f330 N 0x4f334
0x4f330 N 0x4f334
0x4f330 N 0x4f334
0xc63c T 0xee8f8
0x4f330 T 0x548
0x4f330 T 0x548
0xc63c T 0xee8f8
0x4f330 N 0x4f334
0xc63c N 0xc640
0xc63c T 0xee8f8
0x4f330 T 0x548
0xc63c N 0xc640
0x4f330 N 0x4f334
0xc63c N 0xc640
0x4f330 T 0x548
0xc63c T 0xee8f8
0x4f330 N 0x4f334
0x4f330 N 0x4f334
0xc63c T 0xee8f8
0xc63c N 0xc640
0x4f330 N 0x4f334
0xc63c N 0xc640
0x4f330 T 0x548
0xc63c N 0xc640
0xc63c T 0xee8f8
0x4f330 N 0x4f334
0xc63c N 0xc640
0xc63c T 0xee8f8
0x4f330 N 0x4f334
0xc63c T 0xee8f8
0xc63c N 0xc640
0x4f330 N 0x4f334
0x4f330 N 0x4f334
0x4f330 T 0x548
0x4f330 T 0x548
0x4f330 T 0x548
0xc63c T 0xee8f8
0xc63c T 0xee8f8
0xc63c N 0xc640
0xc63c N 0xc640
0xc63c N 0xc640
0x4f330 T 0x548
0x4f330 T 0x548
0xc63c N 0xc640
0x4f330 T 0x548
0xc63c N 0xc640
0xc63c T 0xee8f8
0x4f330 T 0x548
0x4f330 N 0x4f334
0xc63c N 0xc640
0x4f330 T 0x548
0x4f330 T 0x548
0x4f330 T 0x548
0xc63c N 0xc640
0x4f330 N 0x4f334
0xc63c N 0xc640
0xc63c N 0xc640
0x4f330 T 0x548
0x4f330 T 0x548
0xc63c N 0xc640
0xc63c N 0xc640
0x4f330 N 0x4f334
0x4f330 T 0x548
0x4f330 T 0x548
0xc63c T 0xee8f8
0xc63c T 0xee8f8
0xc63c N 0xc640
0x4f330 N 0x4f334
0xc63c N 0xc640
0x4f330 N 0x4f334
0x4f330 T 0x548
0x4f330 N 0x4f334
0xc63c T 0xee8f8
0xc63c T 0xee8f8
0xc63c N 0xc640
0xc63c T 0xee8f8
0x4f330 T 0x548
0xc63c T 0xee8f8
0x4f330 N 0x4f334
0x4f330 N 0x4f334
0xc63c N 0xc640
0xc63c N 0xc640
0x4f330 T 0x548
0x4f330 N 0x4f334
0x4f330 N 0x4f334
0xc63c T 0xee8f8
0x4f330 T 0x548
0x4f330 N 0x4f334
0x4f330 T 0x548
0x4f330 N 0x4f334
0xc63c N 0xc640
0xc63c N 0xc640
0xc63c N 0xc640
0x4f330 N 0x4f334
0xc63c T 0xee8f8
0xc63c T 0xee8f8
0x4f330 T 0x548
0x4f330 T 0x548
0x4f330 T 0x548
0x4f330 N 0x4f334
0xc63c N 0xc640
0xc63c N 0xc640
0xc63c N 0xc640
0x4f330 T 0x548
0xc63c T 0xee8f8
0x4f330 N 0x4f334
0x4f330 T 0x548
0x4f330 T 0x548
0xc63c T 0xee8f8
0x4f330 N 0x4f334
0x4f330 T 0x548
0x4f330 N 0x4f334
0xc63c N 0xc640
0x4f330 T 0x548
0x4f330 N 0x4f334
0xc63c N 0xc640
0x4f330 T 0x548
0x4f330 T 0x548
0xc63c T 0xee8f8
0xc63c N 0xc640
flush_num: 150, br_num: 312, size: 344b
