0x99e98dc N 0x99e98e0
0x99e98dc N 0x99e98e0
0x22d0 N 0x22d4
0xe7f4 N 0xe7f8
0xe7f4 N 0xe7f8
0xe7f4 N 0xe7f8
0xc94 N 0xc98
0x99e98dc N 0x99e98e0
0xc94 N 0xc98
0xe7f4 N 0xe7f8
0x99e98dc N 0x99e98e0
0xe7f4 T 0xfc8
0xe7f4 T 0xfc8
0x9e8 N 0x9ec
0x99e98dc N 0x99e98e0
0xe7f4 T 0xfc8
0x9e8 T 0xfaa8
0xc94 N 0xc98
0x99e98dc T 0x8bb6e068
0x9e8 T 0xfaa8
0xe7f4 N 0xe7f8
0x22d0 T 0xf0684
0x22d0 T 0xf0684
0x9e8 N 0x9ec
0x9e8 T 0xfaa8
0xc94 N 0xc98
0xe7f4 N 0xe7f8
0x99e98dc T 0x8bb6e068
0xe7f4 T 0xfc8
0x9e8 T 0xfaa8
0xe7f4 T 0xfc8
0xc94 N 0xc98
0x9e8 N 0x9ec
0xe7f4 N 0xe7f8
0xe7f4 N 0xe7f8
0x99e98dc T 0x8bb6e068
0xe7f4 N 0xe7f8
0xc94 N 0xc98
0xe7f4 N 0xe7f8
0x22d0 T 0xf0684
0xc94 N 0xc98
0xe7f4 N 0xe7f8
0xe7f4 T 0xfc8
0x9e8 T 0xfaa8
0x22d0 T 0xf0684
0x99e98dc T 0x8bb6e068
0xe7f4 T 0xfc8
0xc94 N 0xc98
0xe7f4 N 0xe7f8
0xe7f4 T 0xfc8
0x99e98dc T 0x8bb6e068
0x9e8 T 0xfaa8
0x99e98dc N 0x99e98e0
0xe7f4 N 0xe7f8
0x22d0 T 0xf0684
0x22d0 T 0xf0684
0x99e98dc N 0x99e98e0
0xe7f4 T 0xfc8
0xc94 N 0xc98
0xe7f4 N 0xe7f8
0xe7f4 N 0xe7f8
0x22d0 T 0xf0684
0xc94 N 0xc98
0x99e98dc T 0x8bb6e068
0x9e8 T 0xfaa8
0x22d0 N 0x22d4
0x99e98dc T 0x8bb6e068
0x22d0 T 0xf0684
0xe7f4 N 0xe7f8
0x99e98dc T 0x8bb6e068
0x22d0 T 0xf0684
0x99e98dc N 0x99e98e0
0xc94 N 0xc98
0x9e8 T 0xfaa8
0x9e8 T 0xfaa8
0x99e98dc N 0x99e98e0
0x9e8 T 0xfaa8
0xe7f4 N 0xe7f8
0xe7f4 T 0xfc8
0x99e98dc T 0x8bb6e068
0xc94 N 0xc98
0x99e98dc N 0x99e98e0
0x99e98dc T 0x8bb6e068
0xc94 T 0xbd27c0
0xe7f4 N 0xe7f8
0x99e98dc N 0x99e98e0
0x22d0 T 0xf0684
0x22d0 N 0x22d4
0xe7f4 T 0xfc8
0xc94 N 0xc98
0xc94 N 0xc98
0x99e98dc N 0x99e98e0
0x9e8 N 0x9ec
0x99e98dc N 0x99e98e0
0xe7f4 N 0xe7f8
0x99e98dc T 0x8bb6e068
0x99e98dc N 0x99e98e0
0x22d0 N 0x22d4
0x99e98dc T 0x8bb6e068
0xe7f4 N 0xe7f8
0x99e98dc T 0x8bb6e068
0xc94 N 0xc98
0x9e8 T 0xfaa8
0x99e98dc N 0x99e98e0
0x99e98dc N 0x99e98e0
0x22d0 T 0xf0684
0x9e8 T 0xfaa8
0x99e98dc N 0x99e98e0
0x9e8 N 0x9ec
0x22d0 T 0xf0684
0x9e8 T 0xfaa8
0x99e98dc N 0x99e98e0
0xc94 T 0xbd27c0
0xe7f4 N 0xe7f8
0x22d0 T 0xf0684
0x99e98dc N 0x99e98e0
0xc94 N 0xc98
0x9e8 N 0x9ec
0xc94 N 0xc98
0xe7f4 N 0xe7f8
0xc94 N 0xc98
0x99e98dc T 0x8bb6e068
0xc94 N 0xc98
0xc94 T 0xbd27c0
0x9e8 N 0x9ec
0xe7f4 N 0xe7f8
0x9e8 T 0xfaa8
0x22d0 N 0x22d4
0xc94 N 0xc98
0x9e8 N 0x9ec
0x99e98dc T 0x8bb6e068
0x9e8 N 0x9ec
0x99e98dc T 0x8bb6e068
0x22d0 T 0xf0684
0xc94 T 0xbd27c0
0xe7f4 N 0xe7f8
0xc94 N 0xc98
0xc94 N 0xc98
0xe7f4 N 0xe7f8
0xc94 N 0xc98
0xc94 T 0xbd27c0
0xe7f4 N 0xe7f8
0xc94 N 0xc98
0xc94 T 0xbd27c0
0xc94 N 0xc98
0x9e8 T 0xfaa8
0x9e8 N 0x9ec
0x9e8 T 0xfaa8
0xc94 T 0xbd27c0
0x99e98dc N 0x99e98e0
0xe7f4 N 0xe7f8
0x99e98dc T 0x8bb6e068
0x99e98dc T 0x8bb6e068
0xc94 N 0xc98
0xe7f4 N 0xe7f8
0x9e8 T 0xfaa8
0x9e8 T 0xfaa8
0x22d0 T 0xf0684
0x9e8 T 0xfaa8
0xe7f4 T 0xfc8
0x99e98dc N 0x99e98e0
0x9e8 T 0xfaa8
0x99e98dc N 0x99e98e0
0xe7f4 T 0xfc8
0xe7f4 N 0xe7f8
0x22d0 N 0x22d4
0xc94 N 0xc98
0x99e98dc T 0x8bb6e068
0xc94 N 0xc98
0xe7f4 N 0xe7f8
0xe7f4 N 0xe7f8
0x22d0 T 0xf0684
0x9e8 T 0xfaa8
0xe7f4 T 0xfc8
0x9e8 T 0xfaa8
0x22d0 T 0xf0684
0x99e98dc N 0x99e98e0
0xc94 N 0xc98
0x99e98dc T 0x8bb6e068
0xc94 T 0xbd27c0
0x99e98dc T 0x8bb6e068
0x22d0 T 0xf0684
0xc94 N 0xc98
0x22d0 T 0xf0684
0x22d0 T 0xf0684
0x22d0 T 0xf0684
0xc94 T 0xbd27c0
0x22d0 T 0xf0684
0x22d0 N 0x22d4
0x9e8 N 0x9ec
0x99e98dc N 0x99e98e0
0xc94 T 0xbd27c0
0x9e8 T 0xfaa8
0x9e8 N 0x9ec
0x99e98dc T 0x8bb6e068
0xe7f4 N 0xe7f8
0x9e8 T 0xfaa8
0xc94 N 0xc98
0x99e98dc N 0x99e98e0
0x22d0 T 0xf0684
0xc94 T 0xbd27c0
0x9e8 N 0x9ec
0x9e8 T 0xfaa8
0xe7f4 N 0xe7f8
0xc94 N 0xc98
0x99e98dc T 0x8bb6e068
0x9e8 T 0xfaa8
0xe7f4 N 0xe7f8
0xe7f4 T 0xfc8
0x9e8 N 0x9ec
0xe7f4 N 0xe7f8
0x9e8 N 0x9ec
0x99e98dc T 0x8bb6e068
0x9e8 N 0x9ec
0xe7f4 T 0xfc8
0xc94 N 0xc98
0xe7f4 N 0xe7f8
0x99e98dc T 0x8bb6e068
0xc94 N 0xc98
0x22d0 N 0x22d4
0x9e8 T 0xfaa8
0x22d0 N 0x22d4
0x22d0 N 0x22d4
0xc94 N 0xc98
0xc94 T 0xbd27c0
0x9e8 T 0xfaa8
0x99e98dc T 0x8bb6e068
0xc94 T 0xbd27c0
0x99e98dc T 0x8bb6e068
0x22d0 N 0x22d4
0x22d0 T 0xf0684
0x9e8 T 0xfaa8
0xc94 N 0xc98
0xc94 T 0xbd27c0
0xc94 T 0xbd27c0
0x99e98dc T 0x8bb6e068
0x9e8 T 0xfaa8
0x9e8 T 0xfaa8
0x99e98dc T 0x8bb6e068
0xc94 N 0xc98
0x22d0 T 0xf0684
0xe7f4 N 0xe7f8
0xe7f4 T 0xfc8
0xc94 N 0xc98
0xc94 T 0xbd27c0
0x99e98dc T 0x8bb6e068
0xe7f4 N 0xe7f8
0x99e98dc N 0x99e98e0
0x22d0 N 0x22d4
0xe7f4 T 0xfc8
0x9e8 T 0xfaa8
0x22d0 T 0xf0684
0x99e98dc N 0x99e98e0
0xc94 N 0xc98
0xc94 N 0xc98
0xc94 N 0xc98
0xe7f4 N 0xe7f8
0xc94 N 0xc98
0xe7f4 N 0xe7f8
0xc94 N 0xc98
0x9e8 T 0xfaa8
0x9e8 T 0xfaa8
0x22d0 N 0x22d4
0x99e98dc N 0x99e98e0
0x9e8 N 0x9ec
0x99e98dc N 0x99e98e0
0xe7f4 N 0xe7f8
0xc94 N 0xc98
0xc94 T 0xbd27c0
0x99e98dc T 0x8bb6e068
0x22d0 N 0x22d4
0xc94 T 0xbd27c0
0xc94 N 0xc98
0x9e8 T 0xfaa8
0xe7f4 N 0xe7f8
0x99e98dc T 0x8bb6e068
0x9e8 N 0x9ec
0x9e8 T 0xfaa8
0x99e98dc N 0x99e98e0
0xe7f4 T 0xfc8
0x9e8 T 0xfaa8
0x22d0 T 0xf0684
0x22d0 T 0xf0684
0x99e98dc T 0x8bb6e068
0xc94 N 0xc98
0x22d0 T 0xf0684
0xc94 N 0xc98
0x22d0 T 0xf0684
0x99e98dc T 0x8bb6e068
0x99e98dc N 0x99e98e0
0xc94 T 0xbd27c0
0x22d0 T 0xf0684
0xe7f4 N 0xe7f8
0xe7f4 N 0xe7f8
0xe7f4 N 0xe7f8
0x22d0 T 0xf0684
0x22d0 T 0xf0684
0x99e98dc T 0x8bb6e068
0xc94 N 0xc98
0x22d0 T 0xf0684
0x22d0 T 0xf0684
0x9e8 N 0x9ec
0x22d0 N 0x22d4
0x9e8 T 0xfaa8
0x22d0 T 0xf0684
0xe7f4 N 0xe7f8
0xc94 N 0xc98
0x9e8 N 0x9ec
0xc94 T 0xbd27c0
0x9e8 N 0x9ec
0x22d0 T 0xf0684
0x9e8 T 0xfaa8
0x99e98dc N 0x99e98e0
0xc94 T 0xbd27c0
0x9e8 N 0x9ec
0x99e98dc T 0x8bb6e068
0x9e8 N 0x9ec
0xe7f4 N 0xe7f8
0xc94 N 0xc98
0xe7f4 N 0xe7f8
0xc94 N 0xc98
0xe7f4 N 0xe7f8
0x99e98dc T 0x8bb6e068
0xc94 N 0xc98
0xe7f4 N 0xe7f8
0xc94 N 0xc98
0x99e98dc T 0x8bb6e068
0x99e98dc T 0x8bb6e068
0x99e98dc T 0x8bb6e068
0x99e98dc T 0x8bb6e068
0xc94 T 0xbd27c0
0x99e98dc T 0x8bb6e068
0xc94 T 0xbd27c0
0x22d0 N 0x22d4
0xe7f4 N 0xe7f8
0xe7f4 N 0xe7f8
0xc94 N 0xc98
0x9e8 N 0x9ec
0xc94 T 0xbd27c0
0xe7f4 N 0xe7f8
0xc94 N 0xc98
0x22d0 N 0x22d4
0xc94 T 0xbd27c0
0x9e8 N 0x9ec
0x99e98dc N 0x99e98e0
0x9e8 T 0xfaa8
0xe7f4 N 0xe7f8
0x99e98dc N 0x99e98e0
0x22d0 T 0xf0684
0xe7f4 T 0xfc8
0x9e8 N 0x9ec
0xe7f4 N 0xe7f8
0xc94 N 0xc98
0xe7f4 N 0xe7f8
0x99e98dc N 0x99e98e0
0x9e8 T 0xfaa8
0x9e8 N 0x9ec
0xc94 N 0xc98
0xe7f4 N 0xe7f8
0x22d0 N 0x22d4
0xe7f4 N 0xe7f8
0xc94 N 0xc98
0xe7f4 N 0xe7f8
0x9e8 N 0x9ec
0x22d0 N 0x22d4
0x99e98dc T 0x8bb6e068
0xc94 N 0xc98
0x22d0 T 0xf0684
0x9e8 T 0xfaa8
0x9e8 T 0xfaa8
0x22d0 T 0xf0684
0xe7f4 N 0xe7f8
0xe7f4 N 0xe7f8
0xc94 N 0xc98
0xe7f4 N 0xe7f8
0xe7f4 N 0xe7f8
0x9e8 T 0xfaa8
0x22d0 T 0xf0684
0x99e98dc T 0x8bb6e068
0x9e8 T 0xfaa8
0xe7f4 N 0xe7f8
0x9e8 T 0xfaa8
0x99e98dc T 0x8bb6e068
flush_num: 191, br_num: 383, size: 282b
