0xfe440 N 0xfe444
0x1058766c N 0x10587670
0x1058766c T 0x5e4
0xfe440 T 0x33ec
0x4a0 N 0x4a4
0x4a0 T 0x514dc
0xfe440 N 0xfe444
0xfe440 T 0x33ec
0x1058766c T 0x5e4
0xe27eb10 N 0xe27eb14
0x1058766c T 0x5e4
0x1058766c T 0x5e4
0xfe440 N 0xfe444
0xe27eb10 N 0xe27eb14
0xfe440 N 0xfe444
0x4a0 N 0x4a4
0xe27eb10 N 0xe27eb14
0x1058766c T 0x5e4
0xfe440 N 0xfe444
0x1058766c T 0x5e4
0xfe440 T 0x33ec
0x1058766c T 0x5e4
0xe27eb10 N 0xe27eb14
0x1058766c T 0x5e4
0x1058766c T 0x5e4
0xe27eb10 T 0xd79d190
0x4a0 N 0x4a4
0x4a0 N 0x4a4
0xe27eb10 N 0xe27eb14
0x1058766c T 0x5e4
0xe27eb10 T 0xd79d190
0x4a0 N 0x4a4
0x4a0 N 0x4a4
0x1058766c T 0x5e4
0x1058766c N 0x10587670
0x4a0 N 0x4a4
0x4a0 N 0x4a4
0x1058766c N 0x10587670
0x4a0 T 0x514dc
0xfe440 N 0xfe444
0xe27eb10 N 0xe27eb14
0x4a0 N 0x4a4
0x4a0 N 0x4a4
0x4a0 N 0x4a4
0xfe440 N 0xfe444
0x4a0 N 0x4a4
0xe27eb10 N 0xe27eb14
0x1058766c T 0x5e4
0x1058766c T 0x5e4
0xe27eb10 T 0xd79d190
0xe27eb10 T 0xd79d190
0xfe440 N 0xfe444
0xfe440 T 0x33ec
0x1058766c T 0x5e4
0xfe440 T 0x33ec
0x4a0 N 0x4a4
0x1058766c T 0x5e4
0xe27eb10 N 0xe27eb14
0x4a0 N 0x4a4
0x4a0 T 0x514dc
0x4a0 T 0x514dc
0x4a0 T 0x514dc
0xe27eb10 N 0xe27eb14
0x4a0 N 0x4a4
0x4a0 N 0x4a4
0xe27eb10 N 0xe27eb14
0xe27eb10 N 0xe27eb14
0xfe440 N 0xfe444
0x1058766c T 0x5e4
0x1058766c T 0x5e4
0xfe440 T 0x33ec
0x1058766c T 0x5e4
0x1058766c T 0x5e4
0x1058766c T 0x5e4
0xfe440 N 0xfe444
0xe27eb10 N 0xe27eb14
0x4a0 N 0x4a4
0x1058766c T 0x5e4
0x1058766c N 0x10587670
0x1058766c T 0x5e4
0x1058766c T 0x5e4
0x4a0 T 0x514dc
0x1058766c T 0x5e4
0x1058766c N 0x10587670
0x1058766c T 0x5e4
0xfe440 N 0xfe444
0x1058766c T 0x5e4
0xe27eb10 N 0xe27eb14
0x1058766c T 0x5e4
0xfe440 N 0xfe444
0x1058766c T 0x5e4
0x1058766c N 0x10587670
0xfe440 T 0x33ec
0xe27eb10 N 0xe27eb14
0x1058766c T 0x5e4
0x1058766c T 0x5e4
0x1058766c N 0x10587670
0xfe440 N 0xfe444
0x1058766c N 0x10587670
0xfe440 T 0x33ec
0xfe440 N 0xfe444
0xe27eb10 N 0xe27eb14
0xfe440 N 0xfe444
0xfe440 N 0xfe444
0xfe440 T 0x33ec
0x1058766c T 0x5e4
0xe27eb10 N 0xe27eb14
0xe27eb10 N 0xe27eb14
0xfe440 N 0xfe444
0x1058766c T 0x5e4
0xe27eb10 N 0xe27eb14
0x4a0 N 0x4a4
0x1058766c T 0x5e4
0x1058766c T 0x5e4
0x1058766c T 0x5e4
0x1058766c N 0x10587670
0x1058766c N 0x10587670
0x1058766c N 0x10587670
0xe27eb10 N 0xe27eb14
0x4a0 N 0x4a4
0xfe440 N 0xfe444
0xe27eb10 N 0xe27eb14
0xfe440 N 0xfe444
0xfe440 N 0xfe444
0xfe440 T 0x33ec
0x1058766c N 0x10587670
0xfe440 N 0xfe444
0xe27eb10 N 0xe27eb14
0xe27eb10 N 0xe27eb14
0x1058766c N 0x10587670
0x4a0 N 0x4a4
0xfe440 N 0xfe444
0x1058766c N 0x10587670
0x1058766c T 0x5e4
0xe27eb10 N 0xe27eb14
0xe27eb10 N 0xe27eb14
0xe27eb10 N 0xe27eb14
0xe27eb10 N 0xe27eb14
0xfe440 N 0xfe444
0xfe440 T 0x33ec
0x1058766c T 0x5e4
0x4a0 N 0x4a4
0xfe440 N 0xfe444
0x4a0 N 0x4a4
0x1058766c T 0x5e4
0xe27eb10 N 0xe27eb14
0xe27eb10 N 0xe27eb14
0xe27eb10 T 0xd79d190
0x1058766c T 0x5e4
0xe27eb10 N 0xe27eb14
0x1058766c T 0x5e4
0x1058766c T 0x5e4
0x1058766c T 0x5e4
0xfe440 N 0xfe444
0x1058766c T 0x5e4
0xfe440 T 0x33ec
0xfe440 T 0x33ec
0xfe440 T 0x33ec
0xe27eb10 N 0xe27eb14
0x1058766c T 0x5e4
0xe27eb10 N 0xe27eb14
0x1058766c T 0x5e4
0xfe440 N 0xfe444
0x4a0 N 0x4a4
0x1058766c T 0x5e4
0x1058766c T 0x5e4
0x4a0 N 0x4a4
0x4a0 N 0x4a4
0xfe440 N 0xfe444
0xe27eb10 N 0xe27eb14
0x1058766c T 0x5e4
0xfe440 N 0xfe444
0x4a0 N 0x4a4
0x1058766c N 0x10587670
0xe27eb10 N 0xe27eb14
0xfe440 N 0xfe444
0xe27eb10 N 0xe27eb14
0x1058766c T 0x5e4
0xe27eb10 N 0xe27eb14
0xfe440 N 0xfe444
0x4a0 N 0x4a4
0xe27eb10 N 0xe27eb14
0x1058766c T 0x5e4
0xfe440 N 0xfe444
0x4a0 N 0x4a4
0x1058766c T 0x5e4
0xfe440 N 0xfe444
0xfe440 T 0x33ec
0xe27eb10 N 0xe27eb14
0x4a0 N 0x4a4
0x1058766c T 0x5e4
0x4a0 N 0x4a4
0xfe440 N 0xfe444
0x1058766c T 0x5e4
0x1058766c T 0x5e4
0x4a0 N 0x4a4
0xe27eb10 N 0xe27eb14
0xfe440 N 0xfe444
0xe27eb10 N 0xe27eb14
0xe27eb10 T 0xd79d190
0x1058766c T 0x5e4
0x1058766c T 0x5e4
0xe27eb10 T 0xd79d190
0x1058766c N 0x10587670
0xe27eb10 N 0xe27eb14
0xe27eb10 T 0xd79d190
0xfe440 N 0xfe444
0xfe440 N 0xfe444
0x4a0 N 0x4a4
0xfe440 N 0xfe444
0xfe440 N 0xfe444
0xfe440 N 0xfe444
0xfe440 N 0xfe444
0xe27eb10 N 0xe27eb14
0xe27eb10 T 0xd79d190
0xfe440 N 0xfe444
0xfe440 T 0x33ec
0x1058766c T 0x5e4
0xfe440 T 0x33ec
0x4a0 N 0x4a4
0x1058766c T 0x5e4
0x1058766c T 0x5e4
0xe27eb10 N 0xe27eb14
0x1058766c T 0x5e4
0xe27eb10 T 0xd79d190
0x1058766c T 0x5e4
0x4a0 N 0x4a4
0xfe440 N 0xfe444
0xfe440 T 0x33ec
0xfe440 T 0x33ec
0xe27eb10 N 0xe27eb14
0x4a0 N 0x4a4
0xfe440 N 0xfe444
0xe27eb10 N 0xe27eb14
0x1058766c T 0x5e4
0xfe440 N 0xfe444
0xfe440 N 0xfe444
0xfe440 N 0xfe444
0xe27eb10 N 0xe27eb14
0xe27eb10 N 0xe27eb14
0x4a0 N 0x4a4
0x4a0 N 0x4a4
0x4a0 T 0x514dc
0xfe440 N 0xfe444
0xfe440 N 0xfe444
0x4a0 N 0x4a4
0x4a0 T 0x514dc
0x4a0 N 0x4a4
0xe27eb10 N 0xe27eb14
0x4a0 N 0x4a4
0xe27eb10 N 0xe27eb14
0xfe440 N 0xfe444
0xfe440 T 0x33ec
0xe27eb10 N 0xe27eb14
0x4a0 N 0x4a4
0xfe440 N 0xfe444
0x1058766c N 0x10587670
0xfe440 T 0x33ec
0x4a0 N 0x4a4
0x4a0 N 0x4a4
0x4a0 T 0x514dc
0xfe440 N 0xfe444
0xfe440 T 0x33ec
0xe27eb10 N 0xe27eb14
0x1058766c T 0x5e4
0x4a0 N 0x4a4
0x1058766c N 0x10587670
0xfe440 N 0xfe444
0xfe440 T 0x33ec
0x1058766c T 0x5e4
0x1058766c T 0x5e4
0x1058766c T 0x5e4
0xe27eb10 N 0xe27eb14
0x1058766c N 0x10587670
0x4a0 N 0x4a4
0x4a0 N 0x4a4
0xfe440 N 0xfe444
0xe27eb10 N 0xe27eb14
0x4a0 N 0x4a4
0xfe440 N 0xfe444
0xfe440 T 0x33ec
0xe27eb10 N 0xe27eb14
0xe27eb10 N 0xe27eb14
0x1058766c N 0x10587670
0x4a0 N 0x4a4
0x1058766c T 0x5e4
0xe27eb10 N 0xe27eb14
0xe27eb10 N 0xe27eb14
0x1058766c T 0x5e4
0xfe440 N 0xfe444
0x1058766c N 0x10587670
0xe27eb10 N 0xe27eb14
0x4a0 N 0x4a4
0x1058766c N 0x10587670
0x4a0 N 0x4a4
0xfe440 N 0xfe444
0x1058766c N 0x10587670
0xfe440 T 0x33ec
0x1058766c T 0x5e4
0xe27eb10 N 0xe27eb14
0x4a0 N 0x4a4
0xe27eb10 N 0xe27eb14
0xfe440 N 0xfe444
0xe27eb10 N 0xe27eb14
0x1058766c N 0x10587670
0x1058766c T 0x5e4
0xe27eb10 T 0xd79d190
0xfe440 N 0xfe444
0x4a0 N 0x4a4
0xe27eb10 N 0xe27eb14
0xe27eb10 T 0xd79d190
0xe27eb10 T 0xd79d190
0xe27eb10 T 0xd79d190
0xfe440 N 0xfe444
0x4a0 N 0x4a4
0x4a0 N 0x4a4
0xe27eb10 N 0xe27eb14
0xe27eb10 T 0xd79d190
0x1058766c T 0x5e4
0xfe440 N 0xfe444
0xe27eb10 N 0xe27eb14
0x1058766c T 0x5e4
0x1058766c T 0x5e4
0x1058766c T 0x5e4
0x1058766c T 0x5e4
0xfe440 N 0xfe444
0x4a0 N 0x4a4
0x4a0 N 0x4a4
0xe27eb10 N 0xe27eb14
0xe27eb10 N 0xe27eb14
0xe27eb10 N 0xe27eb14
0xe27eb10 N 0xe27eb14
0x4a0 N 0x4a4
0xe27eb10 N 0xe27eb14
0xe27eb10 N 0xe27eb14
0x4a0 N 0x4a4
0x1058766c T 0x5e4
0xe27eb10 N 0xe27eb14
0x1058766c T 0x5e4
0xfe440 N 0xfe444
0x1058766c T 0x5e4
0x4a0 N 0x4a4
0xe27eb10 N 0xe27eb14
0x4a0 N 0x4a4
0xfe440 N 0xfe444
0xe27eb10 N 0xe27eb14
0x4a0 N 0x4a4
0xfe440 N 0xfe444
0x1058766c N 0x10587670
0x4a0 N 0x4a4
0x1058766c N 0x10587670
0xfe440 N 0xfe444
0x1058766c N 0x10587670
0x1058766c T 0x5e4
0x4a0 N 0x4a4
0xfe440 N 0xfe444
0xfe440 N 0xfe444
0x1058766c N 0x10587670
0xe27eb10 N 0xe27eb14
0xfe440 N 0xfe444
0x1058766c T 0x5e4
0x4a0 N 0x4a4
0xfe440 N 0xfe444
0xe27eb10 N 0xe27eb14
0x4a0 N 0x4a4
0x4a0 N 0x4a4
0xfe440 N 0xfe444
0xfe440 N 0xfe444
0xe27eb10 N 0xe27eb14
0xfe440 N 0xfe444
0x4a0 N 0x4a4
0xe27eb10 N 0xe27eb14
0x4a0 N 0x4a4
0xfe440 N 0xfe444
0x1058766c T 0x5e4
0x1058766c N 0x10587670
0x1058766c T 0x5e4
0x4a0 N 0x4a4
0xe27eb10 N 0xe27eb14
0xe27eb10 T 0xd79d190
0xfe440 N 0xfe444
0x4a0 N 0x4a4
0xe27eb10 N 0xe27eb14
0x1058766c N 0x10587670
0x4a0 N 0x4a4
0x1058766c T 0x5e4
0x4a0 N 0x4a4
0x4a0 T 0x514dc
0xfe440 N 0xfe444
0x1058766c T 0x5e4
0xfe440 T 0x33ec
0xe27eb10 N 0xe27eb14
0x1058766c T 0x5e4
0x4a0 N 0x4a4
0xe27eb10 N 0xe27eb14
0x1058766c N 0x10587670
0x4a0 N 0x4a4
0xfe440 N 0xfe444
0xe27eb10 N 0xe27eb14
0x1058766c T 0x5e4
0xe27eb10 T 0xd79d190
0xfe440 N 0xfe444
0x4a0 N 0x4a4
0xfe440 N 0xfe444
0x4a0 N 0x4a4
0xe27eb10 N 0xe27eb14
0x4a0 N 0x4a4
0xfe440 N 0xfe444
0x4a0 N 0x4a4
0x4a0 N 0x4a4
0x4a0 T 0x514dc
0xfe440 N 0xfe444
0x4a0 N 0x4a4
0x1058766c N 0x10587670
0xfe440 N 0xfe444
0x4a0 N 0x4a4
0xfe440 N 0xfe444
0x4a0 N 0x4a4
0x1058766c N 0x10587670
0x1058766c T 0x5e4
0x4a0 N 0x4a4
0x4a0 N 0x4a4
0xe27eb10 N 0xe27eb14
0x1058766c T 0x5e4
0x1058766c N 0x10587670
0x1058766c T 0x5e4
0x1058766c N 0x10587670
0xe27eb10 T 0xd79d190
0xfe440 N 0xfe444
0x1058766c T 0x5e4
0x1058766c N 0x10587670
0xe27eb10 N 0xe27eb14
0x1058766c T 0x5e4
0x1058766c N 0x10587670
0x1058766c T 0x5e4
0x1058766c T 0x5e4
0xfe440 N 0xfe444
0x1058766c N 0x10587670
0xe27eb10 N 0xe27eb14
0xe27eb10 N 0xe27eb14
0xe27eb10 N 0xe27eb14
0xe27eb10 T 0xd79d190
0x1058766c T 0x5e4
0xfe440 N 0xfe444
0xfe440 T 0x33ec
0xfe440 N 0xfe444
0xe27eb10 N 0xe27eb14
0x4a0 N 0x4a4
0x1058766c T 0x5e4
0xe27eb10 N 0xe27eb14
0x1058766c T 0x5e4
0x1058766c N 0x10587670
0xfe440 N 0xfe444
0x1058766c T 0x5e4
0xe27eb10 N 0xe27eb14
0x4a0 N 0x4a4
0x1058766c N 0x10587670
0x1058766c T 0x5e4
0xe27eb10 N 0xe27eb14
0xfe440 N 0xfe444
0x4a0 N 0x4a4
0xfe440 N 0xfe444
0x4a0 N 0x4a4
0xfe440 N 0xfe444
0x1058766c N 0x10587670
0xfe440 N 0xfe444
0xfe440 N 0xfe444
0x4a0 N 0x4a4
0xe27eb10 N 0xe27eb14
0xfe440 N 0xfe444
0xe27eb10 N 0xe27eb14
0xe27eb10 T 0xd79d190
0x4a0 N 0x4a4
0x1058766c T 0x5e4
0xe27eb10 N 0xe27eb14
0xfe440 N 0xfe444
0x4a0 N 0x4a4
0xe27eb10 N 0xe27eb14
0xfe440 N 0xfe444
0xe27eb10 N 0xe27eb14
0xfe440 N 0xfe444
0xe27eb10 N 0xe27eb14
0xe27eb10 N 0xe27eb14
0x4a0 N 0x4a4
0x1058766c T 0x5e4
0x1058766c T 0x5e4
0x4a0 N 0x4a4
0xfe440 N 0xfe444
0xfe440 N 0xfe444
0xfe440 N 0xfe444
0xe27eb10 N 0xe27eb14
0xe27eb10 T 0xd79d190
0xe27eb10 N 0xe27eb14
0x1058766c T 0x5e4
0x1058766c T 0x5e4
0xfe440 N 0xfe444
0xe27eb10 N 0xe27eb14
0x1058766c T 0x5e4
0x4a0 N 0x4a4
0xfe440 N 0xfe444
0x1058766c T 0x5e4
0xfe440 N 0xfe444
0x4a0 N 0x4a4
0xfe440 N 0xfe444
0x4a0 N 0x4a4
0xfe440 N 0xfe444
0xe27eb10 N 0xe27eb14
0xfe440 N 0xfe444
0xfe440 N 0xfe444
0x1058766c N 0x10587670
0xfe440 N 0xfe444
0xe27eb10 N 0xe27eb14
0x4a0 N 0x4a4
0x1058766c N 0x10587670
0x1058766c N 0x10587670
0x1058766c T 0x5e4
0x1058766c T 0x5e4
0x4a0 N 0x4a4
0x1058766c N 0x10587670
0xe27eb10 N 0xe27eb14
0x4a0 N 0x4a4
0x4a0 N 0x4a4
0xe27eb10 N 0xe27eb14
0x1058766c T 0x5e4
0x1058766c T 0x5e4
0xe27eb10 N 0xe27eb14
0x1058766c T 0x5e4
0xfe440 N 0xfe444
0xe27eb10 N 0xe27eb14
0x1058766c T 0x5e4
0xfe440 N 0xfe444
0xe27eb10 N 0xe27eb14
0x1058766c T 0x5e4
0x1058766c T 0x5e4
0x4a0 N 0x4a4
0x4a0 N 0x4a4
0xfe440 N 0xfe444
0x1058766c T 0x5e4
0x1058766c T 0x5e4
0x4a0 N 0x4a4
0x1058766c T 0x5e4
0xe27eb10 N 0xe27eb14
0x1058766c N 0x10587670
0xe27eb10 N 0xe27eb14
0xe27eb10 N 0xe27eb14
0x4a0 N 0x4a4
0x4a0 N 0x4a4
0x1058766c T 0x5e4
0xfe440 N 0xfe444
0xe27eb10 N 0xe27eb14
0x4a0 N 0x4a4
0xfe440 N 0xfe444
0x4a0 N 0x4a4
0x1058766c T 0x5e4
0x1058766c T 0x5e4
0x1058766c T 0x5e4
0x4a0 N 0x4a4
0xe27eb10 N 0xe27eb14
0xe27eb10 N 0xe27eb14
0xfe440 N 0xfe444
0xe27eb10 N 0xe27eb14
0xe27eb10 T 0xd79d190
0xe27eb10 N 0xe27eb14
0xe27eb10 N 0xe27eb14
0xfe440 N 0xfe444
0xe27eb10 N 0xe27eb14
0x1058766c N 0x10587670
0x4a0 N 0x4a4
0xe27eb10 N 0xe27eb14
0xe27eb10 N 0xe27eb14
0xe27eb10 T 0xd79d190
0x4a0 N 0x4a4
0x4a0 N 0x4a4
0x1058766c T 0x5e4
0x4a0 T 0x514dc
0x4a0 N 0x4a4
0xe27eb10 N 0xe27eb14
0xfe440 N 0xfe444
0xfe440 N 0xfe444
0xfe440 N 0xfe444
0x4a0 N 0x4a4
0xfe440 N 0xfe444
0xfe440 T 0x33ec
0x4a0 N 0x4a4
0x1058766c T 0x5e4
0x4a0 T 0x514dc
0xe27eb10 N 0xe27eb14
0x4a0 N 0x4a4
0x1058766c N 0x10587670
0xe27eb10 N 0xe27eb14
0xe27eb10 N 0xe27eb14
0xe27eb10 T 0xd79d190
0x1058766c N 0x10587670
0x1058766c N 0x10587670
0xe27eb10 N 0xe27eb14
0x4a0 N 0x4a4
0xfe440 N 0xfe444
0x1058766c T 0x5e4
0xe27eb10 N 0xe27eb14
0x4a0 N 0x4a4
0xfe440 N 0xfe444
0x1058766c T 0x5e4
0x1058766c N 0x10587670
0xe27eb10 N 0xe27eb14
0x1058766c N 0x10587670
0x1058766c N 0x10587670
0xe27eb10 N 0xe27eb14
0x1058766c T 0x5e4
0xe27eb10 N 0xe27eb14
0x4a0 N 0x4a4
0x1058766c T 0x5e4
0xe27eb10 N 0xe27eb14
0x4a0 N 0x4a4
0xe27eb10 N 0xe27eb14
0xe27eb10 N 0xe27eb14
0xfe440 N 0xfe444
0x4a0 N 0x4a4
0xe27eb10 N 0xe27eb14
0xe27eb10 N 0xe27eb14
0xfe440 N 0xfe444
0xfe440 N 0xfe444
0xfe440 T 0x33ec
0xe27eb10 N 0xe27eb14
0x4a0 N 0x4a4
0x1058766c N 0x10587670
0xfe440 N 0xfe444
0xe27eb10 N 0xe27eb14
0x4a0 N 0x4a4
0xe27eb10 N 0xe27eb14
0x4a0 N 0x4a4
0xe27eb10 N 0xe27eb14
0xe27eb10 N 0xe27eb14
0x4a0 N 0x4a4
0xfe440 N 0xfe444
0xe27eb10 N 0xe27eb14
0x1058766c T 0x5e4
0xfe440 N 0xfe444
0xe27eb10 N 0xe27eb14
0xe27eb10 N 0xe27eb14
0x4a0 N 0x4a4
0x4a0 N 0x4a4
0xe27eb10 N 0xe27eb14
0x4a0 N 0x4a4
0xe27eb10 N 0xe27eb14
0xfe440 N 0xfe444
0x1058766c N 0x10587670
0x4a0 N 0x4a4
0x4a0 N 0x4a4
0x4a0 N 0x4a4
0xe27eb10 N 0xe27eb14
0x4a0 N 0x4a4
0x4a0 T 0x514dc
0x4a0 N 0x4a4
0x4a0 T 0x514dc
0x4a0 T 0x514dc
0xfe440 N 0xfe444
0xe27eb10 N 0xe27eb14
0xfe440 N 0xfe444
0xe27eb10 N 0xe27eb14
0xfe440 N 0xfe444
0x4a0 N 0x4a4
0x1058766c T 0x5e4
0x4a0 N 0x4a4
0x1058766c T 0x5e4
0xfe440 N 0xfe444
0xe27eb10 N 0xe27eb14
0xfe440 N 0xfe444
0x4a0 N 0x4a4
0x4a0 T 0x514dc
0xfe440 N 0xfe444
0xfe440 T 0x33ec
0x1058766c T 0x5e4
0x4a0 N 0x4a4
0x1058766c T 0x5e4
0x4a0 N 0x4a4
0xe27eb10 N 0xe27eb14
0x1058766c N 0x10587670
0x4a0 N 0x4a4
0x4a0 N 0x4a4
0x1058766c T 0x5e4
0x1058766c T 0x5e4
0xe27eb10 N 0xe27eb14
0xfe440 N 0xfe444
0xe27eb10 N 0xe27eb14
0xfe440 N 0xfe444
0x4a0 N 0x4a4
0xfe440 N 0xfe444
0xe27eb10 N 0xe27eb14
0xe27eb10 N 0xe27eb14
0xe27eb10 N 0xe27eb14
0x1058766c N 0x10587670
0x1058766c N 0x10587670
0xe27eb10 N 0xe27eb14
0xe27eb10 N 0xe27eb14
0x1058766c N 0x10587670
0xe27eb10 N 0xe27eb14
0xe27eb10 T 0xd79d190
0xe27eb10 T 0xd79d190
0x1058766c T 0x5e4
0x4a0 N 0x4a4
0x1058766c N 0x10587670
0xe27eb10 N 0xe27eb14
0xfe440 N 0xfe444
0x1058766c T 0x5e4
0x1058766c T 0x5e4
0xfe440 T 0x33ec
0x1058766c T 0x5e4
0xfe440 T 0x33ec
0x4a0 N 0x4a4
0x1058766c T 0x5e4
0xfe440 N 0xfe444
0xe27eb10 N 0xe27eb14
0xfe440 N 0xfe444
0xe27eb10 N 0xe27eb14
0x4a0 N 0x4a4
0xe27eb10 N 0xe27eb14
0x4a0 N 0x4a4
0x4a0 N 0x4a4
0x1058766c T 0x5e4
0xe27eb10 N 0xe27eb14
0xfe440 N 0xfe444
0xe27eb10 N 0xe27eb14
0x4a0 N 0x4a4
0x1058766c T 0x5e4
0x1058766c T 0x5e4
0x1058766c T 0x5e4
0x1058766c N 0x10587670
0x4a0 T 0x514dc
0x4a0 N 0x4a4
0xfe440 N 0xfe444
0xe27eb10 N 0xe27eb14
0xfe440 N 0xfe444
0xfe440 N 0xfe444
0x4a0 N 0x4a4
0x4a0 N 0x4a4
0x1058766c T 0x5e4
0xe27eb10 N 0xe27eb14
0xfe440 N 0xfe444
0xe27eb10 N 0xe27eb14
0xe27eb10 N 0xe27eb14
0xe27eb10 N 0xe27eb14
0x4a0 N 0x4a4
0x1058766c T 0x5e4
0xfe440 N 0xfe444
0xfe440 N 0xfe444
0x1058766c T 0x5e4
0x4a0 N 0x4a4
0xfe440 N 0xfe444
0xfe440 T 0x33ec
0xfe440 N 0xfe444
0x4a0 N 0x4a4
0x4a0 N 0x4a4
0x4a0 N 0x4a4
0xfe440 N 0xfe444
0x4a0 N 0x4a4
0x4a0 N 0x4a4
0x4a0 N 0x4a4
0x4a0 N 0x4a4
0xe27eb10 N 0xe27eb14
0xfe440 N 0xfe444
0x1058766c T 0x5e4
0xfe440 T 0x33ec
0xfe440 T 0x33ec
0xfe440 T 0x33ec
0x1058766c T 0x5e4
0xe27eb10 N 0xe27eb14
0xfe440 N 0xfe444
0xe27eb10 N 0xe27eb14
0x4a0 N 0x4a4
0xe27eb10 N 0xe27eb14
0xe27eb10 T 0xd79d190
0x1058766c N 0x10587670
0x4a0 N 0x4a4
0xe27eb10 N 0xe27eb14
0x4a0 N 0x4a4
0x1058766c T 0x5e4
0xfe440 N 0xfe444
0x1058766c N 0x10587670
0xfe440 N 0xfe444
0x4a0 N 0x4a4
0x1058766c N 0x10587670
0x4a0 N 0x4a4
0x4a0 N 0x4a4
0x4a0 N 0x4a4
0x4a0 T 0x514dc
0x1058766c N 0x10587670
0x1058766c T 0x5e4
0xe27eb10 N 0xe27eb14
0xfe440 N 0xfe444
0xfe440 T 0x33ec
0xe27eb10 N 0xe27eb14
0x1058766c T 0x5e4
0xfe440 N 0xfe444
0x4a0 N 0x4a4
0x4a0 N 0x4a4
0xfe440 N 0xfe444
0xfe440 N 0xfe444
0x1058766c N 0x10587670
0x1058766c N 0x10587670
0x1058766c N 0x10587670
0xe27eb10 N 0xe27eb14
0xe27eb10 T 0xd79d190
0x4a0 N 0x4a4
0x1058766c T 0x5e4
0xe27eb10 N 0xe27eb14
0x4a0 N 0x4a4
0x4a0 N 0x4a4
0x4a0 T 0x514dc
0x4a0 N 0x4a4
0xfe440 N 0xfe444
0xfe440 T 0x33ec
0xe27eb10 N 0xe27eb14
0x1058766c T 0x5e4
0xe27eb10 T 0xd79d190
0x4a0 N 0x4a4
0x1058766c N 0x10587670
0xfe440 N 0xfe444
0xfe440 T 0x33ec
0xe27eb10 N 0xe27eb14
0xe27eb10 T 0xd79d190
0x1058766c N 0x10587670
0x1058766c N 0x10587670
0xe27eb10 N 0xe27eb14
0x4a0 N 0x4a4
0xfe440 N 0xfe444
0x1058766c N 0x10587670
0x4a0 N 0x4a4
0xe27eb10 N 0xe27eb14
0xfe440 N 0xfe444
0x1058766c T 0x5e4
0x4a0 N 0x4a4
0x4a0 T 0x514dc
0xfe440 N 0xfe444
0x4a0 N 0x4a4
0x1058766c T 0x5e4
0x4a0 T 0x514dc
0x1058766c N 0x10587670
0xfe440 N 0xfe444
0x1058766c N 0x10587670
0xfe440 N 0xfe444
0x4a0 N 0x4a4
0x4a0 T 0x514dc
0xfe440 N 0xfe444
0x4a0 N 0x4a4
0xfe440 N 0xfe444
0x4a0 N 0x4a4
0x1058766c T 0x5e4
0xfe440 N 0xfe444
0x4a0 N 0x4a4
0xe27eb10 N 0xe27eb14
0xe27eb10 T 0xd79d190
0x1058766c N 0x10587670
0x4a0 N 0x4a4
0x1058766c N 0x10587670
0x1058766c N 0x10587670
0xfe440 N 0xfe444
0xfe440 N 0xfe444
0xfe440 N 0xfe444
0x4a0 N 0x4a4
0xe27eb10 N 0xe27eb14
0x4a0 N 0x4a4
0x4a0 N 0x4a4
0xfe440 N 0xfe444
0xfe440 T 0x33ec
0xe27eb10 N 0xe27eb14
0xfe440 N 0xfe444
0xe27eb10 N 0xe27eb14
0x1058766c T 0x5e4
0xfe440 N 0xfe444
0xe27eb10 N 0xe27eb14
0xe27eb10 N 0xe27eb14
0x4a0 N 0x4a4
0x4a0 N 0x4a4
0xe27eb10 N 0xe27eb14
0xfe440 N 0xfe444
0xe27eb10 N 0xe27eb14
0x4a0 N 0x4a4
0x4a0 T 0x514dc
0xfe440 N 0xfe444
0xe27eb10 N 0xe27eb14
0xe27eb10 N 0xe27eb14
0xe27eb10 N 0xe27eb14
0x1058766c N 0x10587670
0xfe440 N 0xfe444
0xe27eb10 N 0xe27eb14
0x4a0 N 0x4a4
0x1058766c N 0x10587670
0xfe440 N 0xfe444
0xfe440 N 0xfe444
0x1058766c T 0x5e4
0xe27eb10 N 0xe27eb14
0x4a0 N 0x4a4
0xe27eb10 N 0xe27eb14
0xe27eb10 T 0xd79d190
0xfe440 N 0xfe444
0x1058766c T 0x5e4
0x1058766c N 0x10587670
0x4a0 N 0x4a4
0x1058766c N 0x10587670
0x1058766c T 0x5e4
0xfe440 N 0xfe444
0xfe440 N 0xfe444
0x4a0 N 0x4a4
0x1058766c N 0x10587670
0xfe440 N 0xfe444
0x1058766c N 0x10587670
0xfe440 T 0x33ec
0x4a0 N 0x4a4
0xfe440 N 0xfe444
0xe27eb10 N 0xe27eb14
0xfe440 N 0xfe444
0x1058766c N 0x10587670
0xfe440 N 0xfe444
0x1058766c N 0x10587670
0x4a0 N 0x4a4
0xe27eb10 N 0xe27eb14
0x4a0 N 0x4a4
0x1058766c N 0x10587670
0xe27eb10 N 0xe27eb14
0x4a0 N 0x4a4
0xe27eb10 N 0xe27eb14
0xe27eb10 T 0xd79d190
0x1058766c T 0x5e4
0xfe440 N 0xfe444
0x4a0 N 0x4a4
0xe27eb10 N 0xe27eb14
0x4a0 N 0x4a4
0xe27eb10 N 0xe27eb14
0xe27eb10 T 0xd79d190
0xfe440 N 0xfe444
0xfe440 N 0xfe444
0xe27eb10 N 0xe27eb14
0x4a0 N 0x4a4
0xfe440 N 0xfe444
0xfe440 N 0xfe444
0x1058766c N 0x10587670
0xfe440 N 0xfe444
0x1058766c T 0x5e4
0x4a0 N 0x4a4
0x4a0 T 0x514dc
0x4a0 N 0x4a4
0x4a0 N 0x4a4
0x1058766c N 0x10587670
0x4a0 T 0x514dc
0xfe440 N 0xfe444
0x4a0 N 0x4a4
0xfe440 N 0xfe444
0x4a0 N 0x4a4
0x4a0 T 0x514dc
0x4a0 N 0x4a4
0xfe440 N 0xfe444
0xfe440 T 0x33ec
0x4a0 N 0x4a4
0x1058766c T 0x5e4
0xfe440 N 0xfe444
0x4a0 N 0x4a4
0x4a0 N 0x4a4
0xfe440 N 0xfe444
0x1058766c T 0x5e4
0xfe440 N 0xfe444
0xe27eb10 N 0xe27eb14
0xe27eb10 N 0xe27eb14
0x1058766c N 0x10587670
0xe27eb10 T 0xd79d190
0x1058766c T 0x5e4
0xfe440 N 0xfe444
0x4a0 N 0x4a4
0xe27eb10 N 0xe27eb14
0xe27eb10 N 0xe27eb14
0xfe440 N 0xfe444
0x4a0 N 0x4a4
0xe27eb10 N 0xe27eb14
0x4a0 N 0x4a4
0xfe440 N 0xfe444
0x1058766c T 0x5e4
0x1058766c T 0x5e4
0x1058766c T 0x5e4
0x4a0 N 0x4a4
0x4a0 N 0x4a4
0xfe440 N 0xfe444
0xfe440 N 0xfe444
0x4a0 N 0x4a4
0xfe440 N 0xfe444
0xfe440 N 0xfe444
0xe27eb10 N 0xe27eb14
0x4a0 N 0x4a4
0xfe440 N 0xfe444
0x4a0 N 0x4a4
0xe27eb10 N 0xe27eb14
0x4a0 N 0x4a4
0x4a0 T 0x514dc
0xfe440 N 0xfe444
0x4a0 N 0x4a4
0x1058766c N 0x10587670
0xe27eb10 N 0xe27eb14
0xe27eb10 T 0xd79d190
0x4a0 N 0x4a4
0x1058766c T 0x5e4
0x4a0 N 0x4a4
0xfe440 N 0xfe444
0x4a0 N 0x4a4
0x4a0 N 0x4a4
0xfe440 N 0xfe444
0x4a0 N 0x4a4
0xe27eb10 N 0xe27eb14
0xe27eb10 N 0xe27eb14
0xfe440 N 0xfe444
0xe27eb10 N 0xe27eb14
0xe27eb10 N 0xe27eb14
0x1058766c T 0x5e4
0xfe440 N 0xfe444
0x4a0 N 0x4a4
0x4a0 N 0x4a4
0x1058766c T 0x5e4
0xfe440 N 0xfe444
0xfe440 N 0xfe444
0x4a0 N 0x4a4
0x4a0 T 0x514dc
0x4a0 N 0x4a4
0x4a0 N 0x4a4
0xe27eb10 N 0xe27eb14
0x4a0 N 0x4a4
0xe27eb10 N 0xe27eb14
0x4a0 N 0x4a4
0x4a0 T 0x514dc
0x1058766c T 0x5e4
0x1058766c N 0x10587670
0xfe440 N 0xfe444
0x4a0 N 0x4a4
0x1058766c N 0x10587670
0xfe440 N 0xfe444
0x4a0 N 0x4a4
0x1058766c T 0x5e4
0x4a0 N 0x4a4
0x4a0 N 0x4a4
0xe27eb10 N 0xe27eb14
0x1058766c T 0x5e4
0x4a0 N 0x4a4
0x4a0 T 0x514dc
0xfe440 N 0xfe444
0x1058766c T 0x5e4
0xe27eb10 N 0xe27eb14
0x4a0 N 0x4a4
0xfe440 N 0xfe444
0xfe440 T 0x33ec
0x4a0 N 0x4a4
flush_num: 554, br_num: 1046, size: 164b
