0x71205c N 0x712060
0xabec900 N 0xabec904
0x1998a850 N 0x1998a854
0xd8ec N 0xd8f0
0xda0 N 0xda4
0xda0 T 0x2515c7c
0x1998a850 N 0x1998a854
0x1998a850 N 0x1998a854
0x1998a850 N 0x1998a854
0xd8ec T 0x1f6c90
0xabec900 N 0xabec904
0xda0 N 0xda4
0x1998a850 N 0x1998a854
0xd8ec T 0x1f6c90
0x71205c N 0x712060
0x1998a850 N 0x1998a854
0x1998a850 T 0xaee4
0x71205c N 0x712060
0x73b8cc N 0x73b8d0
0xda0 N 0xda4
0xd8ec N 0xd8f0
0x71205c N 0x712060
0x71205c T 0x89f470
0xabec900 N 0xabec904
0xabec900 T 0x1e0
0xabec900 T 0x1e0
0xda0 N 0xda4
0xabec900 N 0xabec904
0xabec900 N 0xabec904
0xd8ec N 0xd8f0
0xabec900 N 0xabec904
0xd8ec N 0xd8f0
0xd8ec N 0xd8f0
0x71205c N 0x712060
0x73b8cc N 0x73b8d0
0xabec900 N 0xabec904
0x1998a850 N 0x1998a854
0x73b8cc T 0xb60151a4
0xda0 N 0xda4
0x1998a850 N 0x1998a854
0xda0 N 0xda4
0x71205c N 0x712060
0x73b8cc N 0x73b8d0
0x71205c N 0x712060
0xabec900 N 0xabec904
0xabec900 N 0xabec904
0x71205c N 0x712060
0xd8ec N 0xd8f0
0xda0 N 0xda4
0xd8ec N 0xd8f0
0xda0 N 0xda4
0xd8ec T 0x1f6c90
0x1998a850 N 0x1998a854
0xda0 N 0xda4
0xda0 N 0xda4
0xabec900 N 0xabec904
0xd8ec T 0x1f6c90
0x73b8cc N 0x73b8d0
0x1998a850 N 0x1998a854
0x1998a850 N 0x1998a854
0xd8ec N 0xd8f0
0xda0 N 0xda4
0x73b8cc N 0x73b8d0
0xd8ec N 0xd8f0
0x71205c N 0x712060
0x73b8cc N 0x73b8d0
0x1998a850 N 0x1998a854
0x71205c N 0x712060
0x73b8cc N 0x73b8d0
0x1998a850 N 0x1998a854
0xabec900 N 0xabec904
0x73b8cc N 0x73b8d0
0x73b8cc N 0x73b8d0
0x73b8cc N 0x73b8d0
0x73b8cc N 0x73b8d0
0xd8ec N 0xd8f0
0x71205c N 0x712060
0x1998a850 N 0x1998a854
0x73b8cc N 0x73b8d0
0x71205c N 0x712060
0x73b8cc N 0x73b8d0
0xd8ec N 0xd8f0
0x1998a850 N 0x1998a854
0xda0 N 0xda4
0x71205c N 0x712060
0x71205c N 0x712060
0x1998a850 N 0x1998a854
0xda0 N 0xda4
0xabec900 N 0xabec904
0xd8ec N 0xd8f0
0xabec900 T 0x1e0
0x1998a850 N 0x1998a854
0xabec900 N 0xabec904
0x73b8cc N 0x73b8d0
0x1998a850 N 0x1998a854
0x73b8cc N 0x73b8d0
0x71205c N 0x712060
0x1998a850 N 0x1998a854
0xabec900 N 0xabec904
0x73b8cc N 0x73b8d0
0x73b8cc N 0x73b8d0
0x73b8cc T 0xb60151a4
0xd8ec N 0xd8f0
0xabec900 T 0x1e0
0xda0 N 0xda4
0x71205c N 0x712060
0xda0 T 0x2515c7c
0xda0 N 0xda4
0x1998a850 N 0x1998a854
0x1998a850 T 0xaee4
0x71205c N 0x712060
0xd8ec N 0xd8f0
0xda0 N 0xda4
0xabec900 N 0xabec904
0xd8ec N 0xd8f0
0x71205c N 0x712060
0xda0 N 0xda4
0x73b8cc N 0x73b8d0
0xabec900 N 0xabec904
0x1998a850 N 0x1998a854
0x73b8cc T 0xb60151a4
0x71205c N 0x712060
0xd8ec N 0xd8f0
0xda0 N 0xda4
0x1998a850 N 0x1998a854
0xda0 N 0xda4
0x73b8cc N 0x73b8d0
0x71205c N 0x712060
0x71205c N 0x712060
0xda0 N 0xda4
0xda0 T 0x2515c7c
0x71205c T 0x89f470
0x71205c T 0x89f470
0xda0 N 0xda4
0x71205c T 0x89f470
0x1998a850 N 0x1998a854
0x73b8cc N 0x73b8d0
0x73b8cc N 0x73b8d0
0xd8ec N 0xd8f0
0x71205c N 0x712060
0xda0 N 0xda4
0xd8ec N 0xd8f0
0x73b8cc N 0x73b8d0
0x73b8cc N 0x73b8d0
0x1998a850 N 0x1998a854
0x73b8cc T 0xb60151a4
0x71205c N 0x712060
0x1998a850 N 0x1998a854
0xabec900 N 0xabec904
0x73b8cc N 0x73b8d0
0x1998a850 N 0x1998a854
0xd8ec N 0xd8f0
0xabec900 N 0xabec904
0x73b8cc N 0x73b8d0
0x1998a850 N 0x1998a854
0xabec900 N 0xabec904
0xda0 N 0xda4
0xda0 N 0xda4
0xd8ec N 0xd8f0
0xda0 T 0x2515c7c
0xabec900 N 0xabec904
0x71205c N 0x712060
0xabec900 T 0x1e0
0xabec900 N 0xabec904
0x71205c N 0x712060
0xda0 N 0xda4
0xd8ec N 0xd8f0
0x71205c N 0x712060
0xda0 N 0xda4
0xda0 N 0xda4
0x1998a850 N 0x1998a854
0x1998a850 N 0x1998a854
0xabec900 N 0xabec904
0xabec900 T 0x1e0
0x1998a850 N 0x1998a854
0x73b8cc N 0x73b8d0
0xabec900 N 0xabec904
0x73b8cc N 0x73b8d0
0x71205c N 0x712060
0xd8ec N 0xd8f0
0x71205c N 0x712060
0x73b8cc N 0x73b8d0
0x71205c N 0x712060
0x73b8cc N 0x73b8d0
0x71205c N 0x712060
0xda0 N 0xda4
0xda0 N 0xda4
0xabec900 N 0xabec904
0xabec900 T 0x1e0
0x1998a850 N 0x1998a854
0xd8ec N 0xd8f0
0xda0 N 0xda4
0xda0 N 0xda4
0x1998a850 N 0x1998a854
0xda0 N 0xda4
0x71205c N 0x712060
0xda0 N 0xda4
0x71205c N 0x712060
0x71205c T 0x89f470
0x73b8cc N 0x73b8d0
0x1998a850 N 0x1998a854
0x71205c N 0x712060
0x71205c N 0x712060
0xd8ec N 0xd8f0
0x71205c N 0x712060
0x73b8cc N 0x73b8d0
0x71205c N 0x712060
0xd8ec N 0xd8f0
0x71205c N 0x712060
0xd8ec N 0xd8f0
0x73b8cc N 0x73b8d0
0x1998a850 N 0x1998a854
0x71205c N 0x712060
0x73b8cc N 0x73b8d0
0x1998a850 N 0x1998a854
0xabec900 N 0xabec904
0x1998a850 N 0x1998a854
0xda0 N 0xda4
0xd8ec N 0xd8f0
0xabec900 N 0xabec904
0x71205c N 0x712060
0xda0 N 0xda4
0x71205c N 0x712060
0xabec900 N 0xabec904
0xabec900 N 0xabec904
0xd8ec N 0xd8f0
0xabec900 N 0xabec904
0x71205c N 0x712060
0xda0 N 0xda4
0xda0 T 0x2515c7c
0x73b8cc N 0x73b8d0
0x73b8cc T 0xb60151a4
0xd8ec N 0xd8f0
0xd8ec N 0xd8f0
0xabec900 N 0xabec904
0xabec900 N 0xabec904
0xabec900 N 0xabec904
0x1998a850 N 0x1998a854
0xd8ec T 0x1f6c90
0x71205c N 0x712060
0xabec900 N 0xabec904
0xd8ec N 0xd8f0
0x73b8cc N 0x73b8d0
0xabec900 N 0xabec904
0x73b8cc T 0xb60151a4
0x1998a850 N 0x1998a854
0x71205c N 0x712060
0xabec900 N 0xabec904
0x73b8cc N 0x73b8d0
0xda0 N 0xda4
0xabec900 N 0xabec904
0xda0 N 0xda4
0x71205c N 0x712060
0xda0 N 0xda4
0x71205c N 0x712060
0x73b8cc N 0x73b8d0
0x71205c N 0x712060
0x1998a850 N 0x1998a854
0xda0 N 0xda4
0x73b8cc N 0x73b8d0
0xda0 N 0xda4
0x73b8cc T 0xb60151a4
0xabec900 N 0xabec904
0x73b8cc N 0x73b8d0
0xd8ec N 0xd8f0
0xd8ec N 0xd8f0
0xda0 N 0xda4
0xabec900 N 0xabec904
0xabec900 N 0xabec904
0x73b8cc N 0x73b8d0
0xabec900 N 0xabec904
0xd8ec N 0xd8f0
0xda0 N 0xda4
0xabec900 N 0xabec904
0x73b8cc N 0x73b8d0
0x1998a850 N 0x1998a854
0xabec900 N 0xabec904
0xd8ec N 0xd8f0
0xda0 N 0xda4
0xd8ec N 0xd8f0
0x71205c N 0x712060
0xda0 N 0xda4
0xabec900 N 0xabec904
0xda0 N 0xda4
0xda0 N 0xda4
0x1998a850 N 0x1998a854
0xda0 N 0xda4
0x71205c T 0x89f470
0xd8ec N 0xd8f0
0x71205c N 0x712060
0x71205c N 0x712060
0xda0 N 0xda4
0x1998a850 N 0x1998a854
0xda0 N 0xda4
0x1998a850 N 0x1998a854
0xabec900 N 0xabec904
0x1998a850 N 0x1998a854
0xd8ec N 0xd8f0
0xd8ec N 0xd8f0
0x71205c N 0x712060
0xd8ec N 0xd8f0
0xabec900 N 0xabec904
0xabec900 N 0xabec904
0x1998a850 N 0x1998a854
0xda0 N 0xda4
0x1998a850 N 0x1998a854
0xda0 N 0xda4
0xd8ec T 0x1f6c90
0x73b8cc N 0x73b8d0
0xd8ec N 0xd8f0
0xabec900 N 0xabec904
0x1998a850 N 0x1998a854
0x73b8cc N 0x73b8d0
0x73b8cc N 0x73b8d0
0x73b8cc N 0x73b8d0
0x71205c N 0x712060
0x73b8cc N 0x73b8d0
0x71205c N 0x712060
0x71205c N 0x712060
0xabec900 N 0xabec904
0x1998a850 N 0x1998a854
0x71205c N 0x712060
0x73b8cc N 0x73b8d0
0x71205c N 0x712060
0x71205c N 0x712060
0xabec900 N 0xabec904
0x71205c T 0x89f470
0xd8ec N 0xd8f0
0xda0 N 0xda4
0x71205c N 0x712060
0xda0 N 0xda4
0x73b8cc N 0x73b8d0
0x73b8cc N 0x73b8d0
0x73b8cc T 0xb60151a4
0x1998a850 N 0x1998a854
0xda0 N 0xda4
0xd8ec N 0xd8f0
0x73b8cc N 0x73b8d0
0xd8ec N 0xd8f0
0xabec900 N 0xabec904
0x73b8cc N 0x73b8d0
0x73b8cc N 0x73b8d0
0x1998a850 N 0x1998a854
0xda0 N 0xda4
0x73b8cc N 0x73b8d0
0xd8ec N 0xd8f0
0xabec900 N 0xabec904
0x73b8cc N 0x73b8d0
0xabec900 N 0xabec904
0x71205c N 0x712060
0xd8ec N 0xd8f0
0xda0 N 0xda4
0x71205c N 0x712060
0x71205c T 0x89f470
0x73b8cc N 0x73b8d0
0xd8ec N 0xd8f0
0x1998a850 N 0x1998a854
0x73b8cc N 0x73b8d0
0xda0 N 0xda4
0xd8ec N 0xd8f0
0x71205c N 0x712060
0x71205c T 0x89f470
0x73b8cc N 0x73b8d0
0x1998a850 N 0x1998a854
0xd8ec N 0xd8f0
0x73b8cc N 0x73b8d0
0x71205c N 0x712060
0xd8ec N 0xd8f0
0xda0 N 0xda4
0x71205c N 0x712060
0xd8ec N 0xd8f0
0x71205c N 0x712060
0x73b8cc N 0x73b8d0
0xda0 T 0x2515c7c
0xd8ec N 0xd8f0
0xda0 N 0xda4
0x1998a850 N 0x1998a854
0xd8ec T 0x1f6c90
0x71205c N 0x712060
0x73b8cc N 0x73b8d0
0x73b8cc T 0xb60151a4
0xabec900 N 0xabec904
0xda0 N 0xda4
0x1998a850 N 0x1998a854
0x73b8cc T 0xb60151a4
0xd8ec N 0xd8f0
0x1998a850 N 0x1998a854
0xabec900 N 0xabec904
0x71205c N 0x712060
0x71205c N 0x712060
0xd8ec N 0xd8f0
0x73b8cc N 0x73b8d0
0xda0 N 0xda4
0x71205c N 0x712060
0x71205c T 0x89f470
0xabec900 N 0xabec904
0xd8ec N 0xd8f0
0xd8ec T 0x1f6c90
0xda0 N 0xda4
0x73b8cc N 0x73b8d0
0xda0 T 0x2515c7c
0x71205c N 0x712060
0xda0 N 0xda4
0x1998a850 N 0x1998a854
0x1998a850 T 0xaee4
0x71205c T 0x89f470
0xda0 N 0xda4
0xd8ec N 0xd8f0
0x73b8cc N 0x73b8d0
0xda0 N 0xda4
0x1998a850 N 0x1998a854
0xabec900 N 0xabec904
0xda0 N 0xda4
0xda0 T 0x2515c7c
0x1998a850 N 0x1998a854
0x73b8cc T 0xb60151a4
0xd8ec N 0xd8f0
0x73b8cc N 0x73b8d0
0x71205c N 0x712060
0xabec900 N 0xabec904
0x73b8cc N 0x73b8d0
0x1998a850 N 0x1998a854
0x71205c N 0x712060
0xda0 N 0xda4
0x73b8cc N 0x73b8d0
0xda0 T 0x2515c7c
0x71205c N 0x712060
0x71205c T 0x89f470
0xabec900 N 0xabec904
0x71205c N 0x712060
0x71205c N 0x712060
0x71205c N 0x712060
0x73b8cc N 0x73b8d0
0xda0 N 0xda4
0x1998a850 N 0x1998a854
0xd8ec N 0xd8f0
0x73b8cc N 0x73b8d0
0xd8ec N 0xd8f0
0xd8ec N 0xd8f0
0x71205c N 0x712060
0xabec900 N 0xabec904
0x1998a850 N 0x1998a854
0xd8ec N 0xd8f0
0x73b8cc N 0x73b8d0
0xda0 N 0xda4
0x1998a850 N 0x1998a854
0xd8ec N 0xd8f0
0x71205c N 0x712060
0xabec900 N 0xabec904
0x1998a850 N 0x1998a854
0xda0 N 0xda4
0x1998a850 N 0x1998a854
0xda0 N 0xda4
0x73b8cc N 0x73b8d0
0xda0 N 0xda4
0x71205c N 0x712060
0xda0 N 0xda4
0x73b8cc N 0x73b8d0
0xda0 T 0x2515c7c
0xd8ec N 0xd8f0
0xabec900 N 0xabec904
0xd8ec N 0xd8f0
0x71205c N 0x712060
0x1998a850 N 0x1998a854
0x1998a850 N 0x1998a854
0xd8ec N 0xd8f0
0x1998a850 N 0x1998a854
0xabec900 N 0xabec904
0x73b8cc N 0x73b8d0
0xd8ec N 0xd8f0
0xd8ec N 0xd8f0
0xd8ec T 0x1f6c90
0xd8ec T 0x1f6c90
0xda0 N 0xda4
0xda0 N 0xda4
0xd8ec N 0xd8f0
0x73b8cc N 0x73b8d0
0xd8ec N 0xd8f0
0xda0 N 0xda4
0x71205c N 0x712060
0x73b8cc N 0x73b8d0
0xda0 T 0x2515c7c
0xda0 N 0xda4
0xda0 T 0x2515c7c
0xabec900 N 0xabec904
0xda0 N 0xda4
0x73b8cc N 0x73b8d0
0xabec900 N 0xabec904
0x1998a850 N 0x1998a854
0xda0 N 0xda4
0x73b8cc T 0xb60151a4
0x1998a850 N 0x1998a854
0xda0 N 0xda4
0xda0 N 0xda4
0x1998a850 N 0x1998a854
0x73b8cc T 0xb60151a4
0xabec900 N 0xabec904
0x73b8cc T 0xb60151a4
0x73b8cc N 0x73b8d0
0x1998a850 N 0x1998a854
0x1998a850 N 0x1998a854
0xd8ec N 0xd8f0
0xabec900 N 0xabec904
0x73b8cc N 0x73b8d0
0x73b8cc T 0xb60151a4
0x71205c N 0x712060
0xda0 N 0xda4
0xd8ec N 0xd8f0
0xabec900 N 0xabec904
0x71205c N 0x712060
0xda0 N 0xda4
0xabec900 N 0xabec904
0xd8ec N 0xd8f0
0xabec900 N 0xabec904
0xabec900 N 0xabec904
0xd8ec T 0x1f6c90
0xabec900 N 0xabec904
0xd8ec T 0x1f6c90
0xda0 N 0xda4
0xda0 N 0xda4
0x73b8cc N 0x73b8d0
0xabec900 N 0xabec904
0x71205c N 0x712060
0x1998a850 N 0x1998a854
0x1998a850 N 0x1998a854
0xda0 N 0xda4
0x73b8cc N 0x73b8d0
0x73b8cc T 0xb60151a4
0x71205c N 0x712060
0x73b8cc N 0x73b8d0
0x1998a850 N 0x1998a854
0x73b8cc T 0xb60151a4
0x73b8cc N 0x73b8d0
0x73b8cc T 0xb60151a4
0x71205c N 0x712060
0x73b8cc N 0x73b8d0
0xd8ec N 0xd8f0
0xabec900 N 0xabec904
0xd8ec T 0x1f6c90
0x1998a850 N 0x1998a854
0xabec900 N 0xabec904
0x71205c N 0x712060
0x1998a850 N 0x1998a854
0xabec900 N 0xabec904
0x73b8cc N 0x73b8d0
0x73b8cc N 0x73b8d0
0x1998a850 N 0x1998a854
0xabec900 N 0xabec904
0x73b8cc N 0x73b8d0
0x71205c N 0x712060
0x73b8cc N 0x73b8d0
0x71205c N 0x712060
0xd8ec N 0xd8f0
0x1998a850 N 0x1998a854
0x73b8cc N 0x73b8d0
0xabec900 N 0xabec904
0x71205c N 0x712060
0x71205c T 0x89f470
0x71205c N 0x712060
0x71205c N 0x712060
0x71205c N 0x712060
0x1998a850 N 0x1998a854
0x73b8cc N 0x73b8d0
0x73b8cc N 0x73b8d0
0xd8ec N 0xd8f0
0x1998a850 N 0x1998a854
0x1998a850 N 0x1998a854
0xda0 N 0xda4
0x71205c N 0x712060
0xda0 N 0xda4
0xabec900 N 0xabec904
0x71205c N 0x712060
0xda0 N 0xda4
0xabec900 N 0xabec904
0x71205c N 0x712060
0x73b8cc N 0x73b8d0
0xda0 N 0xda4
0x71205c N 0x712060
0xabec900 N 0xabec904
0x1998a850 N 0x1998a854
0xabec900 N 0xabec904
0xda0 N 0xda4
0x1998a850 N 0x1998a854
0x1998a850 N 0x1998a854
0x1998a850 T 0xaee4
0x73b8cc N 0x73b8d0
0xda0 N 0xda4
0xda0 N 0xda4
0x1998a850 N 0x1998a854
0x71205c N 0x712060
0x73b8cc N 0x73b8d0
0xda0 N 0xda4
0xabec900 N 0xabec904
0x71205c N 0x712060
0xda0 N 0xda4
0x1998a850 N 0x1998a854
0xda0 N 0xda4
0xabec900 N 0xabec904
0x71205c N 0x712060
0x1998a850 N 0x1998a854
0xda0 N 0xda4
0xabec900 N 0xabec904
0xda0 N 0xda4
0x73b8cc N 0x73b8d0
0xda0 N 0xda4
0xd8ec N 0xd8f0
0x71205c N 0x712060
0xabec900 N 0xabec904
0x1998a850 N 0x1998a854
0xda0 N 0xda4
0x1998a850 N 0x1998a854
0xd8ec N 0xd8f0
0x1998a850 N 0x1998a854
0xabec900 N 0xabec904
0x71205c N 0x712060
0x71205c N 0x712060
0xda0 N 0xda4
0x71205c N 0x712060
0xabec900 N 0xabec904
0x73b8cc N 0x73b8d0
0xd8ec N 0xd8f0
0x71205c N 0x712060
0xd8ec N 0xd8f0
0xd8ec N 0xd8f0
0xd8ec N 0xd8f0
0x71205c N 0x712060
0x1998a850 N 0x1998a854
0x1998a850 N 0x1998a854
0x71205c N 0x712060
0x1998a850 T 0xaee4
0xda0 N 0xda4
0x71205c T 0x89f470
0x73b8cc N 0x73b8d0
0x73b8cc T 0xb60151a4
0xda0 N 0xda4
0x73b8cc N 0x73b8d0
0x73b8cc T 0xb60151a4
0xd8ec N 0xd8f0
0xabec900 N 0xabec904
0xd8ec N 0xd8f0
0xda0 N 0xda4
0xabec900 N 0xabec904
0xabec900 N 0xabec904
0xabec900 T 0x1e0
0xd8ec T 0x1f6c90
0x73b8cc N 0x73b8d0
0x71205c N 0x712060
0x73b8cc N 0x73b8d0
0xd8ec N 0xd8f0
0x73b8cc N 0x73b8d0
0xd8ec N 0xd8f0
0xda0 N 0xda4
0x73b8cc N 0x73b8d0
0xabec900 N 0xabec904
0xda0 N 0xda4
0x73b8cc N 0x73b8d0
0x1998a850 N 0x1998a854
0x73b8cc T 0xb60151a4
0xabec900 N 0xabec904
0x1998a850 N 0x1998a854
0xabec900 N 0xabec904
0xda0 N 0xda4
0x71205c N 0x712060
0x73b8cc N 0x73b8d0
0x1998a850 N 0x1998a854
0xd8ec N 0xd8f0
0x73b8cc N 0x73b8d0
0xd8ec N 0xd8f0
0x73b8cc N 0x73b8d0
0x73b8cc T 0xb60151a4
0xabec900 N 0xabec904
0xda0 N 0xda4
0xda0 N 0xda4
0x73b8cc T 0xb60151a4
0xda0 T 0x2515c7c
0xda0 T 0x2515c7c
0x71205c N 0x712060
0x73b8cc N 0x73b8d0
0x71205c N 0x712060
0xabec900 N 0xabec904
0xd8ec N 0xd8f0
0xabec900 N 0xabec904
0x1998a850 N 0x1998a854
0xd8ec N 0xd8f0
0x1998a850 T 0xaee4
0x1998a850 N 0x1998a854
0x71205c N 0x712060
0xda0 N 0xda4
0x73b8cc N 0x73b8d0
0xd8ec N 0xd8f0
0xda0 T 0x2515c7c
0xabec900 N 0xabec904
0x1998a850 N 0x1998a854
0x1998a850 T 0xaee4
0xda0 N 0xda4
0xda0 T 0x2515c7c
0x71205c N 0x712060
0xda0 T 0x2515c7c
0x71205c N 0x712060
0xd8ec N 0xd8f0
0x1998a850 N 0x1998a854
0x73b8cc N 0x73b8d0
0xda0 N 0xda4
0xda0 T 0x2515c7c
0x71205c N 0x712060
0xabec900 N 0xabec904
0xabec900 T 0x1e0
0xda0 N 0xda4
0x71205c N 0x712060
0x73b8cc N 0x73b8d0
0x1998a850 N 0x1998a854
0xda0 N 0xda4
0xabec900 N 0xabec904
0x71205c N 0x712060
0x71205c N 0x712060
0x1998a850 N 0x1998a854
0xabec900 N 0xabec904
0xda0 N 0xda4
0x71205c N 0x712060
0x1998a850 N 0x1998a854
0x71205c T 0x89f470
0x1998a850 N 0x1998a854
0x1998a850 N 0x1998a854
0x1998a850 N 0x1998a854
0x71205c T 0x89f470
0x1998a850 N 0x1998a854
0x1998a850 N 0x1998a854
0xda0 N 0xda4
0x71205c N 0x712060
0xabec900 N 0xabec904
0xabec900 N 0xabec904
0xabec900 N 0xabec904
0x71205c N 0x712060
0x73b8cc N 0x73b8d0
0xda0 N 0xda4
0xda0 T 0x2515c7c
0xda0 N 0xda4
0xda0 N 0xda4
0xda0 N 0xda4
0xd8ec N 0xd8f0
0x1998a850 N 0x1998a854
0xabec900 N 0xabec904
0x71205c N 0x712060
0xd8ec N 0xd8f0
0xda0 N 0xda4
0x73b8cc N 0x73b8d0
0xd8ec N 0xd8f0
0x73b8cc N 0x73b8d0
0x1998a850 N 0x1998a854
0x71205c N 0x712060
0x71205c N 0x712060
0xabec900 N 0xabec904
0xda0 N 0xda4
0xd8ec N 0xd8f0
0x71205c N 0x712060
0x1998a850 N 0x1998a854
0x73b8cc N 0x73b8d0
0x71205c N 0x712060
0xda0 N 0xda4
0x1998a850 N 0x1998a854
0xd8ec N 0xd8f0
0x1998a850 T 0xaee4
0x1998a850 N 0x1998a854
0x71205c N 0x712060
0xd8ec N 0xd8f0
0x73b8cc N 0x73b8d0
0xd8ec N 0xd8f0
0xda0 N 0xda4
0x73b8cc N 0x73b8d0
0x73b8cc N 0x73b8d0
0xd8ec N 0xd8f0
0x71205c N 0x712060
0xd8ec N 0xd8f0
0x1998a850 N 0x1998a854
0x71205c N 0x712060
0x1998a850 T 0xaee4
0x1998a850 N 0x1998a854
0xd8ec N 0xd8f0
0x71205c N 0x712060
0x73b8cc N 0x73b8d0
0xabec900 N 0xabec904
0x1998a850 N 0x1998a854
0x1998a850 N 0x1998a854
0xabec900 N 0xabec904
0xda0 N 0xda4
0xabec900 N 0xabec904
0x73b8cc N 0x73b8d0
0xd8ec N 0xd8f0
0xda0 N 0xda4
0x71205c N 0x712060
0xda0 N 0xda4
0xda0 N 0xda4
0x73b8cc N 0x73b8d0
0xd8ec N 0xd8f0
0x1998a850 N 0x1998a854
0xda0 N 0xda4
0x1998a850 N 0x1998a854
0x1998a850 N 0x1998a854
0xda0 N 0xda4
0x1998a850 N 0x1998a854
0x71205c N 0x712060
0xabec900 N 0xabec904
0xda0 N 0xda4
0xda0 N 0xda4
0x73b8cc N 0x73b8d0
0x1998a850 N 0x1998a854
0x71205c N 0x712060
0x71205c N 0x712060
0xda0 N 0xda4
0x73b8cc N 0x73b8d0
0xd8ec N 0xd8f0
0xabec900 N 0xabec904
0x73b8cc N 0x73b8d0
0xabec900 N 0xabec904
0xabec900 N 0xabec904
0xd8ec N 0xd8f0
0xd8ec N 0xd8f0
0xabec900 T 0x1e0
0xda0 N 0xda4
0x1998a850 N 0x1998a854
0xda0 N 0xda4
0xda0 T 0x2515c7c
0xabec900 N 0xabec904
0xabec900 N 0xabec904
0xda0 N 0xda4
0xda0 T 0x2515c7c
0x73b8cc N 0x73b8d0
0x71205c N 0x712060
0xabec900 N 0xabec904
0x1998a850 N 0x1998a854
0x71205c N 0x712060
0x71205c T 0x89f470
0xd8ec N 0xd8f0
0xabec900 N 0xabec904
0xd8ec N 0xd8f0
0x73b8cc N 0x73b8d0
0xabec900 T 0x1e0
0xd8ec N 0xd8f0
0xda0 N 0xda4
0xd8ec N 0xd8f0
0xd8ec T 0x1f6c90
0x1998a850 N 0x1998a854
0xabec900 N 0xabec904
0x1998a850 N 0x1998a854
0x73b8cc N 0x73b8d0
0xd8ec N 0xd8f0
0x73b8cc N 0x73b8d0
0xd8ec N 0xd8f0
0x71205c N 0x712060
0x71205c N 0x712060
0x73b8cc N 0x73b8d0
0xda0 N 0xda4
0x71205c N 0x712060
0xda0 N 0xda4
0xda0 N 0xda4
0x71205c N 0x712060
0xabec900 N 0xabec904
0x73b8cc N 0x73b8d0
0xabec900 T 0x1e0
0xabec900 N 0xabec904
0xda0 N 0xda4
0x73b8cc N 0x73b8d0
0x73b8cc N 0x73b8d0
0xda0 T 0x2515c7c
0xda0 N 0xda4
0x71205c N 0x712060
0xabec900 N 0xabec904
0x71205c N 0x712060
0x73b8cc N 0x73b8d0
0xabec900 T 0x1e0
0xd8ec N 0xd8f0
0x71205c N 0x712060
0xda0 N 0xda4
0xd8ec N 0xd8f0
0xabec900 N 0xabec904
0x73b8cc N 0x73b8d0
0x73b8cc N 0x73b8d0
0xda0 N 0xda4
0x71205c N 0x712060
0xd8ec N 0xd8f0
0x73b8cc N 0x73b8d0
0x73b8cc T 0xb60151a4
0xda0 N 0xda4
0xd8ec N 0xd8f0
0xabec900 N 0xabec904
0xda0 N 0xda4
0xabec900 N 0xabec904
0x73b8cc N 0x73b8d0
0x71205c N 0x712060
0x73b8cc N 0x73b8d0
0x71205c N 0x712060
0x71205c T 0x89f470
0x71205c T 0x89f470
0x73b8cc N 0x73b8d0
0x1998a850 N 0x1998a854
0x71205c N 0x712060
0xd8ec N 0xd8f0
0xd8ec T 0x1f6c90
0xd8ec N 0xd8f0
0xabec900 N 0xabec904
0x1998a850 N 0x1998a854
0xabec900 N 0xabec904
0x1998a850 N 0x1998a854
0xd8ec T 0x1f6c90
0xd8ec T 0x1f6c90
0xd8ec N 0xd8f0
0x71205c N 0x712060
0xd8ec N 0xd8f0
0xabec900 N 0xabec904
0x73b8cc N 0x73b8d0
0x71205c N 0x712060
0x73b8cc N 0x73b8d0
0xda0 N 0xda4
0x73b8cc N 0x73b8d0
0xabec900 N 0xabec904
0xd8ec N 0xd8f0
0xda0 N 0xda4
0x73b8cc N 0x73b8d0
0xda0 T 0x2515c7c
0xabec900 N 0xabec904
0x73b8cc N 0x73b8d0
0x1998a850 N 0x1998a854
0x1998a850 N 0x1998a854
0xda0 N 0xda4
0x73b8cc N 0x73b8d0
0xabec900 N 0xabec904
0xda0 N 0xda4
0x73b8cc N 0x73b8d0
0x73b8cc T 0xb60151a4
0x1998a850 N 0x1998a854
0x71205c N 0x712060
0x1998a850 N 0x1998a854
0x73b8cc N 0x73b8d0
0xabec900 N 0xabec904
0xda0 N 0xda4
0x73b8cc T 0xb60151a4
0xd8ec N 0xd8f0
0x73b8cc N 0x73b8d0
0x71205c N 0x712060
0xda0 N 0xda4
0x71205c T 0x89f470
0x1998a850 N 0x1998a854
0xda0 N 0xda4
0x71205c N 0x712060
0xd8ec N 0xd8f0
0x1998a850 N 0x1998a854
0x71205c N 0x712060
0x73b8cc N 0x73b8d0
0x73b8cc T 0xb60151a4
0xd8ec N 0xd8f0
0x71205c N 0x712060
0x71205c T 0x89f470
0x73b8cc N 0x73b8d0
0x1998a850 N 0x1998a854
0xda0 N 0xda4
0xabec900 N 0xabec904
0x71205c N 0x712060
0xabec900 N 0xabec904
0x1998a850 N 0x1998a854
0xabec900 N 0xabec904
0xd8ec N 0xd8f0
0x73b8cc N 0x73b8d0
0xda0 N 0xda4
0xda0 T 0x2515c7c
0x71205c N 0x712060
0x73b8cc N 0x73b8d0
0x71205c N 0x712060
0x71205c N 0x712060
0xda0 N 0xda4
0xd8ec N 0xd8f0
0x73b8cc N 0x73b8d0
0xd8ec N 0xd8f0
0x71205c N 0x712060
0xd8ec N 0xd8f0
0xd8ec N 0xd8f0
0xd8ec T 0x1f6c90
0x73b8cc N 0x73b8d0
0xda0 T 0x2515c7c
0xd8ec N 0xd8f0
0x73b8cc N 0x73b8d0
0x71205c N 0x712060
0x1998a850 N 0x1998a854
0xd8ec N 0xd8f0
0x71205c N 0x712060
0x71205c N 0x712060
0x73b8cc N 0x73b8d0
0xabec900 N 0xabec904
0x71205c N 0x712060
0xd8ec N 0xd8f0
0x1998a850 N 0x1998a854
0x71205c N 0x712060
0x71205c N 0x712060
0x73b8cc N 0x73b8d0
0x71205c N 0x712060
0xda0 N 0xda4
0xd8ec N 0xd8f0
0x71205c N 0x712060
0xda0 N 0xda4
0x71205c N 0x712060
0xd8ec N 0xd8f0
0xda0 N 0xda4
0x1998a850 N 0x1998a854
0xd8ec T 0x1f6c90
0xd8ec N 0xd8f0
0x71205c N 0x712060
0x73b8cc N 0x73b8d0
0xda0 N 0xda4
0x1998a850 N 0x1998a854
0xda0 N 0xda4
0xda0 N 0xda4
0xabec900 N 0xabec904
0x1998a850 N 0x1998a854
0xabec900 N 0xabec904
0xabec900 N 0xabec904
0x73b8cc N 0x73b8d0
0xd8ec N 0xd8f0
0x73b8cc N 0x73b8d0
0xabec900 N 0xabec904
0xd8ec N 0xd8f0
0xabec900 N 0xabec904
0x71205c N 0x712060
0x1998a850 N 0x1998a854
0x73b8cc N 0x73b8d0
0xda0 N 0xda4
0x71205c N 0x712060
0x71205c N 0x712060
0xda0 N 0xda4
0xd8ec N 0xd8f0
0x73b8cc N 0x73b8d0
0x71205c N 0x712060
0xda0 T 0x2515c7c
0x71205c N 0x712060
0xda0 T 0x2515c7c
0x1998a850 N 0x1998a854
0xda0 N 0xda4
0x71205c N 0x712060
0xabec900 N 0xabec904
0xd8ec N 0xd8f0
0xda0 N 0xda4
0xabec900 N 0xabec904
0xda0 N 0xda4
0xda0 N 0xda4
0xd8ec N 0xd8f0
0x71205c N 0x712060
0x73b8cc N 0x73b8d0
0xd8ec N 0xd8f0
0xda0 T 0x2515c7c
0xd8ec T 0x1f6c90
0x1998a850 N 0x1998a854
0x1998a850 T 0xaee4
0xd8ec N 0xd8f0
0xda0 N 0xda4
0xabec900 N 0xabec904
0xabec900 T 0x1e0
0x71205c N 0x712060
0x71205c N 0x712060
0x71205c N 0x712060
0xabec900 N 0xabec904
0x71205c N 0x712060
0xabec900 N 0xabec904
0x71205c N 0x712060
0x71205c N 0x712060
0x71205c T 0x89f470
0x1998a850 N 0x1998a854
0x71205c N 0x712060
0xda0 N 0xda4
0x73b8cc N 0x73b8d0
0x1998a850 N 0x1998a854
0xda0 N 0xda4
0xd8ec N 0xd8f0
0xabec900 N 0xabec904
0xabec900 N 0xabec904
0xda0 N 0xda4
0xda0 T 0x2515c7c
0x73b8cc N 0x73b8d0
0xd8ec N 0xd8f0
0x1998a850 N 0x1998a854
0xd8ec N 0xd8f0
0xd8ec N 0xd8f0
0x71205c N 0x712060
0xda0 N 0xda4
0x71205c T 0x89f470
0xd8ec N 0xd8f0
0x1998a850 N 0x1998a854
0xda0 N 0xda4
0x1998a850 N 0x1998a854
0x73b8cc N 0x73b8d0
0x71205c N 0x712060
0xabec900 N 0xabec904
0x1998a850 N 0x1998a854
0x73b8cc N 0x73b8d0
0x1998a850 T 0xaee4
0x73b8cc T 0xb60151a4
0xd8ec N 0xd8f0
0xabec900 N 0xabec904
0x73b8cc N 0x73b8d0
0xda0 N 0xda4
0xda0 T 0x2515c7c
0x71205c N 0x712060
0x1998a850 N 0x1998a854
0xda0 N 0xda4
0xda0 T 0x2515c7c
0x71205c T 0x89f470
0x71205c T 0x89f470
0x71205c T 0x89f470
0x71205c T 0x89f470
0xda0 T 0x2515c7c
0x71205c T 0x89f470
0x71205c T 0x89f470
0x1998a850 N 0x1998a854
0x71205c T 0x89f470
0x71205c T 0x89f470
0x71205c T 0x89f470
0x73b8cc N 0x73b8d0
0xda0 N 0xda4
0xd8ec N 0xd8f0
0x71205c N 0x712060
0x73b8cc N 0x73b8d0
0xabec900 N 0xabec904
0xda0 N 0xda4
0x1998a850 N 0x1998a854
0x1998a850 T 0xaee4
0x73b8cc T 0xb60151a4
0xd8ec N 0xd8f0
0xabec900 N 0xabec904
0xda0 N 0xda4
0x1998a850 N 0x1998a854
0x71205c N 0x712060
0x1998a850 N 0x1998a854
0x1998a850 N 0x1998a854
0xda0 N 0xda4
0xd8ec N 0xd8f0
0x71205c N 0x712060
0xabec900 N 0xabec904
0x73b8cc N 0x73b8d0
0x1998a850 N 0x1998a854
0xda0 N 0xda4
0xd8ec N 0xd8f0
0xd8ec N 0xd8f0
0x73b8cc N 0x73b8d0
0x1998a850 N 0x1998a854
0xd8ec N 0xd8f0
0x73b8cc N 0x73b8d0
0x73b8cc N 0x73b8d0
0xda0 N 0xda4
0xd8ec N 0xd8f0
0xda0 N 0xda4
0x71205c N 0x712060
0x73b8cc N 0x73b8d0
0x1998a850 N 0x1998a854
0x71205c N 0x712060
0xda0 N 0xda4
0xd8ec N 0xd8f0
0x73b8cc N 0x73b8d0
0xabec900 N 0xabec904
0xd8ec N 0xd8f0
0xabec900 T 0x1e0
0xda0 N 0xda4
0x71205c N 0x712060
0xabec900 N 0xabec904
0xabec900 T 0x1e0
0xabec900 T 0x1e0
0x73b8cc N 0x73b8d0
0x71205c N 0x712060
0x71205c T 0x89f470
0x1998a850 N 0x1998a854
0xda0 N 0xda4
0xabec900 N 0xabec904
0x73b8cc N 0x73b8d0
0x71205c N 0x712060
0xd8ec N 0xd8f0
0xda0 N 0xda4
0x1998a850 N 0x1998a854
0x1998a850 N 0x1998a854
0x1998a850 N 0x1998a854
0x71205c N 0x712060
0x1998a850 N 0x1998a854
0x73b8cc N 0x73b8d0
0x71205c N 0x712060
0x71205c T 0x89f470
0xd8ec N 0xd8f0
0xabec900 N 0xabec904
0xabec900 T 0x1e0
0x73b8cc N 0x73b8d0
0x1998a850 N 0x1998a854
0x1998a850 T 0xaee4
0xd8ec N 0xd8f0
0xabec900 N 0xabec904
0x73b8cc N 0x73b8d0
0x71205c N 0x712060
0x73b8cc N 0x73b8d0
0xd8ec N 0xd8f0
0xd8ec N 0xd8f0
0xabec900 T 0x1e0
0x1998a850 N 0x1998a854
0x1998a850 N 0x1998a854
0xabec900 N 0xabec904
0xd8ec T 0x1f6c90
0x73b8cc N 0x73b8d0
0xabec900 N 0xabec904
0xabec900 T 0x1e0
0x73b8cc T 0xb60151a4
0xda0 N 0xda4
0xda0 N 0xda4
0x73b8cc N 0x73b8d0
0x71205c N 0x712060
0x71205c T 0x89f470
0x73b8cc N 0x73b8d0
0xda0 N 0xda4
0xda0 N 0xda4
0xda0 T 0x2515c7c
0xabec900 N 0xabec904
0xd8ec N 0xd8f0
0x71205c N 0x712060
0x1998a850 N 0x1998a854
0x71205c N 0x712060
0x1998a850 N 0x1998a854
0xda0 N 0xda4
0x73b8cc N 0x73b8d0
0x71205c N 0x712060
0x73b8cc N 0x73b8d0
0x73b8cc N 0x73b8d0
0xabec900 N 0xabec904
0x1998a850 N 0x1998a854
0xabec900 N 0xabec904
0x1998a850 N 0x1998a854
0x73b8cc N 0x73b8d0
0xd8ec N 0xd8f0
0xda0 N 0xda4
0xd8ec N 0xd8f0
0xd8ec N 0xd8f0
0x1998a850 N 0x1998a854
0x1998a850 N 0x1998a854
0xabec900 N 0xabec904
0x73b8cc N 0x73b8d0
0xd8ec N 0xd8f0
0x71205c N 0x712060
0xda0 N 0xda4
0x73b8cc N 0x73b8d0
0xabec900 N 0xabec904
0x1998a850 N 0x1998a854
0xd8ec N 0xd8f0
0xd8ec T 0x1f6c90
0x71205c N 0x712060
0xd8ec N 0xd8f0
0x1998a850 N 0x1998a854
0x1998a850 T 0xaee4
0x71205c N 0x712060
0xabec900 N 0xabec904
0x73b8cc N 0x73b8d0
0xabec900 N 0xabec904
0x71205c N 0x712060
0xda0 N 0xda4
0xda0 N 0xda4
0x71205c N 0x712060
0x71205c N 0x712060
0x71205c N 0x712060
0x73b8cc N 0x73b8d0
0xd8ec N 0xd8f0
0x71205c N 0x712060
0x71205c T 0x89f470
0x73b8cc N 0x73b8d0
0xd8ec N 0xd8f0
0x73b8cc N 0x73b8d0
0xda0 N 0xda4
0x1998a850 N 0x1998a854
0x71205c N 0x712060
0xda0 N 0xda4
0xabec900 N 0xabec904
0xabec900 N 0xabec904
0xabec900 N 0xabec904
0x71205c N 0x712060
0x73b8cc N 0x73b8d0
0x73b8cc N 0x73b8d0
0x73b8cc T 0xb60151a4
0xd8ec N 0xd8f0
0x71205c N 0x712060
0x73b8cc N 0x73b8d0
0xd8ec N 0xd8f0
0x1998a850 N 0x1998a854
0x71205c N 0x712060
0x73b8cc N 0x73b8d0
0x1998a850 N 0x1998a854
0x1998a850 N 0x1998a854
0x1998a850 N 0x1998a854
0x71205c N 0x712060
0xda0 N 0xda4
0xabec900 N 0xabec904
0x73b8cc N 0x73b8d0
0x1998a850 N 0x1998a854
0xabec900 N 0xabec904
0xda0 N 0xda4
0xd8ec N 0xd8f0
0xd8ec T 0x1f6c90
0x73b8cc N 0x73b8d0
0xabec900 N 0xabec904
0xd8ec N 0xd8f0
0xabec900 N 0xabec904
0xda0 N 0xda4
0x73b8cc N 0x73b8d0
0xabec900 N 0xabec904
0x73b8cc N 0x73b8d0
0xd8ec N 0xd8f0
0xda0 N 0xda4
0xd8ec T 0x1f6c90
0x71205c N 0x712060
0x73b8cc N 0x73b8d0
0x71205c N 0x712060
0xda0 T 0x2515c7c
0x71205c N 0x712060
0x71205c T 0x89f470
0x71205c N 0x712060
0x71205c N 0x712060
0x71205c N 0x712060
0xda0 N 0xda4
0x73b8cc N 0x73b8d0
0xd8ec N 0xd8f0
0xda0 N 0xda4
0xda0 N 0xda4
0x1998a850 N 0x1998a854
0x73b8cc N 0x73b8d0
0xd8ec N 0xd8f0
0x1998a850 N 0x1998a854
0xabec900 N 0xabec904
0x71205c N 0x712060
0xabec900 N 0xabec904
0xd8ec N 0xd8f0
0xda0 N 0xda4
0xabec900 N 0xabec904
0xabec900 N 0xabec904
0x73b8cc N 0x73b8d0
0xabec900 N 0xabec904
0x71205c N 0x712060
0x71205c N 0x712060
0xda0 N 0xda4
0x71205c N 0x712060
0xd8ec N 0xd8f0
0x1998a850 N 0x1998a854
0xabec900 N 0xabec904
0x71205c N 0x712060
0xda0 N 0xda4
0x71205c T 0x89f470
0xda0 N 0xda4
0x1998a850 N 0x1998a854
0x73b8cc N 0x73b8d0
0x73b8cc N 0x73b8d0
0x71205c N 0x712060
0xd8ec N 0xd8f0
0xd8ec T 0x1f6c90
0x73b8cc N 0x73b8d0
0x71205c N 0x712060
0xd8ec N 0xd8f0
0xda0 N 0xda4
0x71205c N 0x712060
0xabec900 N 0xabec904
0xd8ec N 0xd8f0
0x71205c N 0x712060
0x71205c T 0x89f470
0xd8ec N 0xd8f0
0x73b8cc N 0x73b8d0
0x73b8cc T 0xb60151a4
0x73b8cc N 0x73b8d0
0x73b8cc T 0xb60151a4
0x71205c N 0x712060
0xd8ec N 0xd8f0
0xd8ec T 0x1f6c90
0x73b8cc N 0x73b8d0
0xd8ec N 0xd8f0
0xd8ec T 0x1f6c90
0xabec900 N 0xabec904
0xd8ec T 0x1f6c90
0x71205c N 0x712060
0x71205c N 0x712060
0xabec900 T 0x1e0
0xda0 N 0xda4
0x1998a850 N 0x1998a854
0xd8ec N 0xd8f0
0x73b8cc N 0x73b8d0
0x1998a850 N 0x1998a854
0x73b8cc N 0x73b8d0
0x1998a850 T 0xaee4
0xda0 N 0xda4
0x73b8cc T 0xb60151a4
0x73b8cc T 0xb60151a4
0x71205c N 0x712060
0xda0 T 0x2515c7c
0xabec900 N 0xabec904
0x71205c T 0x89f470
0x73b8cc N 0x73b8d0
0xabec900 T 0x1e0
0x1998a850 N 0x1998a854
0xd8ec N 0xd8f0
0xd8ec N 0xd8f0
0xda0 N 0xda4
0x1998a850 N 0x1998a854
0xd8ec N 0xd8f0
0x71205c N 0x712060
0xda0 N 0xda4
0x73b8cc N 0x73b8d0
0x73b8cc N 0x73b8d0
0x1998a850 N 0x1998a854
0xda0 N 0xda4
0x73b8cc N 0x73b8d0
0xabec900 N 0xabec904
0x71205c N 0x712060
0x71205c N 0x712060
0x73b8cc N 0x73b8d0
0xabec900 T 0x1e0
0xda0 N 0xda4
0xd8ec N 0xd8f0
0xd8ec N 0xd8f0
0x1998a850 N 0x1998a854
0xd8ec N 0xd8f0
0xd8ec N 0xd8f0
0x71205c N 0x712060
0xd8ec N 0xd8f0
0x71205c N 0x712060
0x1998a850 N 0x1998a854
0x71205c N 0x712060
0xabec900 N 0xabec904
0xda0 N 0xda4
0x73b8cc N 0x73b8d0
0x73b8cc N 0x73b8d0
0x71205c N 0x712060
0xda0 N 0xda4
0xabec900 N 0xabec904
0xabec900 N 0xabec904
0x71205c T 0x89f470
0x1998a850 N 0x1998a854
0x71205c T 0x89f470
0x73b8cc N 0x73b8d0
0xda0 N 0xda4
0x71205c N 0x712060
0x71205c T 0x89f470
0x71205c N 0x712060
0xd8ec N 0xd8f0
0x1998a850 N 0x1998a854
0x73b8cc N 0x73b8d0
0xda0 N 0xda4
0x71205c N 0x712060
0x71205c T 0x89f470
0xda0 N 0xda4
0x73b8cc N 0x73b8d0
0xda0 T 0x2515c7c
0xda0 T 0x2515c7c
0xda0 T 0x2515c7c
0xd8ec N 0xd8f0
0xda0 T 0x2515c7c
0x73b8cc N 0x73b8d0
0x73b8cc T 0xb60151a4
0x71205c N 0x712060
0x73b8cc N 0x73b8d0
0x71205c N 0x712060
0x73b8cc N 0x73b8d0
0x73b8cc N 0x73b8d0
0xda0 T 0x2515c7c
flush_num: 741, br_num: 1456, size: 228b
