0x1fd66cc N 0x1fd66d0
0xaa4 N 0xaa8
0xaa4 T 0xfb56c
0xaa4 N 0xaa8
0x6cca70 N 0x6cca74
0x1fd66cc T 0x8838
0xaa4 T 0xfb56c
0x1fd66cc T 0x8838
0xaa4 T 0xfb56c
0x6cca70 T 0x53c
0xaa4 T 0xfb56c
0x6cca70 T 0x53c
0xaa4 T 0xfb56c
0x6cca70 T 0x53c
0x1fd66cc T 0x8838
0x1fd66cc T 0x8838
0xaa4 T 0xfb56c
0xaa4 T 0xfb56c
0xaa4 T 0xfb56c
0xaa4 T 0xfb56c
0x6cca70 T 0x53c
0x1fd66cc T 0x8838
0x6cca70 T 0x53c
0x1fd66cc T 0x8838
0xaa4 T 0xfb56c
0xaa4 T 0xfb56c
0x6cca70 T 0x53c
0x1fd66cc T 0x8838
0xaa4 T 0xfb56c
0x6cca70 T 0x53c
0xaa4 T 0xfb56c
0xaa4 T 0xfb56c
0x6cca70 T 0x53c
0x1fd66cc T 0x8838
0x1fd66cc T 0x8838
0x1fd66cc T 0x8838
0xaa4 T 0xfb56c
0xaa4 T 0xfb56c
0x6cca70 T 0x53c
0xaa4 T 0xfb56c
0x6cca70 T 0x53c
0x1fd66cc T 0x8838
0xaa4 T 0xfb56c
0xaa4 T 0xfb56c
0x6cca70 T 0x53c
0x1fd66cc T 0x8838
0x1fd66cc T 0x8838
0x6cca70 T 0x53c
0x1fd66cc T 0x8838
0xaa4 T 0xfb56c
0xaa4 T 0xfb56c
0xaa4 T 0xfb56c
0x1fd66cc T 0x8838
0x1fd66cc T 0x8838
0x1fd66cc T 0x8838
0xaa4 T 0xfb56c
0x6cca70 T 0x53c
0x6cca70 T 0x53c
0x6cca70 T 0x53c
0x6cca70 T 0x53c
0xaa4 T 0xfb56c
0x1fd66cc T 0x8838
0x1fd66cc T 0x8838
0xaa4 T 0xfb56c
0x6cca70 T 0x53c
0x1fd66cc T 0x8838
0x1fd66cc T 0x8838
0x1fd66cc T 0x8838
0x6cca70 T 0x53c
0x6cca70 T 0x53c
0x1fd66cc T 0x8838
0x6cca70 T 0x53c
0x1fd66cc T 0x8838
0xaa4 T 0xfb56c
0x1fd66cc T 0x8838
0x6cca70 T 0x53c
0x1fd66cc T 0x8838
0x6cca70 T 0x53c
0x1fd66cc T 0x8838
0xaa4 T 0xfb56c
0x6cca70 T 0x53c
0x6cca70 T 0x53c
0x6cca70 T 0x53c
0x6cca70 T 0x53c
0x6cca70 T 0x53c
0x6cca70 T 0x53c
0x1fd66cc T 0x8838
0x6cca70 T 0x53c
0x1fd66cc T 0x8838
0x1fd66cc T 0x8838
0x1fd66cc T 0x8838
0xaa4 T 0xfb56c
0x6cca70 T 0x53c
0xaa4 T 0xfb56c
0xaa4 T 0xfb56c
0xaa4 T 0xfb56c
0x6cca70 T 0x53c
0x1fd66cc T 0x8838
0xaa4 T 0xfb56c
0x1fd66cc T 0x8838
0x6cca70 T 0x53c
0x6cca70 T 0x53c
0x1fd66cc T 0x8838
0x1fd66cc T 0x8838
0xaa4 T 0xfb56c
0x6cca70 T 0x53c
0x1fd66cc T 0x8838
0x1fd66cc T 0x8838
0xaa4 T 0xfb56c
0xaa4 T 0xfb56c
0xaa4 T 0xfb56c
0x1fd66cc T 0x8838
0xaa4 T 0xfb56c
0x1fd66cc T 0x8838
0x1fd66cc T 0x8838
0xaa4 T 0xfb56c
0x6cca70 T 0x53c
0x6cca70 T 0x53c
0x1fd66cc T 0x8838
0x1fd66cc T 0x8838
0x6cca70 T 0x53c
0x6cca70 T 0x53c
0x1fd66cc T 0x8838
0x1fd66cc T 0x8838
0x1fd66cc T 0x8838
0xaa4 T 0xfb56c
0x1fd66cc T 0x8838
0xaa4 T 0xfb56c
0xaa4 T 0xfb56c
0x1fd66cc T 0x8838
0x6cca70 T 0x53c
0x6cca70 T 0x53c
0x6cca70 T 0x53c
0x1fd66cc T 0x8838
0xaa4 T 0xfb56c
0xaa4 T 0xfb56c
0xaa4 T 0xfb56c
0x1fd66cc T 0x8838
0x1fd66cc T 0x8838
0xaa4 T 0xfb56c
0x6cca70 T 0x53c
0xaa4 T 0xfb56c
0x6cca70 T 0x53c
0x6cca70 T 0x53c
0x1fd66cc T 0x8838
0x1fd66cc T 0x8838
0xaa4 T 0xfb56c
0x1fd66cc T 0x8838
0xaa4 T 0xfb56c
0x1fd66cc T 0x8838
0x6cca70 T 0x53c
0x6cca70 T 0x53c
0x1fd66cc T 0x8838
0xaa4 T 0xfb56c
0xaa4 T 0xfb56c
0x6cca70 T 0x53c
0x1fd66cc T 0x8838
0xaa4 T 0xfb56c
0xaa4 T 0xfb56c
0x1fd66cc T 0x8838
0xaa4 T 0xfb56c
0xaa4 T 0xfb56c
0x6cca70 T 0x53c
0x6cca70 T 0x53c
0x6cca70 T 0x53c
0x1fd66cc T 0x8838
0x1fd66cc T 0x8838
0xaa4 T 0xfb56c
0xaa4 T 0xfb56c
0x1fd66cc T 0x8838
0xaa4 T 0xfb56c
0xaa4 T 0xfb56c
0xaa4 T 0xfb56c
0xaa4 T 0xfb56c
0x1fd66cc T 0x8838
0xaa4 T 0xfb56c
0xaa4 T 0xfb56c
0xaa4 T 0xfb56c
0x6cca70 T 0x53c
0x6cca70 T 0x53c
0x6cca70 T 0x53c
0xaa4 T 0xfb56c
0xaa4 T 0xfb56c
0xaa4 T 0xfb56c
0x6cca70 T 0x53c
0xaa4 T 0xfb56c
0xaa4 T 0xfb56c
0x1fd66cc T 0x8838
0x6cca70 T 0x53c
0x6cca70 T 0x53c
0xaa4 T 0xfb56c
0x6cca70 T 0x53c
0x6cca70 T 0x53c
0x1fd66cc T 0x8838
0x6cca70 T 0x53c
0xaa4 T 0xfb56c
0x6cca70 T 0x53c
0x1fd66cc T 0x8838
0xaa4 T 0xfb56c
0xaa4 T 0xfb56c
0x1fd66cc T 0x8838
0xaa4 T 0xfb56c
0x1fd66cc T 0x8838
0x1fd66cc T 0x8838
0x1fd66cc T 0x8838
0x1fd66cc T 0x8838
0xaa4 T 0xfb56c
0xaa4 T 0xfb56c
0x1fd66cc T 0x8838
0x6cca70 T 0x53c
0x6cca70 T 0x53c
0x1fd66cc T 0x8838
0x6cca70 T 0x53c
0x1fd66cc T 0x8838
0x6cca70 T 0x53c
0x6cca70 T 0x53c
0x1fd66cc T 0x8838
0x1fd66cc T 0x8838
0x6cca70 T 0x53c
0x1fd66cc T 0x8838
0xaa4 T 0xfb56c
0x6cca70 T 0x53c
0x1fd66cc T 0x8838
0x6cca70 T 0x53c
0x6cca70 T 0x53c
0x6cca70 T 0x53c
0x1fd66cc T 0x8838
0x6cca70 T 0x53c
0xaa4 T 0xfb56c
0x1fd66cc T 0x8838
0x6cca70 T 0x53c
0x1fd66cc T 0x8838
0xaa4 T 0xfb56c
0x6cca70 T 0x53c
0xaa4 T 0xfb56c
0x6cca70 T 0x53c
0xaa4 T 0xfb56c
0x1fd66cc T 0x8838
0x1fd66cc T 0x8838
0x1fd66cc T 0x8838
0x6cca70 T 0x53c
0x6cca70 T 0x53c
0xaa4 T 0xfb56c
0xaa4 T 0xfb56c
0xaa4 T 0xfb56c
0x1fd66cc T 0x8838
0x6cca70 T 0x53c
0xaa4 T 0xfb56c
0x1fd66cc T 0x8838
0xaa4 T 0xfb56c
0x6cca70 T 0x53c
0x1fd66cc T 0x8838
0x1fd66cc T 0x8838
0x6cca70 T 0x53c
0xaa4 T 0xfb56c
0x1fd66cc T 0x8838
0xaa4 T 0xfb56c
0xaa4 T 0xfb56c
0x1fd66cc T 0x8838
0x6cca70 T 0x53c
0x6cca70 T 0x53c
0x6cca70 T 0x53c
0x1fd66cc T 0x8838
0xaa4 T 0xfb56c
0xaa4 T 0xfb56c
0xaa4 T 0xfb56c
0x1fd66cc T 0x8838
0x6cca70 T 0x53c
0x6cca70 T 0x53c
0x1fd66cc T 0x8838
0xaa4 T 0xfb56c
0x1fd66cc T 0x8838
0xaa4 T 0xfb56c
0x1fd66cc T 0x8838
0x1fd66cc T 0x8838
0x1fd66cc T 0x8838
0x6cca70 T 0x53c
0x1fd66cc T 0x8838
0x6cca70 T 0x53c
0x1fd66cc T 0x8838
0x6cca70 T 0x53c
0x1fd66cc T 0x8838
0x6cca70 T 0x53c
0x6cca70 T 0x53c
0xaa4 T 0xfb56c
0xaa4 T 0xfb56c
0x1fd66cc T 0x8838
0x6cca70 T 0x53c
0x1fd66cc T 0x8838
0xaa4 T 0xfb56c
0xaa4 T 0xfb56c
0x1fd66cc T 0x8838
0xaa4 T 0xfb56c
0x1fd66cc T 0x8838
0xaa4 T 0xfb56c
0x6cca70 T 0x53c
0xaa4 T 0xfb56c
0xaa4 T 0xfb56c
0xaa4 T 0xfb56c
0x1fd66cc T 0x8838
0x1fd66cc T 0x8838
0x1fd66cc T 0x8838
0x1fd66cc T 0x8838
0xaa4 T 0xfb56c
0x1fd66cc T 0x8838
0x6cca70 T 0x53c
0xaa4 T 0xfb56c
0xaa4 T 0xfb56c
0xaa4 T 0xfb56c
0x1fd66cc T 0x8838
0xaa4 T 0xfb56c
0xaa4 T 0xfb56c
0x1fd66cc T 0x8838
0xaa4 T 0xfb56c
0x1fd66cc T 0x8838
0xaa4 T 0xfb56c
0x6cca70 T 0x53c
0x6cca70 T 0x53c
0x1fd66cc T 0x8838
0x1fd66cc N 0x1fd66d0
0x1fd66cc T 0x8838
0x1fd66cc T 0x8838
0x1fd66cc T 0x8838
0x6cca70 T 0x53c
0x1fd66cc T 0x8838
0xaa4 T 0xfb56c
0xaa4 T 0xfb56c
0xaa4 T 0xfb56c
0x6cca70 T 0x53c
0xaa4 T 0xfb56c
0x1fd66cc T 0x8838
0x6cca70 T 0x53c
0x6cca70 T 0x53c
0x6cca70 T 0x53c
0x6cca70 T 0x53c
0x1fd66cc T 0x8838
0xaa4 T 0xfb56c
0x6cca70 T 0x53c
0x6cca70 T 0x53c
0xaa4 T 0xfb56c
0xaa4 T 0xfb56c
0x6cca70 T 0x53c
0xaa4 T 0xfb56c
0x1fd66cc T 0x8838
0x1fd66cc T 0x8838
0x6cca70 T 0x53c
0xaa4 T 0xfb56c
0x1fd66cc T 0x8838
0x6cca70 T 0x53c
0x6cca70 T 0x53c
0x6cca70 T 0x53c
0x6cca70 T 0x53c
0xaa4 T 0xfb56c
0x1fd66cc T 0x8838
0x1fd66cc T 0x8838
0x6cca70 T 0x53c
0x6cca70 T 0x53c
0x6cca70 T 0x53c
0x6cca70 T 0x53c
0x1fd66cc T 0x8838
0x1fd66cc T 0x8838
0x6cca70 T 0x53c
0x1fd66cc T 0x8838
0x6cca70 T 0x53c
0xaa4 T 0xfb56c
0xaa4 T 0xfb56c
0x6cca70 T 0x53c
0xaa4 T 0xfb56c
0x1fd66cc T 0x8838
0x6cca70 T 0x53c
0x1fd66cc T 0x8838
0x6cca70 T 0x53c
0x1fd66cc T 0x8838
0xaa4 T 0xfb56c
0x6cca70 T 0x53c
0xaa4 T 0xfb56c
0xaa4 T 0xfb56c
0xaa4 T 0xfb56c
0x6cca70 T 0x53c
0x1fd66cc T 0x8838
0xaa4 T 0xfb56c
0xaa4 T 0xfb56c
0x6cca70 T 0x53c
0x1fd66cc T 0x8838
0x1fd66cc T 0x8838
0xaa4 T 0xfb56c
0x1fd66cc T 0x8838
0x6cca70 T 0x53c
0xaa4 T 0xfb56c
0x1fd66cc T 0x8838
0xaa4 T 0xfb56c
0xaa4 T 0xfb56c
0xaa4 T 0xfb56c
0x1fd66cc T 0x8838
0x6cca70 T 0x53c
0xaa4 T 0xfb56c
0x6cca70 T 0x53c
0x6cca70 T 0x53c
0xaa4 T 0xfb56c
0xaa4 T 0xfb56c
0x6cca70 T 0x53c
0x1fd66cc T 0x8838
0x6cca70 T 0x53c
0xaa4 N 0xaa8
0x1fd66cc T 0x8838
0x1fd66cc T 0x8838
0x6cca70 T 0x53c
0xaa4 T 0xfb56c
0x1fd66cc T 0x8838
0x6cca70 T 0x53c
0x6cca70 T 0x53c
0x6cca70 T 0x53c
0x6cca70 T 0x53c
0x6cca70 T 0x53c
0x1fd66cc T 0x8838
0xaa4 T 0xfb56c
0xaa4 T 0xfb56c
0x1fd66cc T 0x8838
0x6cca70 T 0x53c
0x6cca70 T 0x53c
0x6cca70 T 0x53c
0xaa4 T 0xfb56c
0xaa4 T 0xfb56c
0x6cca70 T 0x53c
0x1fd66cc T 0x8838
0x6cca70 T 0x53c
0x1fd66cc T 0x8838
0x6cca70 T 0x53c
0x6cca70 T 0x53c
0xaa4 T 0xfb56c
0x6cca70 T 0x53c
0x6cca70 T 0x53c
0x1fd66cc T 0x8838
0xaa4 T 0xfb56c
0x6cca70 T 0x53c
0x1fd66cc T 0x8838
0xaa4 T 0xfb56c
0x6cca70 T 0x53c
0xaa4 T 0xfb56c
0xaa4 T 0xfb56c
0x6cca70 T 0x53c
0x1fd66cc T 0x8838
0x1fd66cc T 0x8838
0x6cca70 T 0x53c
0xaa4 N 0xaa8
0x6cca70 T 0x53c
0x6cca70 T 0x53c
0x1fd66cc T 0x8838
0xaa4 T 0xfb56c
0xaa4 T 0xfb56c
0xaa4 T 0xfb56c
0x6cca70 T 0x53c
0x6cca70 T 0x53c
0xaa4 T 0xfb56c
0x6cca70 T 0x53c
0xaa4 T 0xfb56c
0x1fd66cc T 0x8838
0x6cca70 T 0x53c
0x6cca70 T 0x53c
0x6cca70 T 0x53c
0xaa4 T 0xfb56c
0xaa4 T 0xfb56c
0x6cca70 T 0x53c
0x6cca70 T 0x53c
0x1fd66cc T 0x8838
0x6cca70 T 0x53c
0x1fd66cc T 0x8838
0xaa4 T 0xfb56c
0xaa4 T 0xfb56c
0x6cca70 T 0x53c
0x1fd66cc T 0x8838
0x1fd66cc T 0x8838
0x6cca70 T 0x53c
0x1fd66cc T 0x8838
0x6cca70 T 0x53c
0x1fd66cc T 0x8838
0xaa4 T 0xfb56c
0xaa4 T 0xfb56c
0x1fd66cc T 0x8838
0xaa4 T 0xfb56c
0xaa4 T 0xfb56c
0x1fd66cc T 0x8838
0xaa4 T 0xfb56c
0xaa4 T 0xfb56c
0xaa4 T 0xfb56c
0xaa4 N 0xaa8
0xaa4 T 0xfb56c
0x6cca70 T 0x53c
0x1fd66cc T 0x8838
0xaa4 T 0xfb56c
0xaa4 T 0xfb56c
0x6cca70 T 0x53c
0x6cca70 T 0x53c
0xaa4 T 0xfb56c
0xaa4 T 0xfb56c
0x6cca70 T 0x53c
0x6cca70 T 0x53c
0x6cca70 T 0x53c
0x6cca70 T 0x53c
0x6cca70 T 0x53c
0xaa4 T 0xfb56c
0x1fd66cc T 0x8838
0x1fd66cc N 0x1fd66d0
0x1fd66cc N 0x1fd66d0
0x6cca70 T 0x53c
0xaa4 T 0xfb56c
0xaa4 T 0xfb56c
0xaa4 T 0xfb56c
0x1fd66cc T 0x8838
0xaa4 T 0xfb56c
0x6cca70 T 0x53c
0x6cca70 T 0x53c
0xaa4 N 0xaa8
0xaa4 T 0xfb56c
0xaa4 T 0xfb56c
0x6cca70 T 0x53c
0xaa4 T 0xfb56c
0x1fd66cc T 0x8838
0x1fd66cc T 0x8838
0xaa4 T 0xfb56c
0x1fd66cc T 0x8838
0xaa4 T 0xfb56c
0x1fd66cc T 0x8838
0x6cca70 T 0x53c
0x1fd66cc T 0x8838
0x1fd66cc T 0x8838
0xaa4 T 0xfb56c
0x6cca70 T 0x53c
0xaa4 T 0xfb56c
0x1fd66cc T 0x8838
0xaa4 T 0xfb56c
0x6cca70 T 0x53c
0xaa4 T 0xfb56c
0x1fd66cc T 0x8838
0x6cca70 T 0x53c
0x6cca70 T 0x53c
0x1fd66cc T 0x8838
0x6cca70 T 0x53c
0xaa4 T 0xfb56c
0x1fd66cc T 0x8838
0x1fd66cc T 0x8838
0x1fd66cc T 0x8838
0xaa4 T 0xfb56c
0x6cca70 T 0x53c
0x6cca70 T 0x53c
0xaa4 T 0xfb56c
0x6cca70 T 0x53c
0x1fd66cc T 0x8838
0xaa4 T 0xfb56c
0x6cca70 T 0x53c
0x6cca70 T 0x53c
0x1fd66cc T 0x8838
0x6cca70 T 0x53c
0x6cca70 T 0x53c
0xaa4 T 0xfb56c
0xaa4 T 0xfb56c
0x1fd66cc T 0x8838
0x1fd66cc T 0x8838
0x1fd66cc T 0x8838
0x6cca70 T 0x53c
0xaa4 T 0xfb56c
0xaa4 T 0xfb56c
0x6cca70 T 0x53c
0x6cca70 T 0x53c
0x1fd66cc T 0x8838
0x6cca70 N 0x6cca74
0x6cca70 T 0x53c
0xaa4 T 0xfb56c
0x6cca70 T 0x53c
0x6cca70 T 0x53c
0xaa4 T 0xfb56c
0xaa4 T 0xfb56c
0x1fd66cc T 0x8838
0x1fd66cc T 0x8838
0xaa4 T 0xfb56c
0x6cca70 T 0x53c
0xaa4 T 0xfb56c
0x1fd66cc T 0x8838
0x6cca70 T 0x53c
0x6cca70 T 0x53c
0xaa4 T 0xfb56c
0x1fd66cc T 0x8838
0xaa4 T 0xfb56c
0x6cca70 T 0x53c
0x1fd66cc T 0x8838
0xaa4 T 0xfb56c
0x6cca70 T 0x53c
0x1fd66cc T 0x8838
0x6cca70 T 0x53c
0x6cca70 T 0x53c
0xaa4 T 0xfb56c
0x1fd66cc T 0x8838
0xaa4 T 0xfb56c
0xaa4 T 0xfb56c
0x1fd66cc T 0x8838
0x6cca70 T 0x53c
0x1fd66cc T 0x8838
0xaa4 T 0xfb56c
0x1fd66cc T 0x8838
0x1fd66cc T 0x8838
0xaa4 T 0xfb56c
0xaa4 T 0xfb56c
0x1fd66cc T 0x8838
0xaa4 T 0xfb56c
0xaa4 T 0xfb56c
0xaa4 T 0xfb56c
0x1fd66cc T 0x8838
0xaa4 T 0xfb56c
0x6cca70 T 0x53c
0x6cca70 T 0x53c
0x1fd66cc T 0x8838
0x1fd66cc T 0x8838
0x6cca70 T 0x53c
0x6cca70 T 0x53c
0x6cca70 T 0x53c
0x6cca70 T 0x53c
0x6cca70 T 0x53c
0x1fd66cc T 0x8838
0x1fd66cc T 0x8838
0x1fd66cc T 0x8838
0x1fd66cc T 0x8838
0x6cca70 T 0x53c
0x1fd66cc T 0x8838
0x1fd66cc T 0x8838
0x1fd66cc T 0x8838
0x6cca70 T 0x53c
0xaa4 T 0xfb56c
0x6cca70 T 0x53c
0x6cca70 T 0x53c
0xaa4 T 0xfb56c
0x6cca70 T 0x53c
0x1fd66cc T 0x8838
0x1fd66cc T 0x8838
0xaa4 T 0xfb56c
0x6cca70 T 0x53c
0xaa4 T 0xfb56c
0xaa4 T 0xfb56c
0x6cca70 T 0x53c
0xaa4 T 0xfb56c
0xaa4 T 0xfb56c
0xaa4 T 0xfb56c
0xaa4 T 0xfb56c
0xaa4 T 0xfb56c
0x1fd66cc T 0x8838
0x1fd66cc T 0x8838
0x1fd66cc T 0x8838
0x1fd66cc T 0x8838
0xaa4 T 0xfb56c
0x6cca70 T 0x53c
0x6cca70 N 0x6cca74
0x1fd66cc T 0x8838
0x1fd66cc T 0x8838
0xaa4 T 0xfb56c
0x6cca70 T 0x53c
0x1fd66cc T 0x8838
0x1fd66cc T 0x8838
0x6cca70 T 0x53c
0x6cca70 T 0x53c
0x6cca70 T 0x53c
0x1fd66cc T 0x8838
0xaa4 T 0xfb56c
0xaa4 T 0xfb56c
0x6cca70 N 0x6cca74
0xaa4 T 0xfb56c
0xaa4 T 0xfb56c
0xaa4 T 0xfb56c
0x1fd66cc T 0x8838
0x1fd66cc T 0x8838
0xaa4 T 0xfb56c
0xaa4 T 0xfb56c
0x1fd66cc T 0x8838
0x6cca70 T 0x53c
0x6cca70 T 0x53c
0x6cca70 T 0x53c
0x6cca70 T 0x53c
0x1fd66cc T 0x8838
0xaa4 T 0xfb56c
0x6cca70 T 0x53c
0x1fd66cc T 0x8838
0x1fd66cc T 0x8838
0x1fd66cc T 0x8838
0xaa4 T 0xfb56c
0xaa4 T 0xfb56c
0xaa4 T 0xfb56c
0x1fd66cc T 0x8838
0xaa4 T 0xfb56c
0xaa4 T 0xfb56c
0x6cca70 T 0x53c
0xaa4 T 0xfb56c
0xaa4 T 0xfb56c
0xaa4 T 0xfb56c
0x6cca70 T 0x53c
0x6cca70 T 0x53c
0x1fd66cc T 0x8838
0x1fd66cc T 0x8838
0x1fd66cc T 0x8838
0x1fd66cc T 0x8838
0x1fd66cc T 0x8838
0x6cca70 T 0x53c
0xaa4 T 0xfb56c
0xaa4 T 0xfb56c
0x6cca70 T 0x53c
0x6cca70 T 0x53c
0xaa4 T 0xfb56c
0x6cca70 T 0x53c
0x6cca70 T 0x53c
0x6cca70 T 0x53c
0xaa4 T 0xfb56c
0x1fd66cc T 0x8838
0x1fd66cc N 0x1fd66d0
0xaa4 T 0xfb56c
0x6cca70 T 0x53c
0x6cca70 T 0x53c
0xaa4 T 0xfb56c
0x1fd66cc T 0x8838
0xaa4 T 0xfb56c
0x1fd66cc T 0x8838
0x6cca70 T 0x53c
0x6cca70 T 0x53c
0x6cca70 T 0x53c
0x6cca70 T 0x53c
0x6cca70 T 0x53c
0x6cca70 T 0x53c
0x1fd66cc T 0x8838
0xaa4 T 0xfb56c
0xaa4 T 0xfb56c
0x6cca70 T 0x53c
0x1fd66cc T 0x8838
0x6cca70 T 0x53c
0x6cca70 T 0x53c
0x1fd66cc T 0x8838
0xaa4 T 0xfb56c
0x1fd66cc T 0x8838
0xaa4 N 0xaa8
0x1fd66cc T 0x8838
0xaa4 T 0xfb56c
0xaa4 T 0xfb56c
0xaa4 T 0xfb56c
0x6cca70 T 0x53c
0xaa4 T 0xfb56c
0x1fd66cc T 0x8838
0xaa4 N 0xaa8
0x6cca70 T 0x53c
0x1fd66cc T 0x8838
0xaa4 T 0xfb56c
0x1fd66cc T 0x8838
0x1fd66cc T 0x8838
0xaa4 T 0xfb56c
0xaa4 T 0xfb56c
0x6cca70 T 0x53c
0x1fd66cc T 0x8838
0x1fd66cc T 0x8838
0x6cca70 T 0x53c
0x6cca70 T 0x53c
0x1fd66cc T 0x8838
0x1fd66cc T 0x8838
0xaa4 T 0xfb56c
0xaa4 T 0xfb56c
0x6cca70 T 0x53c
0x6cca70 T 0x53c
0x6cca70 T 0x53c
0xaa4 T 0xfb56c
0x6cca70 T 0x53c
0x6cca70 T 0x53c
0x1fd66cc T 0x8838
0x6cca70 T 0x53c
0x6cca70 T 0x53c
0x1fd66cc T 0x8838
0x1fd66cc T 0x8838
0xaa4 T 0xfb56c
0x6cca70 T 0x53c
0x6cca70 T 0x53c
0x1fd66cc T 0x8838
0x1fd66cc T 0x8838
0x1fd66cc T 0x8838
0x1fd66cc T 0x8838
0xaa4 T 0xfb56c
0x6cca70 T 0x53c
0x1fd66cc T 0x8838
0xaa4 T 0xfb56c
0x1fd66cc T 0x8838
0xaa4 T 0xfb56c
0x6cca70 T 0x53c
0x1fd66cc N 0x1fd66d0
0x1fd66cc T 0x8838
0xaa4 N 0xaa8
0xaa4 N 0xaa8
0x1fd66cc T 0x8838
0xaa4 T 0xfb56c
0x6cca70 T 0x53c
0x1fd66cc T 0x8838
0x6cca70 T 0x53c
0x6cca70 T 0x53c
0x6cca70 T 0x53c
0x1fd66cc T 0x8838
0x6cca70 T 0x53c
0xaa4 T 0xfb56c
0x6cca70 T 0x53c
0x6cca70 T 0x53c
0x6cca70 T 0x53c
0xaa4 T 0xfb56c
0xaa4 T 0xfb56c
0x1fd66cc T 0x8838
0x1fd66cc T 0x8838
0xaa4 T 0xfb56c
0x1fd66cc T 0x8838
0x1fd66cc T 0x8838
0x1fd66cc T 0x8838
0xaa4 T 0xfb56c
0x1fd66cc T 0x8838
0xaa4 T 0xfb56c
0x1fd66cc T 0x8838
0x6cca70 T 0x53c
0x6cca70 T 0x53c
0x1fd66cc T 0x8838
0x6cca70 T 0x53c
0xaa4 T 0xfb56c
0x6cca70 T 0x53c
0x6cca70 T 0x53c
0x6cca70 T 0x53c
0x1fd66cc T 0x8838
0xaa4 T 0xfb56c
0xaa4 T 0xfb56c
0x6cca70 N 0x6cca74
0xaa4 T 0xfb56c
0xaa4 N 0xaa8
0xaa4 T 0xfb56c
0x6cca70 T 0x53c
0x6cca70 T 0x53c
0x1fd66cc N 0x1fd66d0
0x6cca70 T 0x53c
0x1fd66cc T 0x8838
0x1fd66cc T 0x8838
0x6cca70 T 0x53c
0xaa4 T 0xfb56c
0x1fd66cc T 0x8838
0x1fd66cc T 0x8838
0xaa4 T 0xfb56c
0x1fd66cc T 0x8838
0xaa4 T 0xfb56c
0xaa4 T 0xfb56c
0x6cca70 T 0x53c
0x1fd66cc T 0x8838
0x6cca70 T 0x53c
0xaa4 T 0xfb56c
0x1fd66cc T 0x8838
0x6cca70 N 0x6cca74
0x1fd66cc T 0x8838
0x1fd66cc T 0x8838
0x1fd66cc T 0x8838
0x6cca70 T 0x53c
0x6cca70 T 0x53c
0x1fd66cc N 0x1fd66d0
0x6cca70 T 0x53c
0xaa4 T 0xfb56c
0x1fd66cc T 0x8838
0x6cca70 T 0x53c
0xaa4 T 0xfb56c
0x1fd66cc T 0x8838
0x6cca70 T 0x53c
0xaa4 T 0xfb56c
0x1fd66cc T 0x8838
0x1fd66cc N 0x1fd66d0
0x1fd66cc T 0x8838
0x1fd66cc T 0x8838
0x1fd66cc N 0x1fd66d0
0x6cca70 T 0x53c
0x6cca70 T 0x53c
0xaa4 T 0xfb56c
0xaa4 T 0xfb56c
0x1fd66cc T 0x8838
0x6cca70 T 0x53c
0x6cca70 T 0x53c
0x1fd66cc T 0x8838
0x6cca70 T 0x53c
0x1fd66cc T 0x8838
0xaa4 T 0xfb56c
0x1fd66cc T 0x8838
0x6cca70 T 0x53c
0x1fd66cc T 0x8838
0xaa4 T 0xfb56c
0x6cca70 T 0x53c
0x6cca70 N 0x6cca74
0x6cca70 T 0x53c
0xaa4 T 0xfb56c
0x6cca70 T 0x53c
0x1fd66cc T 0x8838
0x1fd66cc T 0x8838
0x6cca70 T 0x53c
0x6cca70 T 0x53c
0x1fd66cc T 0x8838
0x6cca70 T 0x53c
0x1fd66cc T 0x8838
0xaa4 T 0xfb56c
0xaa4 T 0xfb56c
0x1fd66cc T 0x8838
0x1fd66cc N 0x1fd66d0
0xaa4 T 0xfb56c
0x6cca70 T 0x53c
0x1fd66cc T 0x8838
0x1fd66cc T 0x8838
0xaa4 T 0xfb56c
0xaa4 T 0xfb56c
0x1fd66cc T 0x8838
0x1fd66cc T 0x8838
0x6cca70 T 0x53c
0x6cca70 T 0x53c
0x1fd66cc T 0x8838
0x1fd66cc T 0x8838
0x1fd66cc T 0x8838
0xaa4 T 0xfb56c
0xaa4 T 0xfb56c
0x1fd66cc T 0x8838
0x1fd66cc T 0x8838
0xaa4 T 0xfb56c
0x1fd66cc T 0x8838
0xaa4 T 0xfb56c
0x1fd66cc T 0x8838
0x1fd66cc T 0x8838
0x1fd66cc T 0x8838
0xaa4 T 0xfb56c
0x6cca70 T 0x53c
0x1fd66cc T 0x8838
0xaa4 T 0xfb56c
0x6cca70 T 0x53c
0xaa4 T 0xfb56c
0xaa4 N 0xaa8
0x6cca70 T 0x53c
0x1fd66cc T 0x8838
0xaa4 N 0xaa8
0xaa4 T 0xfb56c
0x1fd66cc T 0x8838
0x6cca70 T 0x53c
0x6cca70 T 0x53c
0x1fd66cc T 0x8838
0x1fd66cc T 0x8838
0x6cca70 T 0x53c
0x1fd66cc N 0x1fd66d0
0x6cca70 T 0x53c
0xaa4 T 0xfb56c
0xaa4 T 0xfb56c
0x6cca70 T 0x53c
0x6cca70 T 0x53c
0x6cca70 N 0x6cca74
0x1fd66cc N 0x1fd66d0
0x6cca70 T 0x53c
0x1fd66cc T 0x8838
0x6cca70 T 0x53c
0xaa4 N 0xaa8
0x1fd66cc N 0x1fd66d0
0x6cca70 T 0x53c
0x6cca70 N 0x6cca74
0xaa4 T 0xfb56c
0x1fd66cc T 0x8838
0xaa4 N 0xaa8
0x1fd66cc T 0x8838
0x6cca70 T 0x53c
0xaa4 T 0xfb56c
0x1fd66cc T 0x8838
flush_num: 484, br_num: 959, size: 2240b
