0x8dffa08 N 0x8dffa0c
0x8dffa08 N 0x8dffa0c
0x324935c8 N 0x324935cc
0x324935c8 N 0x324935cc
0x324935c8 N 0x324935cc
0x940c N 0x9410
0x965df48 N 0x965df4c
0x8dffa08 N 0x8dffa0c
0x965df48 N 0x965df4c
0x8dffa08 N 0x8dffa0c
0x965df48 N 0x965df4c
0x8dffa08 N 0x8dffa0c
0x324935c8 N 0x324935cc
0x139e0 N 0x139e4
0x965df48 N 0x965df4c
0x965df48 N 0x965df4c
0x965df48 N 0x965df4c
0x54b8 N 0x54bc
0x8dffa08 N 0x8dffa0c
0x8dffa08 N 0x8dffa0c
0x54b8 N 0x54bc
0x139e0 N 0x139e4
0x139e0 N 0x139e4
0x940c N 0x9410
0x139e0 N 0x139e4
0x54b8 N 0x54bc
0x965df48 N 0x965df4c
0x54b8 N 0x54bc
0x940c N 0x9410
0x324935c8 N 0x324935cc
0x54b8 N 0x54bc
0x324935c8 N 0x324935cc
0x54b8 N 0x54bc
0x324935c8 N 0x324935cc
0x139e0 N 0x139e4
0x8dffa08 N 0x8dffa0c
0x8dffa08 N 0x8dffa0c
0x139e0 N 0x139e4
0x940c N 0x9410
0x54b8 N 0x54bc
0x54b8 N 0x54bc
0x965df48 N 0x965df4c
0x965df48 N 0x965df4c
0x940c N 0x9410
0x8dffa08 N 0x8dffa0c
0x965df48 N 0x965df4c
0x139e0 N 0x139e4
0x940c N 0x9410
0x324935c8 N 0x324935cc
0x8dffa08 N 0x8dffa0c
0x54b8 N 0x54bc
0x940c N 0x9410
0x139e0 N 0x139e4
0x54b8 N 0x54bc
0x324935c8 N 0x324935cc
0x940c N 0x9410
0x965df48 N 0x965df4c
0x965df48 N 0x965df4c
0x8dffa08 N 0x8dffa0c
0x940c N 0x9410
0x54b8 N 0x54bc
0x965df48 N 0x965df4c
0x8dffa08 N 0x8dffa0c
0x139e0 N 0x139e4
0x324935c8 N 0x324935cc
0x965df48 N 0x965df4c
0x54b8 N 0x54bc
0x940c N 0x9410
0x965df48 N 0x965df4c
0x324935c8 N 0x324935cc
0x965df48 N 0x965df4c
0x324935c8 N 0x324935cc
0x54b8 N 0x54bc
0x139e0 N 0x139e4
0x54b8 N 0x54bc
0x940c N 0x9410
0x139e0 N 0x139e4
0x139e0 N 0x139e4
0x940c N 0x9410
0x54b8 N 0x54bc
0x139e0 N 0x139e4
0x8dffa08 N 0x8dffa0c
0x965df48 N 0x965df4c
0x324935c8 N 0x324935cc
0x8dffa08 N 0x8dffa0c
0x139e0 N 0x139e4
0x940c N 0x9410
0x139e0 N 0x139e4
0x139e0 N 0x139e4
0x324935c8 N 0x324935cc
0x965df48 N 0x965df4c
0x940c N 0x9410
0x940c N 0x9410
0x324935c8 N 0x324935cc
0x965df48 N 0x965df4c
0x965df48 N 0x965df4c
0x940c N 0x9410
0x54b8 N 0x54bc
0x8dffa08 N 0x8dffa0c
0x940c N 0x9410
0x940c N 0x9410
0x8dffa08 N 0x8dffa0c
0x54b8 N 0x54bc
0x965df48 N 0x965df4c
0x8dffa08 N 0x8dffa0c
0x940c N 0x9410
0x54b8 N 0x54bc
0x54b8 N 0x54bc
0x940c N 0x9410
0x8dffa08 N 0x8dffa0c
0x324935c8 N 0x324935cc
0x965df48 N 0x965df4c
0x324935c8 N 0x324935cc
0x324935c8 N 0x324935cc
0x324935c8 N 0x324935cc
0x8dffa08 N 0x8dffa0c
0x139e0 N 0x139e4
0x139e0 N 0x139e4
0x8dffa08 N 0x8dffa0c
0x139e0 N 0x139e4
0x940c N 0x9410
0x8dffa08 N 0x8dffa0c
0x965df48 N 0x965df4c
0x139e0 N 0x139e4
0x940c N 0x9410
0x324935c8 N 0x324935cc
0x965df48 N 0x965df4c
0x8dffa08 N 0x8dffa0c
0x139e0 N 0x139e4
0x8dffa08 N 0x8dffa0c
0x8dffa08 N 0x8dffa0c
0x8dffa08 N 0x8dffa0c
0x324935c8 N 0x324935cc
0x940c N 0x9410
0x8dffa08 N 0x8dffa0c
0x965df48 N 0x965df4c
0x139e0 N 0x139e4
0x54b8 N 0x54bc
0x8dffa08 N 0x8dffa0c
0x54b8 N 0x54bc
0x8dffa08 N 0x8dffa0c
0x8dffa08 N 0x8dffa0c
0x54b8 N 0x54bc
0x54b8 N 0x54bc
0x324935c8 N 0x324935cc
0x8dffa08 N 0x8dffa0c
0x54b8 N 0x54bc
0x8dffa08 N 0x8dffa0c
0x324935c8 N 0x324935cc
0x139e0 N 0x139e4
0x54b8 N 0x54bc
0x324935c8 N 0x324935cc
0x139e0 N 0x139e4
0x324935c8 N 0x324935cc
0x940c N 0x9410
0x940c N 0x9410
0x54b8 N 0x54bc
0x324935c8 N 0x324935cc
0x139e0 N 0x139e4
0x940c N 0x9410
0x54b8 N 0x54bc
0x139e0 N 0x139e4
0x54b8 N 0x54bc
0x940c N 0x9410
0x965df48 N 0x965df4c
0x324935c8 N 0x324935cc
0x139e0 N 0x139e4
0x940c N 0x9410
0x8dffa08 N 0x8dffa0c
0x324935c8 N 0x324935cc
0x940c N 0x9410
0x940c N 0x9410
0x324935c8 N 0x324935cc
0x54b8 N 0x54bc
0x54b8 N 0x54bc
0x139e0 N 0x139e4
0x8dffa08 N 0x8dffa0c
0x940c N 0x9410
0x965df48 N 0x965df4c
0x54b8 N 0x54bc
0x940c N 0x9410
0x940c N 0x9410
0x940c N 0x9410
0x54b8 N 0x54bc
0x54b8 N 0x54bc
0x139e0 N 0x139e4
0x965df48 N 0x965df4c
0x324935c8 N 0x324935cc
0x8dffa08 N 0x8dffa0c
0x139e0 N 0x139e4
0x965df48 N 0x965df4c
0x8dffa08 N 0x8dffa0c
0x54b8 N 0x54bc
0x940c N 0x9410
0x324935c8 N 0x324935cc
0x8dffa08 N 0x8dffa0c
0x324935c8 N 0x324935cc
0x940c N 0x9410
0x54b8 N 0x54bc
0x54b8 N 0x54bc
0x965df48 N 0x965df4c
0x965df48 N 0x965df4c
0x139e0 N 0x139e4
0x8dffa08 N 0x8dffa0c
0x324935c8 N 0x324935cc
0x8dffa08 N 0x8dffa0c
0x54b8 N 0x54bc
0x139e0 N 0x139e4
0x324935c8 N 0x324935cc
0x940c N 0x9410
0x139e0 N 0x139e4
0x940c N 0x9410
0x139e0 N 0x139e4
0x54b8 N 0x54bc
0x8dffa08 N 0x8dffa0c
0x54b8 N 0x54bc
0x940c N 0x9410
0x940c N 0x9410
0x8dffa08 N 0x8dffa0c
0x965df48 N 0x965df4c
0x940c N 0x9410
0x324935c8 N 0x324935cc
0x54b8 N 0x54bc
0x940c N 0x9410
0x940c N 0x9410
0x54b8 N 0x54bc
0x8dffa08 N 0x8dffa0c
0x965df48 N 0x965df4c
0x54b8 N 0x54bc
0x324935c8 N 0x324935cc
0x940c N 0x9410
0x324935c8 N 0x324935cc
0x54b8 N 0x54bc
0x8dffa08 N 0x8dffa0c
0x940c N 0x9410
0x965df48 N 0x965df4c
0x54b8 N 0x54bc
0x8dffa08 N 0x8dffa0c
0x8dffa08 N 0x8dffa0c
0x324935c8 N 0x324935cc
0x324935c8 N 0x324935cc
0x54b8 N 0x54bc
0x8dffa08 N 0x8dffa0c
0x8dffa08 N 0x8dffa0c
0x8dffa08 N 0x8dffa0c
0x54b8 N 0x54bc
0x324935c8 N 0x324935cc
0x965df48 N 0x965df4c
0x139e0 N 0x139e4
0x54b8 N 0x54bc
0x8dffa08 N 0x8dffa0c
0x965df48 N 0x965df4c
0x324935c8 N 0x324935cc
0x8dffa08 N 0x8dffa0c
0x54b8 N 0x54bc
0x324935c8 N 0x324935cc
0x8dffa08 N 0x8dffa0c
0x139e0 N 0x139e4
0x139e0 N 0x139e4
0x940c N 0x9410
0x324935c8 N 0x324935cc
0x8dffa08 N 0x8dffa0c
0x54b8 N 0x54bc
0x8dffa08 N 0x8dffa0c
0x8dffa08 N 0x8dffa0c
0x324935c8 N 0x324935cc
0x940c N 0x9410
0x8dffa08 N 0x8dffa0c
0x139e0 N 0x139e4
0x940c N 0x9410
0x940c N 0x9410
0x8dffa08 N 0x8dffa0c
0x8dffa08 N 0x8dffa0c
0x965df48 N 0x965df4c
0x8dffa08 N 0x8dffa0c
0x54b8 N 0x54bc
0x965df48 N 0x965df4c
0x940c N 0x9410
0x139e0 N 0x139e4
0x8dffa08 N 0x8dffa0c
0x54b8 N 0x54bc
0x8dffa08 N 0x8dffa0c
0x940c N 0x9410
0x965df48 N 0x965df4c
0x8dffa08 N 0x8dffa0c
0x8dffa08 N 0x8dffa0c
0x940c N 0x9410
0x965df48 N 0x965df4c
0x324935c8 N 0x324935cc
0x965df48 N 0x965df4c
0x54b8 N 0x54bc
0x965df48 N 0x965df4c
0x54b8 N 0x54bc
0x324935c8 N 0x324935cc
0x54b8 N 0x54bc
0x940c N 0x9410
0x8dffa08 N 0x8dffa0c
0x8dffa08 N 0x8dffa0c
0x139e0 N 0x139e4
0x965df48 N 0x965df4c
0x8dffa08 N 0x8dffa0c
0x8dffa08 N 0x8dffa0c
0x940c N 0x9410
0x139e0 N 0x139e4
0x139e0 N 0x139e4
0x940c N 0x9410
0x965df48 N 0x965df4c
0x139e0 N 0x139e4
0x965df48 N 0x965df4c
0x139e0 N 0x139e4
0x54b8 N 0x54bc
0x965df48 N 0x965df4c
0x965df48 N 0x965df4c
0x139e0 N 0x139e4
0x324935c8 N 0x324935cc
0x8dffa08 N 0x8dffa0c
0x940c N 0x9410
0x8dffa08 N 0x8dffa0c
0x8dffa08 N 0x8dffa0c
flush_num: 166, br_num: 319, size: 633b
