0xdf0 N 0xdf4
0xdf0 N 0xdf4
0xdf0 N 0xdf4
0xd7bb594 N 0xd7bb598
0xd7bb594 N 0xd7bb598
0xd0922c N 0xd09230
0xc454f10 N 0xc454f14
0xd7bb594 N 0xd7bb598
0xdf0 N 0xdf4
0xd0922c N 0xd09230
0xd0922c N 0xd09230
0xd0922c N 0xd09230
0xd7bb594 N 0xd7bb598
0xdf0 N 0xdf4
0xdf0 N 0xdf4
0xd0922c N 0xd09230
0xd0922c N 0xd09230
0xd7bb594 N 0xd7bb598
0xd0922c N 0xd09230
0xc454f10 N 0xc454f14
0xd7bb594 N 0xd7bb598
0xd7bb594 N 0xd7bb598
0xdf0 N 0xdf4
0xd7bb594 N 0xd7bb598
0xdf0 N 0xdf4
0xc454f10 N 0xc454f14
0xd0922c N 0xd09230
0xd7bb594 N 0xd7bb598
0xdf0 N 0xdf4
0xd0922c N 0xd09230
0xc454f10 N 0xc454f14
0xd7bb594 N 0xd7bb598
0xc454f10 N 0xc454f14
0xc454f10 N 0xc454f14
0xd7bb594 N 0xd7bb598
0xd0922c N 0xd09230
0xdf0 N 0xdf4
0xc454f10 N 0xc454f14
0xd7bb594 N 0xd7bb598
0xdf0 N 0xdf4
0xd0922c N 0xd09230
0xd0922c N 0xd09230
0xd0922c N 0xd09230
0xdf0 N 0xdf4
0xc454f10 N 0xc454f14
0xdf0 N 0xdf4
0xdf0 N 0xdf4
0xdf0 N 0xdf4
0xc454f10 N 0xc454f14
0xd7bb594 N 0xd7bb598
0xdf0 N 0xdf4
0xd7bb594 N 0xd7bb598
0xd0922c N 0xd09230
0xc454f10 N 0xc454f14
0xdf0 N 0xdf4
0xdf0 N 0xdf4
0xd7bb594 N 0xd7bb598
0xd0922c N 0xd09230
0xc454f10 N 0xc454f14
0xd7bb594 N 0xd7bb598
0xdf0 N 0xdf4
0xd0922c N 0xd09230
0xd7bb594 N 0xd7bb598
0xd0922c N 0xd09230
0xd7bb594 N 0xd7bb598
0xd0922c N 0xd09230
0xd7bb594 N 0xd7bb598
0xc454f10 N 0xc454f14
0xd0922c N 0xd09230
0xd0922c N 0xd09230
0xdf0 N 0xdf4
0xc454f10 N 0xc454f14
0xdf0 N 0xdf4
0xc454f10 N 0xc454f14
0xd7bb594 N 0xd7bb598
0xd7bb594 N 0xd7bb598
0xd7bb594 N 0xd7bb598
0xc454f10 N 0xc454f14
0xd0922c N 0xd09230
0xdf0 N 0xdf4
0xd7bb594 N 0xd7bb598
0xc454f10 N 0xc454f14
0xdf0 N 0xdf4
0xd0922c N 0xd09230
0xdf0 N 0xdf4
0xd7bb594 N 0xd7bb598
0xd7bb594 N 0xd7bb598
0xd7bb594 N 0xd7bb598
0xdf0 N 0xdf4
0xdf0 N 0xdf4
0xc454f10 N 0xc454f14
0xd7bb594 N 0xd7bb598
0xc454f10 N 0xc454f14
0xd7bb594 N 0xd7bb598
0xdf0 N 0xdf4
0xc454f10 N 0xc454f14
0xdf0 N 0xdf4
0xd0922c N 0xd09230
0xdf0 N 0xdf4
0xd7bb594 N 0xd7bb598
0xd7bb594 N 0xd7bb598
0xd0922c N 0xd09230
0xd7bb594 N 0xd7bb598
0xd7bb594 N 0xd7bb598
0xd0922c N 0xd09230
0xd0922c N 0xd09230
0xdf0 N 0xdf4
0xdf0 N 0xdf4
0xd7bb594 N 0xd7bb598
0xc454f10 N 0xc454f14
0xd7bb594 N 0xd7bb598
0xd7bb594 N 0xd7bb598
0xd7bb594 N 0xd7bb598
0xd7bb594 N 0xd7bb598
0xc454f10 N 0xc454f14
0xd7bb594 N 0xd7bb598
0xc454f10 N 0xc454f14
0xd7bb594 N 0xd7bb598
0xc454f10 N 0xc454f14
0xd7bb594 N 0xd7bb598
0xc454f10 N 0xc454f14
0xdf0 N 0xdf4
0xd0922c N 0xd09230
0xc454f10 N 0xc454f14
0xdf0 N 0xdf4
0xd0922c N 0xd09230
0xd0922c N 0xd09230
0xdf0 N 0xdf4
0xdf0 N 0xdf4
0xc454f10 N 0xc454f14
0xd0922c N 0xd09230
0xd7bb594 N 0xd7bb598
0xc454f10 N 0xc454f14
0xc454f10 N 0xc454f14
0xd7bb594 N 0xd7bb598
0xd7bb594 N 0xd7bb598
0xdf0 N 0xdf4
0xc454f10 N 0xc454f14
0xc454f10 N 0xc454f14
0xc454f10 N 0xc454f14
0xd0922c N 0xd09230
0xd0922c N 0xd09230
0xd7bb594 N 0xd7bb598
0xd7bb594 N 0xd7bb598
0xc454f10 N 0xc454f14
0xdf0 N 0xdf4
0xdf0 N 0xdf4
0xd0922c N 0xd09230
0xc454f10 N 0xc454f14
0xd0922c N 0xd09230
0xc454f10 N 0xc454f14
0xc454f10 N 0xc454f14
0xdf0 N 0xdf4
0xd0922c N 0xd09230
0xc454f10 N 0xc454f14
0xd0922c N 0xd09230
0xd7bb594 N 0xd7bb598
0xdf0 N 0xdf4
0xdf0 N 0xdf4
0xdf0 N 0xdf4
0xd7bb594 N 0xd7bb598
0xdf0 N 0xdf4
0xd0922c N 0xd09230
0xd0922c N 0xd09230
0xc454f10 N 0xc454f14
0xc454f10 N 0xc454f14
0xd7bb594 N 0xd7bb598
0xdf0 N 0xdf4
0xd0922c N 0xd09230
0xdf0 N 0xdf4
0xd0922c N 0xd09230
0xd0922c N 0xd09230
0xc454f10 N 0xc454f14
0xdf0 N 0xdf4
0xd7bb594 N 0xd7bb598
0xd0922c N 0xd09230
0xd0922c N 0xd09230
0xd7bb594 N 0xd7bb598
0xc454f10 N 0xc454f14
0xd0922c N 0xd09230
0xdf0 N 0xdf4
0xd0922c N 0xd09230
0xd7bb594 N 0xd7bb598
0xc454f10 N 0xc454f14
0xd0922c N 0xd09230
0xd0922c N 0xd09230
0xd0922c N 0xd09230
0xd0922c N 0xd09230
0xc454f10 N 0xc454f14
0xc454f10 N 0xc454f14
0xd7bb594 N 0xd7bb598
0xdf0 N 0xdf4
0xd7bb594 N 0xd7bb598
0xc454f10 N 0xc454f14
0xd7bb594 N 0xd7bb598
0xd0922c N 0xd09230
0xd7bb594 N 0xd7bb598
0xc454f10 N 0xc454f14
0xc454f10 N 0xc454f14
0xdf0 N 0xdf4
0xdf0 N 0xdf4
0xd0922c N 0xd09230
0xd0922c N 0xd09230
0xdf0 N 0xdf4
0xc454f10 N 0xc454f14
0xd7bb594 N 0xd7bb598
0xd7bb594 N 0xd7bb598
0xc454f10 N 0xc454f14
0xd0922c N 0xd09230
0xdf0 N 0xdf4
0xc454f10 N 0xc454f14
0xd7bb594 N 0xd7bb598
0xd7bb594 N 0xd7bb598
0xc454f10 N 0xc454f14
0xd0922c N 0xd09230
0xc454f10 N 0xc454f14
0xdf0 N 0xdf4
0xc454f10 N 0xc454f14
0xdf0 N 0xdf4
0xc454f10 N 0xc454f14
0xdf0 N 0xdf4
0xd7bb594 N 0xd7bb598
0xc454f10 N 0xc454f14
0xc454f10 N 0xc454f14
0xd7bb594 N 0xd7bb598
0xd7bb594 N 0xd7bb598
0xd7bb594 N 0xd7bb598
0xd0922c N 0xd09230
0xdf0 N 0xdf4
0xc454f10 N 0xc454f14
0xdf0 N 0xdf4
0xc454f10 N 0xc454f14
0xd7bb594 N 0xd7bb598
0xd0922c N 0xd09230
0xd7bb594 N 0xd7bb598
0xdf0 N 0xdf4
0xd7bb594 N 0xd7bb598
0xdf0 N 0xdf4
0xdf0 N 0xdf4
0xc454f10 N 0xc454f14
0xd0922c N 0xd09230
0xc454f10 N 0xc454f14
0xd0922c N 0xd09230
0xc454f10 N 0xc454f14
0xc454f10 N 0xc454f14
0xdf0 N 0xdf4
0xd7bb594 N 0xd7bb598
0xc454f10 N 0xc454f14
0xd7bb594 N 0xd7bb598
0xdf0 N 0xdf4
0xd7bb594 N 0xd7bb598
0xd0922c N 0xd09230
0xd0922c N 0xd09230
0xc454f10 N 0xc454f14
0xdf0 N 0xdf4
0xd7bb594 N 0xd7bb598
0xd0922c N 0xd09230
0xd0922c N 0xd09230
0xd7bb594 N 0xd7bb598
0xd7bb594 N 0xd7bb598
0xc454f10 N 0xc454f14
0xd0922c N 0xd09230
0xd7bb594 N 0xd7bb598
0xc454f10 N 0xc454f14
0xd0922c N 0xd09230
0xd0922c N 0xd09230
0xd0922c N 0xd09230
0xd7bb594 N 0xd7bb598
0xd7bb594 N 0xd7bb598
0xd0922c N 0xd09230
0xdf0 N 0xdf4
0xc454f10 N 0xc454f14
0xd0922c N 0xd09230
0xd0922c N 0xd09230
0xd7bb594 N 0xd7bb598
0xd7bb594 N 0xd7bb598
0xd7bb594 N 0xd7bb598
0xd0922c N 0xd09230
0xc454f10 N 0xc454f14
0xc454f10 N 0xc454f14
0xd7bb594 N 0xd7bb598
0xc454f10 N 0xc454f14
0xdf0 N 0xdf4
0xd7bb594 N 0xd7bb598
0xdf0 N 0xdf4
0xc454f10 N 0xc454f14
0xd0922c N 0xd09230
0xd0922c N 0xd09230
0xd7bb594 N 0xd7bb598
0xd0922c N 0xd09230
0xd7bb594 N 0xd7bb598
0xd7bb594 N 0xd7bb598
0xd7bb594 N 0xd7bb598
0xd7bb594 N 0xd7bb598
0xd7bb594 N 0xd7bb598
0xd0922c N 0xd09230
0xdf0 N 0xdf4
0xd0922c N 0xd09230
0xd7bb594 N 0xd7bb598
0xd0922c N 0xd09230
0xd7bb594 N 0xd7bb598
0xd0922c N 0xd09230
0xc454f10 N 0xc454f14
0xc454f10 N 0xc454f14
0xc454f10 N 0xc454f14
0xd0922c N 0xd09230
0xd7bb594 N 0xd7bb598
0xd7bb594 N 0xd7bb598
0xc454f10 N 0xc454f14
0xd7bb594 N 0xd7bb598
0xdf0 N 0xdf4
0xd7bb594 N 0xd7bb598
0xd7bb594 N 0xd7bb598
0xdf0 N 0xdf4
0xc454f10 N 0xc454f14
0xd0922c N 0xd09230
0xd7bb594 N 0xd7bb598
0xc454f10 N 0xc454f14
0xc454f10 N 0xc454f14
0xdf0 N 0xdf4
0xdf0 N 0xdf4
0xdf0 N 0xdf4
0xd0922c N 0xd09230
0xd0922c N 0xd09230
0xc454f10 N 0xc454f14
0xdf0 N 0xdf4
0xd7bb594 N 0xd7bb598
0xd7bb594 N 0xd7bb598
0xc454f10 N 0xc454f14
0xd0922c N 0xd09230
0xd7bb594 N 0xd7bb598
0xd0922c N 0xd09230
0xc454f10 N 0xc454f14
0xd0922c N 0xd09230
0xc454f10 N 0xc454f14
0xc454f10 N 0xc454f14
0xc454f10 N 0xc454f14
0xd0922c N 0xd09230
0xd7bb594 N 0xd7bb598
0xc454f10 N 0xc454f14
0xd0922c N 0xd09230
0xdf0 N 0xdf4
0xd7bb594 N 0xd7bb598
0xd7bb594 N 0xd7bb598
0xd0922c N 0xd09230
0xc454f10 N 0xc454f14
0xdf0 N 0xdf4
0xd0922c N 0xd09230
0xc454f10 N 0xc454f14
0xc454f10 N 0xc454f14
0xdf0 N 0xdf4
0xdf0 N 0xdf4
0xc454f10 N 0xc454f14
0xd0922c N 0xd09230
0xd0922c N 0xd09230
0xdf0 N 0xdf4
0xdf0 N 0xdf4
0xd7bb594 N 0xd7bb598
0xc454f10 N 0xc454f14
0xd0922c N 0xd09230
0xd0922c N 0xd09230
0xd0922c N 0xd09230
0xdf0 N 0xdf4
0xd0922c N 0xd09230
0xd0922c N 0xd09230
0xd7bb594 N 0xd7bb598
0xdf0 N 0xdf4
0xdf0 N 0xdf4
0xd0922c N 0xd09230
0xc454f10 N 0xc454f14
0xc454f10 N 0xc454f14
0xd0922c N 0xd09230
0xd7bb594 N 0xd7bb598
0xc454f10 N 0xc454f14
0xd7bb594 N 0xd7bb598
0xd7bb594 N 0xd7bb598
0xd7bb594 N 0xd7bb598
0xd0922c N 0xd09230
0xc454f10 N 0xc454f14
0xdf0 N 0xdf4
0xd0922c N 0xd09230
0xd7bb594 N 0xd7bb598
0xd0922c N 0xd09230
0xdf0 N 0xdf4
0xd7bb594 N 0xd7bb598
0xc454f10 N 0xc454f14
0xd0922c N 0xd09230
0xdf0 N 0xdf4
0xdf0 N 0xdf4
0xd7bb594 N 0xd7bb598
0xdf0 N 0xdf4
0xd0922c N 0xd09230
0xdf0 N 0xdf4
0xd0922c N 0xd09230
0xd7bb594 N 0xd7bb598
0xd7bb594 N 0xd7bb598
0xd0922c N 0xd09230
0xdf0 N 0xdf4
0xd0922c N 0xd09230
0xc454f10 N 0xc454f14
0xd7bb594 N 0xd7bb598
0xd0922c N 0xd09230
0xc454f10 N 0xc454f14
0xd0922c N 0xd09230
0xdf0 N 0xdf4
0xdf0 N 0xdf4
0xd0922c N 0xd09230
0xd0922c N 0xd09230
0xdf0 N 0xdf4
0xc454f10 N 0xc454f14
0xdf0 N 0xdf4
0xd0922c N 0xd09230
0xd0922c N 0xd09230
0xc454f10 N 0xc454f14
0xd0922c N 0xd09230
0xdf0 N 0xdf4
0xd7bb594 N 0xd7bb598
0xc454f10 N 0xc454f14
0xd0922c N 0xd09230
0xd7bb594 N 0xd7bb598
0xdf0 N 0xdf4
0xdf0 N 0xdf4
0xc454f10 N 0xc454f14
0xdf0 N 0xdf4
0xdf0 N 0xdf4
0xdf0 N 0xdf4
0xdf0 N 0xdf4
0xd7bb594 N 0xd7bb598
0xd7bb594 N 0xd7bb598
0xd7bb594 N 0xd7bb598
0xc454f10 N 0xc454f14
0xc454f10 N 0xc454f14
0xd7bb594 N 0xd7bb598
0xdf0 N 0xdf4
0xd0922c N 0xd09230
0xc454f10 N 0xc454f14
0xc454f10 N 0xc454f14
0xc454f10 N 0xc454f14
0xd7bb594 N 0xd7bb598
0xdf0 N 0xdf4
0xd0922c N 0xd09230
0xd0922c N 0xd09230
0xc454f10 N 0xc454f14
0xd0922c N 0xd09230
0xd0922c N 0xd09230
0xc454f10 N 0xc454f14
0xd0922c N 0xd09230
0xd7bb594 N 0xd7bb598
0xd0922c N 0xd09230
0xd0922c N 0xd09230
0xd7bb594 N 0xd7bb598
0xd0922c N 0xd09230
0xc454f10 N 0xc454f14
0xd0922c N 0xd09230
0xc454f10 N 0xc454f14
0xdf0 N 0xdf4
0xc454f10 N 0xc454f14
0xd0922c N 0xd09230
0xdf0 N 0xdf4
0xd0922c N 0xd09230
0xd7bb594 N 0xd7bb598
0xd0922c N 0xd09230
0xdf0 N 0xdf4
0xdf0 N 0xdf4
0xdf0 N 0xdf4
0xc454f10 N 0xc454f14
0xd0922c N 0xd09230
0xd7bb594 N 0xd7bb598
0xc454f10 N 0xc454f14
0xd7bb594 N 0xd7bb598
0xdf0 N 0xdf4
0xc454f10 N 0xc454f14
0xdf0 N 0xdf4
0xc454f10 N 0xc454f14
0xd0922c N 0xd09230
0xd0922c N 0xd09230
0xd7bb594 N 0xd7bb598
0xd0922c N 0xd09230
0xc454f10 N 0xc454f14
0xdf0 N 0xdf4
0xd7bb594 N 0xd7bb598
0xdf0 N 0xdf4
0xdf0 N 0xdf4
0xc454f10 N 0xc454f14
0xd7bb594 N 0xd7bb598
0xd0922c N 0xd09230
0xd7bb594 N 0xd7bb598
0xd7bb594 N 0xd7bb598
0xd0922c N 0xd09230
0xd7bb594 N 0xd7bb598
0xd7bb594 N 0xd7bb598
0xd0922c N 0xd09230
0xd7bb594 N 0xd7bb598
0xd0922c N 0xd09230
0xd7bb594 N 0xd7bb598
0xd7bb594 N 0xd7bb598
0xd0922c N 0xd09230
0xd0922c N 0xd09230
0xdf0 N 0xdf4
0xdf0 N 0xdf4
0xd0922c N 0xd09230
0xd7bb594 N 0xd7bb598
0xd7bb594 N 0xd7bb598
0xd0922c N 0xd09230
0xd0922c N 0xd09230
0xd7bb594 N 0xd7bb598
0xd0922c N 0xd09230
0xc454f10 N 0xc454f14
0xd7bb594 N 0xd7bb598
0xdf0 N 0xdf4
0xc454f10 N 0xc454f14
0xd0922c N 0xd09230
0xd7bb594 N 0xd7bb598
0xd7bb594 N 0xd7bb598
0xd7bb594 N 0xd7bb598
0xc454f10 N 0xc454f14
0xc454f10 N 0xc454f14
0xc454f10 N 0xc454f14
0xd0922c N 0xd09230
0xd7bb594 N 0xd7bb598
0xd7bb594 N 0xd7bb598
0xd0922c N 0xd09230
0xdf0 N 0xdf4
0xd7bb594 N 0xd7bb598
0xdf0 N 0xdf4
0xc454f10 N 0xc454f14
0xc454f10 N 0xc454f14
0xd7bb594 N 0xd7bb598
0xc454f10 N 0xc454f14
0xd0922c N 0xd09230
0xd0922c N 0xd09230
0xdf0 N 0xdf4
0xd7bb594 N 0xd7bb598
0xc454f10 N 0xc454f14
0xd0922c N 0xd09230
0xd7bb594 N 0xd7bb598
0xd0922c N 0xd09230
0xc454f10 N 0xc454f14
0xd7bb594 N 0xd7bb598
0xdf0 N 0xdf4
0xdf0 N 0xdf4
0xdf0 N 0xdf4
0xc454f10 N 0xc454f14
0xd0922c N 0xd09230
0xd7bb594 N 0xd7bb598
0xdf0 N 0xdf4
0xd0922c N 0xd09230
0xdf0 N 0xdf4
0xdf0 N 0xdf4
0xdf0 N 0xdf4
0xdf0 N 0xdf4
0xd0922c N 0xd09230
0xdf0 N 0xdf4
0xdf0 N 0xdf4
0xc454f10 N 0xc454f14
0xd0922c N 0xd09230
0xdf0 N 0xdf4
0xc454f10 N 0xc454f14
0xd0922c N 0xd09230
0xdf0 N 0xdf4
0xc454f10 N 0xc454f14
0xc454f10 N 0xc454f14
0xdf0 N 0xdf4
0xdf0 N 0xdf4
0xd0922c N 0xd09230
0xdf0 N 0xdf4
0xdf0 N 0xdf4
0xc454f10 N 0xc454f14
0xd0922c N 0xd09230
0xdf0 N 0xdf4
0xc454f10 N 0xc454f14
0xd7bb594 N 0xd7bb598
0xdf0 N 0xdf4
0xdf0 N 0xdf4
0xc454f10 N 0xc454f14
0xd7bb594 N 0xd7bb598
0xd7bb594 N 0xd7bb598
0xd0922c N 0xd09230
0xd0922c N 0xd09230
0xd0922c N 0xd09230
0xd0922c N 0xd09230
0xd0922c N 0xd09230
0xd7bb594 N 0xd7bb598
0xd7bb594 N 0xd7bb598
0xd0922c N 0xd09230
0xd0922c N 0xd09230
0xd7bb594 N 0xd7bb598
0xdf0 N 0xdf4
0xd7bb594 N 0xd7bb598
0xc454f10 N 0xc454f14
0xc454f10 N 0xc454f14
0xd0922c N 0xd09230
0xd0922c N 0xd09230
0xd0922c N 0xd09230
0xd7bb594 N 0xd7bb598
0xd0922c N 0xd09230
0xd7bb594 N 0xd7bb598
0xd7bb594 N 0xd7bb598
0xdf0 N 0xdf4
0xd0922c N 0xd09230
0xd7bb594 N 0xd7bb598
0xdf0 N 0xdf4
0xd0922c N 0xd09230
0xdf0 N 0xdf4
0xd0922c N 0xd09230
0xd7bb594 N 0xd7bb598
0xd7bb594 N 0xd7bb598
0xc454f10 N 0xc454f14
0xd7bb594 N 0xd7bb598
0xc454f10 N 0xc454f14
0xc454f10 N 0xc454f14
0xdf0 N 0xdf4
0xdf0 N 0xdf4
0xd7bb594 N 0xd7bb598
0xd0922c N 0xd09230
0xdf0 N 0xdf4
0xdf0 N 0xdf4
0xd0922c N 0xd09230
0xdf0 N 0xdf4
0xd0922c N 0xd09230
0xdf0 N 0xdf4
0xd7bb594 N 0xd7bb598
0xd0922c N 0xd09230
0xd7bb594 N 0xd7bb598
0xd0922c N 0xd09230
0xd7bb594 N 0xd7bb598
0xd7bb594 N 0xd7bb598
0xdf0 N 0xdf4
0xd0922c N 0xd09230
0xd7bb594 N 0xd7bb598
0xdf0 N 0xdf4
0xd0922c N 0xd09230
0xd7bb594 N 0xd7bb598
0xd7bb594 N 0xd7bb598
0xdf0 N 0xdf4
0xdf0 N 0xdf4
0xd7bb594 N 0xd7bb598
0xc454f10 N 0xc454f14
0xc454f10 N 0xc454f14
0xd7bb594 N 0xd7bb598
0xd0922c N 0xd09230
0xd0922c N 0xd09230
0xdf0 N 0xdf4
0xc454f10 N 0xc454f14
0xdf0 N 0xdf4
0xd7bb594 N 0xd7bb598
0xd7bb594 N 0xd7bb598
0xdf0 N 0xdf4
0xd0922c N 0xd09230
0xd7bb594 N 0xd7bb598
0xc454f10 N 0xc454f14
0xc454f10 N 0xc454f14
0xd0922c N 0xd09230
0xd7bb594 N 0xd7bb598
0xdf0 N 0xdf4
0xd7bb594 N 0xd7bb598
0xd7bb594 N 0xd7bb598
0xc454f10 N 0xc454f14
0xd7bb594 N 0xd7bb598
0xdf0 N 0xdf4
0xd7bb594 N 0xd7bb598
0xdf0 N 0xdf4
0xc454f10 N 0xc454f14
0xd0922c N 0xd09230
0xd0922c N 0xd09230
0xdf0 N 0xdf4
0xdf0 N 0xdf4
0xd0922c N 0xd09230
0xd7bb594 N 0xd7bb598
0xd7bb594 N 0xd7bb598
0xc454f10 N 0xc454f14
0xd0922c N 0xd09230
0xc454f10 N 0xc454f14
0xc454f10 N 0xc454f14
0xdf0 N 0xdf4
0xc454f10 N 0xc454f14
0xc454f10 N 0xc454f14
0xd0922c N 0xd09230
0xd7bb594 N 0xd7bb598
0xdf0 N 0xdf4
0xd0922c N 0xd09230
0xdf0 N 0xdf4
0xdf0 N 0xdf4
0xc454f10 N 0xc454f14
0xd7bb594 N 0xd7bb598
0xd7bb594 N 0xd7bb598
0xd7bb594 N 0xd7bb598
0xd7bb594 N 0xd7bb598
0xc454f10 N 0xc454f14
0xdf0 N 0xdf4
0xdf0 N 0xdf4
0xc454f10 N 0xc454f14
0xd7bb594 N 0xd7bb598
0xd0922c N 0xd09230
0xdf0 N 0xdf4
0xd7bb594 N 0xd7bb598
0xc454f10 N 0xc454f14
0xc454f10 N 0xc454f14
0xdf0 N 0xdf4
0xd7bb594 N 0xd7bb598
0xd0922c N 0xd09230
0xc454f10 N 0xc454f14
0xdf0 N 0xdf4
0xc454f10 N 0xc454f14
0xdf0 N 0xdf4
0xd7bb594 N 0xd7bb598
0xc454f10 N 0xc454f14
0xd0922c N 0xd09230
0xdf0 N 0xdf4
0xd0922c N 0xd09230
0xdf0 N 0xdf4
0xd0922c N 0xd09230
0xdf0 N 0xdf4
0xd0922c N 0xd09230
0xc454f10 N 0xc454f14
0xd7bb594 N 0xd7bb598
0xd0922c N 0xd09230
0xd0922c N 0xd09230
0xc454f10 N 0xc454f14
0xd7bb594 N 0xd7bb598
0xdf0 N 0xdf4
0xc454f10 N 0xc454f14
0xc454f10 N 0xc454f14
0xd7bb594 N 0xd7bb598
0xd7bb594 N 0xd7bb598
0xd0922c N 0xd09230
0xd7bb594 N 0xd7bb598
0xdf0 N 0xdf4
0xc454f10 N 0xc454f14
0xd7bb594 N 0xd7bb598
0xdf0 N 0xdf4
0xd0922c N 0xd09230
0xc454f10 N 0xc454f14
0xdf0 N 0xdf4
0xd0922c N 0xd09230
0xd0922c N 0xd09230
0xc454f10 N 0xc454f14
0xdf0 N 0xdf4
0xc454f10 N 0xc454f14
0xd7bb594 N 0xd7bb598
0xd7bb594 N 0xd7bb598
0xdf0 N 0xdf4
0xd7bb594 N 0xd7bb598
0xd7bb594 N 0xd7bb598
0xd0922c N 0xd09230
0xd7bb594 N 0xd7bb598
0xd0922c N 0xd09230
0xd0922c N 0xd09230
0xd0922c N 0xd09230
0xc454f10 N 0xc454f14
0xc454f10 N 0xc454f14
0xd7bb594 N 0xd7bb598
0xdf0 N 0xdf4
0xc454f10 N 0xc454f14
0xd0922c N 0xd09230
0xc454f10 N 0xc454f14
0xdf0 N 0xdf4
0xdf0 N 0xdf4
0xdf0 N 0xdf4
0xd7bb594 N 0xd7bb598
0xd7bb594 N 0xd7bb598
0xd7bb594 N 0xd7bb598
0xd0922c N 0xd09230
0xd0922c N 0xd09230
0xd7bb594 N 0xd7bb598
0xc454f10 N 0xc454f14
0xc454f10 N 0xc454f14
0xdf0 N 0xdf4
0xd0922c N 0xd09230
0xd7bb594 N 0xd7bb598
0xd0922c N 0xd09230
0xd7bb594 N 0xd7bb598
0xd0922c N 0xd09230
0xd0922c N 0xd09230
0xdf0 N 0xdf4
0xd0922c N 0xd09230
0xc454f10 N 0xc454f14
0xd0922c N 0xd09230
0xd0922c N 0xd09230
0xc454f10 N 0xc454f14
0xdf0 N 0xdf4
0xdf0 N 0xdf4
0xd0922c N 0xd09230
0xdf0 N 0xdf4
0xd0922c N 0xd09230
0xd0922c N 0xd09230
0xd0922c N 0xd09230
0xd0922c N 0xd09230
0xdf0 N 0xdf4
0xdf0 N 0xdf4
0xc454f10 N 0xc454f14
0xc454f10 N 0xc454f14
0xd0922c N 0xd09230
0xd0922c N 0xd09230
0xd7bb594 N 0xd7bb598
0xdf0 N 0xdf4
0xd7bb594 N 0xd7bb598
0xd0922c N 0xd09230
0xd7bb594 N 0xd7bb598
0xd7bb594 N 0xd7bb598
0xd7bb594 N 0xd7bb598
0xd0922c N 0xd09230
0xd0922c N 0xd09230
0xd7bb594 N 0xd7bb598
0xd0922c N 0xd09230
0xc454f10 N 0xc454f14
0xd7bb594 N 0xd7bb598
0xc454f10 N 0xc454f14
0xd7bb594 N 0xd7bb598
0xd7bb594 N 0xd7bb598
0xdf0 N 0xdf4
0xc454f10 N 0xc454f14
0xc454f10 N 0xc454f14
0xd0922c N 0xd09230
0xdf0 N 0xdf4
0xdf0 N 0xdf4
0xd0922c N 0xd09230
0xd7bb594 N 0xd7bb598
0xd0922c N 0xd09230
0xc454f10 N 0xc454f14
0xd7bb594 N 0xd7bb598
0xd0922c N 0xd09230
0xd0922c N 0xd09230
0xc454f10 N 0xc454f14
0xdf0 N 0xdf4
0xd7bb594 N 0xd7bb598
0xdf0 N 0xdf4
0xc454f10 N 0xc454f14
0xd7bb594 N 0xd7bb598
0xd7bb594 N 0xd7bb598
0xd7bb594 N 0xd7bb598
0xd7bb594 N 0xd7bb598
0xd7bb594 N 0xd7bb598
0xc454f10 N 0xc454f14
0xdf0 N 0xdf4
0xd7bb594 N 0xd7bb598
0xc454f10 N 0xc454f14
0xdf0 N 0xdf4
0xdf0 N 0xdf4
0xdf0 N 0xdf4
0xdf0 N 0xdf4
0xdf0 N 0xdf4
0xc454f10 N 0xc454f14
0xd7bb594 N 0xd7bb598
0xd7bb594 N 0xd7bb598
0xd0922c N 0xd09230
0xd7bb594 N 0xd7bb598
0xdf0 N 0xdf4
0xd0922c N 0xd09230
0xd0922c N 0xd09230
0xd0922c N 0xd09230
0xc454f10 N 0xc454f14
0xc454f10 N 0xc454f14
0xd0922c N 0xd09230
0xc454f10 N 0xc454f14
0xc454f10 N 0xc454f14
0xd0922c N 0xd09230
0xd7bb594 N 0xd7bb598
0xd7bb594 N 0xd7bb598
0xd7bb594 N 0xd7bb598
0xd7bb594 N 0xd7bb598
0xc454f10 N 0xc454f14
0xd7bb594 N 0xd7bb598
0xd7bb594 N 0xd7bb598
0xd7bb594 N 0xd7bb598
0xdf0 N 0xdf4
0xc454f10 N 0xc454f14
0xd7bb594 N 0xd7bb598
0xdf0 N 0xdf4
0xd7bb594 N 0xd7bb598
0xdf0 N 0xdf4
0xdf0 N 0xdf4
0xdf0 N 0xdf4
0xd0922c N 0xd09230
0xc454f10 N 0xc454f14
0xdf0 N 0xdf4
0xc454f10 N 0xc454f14
0xdf0 N 0xdf4
0xdf0 N 0xdf4
0xc454f10 N 0xc454f14
0xc454f10 N 0xc454f14
0xd0922c N 0xd09230
0xd0922c N 0xd09230
0xc454f10 N 0xc454f14
0xd0922c N 0xd09230
0xc454f10 N 0xc454f14
0xc454f10 N 0xc454f14
0xd7bb594 N 0xd7bb598
0xdf0 N 0xdf4
0xd7bb594 N 0xd7bb598
0xc454f10 N 0xc454f14
0xd7bb594 N 0xd7bb598
0xdf0 N 0xdf4
0xc454f10 N 0xc454f14
0xd0922c N 0xd09230
0xc454f10 N 0xc454f14
0xc454f10 N 0xc454f14
0xc454f10 N 0xc454f14
0xd0922c N 0xd09230
0xc454f10 N 0xc454f14
0xd7bb594 N 0xd7bb598
0xd7bb594 N 0xd7bb598
0xd0922c N 0xd09230
0xdf0 N 0xdf4
0xd0922c N 0xd09230
0xd7bb594 N 0xd7bb598
0xd0922c N 0xd09230
0xd0922c N 0xd09230
0xdf0 N 0xdf4
0xd0922c N 0xd09230
0xc454f10 N 0xc454f14
0xc454f10 N 0xc454f14
0xdf0 N 0xdf4
0xd7bb594 N 0xd7bb598
0xd0922c N 0xd09230
0xd7bb594 N 0xd7bb598
0xd7bb594 N 0xd7bb598
0xd0922c N 0xd09230
0xd0922c N 0xd09230
0xd7bb594 N 0xd7bb598
0xdf0 N 0xdf4
0xd0922c N 0xd09230
0xdf0 N 0xdf4
0xc454f10 N 0xc454f14
0xd7bb594 N 0xd7bb598
0xd7bb594 N 0xd7bb598
0xd0922c N 0xd09230
0xd7bb594 N 0xd7bb598
0xd7bb594 N 0xd7bb598
0xd0922c N 0xd09230
flush_num: 461, br_num: 930, size: 644b
