0x3dac N 0x3db0
0x3dac T 0x5d810f4
0x4b79fc8 N 0x4b79fcc
0x4b79fc8 T 0x1fccea50
0x31c4 N 0x31c8
0x91240 N 0x91244
0x3dac N 0x3db0
0x91240 T 0x615508
0x31c4 N 0x31c8
0x300 N 0x304
0x300 T 0xac4094
0x300 T 0xac4094
0x4b79fc8 N 0x4b79fcc
0x3dac N 0x3db0
0x3dac T 0x5d810f4
0x3dac T 0x5d810f4
0x300 N 0x304
0x300 T 0xac4094
0x91240 N 0x91244
0x31c4 N 0x31c8
0x3dac N 0x3db0
0x3dac T 0x5d810f4
0x4b79fc8 N 0x4b79fcc
0x31c4 N 0x31c8
0x31c4 T 0xf70c86c
0x31c4 T 0xf70c86c
0x4b79fc8 T 0x1fccea50
0x3dac N 0x3db0
0x31c4 N 0x31c8
0x31c4 T 0xf70c86c
0x4b79fc8 T 0x1fccea50
0x300 N 0x304
0x3dac N 0x3db0
0x3dac T 0x5d810f4
0x31c4 N 0x31c8
0x300 T 0xac4094
0x31c4 T 0xf70c86c
0x300 T 0xac4094
0x4b79fc8 N 0x4b79fcc
0x91240 N 0x91244
0x91240 T 0x615508
0x4b79fc8 N 0x4b79fcc
0x31c4 T 0xf70c86c
0x91240 N 0x91244
0x31c4 T 0xf70c86c
0x31c4 T 0xf70c86c
0x4b79fc8 N 0x4b79fcc
0x91240 N 0x91244
0x4b79fc8 N 0x4b79fcc
0x3dac N 0x3db0
0x3dac T 0x5d810f4
0x4b79fc8 T 0x1fccea50
0x91240 N 0x91244
0x91240 T 0x615508
0x300 N 0x304
0x31c4 N 0x31c8
0x91240 N 0x91244
0x4b79fc8 N 0x4b79fcc
0x3dac N 0x3db0
0x4b79fc8 T 0x1fccea50
0x4b79fc8 T 0x1fccea50
0x3dac T 0x5d810f4
0x4b79fc8 T 0x1fccea50
0x3dac T 0x5d810f4
0x3dac T 0x5d810f4
0x31c4 N 0x31c8
0x300 N 0x304
0x91240 N 0x91244
0x3dac N 0x3db0
0x3dac T 0x5d810f4
0x91240 T 0x615508
0x4b79fc8 N 0x4b79fcc
0x300 N 0x304
0x31c4 N 0x31c8
0x4b79fc8 N 0x4b79fcc
0x300 N 0x304
0x3dac N 0x3db0
0x300 T 0xac4094
0x91240 N 0x91244
0x4b79fc8 N 0x4b79fcc
0x4b79fc8 T 0x1fccea50
0x31c4 N 0x31c8
0x4b79fc8 T 0x1fccea50
0x4b79fc8 T 0x1fccea50
0x3dac N 0x3db0
0x31c4 N 0x31c8
0x300 N 0x304
0x91240 N 0x91244
0x3dac N 0x3db0
0x3dac T 0x5d810f4
0x3dac T 0x5d810f4
0x31c4 N 0x31c8
0x3dac N 0x3db0
0x31c4 N 0x31c8
0x4b79fc8 N 0x4b79fcc
0x3dac N 0x3db0
0x31c4 N 0x31c8
0x31c4 T 0xf70c86c
0x31c4 T 0xf70c86c
0x31c4 T 0xf70c86c
0x4b79fc8 T 0x1fccea50
0x31c4 T 0xf70c86c
0x91240 N 0x91244
0x300 N 0x304
0x31c4 T 0xf70c86c
0x4b79fc8 N 0x4b79fcc
0x31c4 T 0xf70c86c
0x31c4 T 0xf70c86c
0x4b79fc8 T 0x1fccea50
0x91240 N 0x91244
0x300 N 0x304
0x91240 N 0x91244
0x91240 T 0x615508
0x91240 T 0x615508
0x31c4 T 0xf70c86c
0x4b79fc8 N 0x4b79fcc
0x4b79fc8 T 0x1fccea50
0x31c4 T 0xf70c86c
0x31c4 T 0xf70c86c
0x31c4 T 0xf70c86c
0x91240 N 0x91244
0x31c4 T 0xf70c86c
0x91240 T 0x615508
0x300 N 0x304
0x300 T 0xac4094
0x91240 N 0x91244
0x300 N 0x304
0x31c4 T 0xf70c86c
0x300 T 0xac4094
0x31c4 T 0xf70c86c
0x3dac N 0x3db0
0x91240 N 0x91244
0x4b79fc8 N 0x4b79fcc
0x3dac T 0x5d810f4
0x3dac T 0x5d810f4
0x91240 N 0x91244
0x31c4 N 0x31c8
0x3dac N 0x3db0
0x3dac T 0x5d810f4
0x31c4 N 0x31c8
0x31c4 T 0xf70c86c
0x31c4 T 0xf70c86c
0x4b79fc8 N 0x4b79fcc
0x4b79fc8 T 0x1fccea50
0x31c4 T 0xf70c86c
0x3dac N 0x3db0
0x91240 N 0x91244
0x300 N 0x304
0x300 T 0xac4094
0x300 T 0xac4094
0x4b79fc8 N 0x4b79fcc
0x91240 N 0x91244
0x31c4 N 0x31c8
0x4b79fc8 N 0x4b79fcc
0x91240 N 0x91244
0x31c4 T 0xf70c86c
0x4b79fc8 N 0x4b79fcc
0x91240 N 0x91244
0x31c4 T 0xf70c86c
0x91240 T 0x615508
0x300 N 0x304
0x4b79fc8 N 0x4b79fcc
0x4b79fc8 T 0x1fccea50
0x300 N 0x304
0x300 T 0xac4094
0x4b79fc8 N 0x4b79fcc
0x3dac N 0x3db0
0x91240 N 0x91244
0x3dac T 0x5d810f4
0x300 N 0x304
0x3dac T 0x5d810f4
0x91240 N 0x91244
0x91240 T 0x615508
0x91240 T 0x615508
0x300 N 0x304
0x300 T 0xac4094
0x300 T 0xac4094
0x31c4 N 0x31c8
0x31c4 T 0xf70c86c
0x31c4 T 0xf70c86c
0x300 T 0xac4094
0x31c4 T 0xf70c86c
0x4b79fc8 N 0x4b79fcc
0x91240 N 0x91244
0x3dac N 0x3db0
0x31c4 N 0x31c8
0x91240 T 0x615508
0x300 N 0x304
0x3dac N 0x3db0
0x4b79fc8 N 0x4b79fcc
0x3dac T 0x5d810f4
0x4b79fc8 T 0x1fccea50
0x4b79fc8 N 0x4b79fcc
0x31c4 N 0x31c8
0x91240 N 0x91244
0x31c4 N 0x31c8
0x3dac N 0x3db0
0x4b79fc8 N 0x4b79fcc
0x3dac T 0x5d810f4
0x91240 N 0x91244
0x4b79fc8 N 0x4b79fcc
0x31c4 N 0x31c8
0x91240 N 0x91244
0x3dac N 0x3db0
0x300 N 0x304
0x31c4 N 0x31c8
0x3dac N 0x3db0
0x4b79fc8 N 0x4b79fcc
0x91240 N 0x91244
0x31c4 N 0x31c8
0x300 N 0x304
0x31c4 T 0xf70c86c
0x91240 N 0x91244
0x31c4 T 0xf70c86c
0x31c4 T 0xf70c86c
0x4b79fc8 N 0x4b79fcc
0x4b79fc8 T 0x1fccea50
0x300 N 0x304
0x91240 N 0x91244
0x31c4 T 0xf70c86c
0x4b79fc8 N 0x4b79fcc
0x4b79fc8 T 0x1fccea50
0x31c4 T 0xf70c86c
0x3dac N 0x3db0
0x4b79fc8 T 0x1fccea50
0x300 N 0x304
0x31c4 N 0x31c8
0x4b79fc8 N 0x4b79fcc
0x31c4 T 0xf70c86c
0x4b79fc8 T 0x1fccea50
0x31c4 T 0xf70c86c
0x3dac N 0x3db0
0x31c4 N 0x31c8
0x31c4 T 0xf70c86c
0x300 N 0x304
0x300 T 0xac4094
0x91240 N 0x91244
0x4b79fc8 N 0x4b79fcc
0x300 N 0x304
0x3dac N 0x3db0
0x4b79fc8 N 0x4b79fcc
0x31c4 N 0x31c8
0x31c4 T 0xf70c86c
0x4b79fc8 T 0x1fccea50
0x3dac N 0x3db0
0x300 N 0x304
0x31c4 N 0x31c8
0x31c4 T 0xf70c86c
0x300 T 0xac4094
0x4b79fc8 N 0x4b79fcc
0x300 N 0x304
0x300 T 0xac4094
0x3dac N 0x3db0
0x31c4 N 0x31c8
0x300 T 0xac4094
0x4b79fc8 N 0x4b79fcc
0x31c4 T 0xf70c86c
0x3dac N 0x3db0
0x31c4 N 0x31c8
0x31c4 T 0xf70c86c
0x3dac N 0x3db0
0x3dac T 0x5d810f4
0x91240 N 0x91244
0x4b79fc8 N 0x4b79fcc
0x3dac T 0x5d810f4
0x91240 N 0x91244
0x4b79fc8 N 0x4b79fcc
0x3dac T 0x5d810f4
0x31c4 N 0x31c8
0x300 N 0x304
0x3dac N 0x3db0
0x300 T 0xac4094
0x91240 N 0x91244
0x300 N 0x304
0x31c4 N 0x31c8
0x3dac N 0x3db0
0x31c4 N 0x31c8
0x91240 N 0x91244
0x3dac N 0x3db0
0x91240 T 0x615508
0x4b79fc8 N 0x4b79fcc
0x300 N 0x304
0x300 T 0xac4094
0x300 T 0xac4094
0x31c4 N 0x31c8
0x4b79fc8 N 0x4b79fcc
0x3dac N 0x3db0
0x300 N 0x304
0x91240 N 0x91244
0x4b79fc8 N 0x4b79fcc
0x31c4 N 0x31c8
0x3dac N 0x3db0
0x3dac T 0x5d810f4
0x91240 N 0x91244
0x3dac T 0x5d810f4
0x31c4 N 0x31c8
0x3dac N 0x3db0
0x300 N 0x304
0x3dac T 0x5d810f4
0x3dac T 0x5d810f4
0x4b79fc8 N 0x4b79fcc
0x3dac T 0x5d810f4
0x91240 N 0x91244
0x4b79fc8 N 0x4b79fcc
0x3dac T 0x5d810f4
0x3dac T 0x5d810f4
0x3dac T 0x5d810f4
0x31c4 N 0x31c8
0x4b79fc8 N 0x4b79fcc
0x31c4 T 0xf70c86c
0x300 N 0x304
0x31c4 T 0xf70c86c
0x4b79fc8 N 0x4b79fcc
0x300 N 0x304
0x3dac N 0x3db0
0x300 T 0xac4094
0x300 T 0xac4094
0x91240 N 0x91244
0x3dac T 0x5d810f4
0x4b79fc8 N 0x4b79fcc
0x300 N 0x304
0x91240 N 0x91244
0x31c4 N 0x31c8
0x3dac N 0x3db0
0x4b79fc8 N 0x4b79fcc
0x300 N 0x304
0x31c4 N 0x31c8
0x4b79fc8 N 0x4b79fcc
0x300 N 0x304
0x3dac N 0x3db0
0x91240 N 0x91244
0x31c4 N 0x31c8
0x31c4 T 0xf70c86c
0x91240 N 0x91244
0x300 N 0x304
0x300 T 0xac4094
0x31c4 T 0xf70c86c
0x300 N 0x304
0x4b79fc8 N 0x4b79fcc
0x91240 N 0x91244
0x91240 N 0x91244
0x4b79fc8 N 0x4b79fcc
0x31c4 T 0xf70c86c
0x3dac N 0x3db0
0x4b79fc8 T 0x1fccea50
0x300 N 0x304
0x91240 N 0x91244
0x4b79fc8 N 0x4b79fcc
0x300 N 0x304
0x4b79fc8 N 0x4b79fcc
0x91240 N 0x91244
0x4b79fc8 N 0x4b79fcc
0x3dac T 0x5d810f4
0x4b79fc8 T 0x1fccea50
0x3dac T 0x5d810f4
0x300 N 0x304
0x91240 N 0x91244
0x4b79fc8 N 0x4b79fcc
0x4b79fc8 T 0x1fccea50
0x91240 N 0x91244
0x3dac T 0x5d810f4
0x300 N 0x304
0x300 T 0xac4094
0x300 T 0xac4094
0x31c4 N 0x31c8
0x31c4 T 0xf70c86c
0x300 T 0xac4094
0x4b79fc8 N 0x4b79fcc
0x4b79fc8 N 0x4b79fcc
0x91240 N 0x91244
0x3dac N 0x3db0
0x91240 T 0x615508
0x3dac T 0x5d810f4
0x4b79fc8 N 0x4b79fcc
0x91240 N 0x91244
0x91240 T 0x615508
0x31c4 N 0x31c8
0x3dac N 0x3db0
0x91240 T 0x615508
0x4b79fc8 N 0x4b79fcc
0x3dac N 0x3db0
0x31c4 N 0x31c8
0x4b79fc8 T 0x1fccea50
0x4b79fc8 T 0x1fccea50
0x91240 N 0x91244
0x4b79fc8 N 0x4b79fcc
0x91240 N 0x91244
0x91240 T 0x615508
0x4b79fc8 N 0x4b79fcc
0x31c4 T 0xf70c86c
0x3dac N 0x3db0
0x3dac N 0x3db0
0x4b79fc8 T 0x1fccea50
0x4b79fc8 T 0x1fccea50
0x4b79fc8 T 0x1fccea50
0x3dac T 0x5d810f4
0x300 N 0x304
0x4b79fc8 N 0x4b79fcc
0x300 N 0x304
0x4b79fc8 N 0x4b79fcc
0x31c4 N 0x31c8
0x3dac N 0x3db0
0x31c4 N 0x31c8
0x31c4 T 0xf70c86c
0x4b79fc8 T 0x1fccea50
0x300 N 0x304
0x3dac N 0x3db0
0x31c4 N 0x31c8
0x31c4 N 0x31c8
0x31c4 T 0xf70c86c
0x31c4 T 0xf70c86c
0x4b79fc8 N 0x4b79fcc
0x91240 N 0x91244
0x3dac N 0x3db0
0x4b79fc8 N 0x4b79fcc
0x91240 N 0x91244
0x4b79fc8 N 0x4b79fcc
0x3dac T 0x5d810f4
0x300 N 0x304
0x31c4 N 0x31c8
0x91240 N 0x91244
0x3dac N 0x3db0
0x31c4 N 0x31c8
0x4b79fc8 N 0x4b79fcc
0x4b79fc8 N 0x4b79fcc
0x300 N 0x304
0x3dac N 0x3db0
0x4b79fc8 N 0x4b79fcc
0x91240 N 0x91244
0x4b79fc8 N 0x4b79fcc
flush_num: 230, br_num: 430, size: 616b
