0xef8f0 N 0xef8f4
0x940 N 0x944
0x940 N 0x944
0xef8f0 N 0xef8f4
0xa8 N 0xac
0x331c N 0x3320
0xa8 N 0xac
0x331c N 0x3320
0x331c N 0x3320
0xa8 N 0xac
0xa8 N 0xac
0xa8 N 0xac
0x940 N 0x944
0xa8 N 0xac
0x331c N 0x3320
0xa8 N 0xac
0x331c N 0x3320
0x331c N 0x3320
0x331c N 0x3320
0x331c N 0x3320
0xa8 N 0xac
0xa8 N 0xac
0x940 N 0x944
0x940 N 0x944
0xef8f0 N 0xef8f4
0x940 N 0x944
0x331c N 0x3320
0xa8 N 0xac
0xa8 N 0xac
0xef8f0 N 0xef8f4
0xa8 N 0xac
0x331c N 0x3320
0x940 N 0x944
0xa8 N 0xac
0xef8f0 N 0xef8f4
0x940 N 0x944
0xef8f0 N 0xef8f4
0xef8f0 N 0xef8f4
0xef8f0 N 0xef8f4
0xef8f0 N 0xef8f4
0x331c N 0x3320
0x940 N 0x944
0x940 N 0x944
0xa8 N 0xac
0xef8f0 N 0xef8f4
0xef8f0 N 0xef8f4
0x331c N 0x3320
0xa8 N 0xac
0xef8f0 N 0xef8f4
0x331c N 0x3320
0x940 N 0x944
0xa8 N 0xac
0xa8 N 0xac
0xa8 N 0xac
0x331c N 0x3320
0xa8 N 0xac
0x331c N 0x3320
0xa8 N 0xac
0x940 N 0x944
0xef8f0 N 0xef8f4
0x331c N 0x3320
0x940 N 0x944
0xef8f0 N 0xef8f4
0xa8 N 0xac
0xef8f0 N 0xef8f4
0xef8f0 N 0xef8f4
0x331c N 0x3320
0xa8 N 0xac
0xef8f0 N 0xef8f4
0xa8 N 0xac
0xef8f0 N 0xef8f4
0x331c N 0x3320
0xa8 N 0xac
0x331c N 0x3320
0xa8 N 0xac
0x331c N 0x3320
0x331c N 0x3320
0x940 N 0x944
0xef8f0 N 0xef8f4
0xa8 N 0xac
0x940 N 0x944
0x940 N 0x944
0xa8 N 0xac
0x331c N 0x3320
0xa8 N 0xac
0x331c N 0x3320
0x940 N 0x944
0xef8f0 N 0xef8f4
0x940 N 0x944
0xef8f0 N 0xef8f4
0xef8f0 N 0xef8f4
0xa8 N 0xac
0x940 N 0x944
0xa8 N 0xac
0xa8 N 0xac
0xa8 N 0xac
0xa8 T 0xa18
0x940 N 0x944
0xef8f0 N 0xef8f4
0xa8 N 0xac
0xa8 N 0xac
0x940 N 0x944
0x331c N 0x3320
0x940 N 0x944
0x331c N 0x3320
0x331c N 0x3320
0x940 N 0x944
0xa8 N 0xac
0xef8f0 N 0xef8f4
0x331c N 0x3320
0x331c N 0x3320
0x940 N 0x944
0x331c N 0x3320
0xa8 N 0xac
0xa8 N 0xac
0x940 N 0x944
0x940 N 0x944
0x331c N 0x3320
0x331c N 0x3320
0xa8 N 0xac
0xef8f0 N 0xef8f4
0xa8 N 0xac
0xef8f0 N 0xef8f4
0xef8f0 N 0xef8f4
0x331c N 0x3320
0x940 N 0x944
0xef8f0 N 0xef8f4
0x331c N 0x3320
0xef8f0 N 0xef8f4
0x940 N 0x944
0xef8f0 N 0xef8f4
0xef8f0 N 0xef8f4
0xa8 N 0xac
0xef8f0 N 0xef8f4
0x940 N 0x944
0x331c N 0x3320
0x331c N 0x3320
0x331c T 0xc58
0x940 N 0x944
0xa8 N 0xac
0x331c N 0x3320
0xa8 N 0xac
0xa8 N 0xac
0x940 N 0x944
0x940 N 0x944
0xa8 N 0xac
0xa8 N 0xac
0x331c N 0x3320
0x940 N 0x944
0xef8f0 N 0xef8f4
0xa8 N 0xac
0x940 N 0x944
0xef8f0 N 0xef8f4
0x940 N 0x944
0xef8f0 N 0xef8f4
0xef8f0 N 0xef8f4
0x940 N 0x944
0xa8 N 0xac
0x940 N 0x944
0x940 N 0x944
0x940 T 0xd4188
0x331c N 0x3320
0xa8 N 0xac
0x331c N 0x3320
0x940 N 0x944
0x331c N 0x3320
0xa8 N 0xac
0xef8f0 N 0xef8f4
0x940 N 0x944
0xa8 N 0xac
0xef8f0 N 0xef8f4
0xef8f0 N 0xef8f4
0xef8f0 N 0xef8f4
0xef8f0 N 0xef8f4
0x331c N 0x3320
0x940 N 0x944
0x331c N 0x3320
0x331c N 0x3320
0xa8 N 0xac
0xa8 N 0xac
0xa8 N 0xac
0xa8 N 0xac
0x331c N 0x3320
0xef8f0 N 0xef8f4
0xef8f0 N 0xef8f4
0xa8 N 0xac
0x940 N 0x944
0xef8f0 N 0xef8f4
0x940 N 0x944
0xef8f0 N 0xef8f4
0x331c N 0x3320
0xef8f0 N 0xef8f4
0xa8 N 0xac
0xef8f0 N 0xef8f4
0x940 N 0x944
0xa8 N 0xac
0x331c N 0x3320
0x331c N 0x3320
0x940 N 0x944
0xef8f0 N 0xef8f4
0x940 N 0x944
0xef8f0 N 0xef8f4
0xa8 N 0xac
0x940 N 0x944
0x940 N 0x944
0xa8 N 0xac
0xa8 N 0xac
0xa8 T 0xa18
0x940 N 0x944
0xa8 N 0xac
0xef8f0 N 0xef8f4
0xef8f0 N 0xef8f4
0xef8f0 N 0xef8f4
0xa8 N 0xac
0xa8 N 0xac
0xef8f0 N 0xef8f4
0x331c N 0x3320
0x940 N 0x944
0x331c N 0x3320
0x940 N 0x944
0x940 N 0x944
0x331c N 0x3320
0x331c N 0x3320
0xef8f0 N 0xef8f4
0x331c N 0x3320
0x331c N 0x3320
0xef8f0 N 0xef8f4
0xa8 N 0xac
0xef8f0 N 0xef8f4
0x940 N 0x944
0xef8f0 N 0xef8f4
0xa8 N 0xac
0x940 N 0x944
0xef8f0 N 0xef8f4
0xef8f0 N 0xef8f4
0xef8f0 T 0x3476c9e4
0x331c N 0x3320
0xa8 N 0xac
0xa8 N 0xac
0x331c N 0x3320
0xa8 N 0xac
0x940 N 0x944
0x940 N 0x944
0x331c N 0x3320
0x940 N 0x944
0x331c N 0x3320
0x940 N 0x944
0xa8 N 0xac
0x940 N 0x944
0x331c N 0x3320
0xef8f0 N 0xef8f4
0xef8f0 N 0xef8f4
0xef8f0 T 0x3476c9e4
0xef8f0 N 0xef8f4
0x940 N 0x944
0xa8 N 0xac
0x940 N 0x944
0x940 N 0x944
0xa8 N 0xac
0xa8 N 0xac
0xa8 N 0xac
0xa8 N 0xac
0x940 N 0x944
0x331c N 0x3320
0x940 N 0x944
0x331c N 0x3320
0xef8f0 N 0xef8f4
0xa8 N 0xac
0x331c N 0x3320
0xef8f0 N 0xef8f4
0x331c N 0x3320
0x940 N 0x944
0xa8 N 0xac
0xa8 N 0xac
0x940 N 0x944
0x331c N 0x3320
0x331c N 0x3320
0xa8 N 0xac
0xa8 N 0xac
0x331c N 0x3320
0x940 N 0x944
0x331c N 0x3320
0xef8f0 N 0xef8f4
0xef8f0 N 0xef8f4
0xef8f0 N 0xef8f4
0xa8 N 0xac
0xef8f0 N 0xef8f4
0xef8f0 N 0xef8f4
0x331c N 0x3320
0xef8f0 N 0xef8f4
0x331c N 0x3320
0xef8f0 N 0xef8f4
0x331c N 0x3320
0xa8 N 0xac
0x940 N 0x944
0xa8 N 0xac
0xef8f0 N 0xef8f4
0x331c N 0x3320
0x940 N 0x944
0xa8 N 0xac
0xa8 N 0xac
0xef8f0 N 0xef8f4
0xef8f0 N 0xef8f4
0xef8f0 N 0xef8f4
0xa8 N 0xac
0xa8 N 0xac
0x940 N 0x944
0x331c N 0x3320
0x940 N 0x944
0x940 N 0x944
0x331c N 0x3320
0x940 N 0x944
0x940 N 0x944
0x331c N 0x3320
0xef8f0 N 0xef8f4
0x331c N 0x3320
0x940 N 0x944
0x331c N 0x3320
0xef8f0 N 0xef8f4
0xef8f0 N 0xef8f4
0xef8f0 T 0x3476c9e4
0x940 N 0x944
0xa8 N 0xac
0xef8f0 N 0xef8f4
0xa8 N 0xac
0x331c N 0x3320
0xa8 N 0xac
0xa8 N 0xac
0x940 N 0x944
0x331c N 0x3320
0xef8f0 N 0xef8f4
0xa8 N 0xac
0x331c N 0x3320
0x940 N 0x944
0xef8f0 N 0xef8f4
0xef8f0 N 0xef8f4
0xef8f0 T 0x3476c9e4
0xa8 N 0xac
0xa8 N 0xac
0x331c N 0x3320
0x331c N 0x3320
0xef8f0 N 0xef8f4
0x940 N 0x944
0xef8f0 N 0xef8f4
0xef8f0 N 0xef8f4
0xa8 N 0xac
0x331c N 0x3320
0xa8 N 0xac
0xef8f0 N 0xef8f4
0x940 N 0x944
0x940 N 0x944
0x940 N 0x944
0x940 N 0x944
0x940 N 0x944
0xa8 N 0xac
0xef8f0 N 0xef8f4
0x331c N 0x3320
0x940 N 0x944
0x940 N 0x944
0x940 T 0xd4188
0x940 T 0xd4188
0xa8 N 0xac
0x940 N 0x944
0x331c N 0x3320
0x940 N 0x944
0x940 N 0x944
0x331c N 0x3320
0x940 N 0x944
0x331c N 0x3320
0x940 N 0x944
0x940 N 0x944
0xef8f0 N 0xef8f4
0x331c N 0x3320
0x331c N 0x3320
0xef8f0 N 0xef8f4
0xef8f0 N 0xef8f4
0x331c N 0x3320
0xef8f0 N 0xef8f4
0xef8f0 N 0xef8f4
0x940 N 0x944
0xef8f0 N 0xef8f4
0x331c N 0x3320
0xa8 N 0xac
0x940 N 0x944
0xa8 N 0xac
0x331c N 0x3320
0xef8f0 N 0xef8f4
0xef8f0 N 0xef8f4
0xa8 N 0xac
0xef8f0 N 0xef8f4
0x331c N 0x3320
0x940 N 0x944
0xef8f0 N 0xef8f4
0xa8 N 0xac
0x940 N 0x944
0xef8f0 N 0xef8f4
0xa8 N 0xac
0x940 N 0x944
0xa8 N 0xac
0xa8 N 0xac
0x331c N 0x3320
0x331c N 0x3320
0xa8 N 0xac
0x331c N 0x3320
0x331c N 0x3320
0xa8 N 0xac
0xa8 N 0xac
0xa8 N 0xac
0x331c N 0x3320
0xa8 N 0xac
0xef8f0 N 0xef8f4
0x940 N 0x944
0x331c N 0x3320
0xa8 N 0xac
0xa8 N 0xac
0xef8f0 N 0xef8f4
0x331c N 0x3320
0xa8 N 0xac
0xef8f0 N 0xef8f4
0xa8 N 0xac
0xa8 N 0xac
0x940 N 0x944
0xef8f0 N 0xef8f4
0xa8 N 0xac
0x331c N 0x3320
0xa8 N 0xac
0xa8 N 0xac
0x331c N 0x3320
0xef8f0 N 0xef8f4
0x940 N 0x944
0xef8f0 N 0xef8f4
0xa8 N 0xac
0xa8 N 0xac
0xef8f0 N 0xef8f4
0x940 N 0x944
0xef8f0 N 0xef8f4
0xef8f0 N 0xef8f4
0xa8 N 0xac
0xa8 N 0xac
0x331c N 0x3320
0xa8 N 0xac
0x331c N 0x3320
0x331c N 0x3320
0x331c T 0xc58
0x940 N 0x944
0x331c N 0x3320
0xa8 N 0xac
0xa8 N 0xac
0xef8f0 N 0xef8f4
0xa8 N 0xac
0xa8 N 0xac
0x331c N 0x3320
0xef8f0 N 0xef8f4
0x940 N 0x944
0xa8 N 0xac
0xef8f0 N 0xef8f4
0xef8f0 N 0xef8f4
0x331c N 0x3320
0xa8 N 0xac
0xef8f0 N 0xef8f4
0x940 N 0x944
0xa8 N 0xac
0xef8f0 N 0xef8f4
0x331c N 0x3320
0x331c N 0x3320
0xa8 N 0xac
0xef8f0 N 0xef8f4
0x940 N 0x944
0xef8f0 N 0xef8f4
0xef8f0 N 0xef8f4
0xef8f0 N 0xef8f4
0x331c N 0x3320
0xa8 N 0xac
0xef8f0 N 0xef8f4
0xa8 N 0xac
0x331c N 0x3320
0x940 N 0x944
0xa8 N 0xac
0x940 N 0x944
0xef8f0 N 0xef8f4
0xa8 N 0xac
0x331c N 0x3320
0xef8f0 N 0xef8f4
0xef8f0 N 0xef8f4
0xa8 N 0xac
0xef8f0 N 0xef8f4
0xa8 N 0xac
0x940 N 0x944
0x940 N 0x944
0xef8f0 N 0xef8f4
0x940 N 0x944
0xa8 N 0xac
0xef8f0 N 0xef8f4
0x331c N 0x3320
0x331c N 0x3320
0xef8f0 N 0xef8f4
0x331c N 0x3320
0xa8 N 0xac
0xa8 N 0xac
0xa8 T 0xa18
0xef8f0 N 0xef8f4
0x940 N 0x944
0x940 N 0x944
0x940 T 0xd4188
0x331c N 0x3320
0xa8 N 0xac
0xa8 N 0xac
0x331c N 0x3320
0xef8f0 N 0xef8f4
0xa8 N 0xac
0xa8 N 0xac
0x331c N 0x3320
0xa8 N 0xac
0xef8f0 N 0xef8f4
0xef8f0 N 0xef8f4
0xa8 N 0xac
0x940 N 0x944
0x940 N 0x944
0x940 N 0x944
0xef8f0 N 0xef8f4
0x940 N 0x944
0xef8f0 N 0xef8f4
0x331c N 0x3320
0xef8f0 N 0xef8f4
0xef8f0 N 0xef8f4
0xa8 N 0xac
0x940 N 0x944
0xef8f0 N 0xef8f4
0x331c N 0x3320
0x331c N 0x3320
0x331c N 0x3320
0x331c N 0x3320
0x331c N 0x3320
0xa8 N 0xac
0x940 N 0x944
0xef8f0 N 0xef8f4
0xa8 N 0xac
0xef8f0 N 0xef8f4
0x940 N 0x944
0xa8 N 0xac
0x940 N 0x944
0x940 N 0x944
0xef8f0 N 0xef8f4
0xa8 N 0xac
0xa8 N 0xac
0xa8 T 0xa18
0x331c N 0x3320
0x940 N 0x944
0xef8f0 N 0xef8f4
0x331c N 0x3320
0xef8f0 N 0xef8f4
0xef8f0 N 0xef8f4
0x331c N 0x3320
0xa8 N 0xac
0x940 N 0x944
0x940 N 0x944
0x331c N 0x3320
0xa8 N 0xac
0x940 N 0x944
0xa8 N 0xac
0xa8 N 0xac
0x940 N 0x944
0xef8f0 N 0xef8f4
0x331c N 0x3320
0x940 N 0x944
0xa8 N 0xac
0xa8 N 0xac
0x331c N 0x3320
0x940 N 0x944
0xef8f0 N 0xef8f4
0x940 N 0x944
0xa8 N 0xac
0xef8f0 N 0xef8f4
0x940 N 0x944
0x940 N 0x944
0xef8f0 N 0xef8f4
0x331c N 0x3320
0x940 N 0x944
0xa8 N 0xac
0x940 N 0x944
0x940 N 0x944
0xa8 N 0xac
0x331c N 0x3320
0x331c N 0x3320
0x940 N 0x944
0xef8f0 N 0xef8f4
0x940 N 0x944
0x940 N 0x944
0xef8f0 N 0xef8f4
0x940 N 0x944
0xa8 N 0xac
0x331c N 0x3320
0x940 N 0x944
0x331c N 0x3320
0xa8 N 0xac
0x940 N 0x944
0xef8f0 N 0xef8f4
0xef8f0 N 0xef8f4
0xef8f0 N 0xef8f4
0xef8f0 N 0xef8f4
0xa8 N 0xac
0x331c N 0x3320
0x940 N 0x944
0x331c N 0x3320
0xef8f0 N 0xef8f4
0x940 N 0x944
0x331c N 0x3320
0x940 N 0x944
0xa8 N 0xac
0xef8f0 N 0xef8f4
0x940 N 0x944
0x940 N 0x944
0xef8f0 N 0xef8f4
0x331c N 0x3320
0x331c N 0x3320
0x940 N 0x944
0x940 N 0x944
0xa8 N 0xac
0x331c N 0x3320
0x331c N 0x3320
0x331c N 0x3320
0x331c N 0x3320
0x940 N 0x944
0x331c N 0x3320
0x331c N 0x3320
0x331c N 0x3320
0xa8 N 0xac
0x331c N 0x3320
0x940 N 0x944
0xa8 N 0xac
0xef8f0 N 0xef8f4
0x331c N 0x3320
0xef8f0 N 0xef8f4
0x940 N 0x944
0x940 N 0x944
0xef8f0 N 0xef8f4
0x331c N 0x3320
0xef8f0 N 0xef8f4
0xa8 N 0xac
0x331c N 0x3320
0x331c N 0x3320
0xef8f0 N 0xef8f4
0x331c N 0x3320
0xa8 N 0xac
0x940 N 0x944
0x940 N 0x944
0xa8 N 0xac
0x940 N 0x944
0xef8f0 N 0xef8f4
0xef8f0 N 0xef8f4
0x940 N 0x944
0x331c N 0x3320
0x940 N 0x944
0x331c N 0x3320
0xa8 N 0xac
0xa8 N 0xac
0x331c N 0x3320
0xa8 N 0xac
0x940 N 0x944
0xa8 N 0xac
0x331c N 0x3320
0x331c N 0x3320
0x940 N 0x944
0x331c N 0x3320
0xa8 N 0xac
0x331c N 0x3320
0xa8 N 0xac
0x331c N 0x3320
0xa8 N 0xac
0x331c N 0x3320
0x940 N 0x944
0x940 N 0x944
0xa8 N 0xac
0x940 N 0x944
0xa8 N 0xac
0xa8 N 0xac
0x940 N 0x944
0xef8f0 N 0xef8f4
0xa8 N 0xac
0xa8 N 0xac
0x331c N 0x3320
0x331c N 0x3320
0xef8f0 N 0xef8f4
0x331c N 0x3320
0x940 N 0x944
0xef8f0 N 0xef8f4
0x331c N 0x3320
0x331c N 0x3320
0x331c N 0x3320
0xa8 N 0xac
0xa8 N 0xac
0x331c N 0x3320
0x331c N 0x3320
0xa8 N 0xac
0xa8 N 0xac
0x331c N 0x3320
0x940 N 0x944
0x940 N 0x944
0x331c N 0x3320
0xef8f0 N 0xef8f4
0xa8 N 0xac
0xef8f0 N 0xef8f4
0xa8 N 0xac
0xef8f0 N 0xef8f4
0x940 N 0x944
0xa8 N 0xac
0x331c N 0x3320
0xef8f0 N 0xef8f4
0xef8f0 N 0xef8f4
0x331c N 0x3320
0xef8f0 N 0xef8f4
0xa8 N 0xac
0xef8f0 N 0xef8f4
0xa8 N 0xac
0x940 N 0x944
0xef8f0 N 0xef8f4
0xa8 N 0xac
0xef8f0 N 0xef8f4
0xa8 N 0xac
0x331c N 0x3320
0xa8 N 0xac
0x940 N 0x944
0x940 N 0x944
0xef8f0 N 0xef8f4
0x940 N 0x944
0x940 N 0x944
0x331c N 0x3320
0xa8 N 0xac
0x940 N 0x944
0x331c N 0x3320
0xa8 N 0xac
0xa8 N 0xac
0x331c N 0x3320
0x331c N 0x3320
0xef8f0 N 0xef8f4
0x331c N 0x3320
0xa8 N 0xac
0xa8 N 0xac
0xef8f0 N 0xef8f4
0x331c N 0x3320
0xa8 N 0xac
0xef8f0 N 0xef8f4
0x940 N 0x944
0xef8f0 N 0xef8f4
0x331c N 0x3320
0x940 N 0x944
0xef8f0 N 0xef8f4
0x331c N 0x3320
0xef8f0 N 0xef8f4
0x940 N 0x944
0xef8f0 N 0xef8f4
0x940 N 0x944
0xef8f0 N 0xef8f4
0x940 N 0x944
0x331c N 0x3320
0x940 N 0x944
0xa8 N 0xac
0xa8 N 0xac
0xef8f0 N 0xef8f4
0xef8f0 N 0xef8f4
0xef8f0 T 0x3476c9e4
0x940 N 0x944
0x940 N 0x944
0xa8 N 0xac
0xef8f0 N 0xef8f4
0xa8 N 0xac
0xef8f0 N 0xef8f4
0x940 N 0x944
0x331c N 0x3320
0x940 N 0x944
0x940 N 0x944
0x940 T 0xd4188
0x940 N 0x944
0xa8 N 0xac
0x331c N 0x3320
0x331c N 0x3320
0xef8f0 N 0xef8f4
0x940 N 0x944
0x331c N 0x3320
0x940 N 0x944
0xa8 N 0xac
0xef8f0 N 0xef8f4
0x331c N 0x3320
0x331c N 0x3320
0xa8 N 0xac
0x940 N 0x944
0xa8 N 0xac
0x940 N 0x944
0xef8f0 N 0xef8f4
0xa8 N 0xac
0xa8 N 0xac
0x940 N 0x944
0x331c N 0x3320
0x940 N 0x944
0xa8 N 0xac
0xef8f0 N 0xef8f4
0xa8 N 0xac
0xa8 N 0xac
0x331c N 0x3320
0x940 N 0x944
0x331c N 0x3320
0xa8 N 0xac
0x940 N 0x944
0x331c N 0x3320
0x940 N 0x944
0xef8f0 N 0xef8f4
0x940 N 0x944
0x331c N 0x3320
0xef8f0 N 0xef8f4
0x940 N 0x944
0x940 N 0x944
0x940 N 0x944
0x331c N 0x3320
0x940 N 0x944
0xa8 N 0xac
0xef8f0 N 0xef8f4
0xef8f0 N 0xef8f4
0xa8 N 0xac
0x940 N 0x944
0x940 N 0x944
0xef8f0 N 0xef8f4
0xa8 N 0xac
0xa8 N 0xac
0xa8 T 0xa18
0xa8 N 0xac
0xa8 N 0xac
0xa8 N 0xac
0x940 N 0x944
0x940 N 0x944
0x331c N 0x3320
0xa8 N 0xac
0x940 N 0x944
0xef8f0 N 0xef8f4
0xef8f0 N 0xef8f4
0x940 N 0x944
0xef8f0 N 0xef8f4
0xa8 N 0xac
0x331c N 0x3320
0xef8f0 N 0xef8f4
0x940 N 0x944
0xa8 N 0xac
0xef8f0 N 0xef8f4
0x331c N 0x3320
0xef8f0 N 0xef8f4
0x331c N 0x3320
0xa8 N 0xac
0xa8 N 0xac
0x331c N 0x3320
0x331c N 0x3320
0x331c N 0x3320
0xa8 N 0xac
0x331c N 0x3320
0xef8f0 N 0xef8f4
0x940 N 0x944
0xef8f0 N 0xef8f4
0xa8 N 0xac
0xa8 N 0xac
0xef8f0 N 0xef8f4
0x331c N 0x3320
0x331c N 0x3320
0x331c N 0x3320
0xa8 N 0xac
0x331c N 0x3320
0x331c N 0x3320
0xef8f0 N 0xef8f4
0xef8f0 N 0xef8f4
0x940 N 0x944
0xef8f0 N 0xef8f4
0x940 N 0x944
0xa8 N 0xac
0xef8f0 N 0xef8f4
0xef8f0 N 0xef8f4
0xa8 N 0xac
0x331c N 0x3320
0xef8f0 N 0xef8f4
0x331c N 0x3320
0xef8f0 N 0xef8f4
0xa8 N 0xac
0xa8 N 0xac
0x940 N 0x944
0x940 N 0x944
0xef8f0 N 0xef8f4
0x331c N 0x3320
0xa8 N 0xac
0xef8f0 N 0xef8f4
0x940 N 0x944
0xef8f0 N 0xef8f4
0xef8f0 N 0xef8f4
0xa8 N 0xac
0x940 N 0x944
0x331c N 0x3320
0xef8f0 N 0xef8f4
0x940 N 0x944
0x331c N 0x3320
0xa8 N 0xac
0xa8 N 0xac
0x331c N 0x3320
0xef8f0 N 0xef8f4
0xef8f0 N 0xef8f4
0xa8 N 0xac
0x331c N 0x3320
0xef8f0 N 0xef8f4
0xa8 N 0xac
0x940 N 0x944
0xa8 N 0xac
0x331c N 0x3320
0x940 N 0x944
0xa8 N 0xac
0xa8 N 0xac
0xa8 T 0xa18
0x331c N 0x3320
0x331c N 0x3320
0xef8f0 N 0xef8f4
0x940 N 0x944
0x940 N 0x944
0x940 T 0xd4188
0xef8f0 N 0xef8f4
0xef8f0 N 0xef8f4
0x940 N 0x944
0x331c N 0x3320
0x940 N 0x944
0x331c N 0x3320
0x331c N 0x3320
0x940 N 0x944
0xef8f0 N 0xef8f4
0xa8 N 0xac
0xa8 N 0xac
0x940 N 0x944
0xa8 N 0xac
0x331c N 0x3320
0x940 N 0x944
0xef8f0 N 0xef8f4
0xa8 N 0xac
0xef8f0 N 0xef8f4
0x331c N 0x3320
0xa8 N 0xac
0x940 N 0x944
0xef8f0 N 0xef8f4
0xa8 N 0xac
0xef8f0 N 0xef8f4
0x331c N 0x3320
0x331c N 0x3320
0x331c T 0xc58
0xa8 N 0xac
0xef8f0 N 0xef8f4
0xef8f0 N 0xef8f4
0xef8f0 N 0xef8f4
0x940 N 0x944
0xa8 N 0xac
0x940 N 0x944
0xa8 N 0xac
0xef8f0 N 0xef8f4
0x331c N 0x3320
0xef8f0 N 0xef8f4
0x331c N 0x3320
0x331c N 0x3320
0x940 N 0x944
0xa8 N 0xac
0xa8 N 0xac
0xef8f0 N 0xef8f4
0x331c N 0x3320
0xef8f0 N 0xef8f4
0x940 N 0x944
0xef8f0 N 0xef8f4
0x331c N 0x3320
0x331c N 0x3320
0x331c T 0xc58
0x940 N 0x944
0x940 N 0x944
0x331c N 0x3320
0xef8f0 N 0xef8f4
0xa8 N 0xac
0x331c N 0x3320
0xa8 N 0xac
0xef8f0 N 0xef8f4
0x940 N 0x944
0xef8f0 N 0xef8f4
0xef8f0 N 0xef8f4
0x331c N 0x3320
0xef8f0 N 0xef8f4
0xef8f0 N 0xef8f4
0x940 N 0x944
0xa8 N 0xac
0xef8f0 N 0xef8f4
0x331c N 0x3320
0xa8 N 0xac
0xef8f0 N 0xef8f4
0x331c N 0x3320
0xef8f0 N 0xef8f4
0xa8 N 0xac
0x940 N 0x944
0x331c N 0x3320
0xef8f0 N 0xef8f4
0x940 N 0x944
0xa8 N 0xac
0xef8f0 N 0xef8f4
0x940 N 0x944
0xa8 N 0xac
0xa8 N 0xac
0xef8f0 N 0xef8f4
0xef8f0 N 0xef8f4
0xa8 N 0xac
0xef8f0 N 0xef8f4
0x331c N 0x3320
0xef8f0 N 0xef8f4
0x940 N 0x944
0xa8 N 0xac
0xef8f0 N 0xef8f4
0xef8f0 N 0xef8f4
0x940 N 0x944
0xef8f0 N 0xef8f4
0x940 N 0x944
0x940 N 0x944
0xa8 N 0xac
0xa8 N 0xac
0x331c N 0x3320
0x331c N 0x3320
0xef8f0 N 0xef8f4
0x940 N 0x944
0xef8f0 N 0xef8f4
0xef8f0 N 0xef8f4
0xa8 N 0xac
0x331c N 0x3320
0x331c N 0x3320
0xa8 N 0xac
0xef8f0 N 0xef8f4
0x940 N 0x944
0x331c N 0x3320
0x331c N 0x3320
0xa8 N 0xac
0xa8 N 0xac
0x331c N 0x3320
0x940 N 0x944
0x331c N 0x3320
0x940 N 0x944
0x331c N 0x3320
0xef8f0 N 0xef8f4
0xef8f0 N 0xef8f4
0xa8 N 0xac
0x940 N 0x944
0xa8 N 0xac
0x940 N 0x944
0x940 N 0x944
0x940 T 0xd4188
0x940 N 0x944
0x940 N 0x944
0x940 T 0xd4188
0xa8 N 0xac
0x940 N 0x944
0x331c N 0x3320
0xa8 N 0xac
0x940 N 0x944
0x940 N 0x944
0xef8f0 N 0xef8f4
0xef8f0 N 0xef8f4
0xa8 N 0xac
0xa8 N 0xac
0x940 N 0x944
0x940 N 0x944
0x331c N 0x3320
0x940 N 0x944
0xef8f0 N 0xef8f4
0xa8 N 0xac
0xef8f0 N 0xef8f4
0xa8 N 0xac
0x940 N 0x944
0xef8f0 N 0xef8f4
0xa8 N 0xac
0xef8f0 N 0xef8f4
0x940 N 0x944
0xa8 N 0xac
0xef8f0 N 0xef8f4
0xef8f0 N 0xef8f4
0x940 N 0x944
0xef8f0 N 0xef8f4
0xa8 N 0xac
0x940 N 0x944
0x940 N 0x944
0xa8 N 0xac
0x331c N 0x3320
0x331c N 0x3320
0xa8 N 0xac
0x940 N 0x944
0x940 N 0x944
0xa8 N 0xac
0xa8 N 0xac
0xef8f0 N 0xef8f4
0xef8f0 N 0xef8f4
0xef8f0 T 0x3476c9e4
0xa8 N 0xac
0xa8 N 0xac
0x940 N 0x944
0x940 N 0x944
0xa8 N 0xac
0x331c N 0x3320
0xa8 N 0xac
0x331c N 0x3320
0xef8f0 N 0xef8f4
0x331c N 0x3320
0x331c N 0x3320
0xef8f0 N 0xef8f4
0xef8f0 N 0xef8f4
0x331c N 0x3320
0x331c N 0x3320
0xa8 N 0xac
0xef8f0 N 0xef8f4
0x331c N 0x3320
0x940 N 0x944
0x331c N 0x3320
0xef8f0 N 0xef8f4
0xef8f0 N 0xef8f4
0x331c N 0x3320
0x331c N 0x3320
0xa8 N 0xac
0xa8 N 0xac
0xa8 N 0xac
0x331c N 0x3320
0x331c N 0x3320
0xa8 N 0xac
0x940 N 0x944
0xa8 N 0xac
0x331c N 0x3320
0x940 N 0x944
0xa8 N 0xac
0x331c N 0x3320
0xef8f0 N 0xef8f4
0x940 N 0x944
0x331c N 0x3320
0xa8 N 0xac
0x940 N 0x944
0x940 N 0x944
0x331c N 0x3320
0xef8f0 N 0xef8f4
0xa8 N 0xac
0xa8 N 0xac
0xef8f0 N 0xef8f4
0x331c N 0x3320
0xa8 N 0xac
0xa8 N 0xac
0x940 N 0x944
0xef8f0 N 0xef8f4
0x940 N 0x944
0x940 N 0x944
0x940 N 0x944
0xa8 N 0xac
0xa8 N 0xac
0x940 N 0x944
0xa8 N 0xac
0xef8f0 N 0xef8f4
0x331c N 0x3320
0x331c N 0x3320
0xef8f0 N 0xef8f4
0x331c N 0x3320
0x940 N 0x944
0x940 N 0x944
0xa8 N 0xac
0xa8 N 0xac
0x331c N 0x3320
0x940 N 0x944
0xef8f0 N 0xef8f4
0x940 N 0x944
0x331c N 0x3320
0xef8f0 N 0xef8f4
0x331c N 0x3320
0x331c N 0x3320
0xa8 N 0xac
0x940 N 0x944
0xa8 N 0xac
0x940 N 0x944
0x331c N 0x3320
0x940 N 0x944
0xef8f0 N 0xef8f4
0x331c N 0x3320
0x940 N 0x944
0x331c N 0x3320
0xef8f0 N 0xef8f4
0x331c N 0x3320
0xa8 N 0xac
0xa8 N 0xac
0x940 N 0x944
0xef8f0 N 0xef8f4
0xef8f0 N 0xef8f4
0x331c N 0x3320
0x331c N 0x3320
0x940 N 0x944
0x940 N 0x944
0x331c N 0x3320
0xa8 N 0xac
0xef8f0 N 0xef8f4
0x940 N 0x944
0xef8f0 N 0xef8f4
0xa8 N 0xac
0xef8f0 N 0xef8f4
0xa8 N 0xac
0xef8f0 N 0xef8f4
0xa8 N 0xac
0x940 N 0x944
0xef8f0 N 0xef8f4
0xef8f0 N 0xef8f4
0x940 N 0x944
0xef8f0 N 0xef8f4
0xa8 N 0xac
0xef8f0 N 0xef8f4
0xa8 N 0xac
0xef8f0 N 0xef8f4
0x940 N 0x944
0x331c N 0x3320
0xef8f0 N 0xef8f4
0xef8f0 N 0xef8f4
0x940 N 0x944
0x940 N 0x944
0xa8 N 0xac
0x940 N 0x944
0x940 N 0x944
0xa8 N 0xac
0x940 N 0x944
0x331c N 0x3320
0xa8 N 0xac
0xa8 N 0xac
0x940 N 0x944
0x331c N 0x3320
0x940 N 0x944
0x331c N 0x3320
0x940 N 0x944
0x331c N 0x3320
0xa8 N 0xac
0x331c N 0x3320
0xef8f0 N 0xef8f4
0xef8f0 N 0xef8f4
0x940 N 0x944
0x331c N 0x3320
0xa8 N 0xac
0xef8f0 N 0xef8f4
0x940 N 0x944
0xa8 N 0xac
0x940 N 0x944
0x331c N 0x3320
0xef8f0 N 0xef8f4
0xef8f0 N 0xef8f4
0x331c N 0x3320
0x331c N 0x3320
0xa8 N 0xac
0xef8f0 N 0xef8f4
0xa8 N 0xac
0x331c N 0x3320
0xef8f0 N 0xef8f4
0xef8f0 N 0xef8f4
0xef8f0 T 0x3476c9e4
0xef8f0 N 0xef8f4
0xa8 N 0xac
0xa8 N 0xac
0xa8 T 0xa18
0x331c N 0x3320
0xef8f0 N 0xef8f4
0x331c N 0x3320
0x940 N 0x944
0xa8 N 0xac
0x940 N 0x944
0x331c N 0x3320
0xa8 N 0xac
0xef8f0 N 0xef8f4
0x331c N 0x3320
0x331c N 0x3320
0x331c T 0xc58
0xef8f0 N 0xef8f4
0xa8 N 0xac
0xef8f0 N 0xef8f4
0xa8 N 0xac
0x940 N 0x944
0xa8 N 0xac
0x940 N 0x944
0x331c N 0x3320
0xef8f0 N 0xef8f4
0x331c N 0x3320
0x940 N 0x944
0x331c N 0x3320
0x331c N 0x3320
0x331c T 0xc58
0x331c T 0xc58
0xef8f0 N 0xef8f4
0x940 N 0x944
0xef8f0 N 0xef8f4
0xa8 N 0xac
0xa8 N 0xac
0x331c N 0x3320
0x331c N 0x3320
0x331c N 0x3320
0x940 N 0x944
0xef8f0 N 0xef8f4
0xa8 N 0xac
0x331c N 0x3320
0xa8 N 0xac
0xef8f0 N 0xef8f4
0xef8f0 N 0xef8f4
0xa8 N 0xac
0x331c N 0x3320
0x331c N 0x3320
0xa8 N 0xac
0xef8f0 N 0xef8f4
0xef8f0 N 0xef8f4
0x331c N 0x3320
0xef8f0 N 0xef8f4
0xa8 N 0xac
0x940 N 0x944
0x940 N 0x944
0x331c N 0x3320
0x331c N 0x3320
0xef8f0 N 0xef8f4
0xa8 N 0xac
0xef8f0 N 0xef8f4
0xa8 N 0xac
0x940 N 0x944
0xa8 N 0xac
0x940 N 0x944
0x331c N 0x3320
0xef8f0 N 0xef8f4
0xa8 N 0xac
0xa8 N 0xac
0x331c N 0x3320
0xa8 N 0xac
0xa8 N 0xac
0x940 N 0x944
0xa8 N 0xac
0xa8 N 0xac
0x331c N 0x3320
0xef8f0 N 0xef8f4
0xef8f0 N 0xef8f4
0xa8 N 0xac
0x331c N 0x3320
0x940 N 0x944
0xef8f0 N 0xef8f4
0x940 N 0x944
0xef8f0 N 0xef8f4
0xef8f0 N 0xef8f4
0xef8f0 T 0x3476c9e4
0xef8f0 T 0x3476c9e4
0xef8f0 T 0x3476c9e4
0xef8f0 T 0x3476c9e4
0xef8f0 T 0x3476c9e4
0x940 N 0x944
0x331c N 0x3320
0xa8 N 0xac
0xa8 N 0xac
0x331c N 0x3320
0x940 N 0x944
0xef8f0 N 0xef8f4
0x940 N 0x944
0x940 N 0x944
0x940 T 0xd4188
0x940 N 0x944
0x331c N 0x3320
0x940 N 0x944
0xa8 N 0xac
0x331c N 0x3320
0xa8 N 0xac
0x940 N 0x944
0x331c N 0x3320
0x940 N 0x944
0xef8f0 N 0xef8f4
0x331c N 0x3320
0x331c N 0x3320
0xef8f0 N 0xef8f4
0xef8f0 N 0xef8f4
0xa8 N 0xac
0xa8 N 0xac
0x940 N 0x944
0x940 N 0x944
0x331c N 0x3320
0xa8 N 0xac
0x940 N 0x944
0xa8 N 0xac
0xa8 N 0xac
0xa8 N 0xac
0xa8 N 0xac
0x940 N 0x944
0x331c N 0x3320
0xa8 N 0xac
0xef8f0 N 0xef8f4
0xa8 N 0xac
0xef8f0 N 0xef8f4
0xa8 N 0xac
0x940 N 0x944
0x331c N 0x3320
0x331c N 0x3320
0xef8f0 N 0xef8f4
0xa8 N 0xac
0x331c N 0x3320
0x940 N 0x944
0xa8 N 0xac
0xef8f0 N 0xef8f4
0xef8f0 N 0xef8f4
0x331c N 0x3320
0x940 N 0x944
0xa8 N 0xac
0x940 N 0x944
0x940 N 0x944
0xef8f0 N 0xef8f4
0xa8 N 0xac
0xa8 N 0xac
0x940 N 0x944
0xef8f0 N 0xef8f4
0x940 N 0x944
0xa8 N 0xac
0xa8 N 0xac
0x331c N 0x3320
0xa8 N 0xac
0xef8f0 N 0xef8f4
0x331c N 0x3320
0xa8 N 0xac
0xef8f0 N 0xef8f4
0xef8f0 N 0xef8f4
0x940 N 0x944
0xa8 N 0xac
0xef8f0 N 0xef8f4
0xa8 N 0xac
0x940 N 0x944
0xef8f0 N 0xef8f4
0xef8f0 N 0xef8f4
0x940 N 0x944
0xa8 N 0xac
0xa8 N 0xac
0x940 N 0x944
0x940 N 0x944
0xa8 N 0xac
0xef8f0 N 0xef8f4
0xef8f0 N 0xef8f4
0x331c N 0x3320
0x331c N 0x3320
0xa8 N 0xac
0xa8 N 0xac
0x940 N 0x944
0x940 N 0x944
0x331c N 0x3320
0x940 N 0x944
0xa8 N 0xac
0x331c N 0x3320
0x940 N 0x944
0x940 N 0x944
0xef8f0 N 0xef8f4
0x940 N 0x944
0x331c N 0x3320
0x940 N 0x944
0x940 N 0x944
0xa8 N 0xac
0xa8 N 0xac
0x331c N 0x3320
0x331c N 0x3320
0xa8 N 0xac
0xef8f0 N 0xef8f4
0x940 N 0x944
0x331c N 0x3320
0x331c N 0x3320
0xa8 N 0xac
0xef8f0 N 0xef8f4
0xef8f0 N 0xef8f4
0x331c N 0x3320
0x940 N 0x944
0x331c N 0x3320
0x940 N 0x944
0x940 N 0x944
0xef8f0 N 0xef8f4
0x331c N 0x3320
0xa8 N 0xac
0xef8f0 N 0xef8f4
0xa8 N 0xac
0x940 N 0x944
0xa8 N 0xac
0xa8 N 0xac
0xa8 N 0xac
0x940 N 0x944
0x331c N 0x3320
0x940 N 0x944
0x940 N 0x944
0x940 N 0x944
0x331c N 0x3320
0x940 N 0x944
0xa8 N 0xac
0xef8f0 N 0xef8f4
0x940 N 0x944
0xa8 N 0xac
0x331c N 0x3320
0xef8f0 N 0xef8f4
0xef8f0 N 0xef8f4
0x331c N 0x3320
0xef8f0 N 0xef8f4
0xef8f0 N 0xef8f4
0xa8 N 0xac
0x331c N 0x3320
0xa8 N 0xac
0x940 N 0x944
0x940 N 0x944
0x331c N 0x3320
0x331c N 0x3320
0x940 N 0x944
0xa8 N 0xac
0x940 N 0x944
0xef8f0 N 0xef8f4
0xa8 N 0xac
0xef8f0 N 0xef8f4
0x331c N 0x3320
0xa8 N 0xac
0xa8 N 0xac
0xa8 T 0xa18
0x940 N 0x944
0xef8f0 N 0xef8f4
0x331c N 0x3320
0xa8 N 0xac
0xef8f0 N 0xef8f4
0x331c N 0x3320
0x940 N 0x944
0x940 N 0x944
0x331c N 0x3320
0xa8 N 0xac
0xa8 N 0xac
0x331c N 0x3320
0x331c N 0x3320
0x331c T 0xc58
0xef8f0 N 0xef8f4
0xef8f0 N 0xef8f4
0xa8 N 0xac
0x331c N 0x3320
0x940 N 0x944
0xef8f0 N 0xef8f4
0xef8f0 N 0xef8f4
0x940 N 0x944
0xa8 N 0xac
0xa8 N 0xac
0x940 N 0x944
0x940 N 0x944
0xa8 N 0xac
0xef8f0 N 0xef8f4
0x940 N 0x944
0x331c N 0x3320
0x331c N 0x3320
0x331c N 0x3320
0xa8 N 0xac
0xa8 N 0xac
0x940 N 0x944
0x940 N 0x944
0x940 N 0x944
0x331c N 0x3320
0xef8f0 N 0xef8f4
0x331c N 0x3320
0xa8 N 0xac
0xef8f0 N 0xef8f4
0xa8 N 0xac
0xa8 N 0xac
0x940 N 0x944
0x331c N 0x3320
0x331c N 0x3320
0xa8 N 0xac
0xa8 N 0xac
0x940 N 0x944
0xa8 N 0xac
0xa8 N 0xac
0x940 N 0x944
0xa8 N 0xac
0xef8f0 N 0xef8f4
0x331c N 0x3320
0xef8f0 N 0xef8f4
0xef8f0 N 0xef8f4
0xef8f0 T 0x3476c9e4
0x331c N 0x3320
0x940 N 0x944
0x331c N 0x3320
0xa8 N 0xac
0xa8 N 0xac
0xef8f0 N 0xef8f4
0x331c N 0x3320
0x331c N 0x3320
0x940 N 0x944
0x331c N 0x3320
0xa8 N 0xac
0x940 N 0x944
0x940 N 0x944
0xa8 N 0xac
0x940 N 0x944
0x940 N 0x944
0xa8 N 0xac
0xa8 N 0xac
0xef8f0 N 0xef8f4
0xef8f0 N 0xef8f4
0xa8 N 0xac
0x331c N 0x3320
0x940 N 0x944
0x331c N 0x3320
0x331c N 0x3320
0xa8 N 0xac
0x940 N 0x944
0x940 N 0x944
0x940 T 0xd4188
0x940 N 0x944
0x940 N 0x944
0x331c N 0x3320
0x940 N 0x944
0xef8f0 N 0xef8f4
0xef8f0 N 0xef8f4
0x331c N 0x3320
0x940 N 0x944
0x331c N 0x3320
0xef8f0 N 0xef8f4
0x940 N 0x944
0x331c N 0x3320
0xa8 N 0xac
0x331c N 0x3320
0x331c N 0x3320
0xa8 N 0xac
0xa8 N 0xac
0x940 N 0x944
0xa8 N 0xac
0xa8 N 0xac
0x940 N 0x944
0x940 N 0x944
0xef8f0 N 0xef8f4
0x331c N 0x3320
0x940 N 0x944
0xef8f0 N 0xef8f4
0x940 N 0x944
0xa8 N 0xac
0x940 N 0x944
0xa8 N 0xac
0xef8f0 N 0xef8f4
0xef8f0 N 0xef8f4
0x940 N 0x944
0x331c N 0x3320
0x940 N 0x944
0x331c N 0x3320
0xef8f0 N 0xef8f4
0xef8f0 N 0xef8f4
0xef8f0 N 0xef8f4
0x940 N 0x944
0xa8 N 0xac
0xa8 N 0xac
0xa8 T 0xa18
0x331c N 0x3320
0xa8 N 0xac
0x331c N 0x3320
0x331c N 0x3320
0xef8f0 N 0xef8f4
0xa8 N 0xac
0x940 N 0x944
0xa8 N 0xac
0xa8 N 0xac
0xef8f0 N 0xef8f4
0xa8 N 0xac
0x331c N 0x3320
0x331c N 0x3320
0xa8 N 0xac
0xa8 N 0xac
0x940 N 0x944
0x940 N 0x944
0xef8f0 N 0xef8f4
0x331c N 0x3320
0xef8f0 N 0xef8f4
0xef8f0 N 0xef8f4
0xa8 N 0xac
0x940 N 0x944
0x940 N 0x944
0xef8f0 N 0xef8f4
0x940 N 0x944
0xef8f0 N 0xef8f4
0xa8 N 0xac
0x331c N 0x3320
0xef8f0 N 0xef8f4
0xa8 N 0xac
0xef8f0 N 0xef8f4
0x331c N 0x3320
0x940 N 0x944
0xa8 N 0xac
0xef8f0 N 0xef8f4
0xef8f0 N 0xef8f4
0xef8f0 T 0x3476c9e4
0x940 N 0x944
0xa8 N 0xac
0xa8 N 0xac
0x331c N 0x3320
0x940 N 0x944
0x940 N 0x944
0x940 T 0xd4188
0x331c N 0x3320
0x331c N 0x3320
0x331c T 0xc58
0xef8f0 N 0xef8f4
0x331c N 0x3320
0x331c N 0x3320
0x331c N 0x3320
0xef8f0 N 0xef8f4
0x940 N 0x944
0xa8 N 0xac
0x331c N 0x3320
0xef8f0 N 0xef8f4
0xef8f0 N 0xef8f4
0xa8 N 0xac
0xef8f0 N 0xef8f4
0x940 N 0x944
0x940 N 0x944
0xa8 N 0xac
0x331c N 0x3320
0xef8f0 N 0xef8f4
0x331c N 0x3320
0xa8 N 0xac
0xef8f0 N 0xef8f4
0x940 N 0x944
0xa8 N 0xac
0x940 N 0x944
0x940 N 0x944
0x331c N 0x3320
0xef8f0 N 0xef8f4
0xef8f0 N 0xef8f4
0xef8f0 N 0xef8f4
0xef8f0 N 0xef8f4
0xa8 N 0xac
0xa8 N 0xac
0x331c N 0x3320
0x940 N 0x944
0x331c N 0x3320
0xa8 N 0xac
0x331c N 0x3320
0xef8f0 N 0xef8f4
0x940 N 0x944
0xa8 N 0xac
0xa8 N 0xac
0x331c N 0x3320
0x940 N 0x944
0x331c N 0x3320
0x940 N 0x944
0xef8f0 N 0xef8f4
0x331c N 0x3320
0x940 N 0x944
0x940 N 0x944
0xef8f0 N 0xef8f4
0x940 N 0x944
0x331c N 0x3320
0x331c N 0x3320
0x331c N 0x3320
0xa8 N 0xac
0x331c N 0x3320
0x940 N 0x944
0x940 N 0x944
0x331c N 0x3320
0x331c N 0x3320
0x331c N 0x3320
0x940 N 0x944
0xef8f0 N 0xef8f4
0x331c N 0x3320
0x940 N 0x944
0xef8f0 N 0xef8f4
0xef8f0 N 0xef8f4
0x940 N 0x944
0xef8f0 N 0xef8f4
0x940 N 0x944
0x331c N 0x3320
0xef8f0 N 0xef8f4
0xef8f0 N 0xef8f4
0xa8 N 0xac
0x331c N 0x3320
0x940 N 0x944
0x331c N 0x3320
0xef8f0 N 0xef8f4
0xef8f0 N 0xef8f4
0xef8f0 N 0xef8f4
0x940 N 0x944
0x331c N 0x3320
0xef8f0 N 0xef8f4
0xa8 N 0xac
0x331c N 0x3320
0xef8f0 N 0xef8f4
0xa8 N 0xac
0x331c N 0x3320
0x940 N 0x944
0xa8 N 0xac
0xa8 N 0xac
0x940 N 0x944
0xef8f0 N 0xef8f4
0x940 N 0x944
0x940 N 0x944
0x940 N 0x944
0xa8 N 0xac
0x940 N 0x944
0x331c N 0x3320
0xef8f0 N 0xef8f4
0x940 N 0x944
0xef8f0 N 0xef8f4
0xa8 N 0xac
0x940 N 0x944
0xa8 N 0xac
0xef8f0 N 0xef8f4
0x331c N 0x3320
0xa8 N 0xac
0xa8 N 0xac
0xef8f0 N 0xef8f4
0xef8f0 N 0xef8f4
0xa8 N 0xac
0xef8f0 N 0xef8f4
0xa8 N 0xac
0xef8f0 N 0xef8f4
0x331c N 0x3320
0xef8f0 N 0xef8f4
0xef8f0 N 0xef8f4
0x331c N 0x3320
0xef8f0 N 0xef8f4
0x331c N 0x3320
0x940 N 0x944
0xa8 N 0xac
0xef8f0 N 0xef8f4
0xef8f0 N 0xef8f4
0x331c N 0x3320
0x940 N 0x944
0xef8f0 N 0xef8f4
0xef8f0 N 0xef8f4
0x940 N 0x944
0x331c N 0x3320
0x331c N 0x3320
0x331c N 0x3320
0xa8 N 0xac
0xa8 N 0xac
0x940 N 0x944
0xef8f0 N 0xef8f4
0x331c N 0x3320
0x940 N 0x944
0xa8 N 0xac
0xa8 N 0xac
0xef8f0 N 0xef8f4
0xa8 N 0xac
0xa8 N 0xac
0xef8f0 N 0xef8f4
0x331c N 0x3320
0xa8 N 0xac
0x331c N 0x3320
0x940 N 0x944
0x940 N 0x944
0xa8 N 0xac
0xa8 N 0xac
0xef8f0 N 0xef8f4
0x940 N 0x944
0xef8f0 N 0xef8f4
0x940 N 0x944
0xa8 N 0xac
0xa8 N 0xac
0xa8 N 0xac
0x331c N 0x3320
0xa8 N 0xac
0xa8 N 0xac
0xef8f0 N 0xef8f4
0xa8 N 0xac
0x331c N 0x3320
0x331c N 0x3320
0x331c N 0x3320
0x331c N 0x3320
0xef8f0 N 0xef8f4
0x940 N 0x944
0xef8f0 N 0xef8f4
0xef8f0 N 0xef8f4
0xef8f0 T 0x3476c9e4
0x940 N 0x944
0x331c N 0x3320
0xa8 N 0xac
0x940 N 0x944
0x940 N 0x944
0xa8 N 0xac
0xa8 N 0xac
0xef8f0 N 0xef8f4
0x940 N 0x944
0x940 N 0x944
0x940 N 0x944
0xef8f0 N 0xef8f4
0x331c N 0x3320
0xef8f0 N 0xef8f4
0xa8 N 0xac
0x940 N 0x944
0xa8 N 0xac
0xa8 N 0xac
0xa8 N 0xac
0xef8f0 N 0xef8f4
0xa8 N 0xac
0x940 N 0x944
0xa8 N 0xac
0xa8 N 0xac
0x331c N 0x3320
0xa8 N 0xac
0xa8 N 0xac
0xef8f0 N 0xef8f4
0xa8 N 0xac
0xef8f0 N 0xef8f4
0x331c N 0x3320
0xa8 N 0xac
0xef8f0 N 0xef8f4
0xef8f0 N 0xef8f4
0x940 N 0x944
0x940 N 0x944
0xa8 N 0xac
0x940 N 0x944
0x940 N 0x944
0x331c N 0x3320
0xef8f0 N 0xef8f4
0xef8f0 N 0xef8f4
0x331c N 0x3320
0x331c N 0x3320
0x331c T 0xc58
0xef8f0 N 0xef8f4
0x940 N 0x944
0xef8f0 N 0xef8f4
0x940 N 0x944
0x331c N 0x3320
0xef8f0 N 0xef8f4
0xef8f0 N 0xef8f4
0x940 N 0x944
0xef8f0 N 0xef8f4
0x331c N 0x3320
0x940 N 0x944
0x331c N 0x3320
0xef8f0 N 0xef8f4
0x331c N 0x3320
0xef8f0 N 0xef8f4
0x331c N 0x3320
0xef8f0 N 0xef8f4
0xa8 N 0xac
0x940 N 0x944
0xa8 N 0xac
0xa8 N 0xac
0x331c N 0x3320
0x940 N 0x944
0x331c N 0x3320
0xa8 N 0xac
0xef8f0 N 0xef8f4
0xef8f0 N 0xef8f4
0xef8f0 N 0xef8f4
0x331c N 0x3320
0xa8 N 0xac
0xef8f0 N 0xef8f4
0x940 N 0x944
0xef8f0 N 0xef8f4
0xa8 N 0xac
0x331c N 0x3320
0x940 N 0x944
0x940 N 0x944
0xef8f0 N 0xef8f4
flush_num: 949, br_num: 1937, size: 47b
