0x174358 N 0x17435c
0xe01b10ec N 0xe01b10f0
0x634c N 0x6350
0x2e30 N 0x2e34
0xe01b10ec N 0xe01b10f0
0x561350c8 N 0x561350cc
0x9bb0 N 0x9bb4
0x94428 N 0x9442c
0x561350c8 N 0x561350cc
0x74c0 N 0x74c4
0x2e30 N 0x2e34
0xe01b10ec N 0xe01b10f0
0x561350c8 N 0x561350cc
0x2e30 N 0x2e34
0xe01b10ec N 0xe01b10f0
0xe01b10ec N 0xe01b10f0
0x94428 N 0x9442c
0x2e30 N 0x2e34
0x74c0 N 0x74c4
0x174358 N 0x17435c
0x174358 N 0x17435c
0x2e30 N 0x2e34
0x2e30 N 0x2e34
0x9bb0 N 0x9bb4
0x634c N 0x6350
0x74c0 N 0x74c4
0x561350c8 N 0x561350cc
0x561350c8 N 0x561350cc
0x634c N 0x6350
0x9bb0 N 0x9bb4
0xe01b10ec N 0xe01b10f0
0x94428 N 0x9442c
0x9bb0 N 0x9bb4
0x634c N 0x6350
0x174358 N 0x17435c
0x174358 N 0x17435c
0x9bb0 N 0x9bb4
0x2e30 N 0x2e34
0x9bb0 N 0x9bb4
0x74c0 N 0x74c4
0x634c N 0x6350
0x561350c8 N 0x561350cc
0x94428 N 0x9442c
0x634c N 0x6350
0x634c N 0x6350
0x174358 N 0x17435c
0x2e30 N 0x2e34
0x9bb0 N 0x9bb4
0x174358 N 0x17435c
0x74c0 N 0x74c4
0x74c0 N 0x74c4
0x2e30 N 0x2e34
0x94428 N 0x9442c
0x174358 N 0x17435c
0x2e30 N 0x2e34
0x74c0 N 0x74c4
0x174358 N 0x17435c
0x174358 N 0x17435c
0xe01b10ec N 0xe01b10f0
0x2e30 N 0x2e34
0x634c N 0x6350
0x74c0 N 0x74c4
0xe01b10ec N 0xe01b10f0
0xe01b10ec N 0xe01b10f0
0x94428 N 0x9442c
0xe01b10ec N 0xe01b10f0
0xe01b10ec N 0xe01b10f0
0x74c0 N 0x74c4
0x94428 N 0x9442c
0x174358 N 0x17435c
0x634c N 0x6350
0x74c0 N 0x74c4
0x174358 N 0x17435c
0x74c0 N 0x74c4
0x2e30 N 0x2e34
0x2e30 N 0x2e34
0x2e30 N 0x2e34
0x2e30 N 0x2e34
0x94428 N 0x9442c
0x94428 N 0x9442c
0x9bb0 N 0x9bb4
0x2e30 N 0x2e34
0x2e30 N 0x2e34
0x2e30 N 0x2e34
0xe01b10ec N 0xe01b10f0
0x174358 N 0x17435c
0x634c N 0x6350
0xe01b10ec N 0xe01b10f0
0x634c N 0x6350
0x174358 N 0x17435c
0x2e30 N 0x2e34
0x74c0 N 0x74c4
0x2e30 N 0x2e34
0xe01b10ec N 0xe01b10f0
0x94428 N 0x9442c
0x174358 N 0x17435c
0x561350c8 N 0x561350cc
0x634c N 0x6350
0x561350c8 N 0x561350cc
0x74c0 N 0x74c4
0x2e30 N 0x2e34
0x74c0 N 0x74c4
0x174358 N 0x17435c
0x74c0 N 0x74c4
0x74c0 N 0x74c4
0x561350c8 N 0x561350cc
0x561350c8 N 0x561350cc
0x74c0 N 0x74c4
0x74c0 N 0x74c4
0x9bb0 N 0x9bb4
0x74c0 N 0x74c4
0x174358 N 0x17435c
0x94428 N 0x9442c
0x94428 N 0x9442c
0x9bb0 N 0x9bb4
0x561350c8 N 0x561350cc
0x174358 N 0x17435c
0x174358 N 0x17435c
0x9bb0 N 0x9bb4
0x634c N 0x6350
0x74c0 N 0x74c4
0x2e30 N 0x2e34
0x94428 N 0x9442c
0x174358 N 0x17435c
0x174358 N 0x17435c
0x94428 N 0x9442c
0x74c0 N 0x74c4
0x2e30 N 0x2e34
0x561350c8 N 0x561350cc
0x94428 N 0x9442c
0x74c0 N 0x74c4
0xe01b10ec N 0xe01b10f0
0x74c0 N 0x74c4
0x74c0 N 0x74c4
0x634c N 0x6350
0x2e30 N 0x2e34
0x94428 N 0x9442c
0x9bb0 N 0x9bb4
0x74c0 N 0x74c4
0x561350c8 N 0x561350cc
0x9bb0 N 0x9bb4
0xe01b10ec N 0xe01b10f0
0x174358 N 0x17435c
0x9bb0 N 0x9bb4
0x74c0 N 0x74c4
0x9bb0 N 0x9bb4
0x561350c8 N 0x561350cc
0x94428 N 0x9442c
0x174358 N 0x17435c
0xe01b10ec N 0xe01b10f0
0x94428 N 0x9442c
0x9bb0 N 0x9bb4
0x9bb0 N 0x9bb4
0xe01b10ec N 0xe01b10f0
0x174358 N 0x17435c
0x634c N 0x6350
0x174358 N 0x17435c
0x561350c8 N 0x561350cc
0x634c N 0x6350
0x174358 N 0x17435c
0x9bb0 N 0x9bb4
0x634c N 0x6350
0x2e30 N 0x2e34
0x9bb0 N 0x9bb4
0x74c0 N 0x74c4
0x74c0 N 0x74c4
0x94428 N 0x9442c
0x9bb0 N 0x9bb4
0x74c0 N 0x74c4
0x94428 N 0x9442c
0x634c N 0x6350
0x561350c8 N 0x561350cc
0x174358 N 0x17435c
0x561350c8 N 0x561350cc
0x2e30 N 0x2e34
0x561350c8 N 0x561350cc
0x94428 N 0x9442c
0x94428 N 0x9442c
0x634c N 0x6350
0x74c0 N 0x74c4
0xe01b10ec N 0xe01b10f0
0x74c0 N 0x74c4
0x174358 N 0x17435c
0x9bb0 N 0x9bb4
0x74c0 N 0x74c4
0xe01b10ec N 0xe01b10f0
0x174358 N 0x17435c
0x9bb0 N 0x9bb4
0x74c0 N 0x74c4
0x634c N 0x6350
0x9bb0 N 0x9bb4
0x74c0 N 0x74c4
0xe01b10ec N 0xe01b10f0
0x94428 N 0x9442c
0xe01b10ec N 0xe01b10f0
0x9bb0 N 0x9bb4
0x94428 N 0x9442c
0x9bb0 N 0x9bb4
0x94428 N 0x9442c
0x9bb0 N 0x9bb4
0x94428 N 0x9442c
0x561350c8 N 0x561350cc
0x9bb0 N 0x9bb4
0x561350c8 N 0x561350cc
0x561350c8 N 0x561350cc
0x9bb0 N 0x9bb4
0x561350c8 N 0x561350cc
0x174358 N 0x17435c
0x9bb0 N 0x9bb4
0x561350c8 N 0x561350cc
0x634c N 0x6350
0x94428 N 0x9442c
0x561350c8 N 0x561350cc
0x2e30 N 0x2e34
0x561350c8 N 0x561350cc
0x2e30 N 0x2e34
0xe01b10ec N 0xe01b10f0
0x9bb0 N 0x9bb4
0x561350c8 N 0x561350cc
0x74c0 N 0x74c4
0x174358 N 0x17435c
0x174358 N 0x17435c
0x2e30 N 0x2e34
0x561350c8 N 0x561350cc
0x174358 N 0x17435c
0xe01b10ec N 0xe01b10f0
0x634c N 0x6350
0x2e30 N 0x2e34
0x634c N 0x6350
0x561350c8 N 0x561350cc
0x634c N 0x6350
0x561350c8 N 0x561350cc
0x74c0 N 0x74c4
0x9bb0 N 0x9bb4
0x174358 N 0x17435c
0x634c N 0x6350
0x174358 N 0x17435c
0x634c N 0x6350
0x94428 N 0x9442c
0x94428 N 0x9442c
0x94428 N 0x9442c
0x634c N 0x6350
0x9bb0 N 0x9bb4
0x74c0 N 0x74c4
0xe01b10ec N 0xe01b10f0
0x74c0 N 0x74c4
0x94428 N 0x9442c
0x634c N 0x6350
0x9bb0 N 0x9bb4
0x634c N 0x6350
0xe01b10ec N 0xe01b10f0
0x94428 N 0x9442c
0x174358 N 0x17435c
0x174358 N 0x17435c
0x94428 N 0x9442c
0x9bb0 N 0x9bb4
0x9bb0 N 0x9bb4
0x74c0 N 0x74c4
0x74c0 N 0x74c4
0xe01b10ec N 0xe01b10f0
0x634c N 0x6350
0x561350c8 N 0x561350cc
0x74c0 N 0x74c4
0x74c0 N 0x74c4
0x94428 N 0x9442c
0x2e30 N 0x2e34
0x174358 N 0x17435c
0x634c N 0x6350
0x9bb0 N 0x9bb4
0x561350c8 N 0x561350cc
0x174358 N 0x17435c
0x561350c8 N 0x561350cc
0x9bb0 N 0x9bb4
0x9bb0 N 0x9bb4
0x94428 N 0x9442c
0x634c N 0x6350
0x94428 N 0x9442c
0x561350c8 N 0x561350cc
0x174358 N 0x17435c
0x9bb0 N 0x9bb4
0x2e30 N 0x2e34
0x74c0 N 0x74c4
0xe01b10ec N 0xe01b10f0
0xe01b10ec N 0xe01b10f0
0x94428 N 0x9442c
0x2e30 N 0x2e34
0x2e30 N 0x2e34
0x74c0 N 0x74c4
0x9bb0 N 0x9bb4
0x2e30 N 0x2e34
0x94428 N 0x9442c
0x561350c8 N 0x561350cc
0x9bb0 N 0x9bb4
0x94428 N 0x9442c
0x174358 N 0x17435c
0x174358 N 0x17435c
0x9bb0 N 0x9bb4
0x561350c8 N 0x561350cc
0x2e30 N 0x2e34
0xe01b10ec N 0xe01b10f0
0x74c0 N 0x74c4
0x2e30 N 0x2e34
0x174358 N 0x17435c
0x94428 N 0x9442c
0xe01b10ec N 0xe01b10f0
0x74c0 N 0x74c4
0x74c0 N 0x74c4
0x94428 N 0x9442c
0x74c0 N 0x74c4
0x561350c8 N 0x561350cc
0x561350c8 N 0x561350cc
0x9bb0 N 0x9bb4
0x561350c8 N 0x561350cc
0x561350c8 N 0x561350cc
0x634c N 0x6350
0x9bb0 N 0x9bb4
0x9bb0 N 0x9bb4
0xe01b10ec N 0xe01b10f0
0x634c N 0x6350
0x634c N 0x6350
0x561350c8 N 0x561350cc
0x634c N 0x6350
0x2e30 N 0x2e34
0x174358 N 0x17435c
0x174358 N 0x17435c
0x74c0 N 0x74c4
0x94428 N 0x9442c
0x2e30 N 0x2e34
0x74c0 N 0x74c4
0x561350c8 N 0x561350cc
0x174358 N 0x17435c
0xe01b10ec N 0xe01b10f0
0x9bb0 N 0x9bb4
0x94428 N 0x9442c
0x94428 N 0x9442c
0x2e30 N 0x2e34
0xe01b10ec N 0xe01b10f0
0x2e30 N 0x2e34
0x634c N 0x6350
0xe01b10ec N 0xe01b10f0
0x74c0 N 0x74c4
0x2e30 N 0x2e34
0x9bb0 N 0x9bb4
0x2e30 N 0x2e34
0x94428 N 0x9442c
0x2e30 N 0x2e34
0x561350c8 N 0x561350cc
0x9bb0 N 0x9bb4
0xe01b10ec N 0xe01b10f0
0x174358 N 0x17435c
0xe01b10ec N 0xe01b10f0
0x174358 N 0x17435c
0xe01b10ec N 0xe01b10f0
0xe01b10ec N 0xe01b10f0
0x9bb0 N 0x9bb4
0x561350c8 N 0x561350cc
0x2e30 N 0x2e34
0x561350c8 N 0x561350cc
0x2e30 N 0x2e34
0x74c0 N 0x74c4
0x74c0 N 0x74c4
0x9bb0 N 0x9bb4
0x94428 N 0x9442c
0x2e30 N 0x2e34
0x94428 N 0x9442c
0x9bb0 N 0x9bb4
0x561350c8 N 0x561350cc
0x561350c8 N 0x561350cc
0x9bb0 N 0x9bb4
0x74c0 N 0x74c4
0x74c0 N 0x74c4
0x634c N 0x6350
0x94428 N 0x9442c
0x94428 N 0x9442c
0x94428 N 0x9442c
0x2e30 N 0x2e34
0x174358 N 0x17435c
0x94428 N 0x9442c
0x634c N 0x6350
0x2e30 N 0x2e34
0x634c N 0x6350
0x561350c8 N 0x561350cc
0x2e30 N 0x2e34
0x74c0 N 0x74c4
0x74c0 N 0x74c4
0xe01b10ec N 0xe01b10f0
0xe01b10ec N 0xe01b10f0
0x2e30 N 0x2e34
0xe01b10ec N 0xe01b10f0
0x9bb0 N 0x9bb4
0x561350c8 N 0x561350cc
0xe01b10ec N 0xe01b10f0
0x9bb0 N 0x9bb4
0x634c N 0x6350
0x634c N 0x6350
0x94428 N 0x9442c
0x634c N 0x6350
0x9bb0 N 0x9bb4
0x561350c8 N 0x561350cc
0xe01b10ec N 0xe01b10f0
0x2e30 N 0x2e34
0x174358 N 0x17435c
0x74c0 N 0x74c4
0x634c N 0x6350
0x94428 N 0x9442c
0xe01b10ec N 0xe01b10f0
0xe01b10ec N 0xe01b10f0
0x9bb0 N 0x9bb4
0x94428 N 0x9442c
0xe01b10ec N 0xe01b10f0
0x74c0 N 0x74c4
0x2e30 N 0x2e34
0x561350c8 N 0x561350cc
0x2e30 N 0x2e34
0x2e30 N 0x2e34
0x2e30 N 0x2e34
0x634c N 0x6350
0x74c0 N 0x74c4
0x561350c8 N 0x561350cc
0x74c0 N 0x74c4
0x634c N 0x6350
0x561350c8 N 0x561350cc
0x561350c8 N 0x561350cc
0x94428 N 0x9442c
0x561350c8 N 0x561350cc
0xe01b10ec N 0xe01b10f0
0x634c N 0x6350
0x2e30 N 0x2e34
0x634c N 0x6350
0x9bb0 N 0x9bb4
0x634c N 0x6350
0x74c0 N 0x74c4
0x9bb0 N 0x9bb4
0x74c0 N 0x74c4
0x2e30 N 0x2e34
0x561350c8 N 0x561350cc
0x2e30 N 0x2e34
0x561350c8 N 0x561350cc
0x94428 N 0x9442c
0x74c0 N 0x74c4
0x174358 N 0x17435c
0x74c0 N 0x74c4
0x74c0 N 0x74c4
0x74c0 N 0x74c4
0x74c0 N 0x74c4
0xe01b10ec N 0xe01b10f0
0x94428 N 0x9442c
0xe01b10ec N 0xe01b10f0
0x634c N 0x6350
0x9bb0 N 0x9bb4
0x94428 N 0x9442c
0x9bb0 N 0x9bb4
0x2e30 N 0x2e34
0x74c0 N 0x74c4
0x74c0 N 0x74c4
0x94428 N 0x9442c
0x9bb0 N 0x9bb4
0x561350c8 N 0x561350cc
0xe01b10ec N 0xe01b10f0
0xe01b10ec N 0xe01b10f0
0x9bb0 N 0x9bb4
0x634c N 0x6350
0x634c N 0x6350
0x94428 N 0x9442c
0x561350c8 N 0x561350cc
0x9bb0 N 0x9bb4
0x94428 N 0x9442c
0xe01b10ec N 0xe01b10f0
0x561350c8 N 0x561350cc
0xe01b10ec N 0xe01b10f0
0x174358 N 0x17435c
0x9bb0 N 0x9bb4
0x74c0 N 0x74c4
0xe01b10ec N 0xe01b10f0
0x561350c8 N 0x561350cc
0x2e30 N 0x2e34
0x634c N 0x6350
0x561350c8 N 0x561350cc
0x561350c8 N 0x561350cc
0xe01b10ec N 0xe01b10f0
0xe01b10ec N 0xe01b10f0
0x634c N 0x6350
0xe01b10ec N 0xe01b10f0
0x9bb0 N 0x9bb4
0x2e30 N 0x2e34
0x74c0 N 0x74c4
0x561350c8 N 0x561350cc
0x634c N 0x6350
0xe01b10ec N 0xe01b10f0
0xe01b10ec N 0xe01b10f0
0x94428 N 0x9442c
0x174358 N 0x17435c
0x9bb0 N 0x9bb4
0xe01b10ec N 0xe01b10f0
0x634c N 0x6350
0x74c0 N 0x74c4
0x174358 N 0x17435c
0x561350c8 N 0x561350cc
0x9bb0 N 0x9bb4
0x174358 N 0x17435c
0x94428 N 0x9442c
0x74c0 N 0x74c4
0x2e30 N 0x2e34
0x561350c8 N 0x561350cc
0xe01b10ec N 0xe01b10f0
0x174358 N 0x17435c
0x2e30 N 0x2e34
0x9bb0 N 0x9bb4
0x94428 N 0x9442c
0x2e30 N 0x2e34
0x74c0 N 0x74c4
0x94428 N 0x9442c
0xe01b10ec N 0xe01b10f0
0x634c N 0x6350
0xe01b10ec N 0xe01b10f0
0x9bb0 N 0x9bb4
0xe01b10ec N 0xe01b10f0
0x94428 N 0x9442c
0xe01b10ec N 0xe01b10f0
0xe01b10ec N 0xe01b10f0
0x634c N 0x6350
0xe01b10ec N 0xe01b10f0
0x74c0 N 0x74c4
0x9bb0 N 0x9bb4
0xe01b10ec N 0xe01b10f0
0xe01b10ec N 0xe01b10f0
0x94428 N 0x9442c
0x174358 N 0x17435c
0x9bb0 N 0x9bb4
0x634c N 0x6350
0x561350c8 N 0x561350cc
0xe01b10ec N 0xe01b10f0
0x174358 N 0x17435c
0x94428 N 0x9442c
0x2e30 N 0x2e34
0x94428 N 0x9442c
0x174358 N 0x17435c
0x74c0 N 0x74c4
0x94428 N 0x9442c
0x634c N 0x6350
0x74c0 N 0x74c4
0x94428 N 0x9442c
0x74c0 N 0x74c4
0x9bb0 N 0x9bb4
0xe01b10ec N 0xe01b10f0
0x2e30 N 0x2e34
0x9bb0 N 0x9bb4
0x2e30 N 0x2e34
0x561350c8 N 0x561350cc
0x2e30 N 0x2e34
0x561350c8 N 0x561350cc
0xe01b10ec N 0xe01b10f0
0x634c N 0x6350
0x74c0 N 0x74c4
0x74c0 N 0x74c4
0x74c0 N 0x74c4
0x9bb0 N 0x9bb4
0xe01b10ec N 0xe01b10f0
0xe01b10ec N 0xe01b10f0
0x174358 N 0x17435c
0x561350c8 N 0x561350cc
0xe01b10ec N 0xe01b10f0
0x2e30 N 0x2e34
0x94428 N 0x9442c
0xe01b10ec N 0xe01b10f0
0x561350c8 N 0x561350cc
0x9bb0 N 0x9bb4
0xe01b10ec N 0xe01b10f0
0xe01b10ec N 0xe01b10f0
0x74c0 N 0x74c4
0x9bb0 N 0x9bb4
0x74c0 N 0x74c4
0x561350c8 N 0x561350cc
0x561350c8 N 0x561350cc
0x634c N 0x6350
0x561350c8 N 0x561350cc
0x174358 N 0x17435c
0x2e30 N 0x2e34
0x74c0 N 0x74c4
0x9bb0 N 0x9bb4
0x94428 N 0x9442c
0x2e30 N 0x2e34
0xe01b10ec N 0xe01b10f0
0x94428 N 0x9442c
0x561350c8 N 0x561350cc
0x561350c8 N 0x561350cc
0x74c0 N 0x74c4
0x561350c8 N 0x561350cc
0xe01b10ec N 0xe01b10f0
0x634c N 0x6350
0x9bb0 N 0x9bb4
0x9bb0 N 0x9bb4
0xe01b10ec N 0xe01b10f0
0x74c0 N 0x74c4
0x74c0 N 0x74c4
0x2e30 N 0x2e34
0x561350c8 N 0x561350cc
0x561350c8 N 0x561350cc
0x2e30 N 0x2e34
0x2e30 N 0x2e34
0x634c N 0x6350
0x9bb0 N 0x9bb4
0x561350c8 N 0x561350cc
0x634c N 0x6350
0x561350c8 N 0x561350cc
0x2e30 N 0x2e34
0x2e30 N 0x2e34
0x634c N 0x6350
0x174358 N 0x17435c
0x94428 N 0x9442c
0x2e30 N 0x2e34
0x2e30 N 0x2e34
0x94428 N 0x9442c
0x2e30 N 0x2e34
0x174358 N 0x17435c
0x94428 N 0x9442c
0x634c N 0x6350
0x2e30 N 0x2e34
0xe01b10ec N 0xe01b10f0
0x94428 N 0x9442c
0x561350c8 N 0x561350cc
0x94428 N 0x9442c
0xe01b10ec N 0xe01b10f0
0xe01b10ec N 0xe01b10f0
0xe01b10ec N 0xe01b10f0
0x2e30 N 0x2e34
0x9bb0 N 0x9bb4
0x561350c8 N 0x561350cc
0x634c N 0x6350
0x94428 N 0x9442c
0x2e30 N 0x2e34
0x74c0 N 0x74c4
0x634c N 0x6350
0x561350c8 N 0x561350cc
0x561350c8 N 0x561350cc
0x9bb0 N 0x9bb4
0x74c0 N 0x74c4
0x9bb0 N 0x9bb4
0x74c0 N 0x74c4
0x9bb0 N 0x9bb4
0x561350c8 N 0x561350cc
0xe01b10ec N 0xe01b10f0
0xe01b10ec N 0xe01b10f0
0x561350c8 N 0x561350cc
0x2e30 N 0x2e34
0x561350c8 N 0x561350cc
0x9bb0 N 0x9bb4
0x2e30 N 0x2e34
0x94428 N 0x9442c
0x94428 N 0x9442c
0x94428 N 0x9442c
0xe01b10ec N 0xe01b10f0
0x9bb0 N 0x9bb4
0x9bb0 N 0x9bb4
0x9bb0 N 0x9bb4
0x634c N 0x6350
0x561350c8 N 0x561350cc
0xe01b10ec N 0xe01b10f0
0x74c0 N 0x74c4
0x74c0 N 0x74c4
0xe01b10ec N 0xe01b10f0
flush_num: 313, br_num: 661, size: 230b
