0x3c3d70cc N 0x3c3d70d0
0x81dc98ec N 0x81dc98f0
0x81dc98ec T 0x40784
0x35454 N 0x35458
0xb616b0 N 0xb616b4
0x1ac N 0x1b0
0x35454 N 0x35458
0x1ac N 0x1b0
0x35454 N 0x35458
0x1ac N 0x1b0
0x1ac T 0xcb8
0x81dc98ec N 0x81dc98f0
0x81dc98ec T 0x40784
0x81dc98ec T 0x40784
0x35454 N 0x35458
0x35454 T 0x6f02f30
0x5b54f4 N 0x5b54f8
0x5b54f4 T 0x7c52120
0x35454 N 0x35458
0x81dc98ec N 0x81dc98f0
0xb616b0 T 0xb59cb8
0x81dc98ec T 0x40784
0x81dc98ec T 0x40784
0x35454 N 0x35458
0x81dc98ec N 0x81dc98f0
0x81dc98ec T 0x40784
0x3c3d70cc N 0x3c3d70d0
0x1ac N 0x1b0
0x81dc98ec N 0x81dc98f0
0x35454 N 0x35458
0x3c3d70cc N 0x3c3d70d0
0x1ac N 0x1b0
0x5b54f4 N 0x5b54f8
0x1ac N 0x1b0
0x35454 N 0x35458
0xb616b0 T 0xb59cb8
0x35454 T 0x6f02f30
0xb616b0 T 0xb59cb8
0xb616b0 T 0xb59cb8
0x1ac N 0x1b0
0x81dc98ec N 0x81dc98f0
0x3c3d70cc N 0x3c3d70d0
0x81dc98ec N 0x81dc98f0
0x81dc98ec T 0x40784
0xb616b0 T 0xb59cb8
0x1ac N 0x1b0
0x3c3d70cc N 0x3c3d70d0
0x1ac N 0x1b0
0x3c3d70cc N 0x3c3d70d0
0x35454 N 0x35458
0x35454 T 0x6f02f30
0x5b54f4 N 0x5b54f8
0x35454 N 0x35458
0x35454 T 0x6f02f30
0x35454 T 0x6f02f30
0x1ac N 0x1b0
0x3c3d70cc N 0x3c3d70d0
0x1ac N 0x1b0
0x81dc98ec N 0x81dc98f0
0x81dc98ec T 0x40784
0x35454 N 0x35458
0x5b54f4 N 0x5b54f8
0xb616b0 T 0xb59cb8
0x3c3d70cc N 0x3c3d70d0
0x1ac N 0x1b0
0x5b54f4 N 0x5b54f8
0xb616b0 T 0xb59cb8
0x5b54f4 T 0x7c52120
0xb616b0 N 0xb616b4
0x35454 N 0x35458
0x35454 T 0x6f02f30
0x5b54f4 N 0x5b54f8
0x1ac N 0x1b0
0x81dc98ec N 0x81dc98f0
0x3c3d70cc N 0x3c3d70d0
0x35454 N 0x35458
0x3c3d70cc N 0x3c3d70d0
0x35454 N 0x35458
0x5b54f4 N 0x5b54f8
0x3c3d70cc N 0x3c3d70d0
0x1ac N 0x1b0
0x3c3d70cc N 0x3c3d70d0
0x5b54f4 N 0x5b54f8
0x5b54f4 T 0x7c52120
0x3c3d70cc N 0x3c3d70d0
0x5b54f4 N 0x5b54f8
0x3c3d70cc N 0x3c3d70d0
0x81dc98ec N 0x81dc98f0
0x3c3d70cc N 0x3c3d70d0
0xb616b0 T 0xb59cb8
0x3c3d70cc T 0xc0c90
0x5b54f4 N 0x5b54f8
0xb616b0 N 0xb616b4
0x1ac N 0x1b0
0xb616b0 T 0xb59cb8
0x1ac T 0xcb8
0x1ac T 0xcb8
0x35454 N 0x35458
0x81dc98ec N 0x81dc98f0
0x5b54f4 N 0x5b54f8
0x81dc98ec N 0x81dc98f0
0x1ac N 0x1b0
0xb616b0 T 0xb59cb8
0x81dc98ec N 0x81dc98f0
0x3c3d70cc N 0x3c3d70d0
0x5b54f4 N 0x5b54f8
0xb616b0 N 0xb616b4
0x3c3d70cc N 0x3c3d70d0
0x81dc98ec N 0x81dc98f0
0x81dc98ec T 0x40784
0x1ac N 0x1b0
0x3c3d70cc N 0x3c3d70d0
0x5b54f4 N 0x5b54f8
0x1ac N 0x1b0
0x1ac T 0xcb8
0xb616b0 N 0xb616b4
0x5b54f4 N 0x5b54f8
0x35454 N 0x35458
0x81dc98ec N 0x81dc98f0
0x5b54f4 N 0x5b54f8
0x81dc98ec N 0x81dc98f0
0x3c3d70cc N 0x3c3d70d0
0x1ac N 0x1b0
0x35454 N 0x35458
0x3c3d70cc N 0x3c3d70d0
0x35454 N 0x35458
0xb616b0 N 0xb616b4
0x81dc98ec N 0x81dc98f0
0xb616b0 T 0xb59cb8
0xb616b0 T 0xb59cb8
0x1ac N 0x1b0
0xb616b0 N 0xb616b4
0x5b54f4 N 0x5b54f8
0xb616b0 N 0xb616b4
0x3c3d70cc N 0x3c3d70d0
0x1ac N 0x1b0
0x1ac T 0xcb8
0x35454 N 0x35458
0x35454 T 0x6f02f30
0x3c3d70cc N 0x3c3d70d0
0x1ac N 0x1b0
0xb616b0 N 0xb616b4
0x3c3d70cc N 0x3c3d70d0
0xb616b0 T 0xb59cb8
0x81dc98ec N 0x81dc98f0
0x3c3d70cc N 0x3c3d70d0
0x1ac N 0x1b0
0x81dc98ec N 0x81dc98f0
0x1ac N 0x1b0
0xb616b0 N 0xb616b4
0x1ac T 0xcb8
0x3c3d70cc N 0x3c3d70d0
0x35454 N 0x35458
0x81dc98ec N 0x81dc98f0
0x3c3d70cc N 0x3c3d70d0
0x3c3d70cc T 0xc0c90
0x35454 N 0x35458
0x5b54f4 N 0x5b54f8
0x35454 N 0x35458
0x35454 T 0x6f02f30
0x35454 N 0x35458
0x1ac N 0x1b0
0x5b54f4 N 0x5b54f8
0x81dc98ec N 0x81dc98f0
0x81dc98ec T 0x40784
0x81dc98ec T 0x40784
0x35454 N 0x35458
0x3c3d70cc N 0x3c3d70d0
0xb616b0 T 0xb59cb8
0x81dc98ec N 0x81dc98f0
0x3c3d70cc N 0x3c3d70d0
0x35454 N 0x35458
0x1ac N 0x1b0
0xb616b0 T 0xb59cb8
0x5b54f4 N 0x5b54f8
0xb616b0 N 0xb616b4
0x81dc98ec N 0x81dc98f0
0x35454 N 0x35458
0xb616b0 T 0xb59cb8
0x3c3d70cc N 0x3c3d70d0
0xb616b0 T 0xb59cb8
0x5b54f4 N 0x5b54f8
0x3c3d70cc N 0x3c3d70d0
0x81dc98ec N 0x81dc98f0
0x5b54f4 N 0x5b54f8
0x1ac N 0x1b0
0x1ac T 0xcb8
0xb616b0 N 0xb616b4
0x81dc98ec N 0x81dc98f0
0x3c3d70cc N 0x3c3d70d0
0x1ac N 0x1b0
0x81dc98ec N 0x81dc98f0
0x1ac N 0x1b0
0x1ac T 0xcb8
0xb616b0 T 0xb59cb8
0x35454 N 0x35458
0x3c3d70cc N 0x3c3d70d0
0x35454 N 0x35458
0x1ac N 0x1b0
0x1ac T 0xcb8
0x81dc98ec N 0x81dc98f0
0x3c3d70cc N 0x3c3d70d0
0xb616b0 T 0xb59cb8
0xb616b0 N 0xb616b4
0x35454 N 0x35458
0x81dc98ec N 0x81dc98f0
0x81dc98ec T 0x40784
0x3c3d70cc N 0x3c3d70d0
0x35454 N 0x35458
0x81dc98ec N 0x81dc98f0
0x35454 N 0x35458
0x5b54f4 N 0x5b54f8
0xb616b0 T 0xb59cb8
0x3c3d70cc N 0x3c3d70d0
0x3c3d70cc T 0xc0c90
0x3c3d70cc N 0x3c3d70d0
0x3c3d70cc N 0x3c3d70d0
0x5b54f4 N 0x5b54f8
0x3c3d70cc N 0x3c3d70d0
0x1ac N 0x1b0
0x1ac T 0xcb8
0x5b54f4 N 0x5b54f8
0x5b54f4 T 0x7c52120
0xb616b0 T 0xb59cb8
0x1ac N 0x1b0
0x81dc98ec N 0x81dc98f0
0xb616b0 N 0xb616b4
0x3c3d70cc N 0x3c3d70d0
0x1ac N 0x1b0
0x1ac T 0xcb8
0x81dc98ec N 0x81dc98f0
0x5b54f4 N 0x5b54f8
0x35454 N 0x35458
0x81dc98ec N 0x81dc98f0
0x1ac N 0x1b0
0x1ac T 0xcb8
0xb616b0 T 0xb59cb8
0x81dc98ec N 0x81dc98f0
0x1ac N 0x1b0
0x5b54f4 N 0x5b54f8
0x1ac N 0x1b0
0xb616b0 N 0xb616b4
0x1ac T 0xcb8
0x35454 N 0x35458
0xb616b0 T 0xb59cb8
0x81dc98ec N 0x81dc98f0
0x1ac N 0x1b0
0x1ac T 0xcb8
0x1ac N 0x1b0
0x81dc98ec N 0x81dc98f0
0x35454 N 0x35458
0x81dc98ec N 0x81dc98f0
0x5b54f4 N 0x5b54f8
0x81dc98ec N 0x81dc98f0
0xb616b0 N 0xb616b4
0x3c3d70cc N 0x3c3d70d0
0x1ac N 0x1b0
0x5b54f4 N 0x5b54f8
0x35454 N 0x35458
0x3c3d70cc N 0x3c3d70d0
0x81dc98ec N 0x81dc98f0
0x1ac N 0x1b0
0x5b54f4 N 0x5b54f8
0x1ac N 0x1b0
0x3c3d70cc N 0x3c3d70d0
0xb616b0 N 0xb616b4
0x5b54f4 N 0x5b54f8
0x1ac N 0x1b0
0x81dc98ec N 0x81dc98f0
0x5b54f4 N 0x5b54f8
0x1ac N 0x1b0
0xb616b0 N 0xb616b4
0x3c3d70cc N 0x3c3d70d0
0x5b54f4 N 0x5b54f8
0x35454 N 0x35458
0x5b54f4 N 0x5b54f8
0x1ac N 0x1b0
0x1ac T 0xcb8
0xb616b0 N 0xb616b4
0x3c3d70cc N 0x3c3d70d0
0x35454 N 0x35458
0x5b54f4 N 0x5b54f8
0xb616b0 N 0xb616b4
0xb616b0 T 0xb59cb8
0x81dc98ec N 0x81dc98f0
0x3c3d70cc N 0x3c3d70d0
0x81dc98ec N 0x81dc98f0
0x5b54f4 N 0x5b54f8
0xb616b0 T 0xb59cb8
0x5b54f4 T 0x7c52120
0x35454 N 0x35458
0x1ac N 0x1b0
0xb616b0 T 0xb59cb8
0xb616b0 N 0xb616b4
0x5b54f4 N 0x5b54f8
0x35454 N 0x35458
0xb616b0 N 0xb616b4
0x81dc98ec N 0x81dc98f0
0x1ac N 0x1b0
0x5b54f4 N 0x5b54f8
0x1ac N 0x1b0
0x81dc98ec N 0x81dc98f0
0x5b54f4 N 0x5b54f8
0x1ac N 0x1b0
0x5b54f4 N 0x5b54f8
0x1ac N 0x1b0
0x3c3d70cc N 0x3c3d70d0
0x1ac N 0x1b0
0x81dc98ec N 0x81dc98f0
0x3c3d70cc N 0x3c3d70d0
0x3c3d70cc T 0xc0c90
0x1ac N 0x1b0
0x3c3d70cc N 0x3c3d70d0
0xb616b0 N 0xb616b4
0x35454 N 0x35458
0x35454 T 0x6f02f30
0x81dc98ec N 0x81dc98f0
0x35454 N 0x35458
0x5b54f4 N 0x5b54f8
0x3c3d70cc N 0x3c3d70d0
0x81dc98ec N 0x81dc98f0
0xb616b0 N 0xb616b4
0xb616b0 N 0xb616b4
0x3c3d70cc N 0x3c3d70d0
0x3c3d70cc T 0xc0c90
0x3c3d70cc N 0x3c3d70d0
0xb616b0 T 0xb59cb8
0x5b54f4 N 0x5b54f8
0x1ac N 0x1b0
0xb616b0 N 0xb616b4
0x35454 N 0x35458
0x1ac N 0x1b0
0x1ac T 0xcb8
0x35454 N 0x35458
0x3c3d70cc N 0x3c3d70d0
0x3c3d70cc T 0xc0c90
0x1ac N 0x1b0
0x35454 N 0x35458
0xb616b0 N 0xb616b4
0x35454 T 0x6f02f30
0xb616b0 N 0xb616b4
0x35454 N 0x35458
0x5b54f4 N 0x5b54f8
0x1ac N 0x1b0
0x1ac T 0xcb8
0x1ac T 0xcb8
0xb616b0 T 0xb59cb8
0x1ac T 0xcb8
0xb616b0 N 0xb616b4
0x35454 N 0x35458
0x81dc98ec N 0x81dc98f0
0xb616b0 T 0xb59cb8
0x5b54f4 N 0x5b54f8
0x5b54f4 T 0x7c52120
0x3c3d70cc N 0x3c3d70d0
0x5b54f4 N 0x5b54f8
0x5b54f4 T 0x7c52120
0xb616b0 N 0xb616b4
0x5b54f4 N 0x5b54f8
0x1ac N 0x1b0
0xb616b0 T 0xb59cb8
0xb616b0 N 0xb616b4
0xb616b0 N 0xb616b4
0x5b54f4 N 0x5b54f8
0x5b54f4 T 0x7c52120
0xb616b0 T 0xb59cb8
0xb616b0 N 0xb616b4
0x35454 N 0x35458
0x3c3d70cc N 0x3c3d70d0
0x35454 N 0x35458
0x35454 T 0x6f02f30
0x3c3d70cc N 0x3c3d70d0
0x35454 N 0x35458
0x35454 T 0x6f02f30
0x5b54f4 N 0x5b54f8
0x5b54f4 T 0x7c52120
0x81dc98ec N 0x81dc98f0
0x81dc98ec T 0x40784
0xb616b0 T 0xb59cb8
0x81dc98ec T 0x40784
0x3c3d70cc N 0x3c3d70d0
0x81dc98ec N 0x81dc98f0
0x1ac N 0x1b0
0x1ac T 0xcb8
0x5b54f4 N 0x5b54f8
0x5b54f4 T 0x7c52120
0x35454 N 0x35458
0xb616b0 N 0xb616b4
0x35454 T 0x6f02f30
0x5b54f4 N 0x5b54f8
0x1ac N 0x1b0
0x1ac T 0xcb8
0x5b54f4 N 0x5b54f8
0x81dc98ec N 0x81dc98f0
0x3c3d70cc N 0x3c3d70d0
0xb616b0 N 0xb616b4
0x1ac N 0x1b0
0x3c3d70cc N 0x3c3d70d0
0x35454 N 0x35458
0x5b54f4 N 0x5b54f8
0x81dc98ec N 0x81dc98f0
0x3c3d70cc N 0x3c3d70d0
0x3c3d70cc T 0xc0c90
0x1ac N 0x1b0
0xb616b0 N 0xb616b4
0x35454 N 0x35458
0x3c3d70cc N 0x3c3d70d0
0xb616b0 N 0xb616b4
0x5b54f4 N 0x5b54f8
0xb616b0 T 0xb59cb8
0x3c3d70cc N 0x3c3d70d0
0x1ac N 0x1b0
0xb616b0 N 0xb616b4
0x81dc98ec N 0x81dc98f0
0x5b54f4 N 0x5b54f8
0x5b54f4 T 0x7c52120
0x3c3d70cc N 0x3c3d70d0
0x3c3d70cc T 0xc0c90
0x5b54f4 N 0x5b54f8
0x3c3d70cc N 0x3c3d70d0
0x5b54f4 N 0x5b54f8
0xb616b0 N 0xb616b4
0x5b54f4 T 0x7c52120
0x81dc98ec N 0x81dc98f0
0x3c3d70cc N 0x3c3d70d0
0xb616b0 N 0xb616b4
0x81dc98ec N 0x81dc98f0
0x5b54f4 N 0x5b54f8
0x35454 N 0x35458
0x35454 T 0x6f02f30
0x81dc98ec N 0x81dc98f0
0x1ac N 0x1b0
0x81dc98ec N 0x81dc98f0
0x81dc98ec T 0x40784
0xb616b0 N 0xb616b4
0x1ac N 0x1b0
0x81dc98ec N 0x81dc98f0
0x81dc98ec T 0x40784
0x1ac N 0x1b0
0x1ac T 0xcb8
0x3c3d70cc N 0x3c3d70d0
0x3c3d70cc T 0xc0c90
0x5b54f4 N 0x5b54f8
0x5b54f4 T 0x7c52120
0x5b54f4 T 0x7c52120
0x35454 N 0x35458
0x1ac N 0x1b0
0xb616b0 N 0xb616b4
0x1ac T 0xcb8
0xb616b0 T 0xb59cb8
0x5b54f4 N 0x5b54f8
0x3c3d70cc N 0x3c3d70d0
0x3c3d70cc T 0xc0c90
0xb616b0 T 0xb59cb8
0xb616b0 N 0xb616b4
0x81dc98ec N 0x81dc98f0
0x3c3d70cc N 0x3c3d70d0
0xb616b0 N 0xb616b4
0xb616b0 N 0xb616b4
0x81dc98ec N 0x81dc98f0
0x1ac N 0x1b0
0x35454 N 0x35458
0x3c3d70cc N 0x3c3d70d0
0xb616b0 T 0xb59cb8
0x81dc98ec N 0x81dc98f0
0x3c3d70cc N 0x3c3d70d0
0x5b54f4 N 0x5b54f8
0x5b54f4 T 0x7c52120
0xb616b0 T 0xb59cb8
0x3c3d70cc N 0x3c3d70d0
0xb616b0 T 0xb59cb8
0x5b54f4 N 0x5b54f8
0x35454 N 0x35458
0x3c3d70cc N 0x3c3d70d0
0x1ac N 0x1b0
0x5b54f4 N 0x5b54f8
0x5b54f4 T 0x7c52120
0xb616b0 N 0xb616b4
0x81dc98ec N 0x81dc98f0
0x81dc98ec T 0x40784
0x3c3d70cc N 0x3c3d70d0
0x5b54f4 N 0x5b54f8
0x3c3d70cc N 0x3c3d70d0
0x1ac N 0x1b0
0xb616b0 T 0xb59cb8
0x3c3d70cc N 0x3c3d70d0
0x81dc98ec N 0x81dc98f0
0x81dc98ec T 0x40784
0x1ac N 0x1b0
0x5b54f4 N 0x5b54f8
0xb616b0 N 0xb616b4
0x81dc98ec N 0x81dc98f0
0x3c3d70cc N 0x3c3d70d0
0xb616b0 N 0xb616b4
0x81dc98ec N 0x81dc98f0
0x1ac N 0x1b0
0x1ac T 0xcb8
0x1ac T 0xcb8
0x5b54f4 N 0x5b54f8
0x81dc98ec N 0x81dc98f0
0x3c3d70cc N 0x3c3d70d0
0xb616b0 N 0xb616b4
0x5b54f4 N 0x5b54f8
0x5b54f4 T 0x7c52120
0x81dc98ec N 0x81dc98f0
0xb616b0 T 0xb59cb8
0x1ac N 0x1b0
0x35454 N 0x35458
0x35454 T 0x6f02f30
0x81dc98ec N 0x81dc98f0
0x35454 N 0x35458
0x35454 T 0x6f02f30
0x5b54f4 N 0x5b54f8
0x3c3d70cc N 0x3c3d70d0
0x81dc98ec N 0x81dc98f0
0x1ac N 0x1b0
0x35454 N 0x35458
0x3c3d70cc N 0x3c3d70d0
0x81dc98ec N 0x81dc98f0
0x81dc98ec T 0x40784
0xb616b0 N 0xb616b4
0x1ac N 0x1b0
0x1ac T 0xcb8
0x35454 N 0x35458
0x35454 T 0x6f02f30
0x81dc98ec N 0x81dc98f0
0xb616b0 T 0xb59cb8
0xb616b0 T 0xb59cb8
0x5b54f4 N 0x5b54f8
0xb616b0 T 0xb59cb8
0x5b54f4 T 0x7c52120
0x35454 N 0x35458
0x5b54f4 N 0x5b54f8
0x5b54f4 T 0x7c52120
0x3c3d70cc N 0x3c3d70d0
0x3c3d70cc T 0xc0c90
0xb616b0 N 0xb616b4
0x81dc98ec N 0x81dc98f0
0x1ac N 0x1b0
0x1ac T 0xcb8
0x81dc98ec N 0x81dc98f0
0x1ac N 0x1b0
0xb616b0 N 0xb616b4
0x3c3d70cc N 0x3c3d70d0
0x3c3d70cc T 0xc0c90
0x35454 N 0x35458
0x35454 T 0x6f02f30
0x3c3d70cc N 0x3c3d70d0
0x3c3d70cc T 0xc0c90
0x1ac N 0x1b0
0x5b54f4 N 0x5b54f8
0x3c3d70cc N 0x3c3d70d0
0x3c3d70cc T 0xc0c90
0x81dc98ec N 0x81dc98f0
0x1ac N 0x1b0
0x1ac T 0xcb8
0x81dc98ec N 0x81dc98f0
0x3c3d70cc N 0x3c3d70d0
0x81dc98ec N 0x81dc98f0
0x1ac N 0x1b0
0xb616b0 T 0xb59cb8
0x3c3d70cc N 0x3c3d70d0
0x3c3d70cc T 0xc0c90
0x81dc98ec N 0x81dc98f0
0xb616b0 N 0xb616b4
0x35454 N 0x35458
0x1ac N 0x1b0
0x1ac T 0xcb8
0x35454 N 0x35458
0x3c3d70cc N 0x3c3d70d0
0x3c3d70cc T 0xc0c90
0x35454 N 0x35458
0x1ac N 0x1b0
0x81dc98ec N 0x81dc98f0
0x1ac N 0x1b0
0x5b54f4 N 0x5b54f8
0x5b54f4 T 0x7c52120
0x5b54f4 T 0x7c52120
0x35454 N 0x35458
0x35454 T 0x6f02f30
0xb616b0 N 0xb616b4
0x5b54f4 N 0x5b54f8
0x81dc98ec N 0x81dc98f0
0x5b54f4 N 0x5b54f8
0xb616b0 N 0xb616b4
0x5b54f4 T 0x7c52120
0x1ac N 0x1b0
0x3c3d70cc N 0x3c3d70d0
0x3c3d70cc T 0xc0c90
0x1ac N 0x1b0
0x35454 N 0x35458
0x3c3d70cc N 0x3c3d70d0
0x35454 N 0x35458
0x1ac N 0x1b0
0x1ac T 0xcb8
0xb616b0 T 0xb59cb8
0x3c3d70cc N 0x3c3d70d0
0x3c3d70cc T 0xc0c90
0x81dc98ec N 0x81dc98f0
0x5b54f4 N 0x5b54f8
0x3c3d70cc N 0x3c3d70d0
0x1ac N 0x1b0
0x81dc98ec N 0x81dc98f0
0x5b54f4 N 0x5b54f8
0x3c3d70cc N 0x3c3d70d0
0x3c3d70cc T 0xc0c90
0x5b54f4 N 0x5b54f8
0xb616b0 N 0xb616b4
0x35454 N 0x35458
0xb616b0 T 0xb59cb8
0x35454 T 0x6f02f30
0x35454 N 0x35458
0x3c3d70cc N 0x3c3d70d0
0xb616b0 T 0xb59cb8
0x3c3d70cc T 0xc0c90
0xb616b0 N 0xb616b4
0x1ac N 0x1b0
0x1ac T 0xcb8
0x5b54f4 N 0x5b54f8
0x35454 N 0x35458
0x5b54f4 N 0x5b54f8
0x81dc98ec N 0x81dc98f0
0x1ac N 0x1b0
0x1ac T 0xcb8
0x5b54f4 N 0x5b54f8
0x5b54f4 T 0x7c52120
0x35454 N 0x35458
0xb616b0 T 0xb59cb8
0x1ac N 0x1b0
0x5b54f4 N 0x5b54f8
0x35454 N 0x35458
0x81dc98ec N 0x81dc98f0
0xb616b0 N 0xb616b4
0xb616b0 T 0xb59cb8
0x1ac N 0x1b0
0xb616b0 N 0xb616b4
0x3c3d70cc N 0x3c3d70d0
0x35454 N 0x35458
0x81dc98ec N 0x81dc98f0
0x5b54f4 N 0x5b54f8
0x5b54f4 T 0x7c52120
0x1ac N 0x1b0
0x35454 N 0x35458
0xb616b0 T 0xb59cb8
0xb616b0 T 0xb59cb8
0xb616b0 N 0xb616b4
0x5b54f4 N 0x5b54f8
0x5b54f4 T 0x7c52120
0x81dc98ec N 0x81dc98f0
0xb616b0 N 0xb616b4
0x81dc98ec T 0x40784
flush_num: 316, br_num: 651, size: 138b
