0x97e475c N 0x97e4760
0x34c T 0xc20b0
0x34c N 0x350
0xb6c N 0xb70
0x3a5cf8 N 0x3a5cfc
0x34c T 0x4ffb8
0xade1ca98 T 0xb58
0x68c0c344 T 0x9c4
0x34c T 0xcc35c850
0xb6c T 0x9c4
0x34c T 0x4ffb8
0x3a5cf8 T 0x195c
0x85c92560 T 0xb58
0x7550 T 0x380
0x34c T 0x9c4
0x85c92560 T 0x89e80
0x3a5cf8 T 0x380
0xb6c T 0x9c4
0xb6c T 0x4ffb8
0xade1ca98 T 0xb58
0x34c T 0x4ffb8
0xb6c T 0x9c4
0x3a5cf8 T 0x195c
0x85c92560 T 0xb58
0xb6c T 0x4ffb8
0x3a5cf8 T 0x380
0xb6c T 0x4ffb8
0xb6c T 0x4ffb8
0xade1ca98 T 0xb58
0x7550 T 0x195c
0x85c92560 T 0x89e80
0x85c92560 T 0x380
0x3a5cf8 T 0x380
0xade1ca98 T 0xb58
0x68c0c344 T 0x4ffb8
0x68c0c344 T 0xcc35c850
0xb6c T 0xcc35c850
0x68c0c344 T 0x4ffb8
0x85c92560 T 0x195c
0x68c0c344 T 0xcc35c850
0x85c92560 T 0x380
0xb6c T 0xcc35c850
0x7550 T 0x380
0x7550 T 0x89e80
0x68c0c344 T 0x4ffb8
0x3a5cf8 T 0x89e80
0xb6c T 0xcc35c850
0x3a5cf8 T 0xb58
0x7550 T 0xb58
0x3a5cf8 T 0x89e80
0x3a5cf8 T 0xb58
0xb6c T 0x4ffb8
0x97e475c N 0x97e4760
0x68c0c344 T 0xc20b0
0x7550 T 0xb58
0xb6c T 0xcc35c850
0x68c0c344 T 0x4ffb8
0x7550 T 0x89e80
0x97e475c T 0xcc35c850
0xb6c N 0xb70
0x85c92560 T 0x89e80
0xb6c T 0x4ffb8
0xade1ca98 T 0x380
0xade1ca98 T 0x195c
0x3a5cf8 T 0x195c
0x85c92560 T 0xb58
0xb6c T 0x4ffb8
0x85c92560 T 0x380
0x7550 T 0x380
0x34c T 0x4ffb8
0x7550 N 0x7554
0x97e475c T 0x9c4
0xade1ca98 T 0x89e80
0x68c0c344 T 0xc20b0
0x3a5cf8 T 0x195c
0x3a5cf8 T 0xb58
0x34c T 0xcc35c850
0x34c T 0x9c4
0x85c92560 T 0xb58
0x7550 T 0x380
0x68c0c344 T 0x9c4
0xade1ca98 T 0x89e80
0x85c92560 T 0x195c
0x97e475c T 0xcc35c850
0x68c0c344 T 0xc20b0
0x3a5cf8 T 0x380
0xb6c T 0xcc35c850
0x3a5cf8 T 0xb58
0x68c0c344 N 0x68c0c348
0xade1ca98 T 0xb58
0x85c92560 N 0x85c92564
0xb6c T 0xcc35c850
0xade1ca98 T 0x380
0x68c0c344 T 0x4ffb8
0xade1ca98 T 0x195c
0x97e475c T 0xcc35c850
0x85c92560 T 0x195c
0xb6c T 0xc20b0
0x97e475c T 0x4ffb8
0x85c92560 T 0x380
0x68c0c344 T 0xc20b0
0x68c0c344 N 0x68c0c348
0x7550 T 0x380
0x3a5cf8 T 0x89e80
0x3a5cf8 N 0x3a5cfc
0x97e475c T 0xcc35c850
0x97e475c T 0xc20b0
0x7550 T 0xb58
0x97e475c N 0x97e4760
0x85c92560 T 0x89e80
0xb6c T 0xc20b0
0xb6c N 0xb70
0x68c0c344 T 0x4ffb8
0x97e475c T 0xcc35c850
0x68c0c344 T 0xc20b0
0x7550 T 0x380
0x3a5cf8 T 0x89e80
0x3a5cf8 T 0xb58
0x7550 T 0xb58
0xb6c T 0xcc35c850
0xade1ca98 T 0x89e80
0x85c92560 T 0x195c
0x34c N 0x350
0x3a5cf8 T 0x380
0xade1ca98 T 0xb58
0x97e475c T 0x9c4
0x7550 T 0x195c
0x97e475c T 0xc20b0
0x3a5cf8 T 0x89e80
0x34c T 0xc20b0
0x3a5cf8 N 0x3a5cfc
0x85c92560 T 0xb58
0x85c92560 T 0x380
0x68c0c344 T 0x9c4
0x3a5cf8 T 0x380
0x7550 N 0x7554
0x85c92560 T 0x89e80
0x7550 T 0x380
0x3a5cf8 T 0x89e80
0xb6c T 0xcc35c850
0x68c0c344 T 0x4ffb8
0x85c92560 T 0xb58
0xb6c N 0xb70
0xade1ca98 N 0xade1ca9c
0x34c T 0x4ffb8
0x68c0c344 T 0x9c4
0x34c N 0x350
0x97e475c T 0x9c4
0x68c0c344 N 0x68c0c348
0x85c92560 T 0x195c
0x85c92560 N 0x85c92564
0xade1ca98 T 0x380
0x85c92560 T 0x195c
0x3a5cf8 N 0x3a5cfc
0x97e475c T 0xcc35c850
0xb6c T 0xc20b0
0x3a5cf8 N 0x3a5cfc
0x68c0c344 T 0x4ffb8
0x34c N 0x350
0x34c T 0x9c4
0x85c92560 N 0x85c92564
0x7550 T 0x380
0x3a5cf8 T 0x89e80
0x7550 T 0xb58
0x97e475c T 0x9c4
0xade1ca98 T 0x89e80
0x85c92560 T 0x195c
0x85c92560 T 0x380
0x34c N 0x350
0xb6c T 0x9c4
0xb6c N 0xb70
0xade1ca98 T 0x380
0x3a5cf8 N 0x3a5cfc
0x7550 T 0xb58
0xb6c N 0xb70
0x85c92560 T 0x89e80
0x97e475c T 0x4ffb8
0xb6c N 0xb70
0xb6c T 0x4ffb8
0x97e475c T 0x4ffb8
0xade1ca98 N 0xade1ca9c
0x85c92560 T 0x195c
0x85c92560 N 0x85c92564
0x68c0c344 T 0xc20b0
0x34c N 0x350
0x7550 T 0x380
0xade1ca98 T 0x89e80
0x3a5cf8 T 0x195c
0x3a5cf8 T 0xb58
0x7550 T 0xb58
0xade1ca98 T 0x89e80
0x85c92560 N 0x85c92564
0x68c0c344 T 0x9c4
0x7550 T 0x380
0xade1ca98 T 0x89e80
0x97e475c N 0x97e4760
0xade1ca98 T 0x195c
0xb6c T 0xc20b0
0xade1ca98 T 0x195c
0x68c0c344 T 0x4ffb8
0xb6c N 0xb70
0x85c92560 T 0x195c
0x34c N 0x350
0x34c T 0x9c4
0x68c0c344 N 0x68c0c348
0x34c T 0xcc35c850
0xb6c T 0x9c4
0x7550 N 0x7554
0x68c0c344 N 0x68c0c348
0xade1ca98 N 0xade1ca9c
0x68c0c344 N 0x68c0c348
0x68c0c344 T 0xcc35c850
0xb6c T 0xcc35c850
0x7550 T 0x195c
0x7550 N 0x7554
0x3a5cf8 T 0x89e80
0x34c T 0x4ffb8
0x68c0c344 T 0x9c4
0x3a5cf8 N 0x3a5cfc
0x34c T 0xcc35c850
0x3a5cf8 T 0xb58
0x3a5cf8 T 0xb58
0x68c0c344 T 0x9c4
0x34c T 0xcc35c850
0xb6c T 0x9c4
0x3a5cf8 T 0xb58
0x3a5cf8 T 0xb58
0x85c92560 N 0x85c92564
0x85c92560 N 0x85c92564
0xb6c N 0xb70
0x3a5cf8 T 0x380
0x34c N 0x350
0xb6c T 0x9c4
0xb6c T 0x4ffb8
0x68c0c344 T 0x4ffb8
0x34c N 0x350
0xb6c T 0x9c4
0x34c N 0x350
0x97e475c N 0x97e4760
0xade1ca98 T 0xb58
0x97e475c T 0xc20b0
0x97e475c N 0x97e4760
0x85c92560 T 0x195c
0x3a5cf8 T 0x380
0xade1ca98 N 0xade1ca9c
0xade1ca98 T 0x195c
0xb6c T 0xc20b0
0x34c N 0x350
0xb6c T 0x9c4
0x7550 T 0x195c
0xade1ca98 T 0x89e80
0xb6c N 0xb70
0x68c0c344 T 0x4ffb8
0x97e475c T 0xcc35c850
0x85c92560 N 0x85c92564
0xb6c T 0xc20b0
0x85c92560 N 0x85c92564
0x85c92560 T 0x380
0x34c N 0x350
0x85c92560 T 0x380
0xb6c N 0xb70
0xb6c N 0xb70
0x7550 T 0x380
0x7550 N 0x7554
0x68c0c344 T 0x4ffb8
0x7550 T 0x89e80
0x7550 T 0x89e80
0x68c0c344 N 0x68c0c348
0xb6c T 0xcc35c850
0x3a5cf8 N 0x3a5cfc
0x7550 T 0xb58
0xb6c T 0x4ffb8
0x34c T 0x4ffb8
0x34c N 0x350
0x97e475c N 0x97e4760
0xade1ca98 N 0xade1ca9c
0x68c0c344 T 0xc20b0
0x85c92560 T 0x195c
0x7550 T 0x380
0xade1ca98 T 0x89e80
0x3a5cf8 T 0x195c
0x85c92560 T 0xb58
0x3a5cf8 N 0x3a5cfc
0x97e475c T 0xcc35c850
0x85c92560 N 0x85c92564
0xb6c N 0xb70
0xade1ca98 T 0x380
0x7550 T 0x195c
0xade1ca98 T 0x89e80
0x3a5cf8 T 0x195c
0x68c0c344 T 0x4ffb8
0x3a5cf8 T 0xb58
0x3a5cf8 T 0xb58
0x85c92560 T 0xb58
0x7550 T 0x380
0x3a5cf8 T 0x89e80
0x7550 N 0x7554
0x68c0c344 T 0xcc35c850
0xb6c T 0xcc35c850
0x85c92560 N 0x85c92564
0x3a5cf8 N 0x3a5cfc
0x7550 T 0xb58
0x97e475c N 0x97e4760
0x85c92560 T 0x89e80
0x85c92560 T 0x380
0xade1ca98 T 0x380
0xade1ca98 N 0xade1ca9c
0x34c T 0xc20b0
0x85c92560 N 0x85c92564
0x68c0c344 T 0x9c4
0x68c0c344 T 0xcc35c850
0x97e475c N 0x97e4760
0x3a5cf8 T 0x380
0x34c N 0x350
0x97e475c N 0x97e4760
0x34c N 0x350
0xb6c N 0xb70
0xade1ca98 T 0xb58
0x34c N 0x350
0xb6c T 0x9c4
0x68c0c344 N 0x68c0c348
0x68c0c344 T 0xcc35c850
0x85c92560 N 0x85c92564
0xade1ca98 N 0xade1ca9c
0x34c T 0xcc35c850
0x97e475c T 0x9c4
0xb6c T 0xc20b0
0x97e475c T 0x4ffb8
0x34c T 0xc20b0
0x97e475c N 0x97e4760
0x3a5cf8 N 0x3a5cfc
0xade1ca98 T 0xb58
0xade1ca98 N 0xade1ca9c
0x7550 T 0x195c
0x97e475c N 0x97e4760
0x3a5cf8 T 0x89e80
0x85c92560 T 0xb58
0x97e475c N 0x97e4760
0x3a5cf8 T 0x380
0xade1ca98 N 0xade1ca9c
0x3a5cf8 N 0x3a5cfc
0xade1ca98 T 0xb58
0x34c T 0xc20b0
0xade1ca98 N 0xade1ca9c
0x3a5cf8 T 0x195c
0x3a5cf8 N 0x3a5cfc
0xade1ca98 T 0xb58
0x68c0c344 N 0x68c0c348
0xb6c N 0xb70
0xb6c T 0x4ffb8
0x85c92560 N 0x85c92564
0xb6c T 0x4ffb8
0x7550 N 0x7554
0xade1ca98 T 0x89e80
0x3a5cf8 N 0x3a5cfc
0x7550 N 0x7554
0xade1ca98 T 0x89e80
0x34c T 0x4ffb8
0x68c0c344 N 0x68c0c348
0xade1ca98 T 0x195c
0x97e475c N 0x97e4760
0x85c92560 N 0x85c92564
0x85c92560 N 0x85c92564
0x85c92560 N 0x85c92564
0x85c92560 T 0x380
0x68c0c344 N 0x68c0c348
0x34c T 0xcc35c850
0x97e475c N 0x97e4760
0x3a5cf8 T 0x380
0x68c0c344 N 0x68c0c348
0x34c T 0xcc35c850
0x3a5cf8 N 0x3a5cfc
0x34c T 0x9c4
0x7550 T 0xb58
0xade1ca98 N 0xade1ca9c
0x34c N 0x350
0xade1ca98 T 0x195c
0x34c N 0x350
0x85c92560 T 0x195c
0x85c92560 N 0x85c92564
0x68c0c344 T 0x9c4
0x97e475c T 0xcc35c850
0x97e475c T 0xc20b0
0x97e475c T 0xc20b0
0x7550 N 0x7554
0xb6c N 0xb70
0x85c92560 T 0x89e80
0x97e475c T 0x4ffb8
0x3a5cf8 N 0x3a5cfc
0x68c0c344 T 0xc20b0
0x7550 N 0x7554
0x3a5cf8 T 0x89e80
0xb6c N 0xb70
0xb6c T 0x4ffb8
0x3a5cf8 T 0xb58
0x68c0c344 T 0x4ffb8
0x97e475c T 0xcc35c850
0xb6c T 0xc20b0
0x68c0c344 T 0x4ffb8
0x85c92560 T 0xb58
0x85c92560 T 0x380
0x3a5cf8 N 0x3a5cfc
0x7550 N 0x7554
0x34c N 0x350
0x34c T 0x9c4
0x68c0c344 N 0x68c0c348
0x85c92560 N 0x85c92564
0x3a5cf8 T 0x380
0x34c T 0xcc35c850
0x97e475c N 0x97e4760
0x97e475c T 0xc20b0
0x3a5cf8 N 0x3a5cfc
0x68c0c344 N 0x68c0c348
0xade1ca98 N 0xade1ca9c
0xade1ca98 N 0xade1ca9c
0x85c92560 N 0x85c92564
0x97e475c N 0x97e4760
0x85c92560 N 0x85c92564
0x85c92560 N 0x85c92564
0x97e475c N 0x97e4760
0x85c92560 N 0x85c92564
0xade1ca98 N 0xade1ca9c
0xade1ca98 T 0x195c
0x3a5cf8 N 0x3a5cfc
0xb6c T 0xc20b0
0x34c T 0x4ffb8
0x7550 N 0x7554
0x3a5cf8 N 0x3a5cfc
0xade1ca98 T 0xb58
0x7550 N 0x7554
0x7550 N 0x7554
0x34c T 0x9c4
0xb6c N 0xb70
0x34c T 0x4ffb8
0x97e475c N 0x97e4760
0x7550 T 0x89e80
0x85c92560 T 0x89e80
0x34c T 0xc20b0
0x68c0c344 N 0x68c0c348
0x68c0c344 N 0x68c0c348
0x85c92560 N 0x85c92564
0x3a5cf8 N 0x3a5cfc
0xb6c T 0xcc35c850
0xb6c N 0xb70
0x85c92560 T 0xb58
0x3a5cf8 T 0x380
0x85c92560 N 0x85c92564
0x7550 N 0x7554
0x85c92560 N 0x85c92564
0x34c T 0x4ffb8
0x34c T 0x9c4
0x85c92560 T 0x380
0x68c0c344 T 0x9c4
0x68c0c344 T 0xcc35c850
0x34c N 0x350
0x68c0c344 T 0x9c4
0x3a5cf8 N 0x3a5cfc
0x7550 N 0x7554
0x34c T 0xcc35c850
0xb6c N 0xb70
0xade1ca98 T 0x89e80
0xade1ca98 N 0xade1ca9c
0x7550 N 0x7554
0xade1ca98 N 0xade1ca9c
0x85c92560 N 0x85c92564
0xb6c N 0xb70
0xb6c T 0x4ffb8
0x34c T 0x4ffb8
0x68c0c344 T 0x9c4
0x97e475c T 0xcc35c850
0x97e475c T 0xc20b0
0xade1ca98 N 0xade1ca9c
0x3a5cf8 N 0x3a5cfc
0xade1ca98 T 0xb58
0x7550 T 0x195c
0x97e475c T 0xc20b0
0x97e475c N 0x97e4760
0x68c0c344 N 0x68c0c348
0x68c0c344 N 0x68c0c348
0x68c0c344 T 0xcc35c850
0x7550 N 0x7554
0x68c0c344 T 0xcc35c850
0x68c0c344 T 0xcc35c850
0x85c92560 N 0x85c92564
0x85c92560 T 0x380
0xb6c T 0xcc35c850
0x7550 T 0x380
0x7550 N 0x7554
0x68c0c344 T 0x4ffb8
0x7550 N 0x7554
0xade1ca98 N 0xade1ca9c
0x7550 T 0x195c
0x85c92560 N 0x85c92564
0x3a5cf8 N 0x3a5cfc
0x85c92560 T 0xb58
0x68c0c344 T 0xcc35c850
0x7550 T 0x380
0xb6c N 0xb70
0x34c N 0x350
0x85c92560 N 0x85c92564
0x68c0c344 N 0x68c0c348
0x68c0c344 N 0x68c0c348
0x85c92560 T 0x380
0x34c N 0x350
0x97e475c T 0x9c4
0xb6c T 0xc20b0
0xb6c T 0x4ffb8
0x85c92560 N 0x85c92564
0xb6c N 0xb70
0x34c T 0x4ffb8
0x34c N 0x350
0xb6c N 0xb70
0x68c0c344 T 0x4ffb8
0x3a5cf8 T 0x380
0x34c N 0x350
0x97e475c N 0x97e4760
0x34c N 0x350
0x7550 N 0x7554
0x68c0c344 N 0x68c0c348
0xb6c N 0xb70
0x7550 N 0x7554
0x68c0c344 T 0x4ffb8
0x68c0c344 T 0xcc35c850
0x68c0c344 N 0x68c0c348
0xb6c T 0xcc35c850
0x85c92560 N 0x85c92564
0x3a5cf8 T 0x380
0x68c0c344 T 0x4ffb8
0x68c0c344 N 0x68c0c348
0xade1ca98 N 0xade1ca9c
0x34c T 0xcc35c850
0x85c92560 N 0x85c92564
0xb6c T 0x9c4
0x3a5cf8 T 0x380
0x85c92560 N 0x85c92564
0xb6c N 0xb70
0x3a5cf8 N 0x3a5cfc
0xb6c T 0x4ffb8
0xade1ca98 T 0xb58
0x85c92560 T 0x195c
0xb6c T 0x4ffb8
0x7550 N 0x7554
0xb6c N 0xb70
0xb6c N 0xb70
0x68c0c344 N 0x68c0c348
0x68c0c344 N 0x68c0c348
0x3a5cf8 T 0x89e80
0x68c0c344 N 0x68c0c348
0x3a5cf8 N 0x3a5cfc
0xade1ca98 N 0xade1ca9c
0x7550 N 0x7554
0x68c0c344 N 0x68c0c348
0x97e475c N 0x97e4760
0xb6c N 0xb70
0x68c0c344 T 0x4ffb8
0x97e475c N 0x97e4760
0xade1ca98 N 0xade1ca9c
0x34c T 0xc20b0
0xade1ca98 N 0xade1ca9c
0x34c T 0x9c4
0x97e475c T 0x9c4
0x3a5cf8 T 0x195c
0x7550 N 0x7554
0x68c0c344 T 0xc20b0
0xb6c T 0xcc35c850
0x85c92560 N 0x85c92564
0xb6c N 0xb70
0xade1ca98 T 0x380
0x85c92560 N 0x85c92564
0x7550 T 0x380
0x3a5cf8 T 0x89e80
0xb6c N 0xb70
0x34c N 0x350
0x68c0c344 N 0x68c0c348
0x3a5cf8 N 0x3a5cfc
0xb6c T 0xcc35c850
0x97e475c N 0x97e4760
0x85c92560 N 0x85c92564
0x97e475c T 0xc20b0
0x97e475c T 0xc20b0
0x97e475c T 0xc20b0
0xade1ca98 T 0x380
0xade1ca98 T 0x195c
0x34c N 0x350
0x3a5cf8 T 0x195c
0x34c N 0x350
0x85c92560 N 0x85c92564
0x34c N 0x350
0x97e475c N 0x97e4760
0x3a5cf8 T 0x380
0x7550 T 0xb58
0x3a5cf8 T 0x89e80
0x97e475c T 0xc20b0
0x68c0c344 T 0xc20b0
0x68c0c344 N 0x68c0c348
0x68c0c344 T 0xcc35c850
0xb6c N 0xb70
0xb6c N 0xb70
0x85c92560 T 0xb58
0x3a5cf8 N 0x3a5cfc
0x7550 N 0x7554
0x7550 T 0x89e80
0x85c92560 T 0x89e80
0xb6c T 0x4ffb8
0x3a5cf8 N 0x3a5cfc
0x97e475c T 0x4ffb8
0x85c92560 T 0xb58
0xade1ca98 N 0xade1ca9c
0x97e475c N 0x97e4760
0x97e475c T 0xc20b0
0x85c92560 N 0x85c92564
0x97e475c T 0xc20b0
0x85c92560 T 0x380
0x97e475c N 0x97e4760
0x34c N 0x350
0x34c T 0x9c4
0xb6c N 0xb70
0x68c0c344 N 0x68c0c348
0x68c0c344 N 0x68c0c348
0x85c92560 N 0x85c92564
0xade1ca98 N 0xade1ca9c
0x97e475c N 0x97e4760
0x34c N 0x350
0x34c N 0x350
0x68c0c344 N 0x68c0c348
0x34c T 0xcc35c850
0x7550 T 0x195c
0x85c92560 T 0x89e80
0x97e475c N 0x97e4760
0x3a5cf8 T 0x380
0xb6c N 0xb70
0x68c0c344 N 0x68c0c348
0x97e475c N 0x97e4760
0xb6c T 0xc20b0
0x68c0c344 T 0x4ffb8
0x97e475c N 0x97e4760
0x68c0c344 N 0x68c0c348
0x85c92560 N 0x85c92564
0x34c N 0x350
0x68c0c344 N 0x68c0c348
0x68c0c344 N 0x68c0c348
0x85c92560 N 0x85c92564
0xade1ca98 T 0x380
0x34c N 0x350
0xb6c T 0x9c4
0x3a5cf8 N 0x3a5cfc
0x97e475c N 0x97e4760
0x68c0c344 T 0xc20b0
0x85c92560 N 0x85c92564
0x3a5cf8 N 0x3a5cfc
0x34c N 0x350
0x7550 T 0xb58
0x85c92560 T 0x89e80
0x97e475c T 0x9c4
0x68c0c344 T 0xc20b0
0x7550 T 0x380
0xade1ca98 N 0xade1ca9c
0x34c N 0x350
0x3a5cf8 T 0x195c
0x68c0c344 T 0x9c4
0x97e475c T 0xcc35c850
0x85c92560 T 0xb58
0x34c N 0x350
0x3a5cf8 T 0x380
0x3a5cf8 N 0x3a5cfc
0x68c0c344 N 0x68c0c348
0x97e475c T 0xcc35c850
0x34c N 0x350
0xb6c N 0xb70
0x85c92560 N 0x85c92564
0x85c92560 T 0x380
0xb6c T 0x4ffb8
0x68c0c344 N 0x68c0c348
0x34c T 0xcc35c850
0xb6c N 0xb70
0x97e475c T 0x4ffb8
0x7550 N 0x7554
0x85c92560 N 0x85c92564
0x85c92560 T 0x380
0x7550 T 0x380
0x7550 T 0x89e80
0x34c N 0x350
0x34c N 0x350
0x3a5cf8 N 0x3a5cfc
0x7550 N 0x7554
0x68c0c344 N 0x68c0c348
0x97e475c T 0xcc35c850
0x68c0c344 N 0x68c0c348
0xade1ca98 T 0x89e80
0x7550 N 0x7554
0x85c92560 T 0x89e80
0xade1ca98 T 0x380
0x68c0c344 N 0x68c0c348
0x7550 T 0x195c
0x3a5cf8 N 0x3a5cfc
0x34c T 0xcc35c850
0x3a5cf8 T 0xb58
0x85c92560 T 0xb58
0x85c92560 T 0x380
0x34c N 0x350
0xb6c T 0x9c4
0x97e475c N 0x97e4760
0x7550 N 0x7554
0xb6c T 0xc20b0
0x3a5cf8 N 0x3a5cfc
0x85c92560 T 0xb58
0xb6c N 0xb70
0x3a5cf8 N 0x3a5cfc
0xade1ca98 N 0xade1ca9c
0xade1ca98 T 0x195c
0x97e475c N 0x97e4760
0xb6c N 0xb70
0x97e475c N 0x97e4760
0x7550 T 0x195c
0x68c0c344 N 0x68c0c348
0xade1ca98 N 0xade1ca9c
0x68c0c344 N 0x68c0c348
0x85c92560 T 0x195c
0xb6c T 0xcc35c850
0x85c92560 N 0x85c92564
0x34c T 0x4ffb8
0xade1ca98 N 0xade1ca9c
0x7550 N 0x7554
0x3a5cf8 N 0x3a5cfc
0x85c92560 N 0x85c92564
0xb6c T 0x9c4
0x34c N 0x350
0x97e475c T 0x9c4
0x68c0c344 N 0x68c0c348
0xade1ca98 T 0x380
0x97e475c T 0xcc35c850
0x85c92560 T 0x195c
0x3a5cf8 T 0x380
0x3a5cf8 N 0x3a5cfc
0x3a5cf8 N 0x3a5cfc
0x34c N 0x350
0x34c N 0x350
0x7550 N 0x7554
0x34c T 0x9c4
0x97e475c N 0x97e4760
0x68c0c344 T 0xc20b0
0x34c N 0x350
0xb6c N 0xb70
0xade1ca98 N 0xade1ca9c
0x97e475c T 0x4ffb8
0x68c0c344 T 0xc20b0
0xade1ca98 T 0x195c
0x34c N 0x350
0x85c92560 T 0x195c
0x97e475c T 0x9c4
0x34c N 0x350
0xade1ca98 N 0xade1ca9c
0xb6c T 0x9c4
0xb6c N 0xb70
0x3a5cf8 N 0x3a5cfc
0x3a5cf8 T 0xb58
0x85c92560 T 0xb58
0xb6c N 0xb70
0x7550 T 0x380
0x7550 T 0x89e80
0x97e475c N 0x97e4760
0x34c T 0xc20b0
0x34c N 0x350
0x85c92560 N 0x85c92564
0x85c92560 T 0x380
0x97e475c N 0x97e4760
0xb6c N 0xb70
0x34c N 0x350
0x68c0c344 N 0x68c0c348
0xade1ca98 N 0xade1ca9c
0xade1ca98 N 0xade1ca9c
0xb6c T 0xcc35c850
0x85c92560 T 0x195c
0x34c N 0x350
0x7550 T 0x380
0x97e475c T 0x9c4
0x68c0c344 T 0xc20b0
0x7550 T 0x89e80
0x85c92560 T 0x89e80
0xade1ca98 N 0xade1ca9c
0xb6c N 0xb70
0x97e475c N 0x97e4760
0x7550 T 0x195c
0x97e475c N 0x97e4760
0xb6c T 0xc20b0
0x68c0c344 N 0x68c0c348
0x34c N 0x350
0xade1ca98 N 0xade1ca9c
0x68c0c344 T 0x9c4
0x3a5cf8 N 0x3a5cfc
0x7550 T 0xb58
0x7550 N 0x7554
0xb6c T 0xcc35c850
0x97e475c N 0x97e4760
0x34c N 0x350
0x3a5cf8 T 0x89e80
0xb6c N 0xb70
0x68c0c344 N 0x68c0c348
0x7550 T 0xb58
0x85c92560 T 0x89e80
0x34c N 0x350
0x68c0c344 N 0x68c0c348
0xb6c N 0xb70
0x97e475c N 0x97e4760
0x85c92560 N 0x85c92564
0x85c92560 T 0x380
0x34c T 0xc20b0
0x85c92560 T 0x380
0x3a5cf8 T 0x380
0x34c N 0x350
0xb6c N 0xb70
0x7550 T 0xb58
0xade1ca98 N 0xade1ca9c
0x7550 N 0x7554
0x34c N 0x350
0x7550 T 0x89e80
0x7550 T 0x89e80
0x85c92560 T 0x89e80
0x97e475c N 0x97e4760
0x68c0c344 T 0xc20b0
0x68c0c344 N 0x68c0c348
0x97e475c N 0x97e4760
0x68c0c344 N 0x68c0c348
0xb6c N 0xb70
0x34c N 0x350
0x34c N 0x350
0x85c92560 T 0x380
0xb6c N 0xb70
0x7550 N 0x7554
0xb6c T 0x4ffb8
0x7550 N 0x7554
0x85c92560 N 0x85c92564
0xade1ca98 N 0xade1ca9c
0xb6c T 0x4ffb8
0x3a5cf8 N 0x3a5cfc
0x97e475c N 0x97e4760
0x97e475c N 0x97e4760
0x34c T 0xc20b0
0x97e475c N 0x97e4760
0xade1ca98 T 0xb58
0x34c N 0x350
0x85c92560 T 0x195c
0x3a5cf8 T 0x380
0x34c N 0x350
flush_num: 590, br_num: 844, size: 130b
