0x56e4 N 0x56e8
0xbacc N 0xbad0
0xa322648 N 0xa32264c
0x6c4 N 0x6c8
0x56e4 N 0x56e8
0xbacc N 0xbad0
0x6c4 N 0x6c8
0x56e4 N 0x56e8
0x56e4 N 0x56e8
0x56e4 T 0x1934
0xa322648 N 0xa32264c
0x56e4 N 0x56e8
0x56e4 T 0x1934
0x362fc N 0x36300
0xbacc N 0xbad0
0xbacc N 0xbad0
0xbacc N 0xbad0
0x6c4 N 0x6c8
0xbacc N 0xbad0
0x6c4 N 0x6c8
0xbacc N 0xbad0
0x362fc N 0x36300
0xbacc N 0xbad0
0x6c4 N 0x6c8
0x56e4 N 0x56e8
0xbacc N 0xbad0
0xa322648 N 0xa32264c
0xbacc N 0xbad0
0x362fc N 0x36300
0x362fc N 0x36300
0x6c4 N 0x6c8
0xbacc N 0xbad0
0x56e4 N 0x56e8
0x362fc N 0x36300
0x56e4 N 0x56e8
0x56e4 T 0x1934
0x56e4 N 0x56e8
0x6c4 N 0x6c8
0xa322648 N 0xa32264c
0xa322648 T 0x7ab28
0xbacc N 0xbad0
0xbacc T 0x48d58
0xa322648 N 0xa32264c
0xbacc T 0x48d58
0x56e4 N 0x56e8
0x362fc N 0x36300
flush_num: 22, br_num: 46, size: 73b
