0x3eecb58 N 0x3eecb5c
0x3eecb58 T 0xd8c
0xa58 N 0xa5c
0x3eecb58 N 0x3eecb5c
0x56529ac N 0x56529b0
0xa58 N 0xa5c
0x56529ac T 0xfed0c0
0x3eecb58 N 0x3eecb5c
0xa58 N 0xa5c
0x3eecb58 N 0x3eecb5c
0xa58 N 0xa5c
0x5ab8 N 0x5abc
0xa58 N 0xa5c
0x5ab8 N 0x5abc
0xa58 N 0xa5c
0x56529ac T 0xfed0c0
0x3eecb58 N 0x3eecb5c
0x56529ac T 0xfed0c0
0x3eecb58 T 0xd8c
0xa58 N 0xa5c
0xa58 T 0xc550208
0x5ab8 N 0x5abc
0x56529ac T 0xfed0c0
0x56529ac T 0xfed0c0
0x56529ac T 0xfed0c0
0x5ab8 T 0x69c8
0xa58 N 0xa5c
0x3eecb58 N 0x3eecb5c
0x56529ac T 0xfed0c0
0x5ab8 N 0x5abc
0x56529ac T 0xfed0c0
0x56529ac T 0xfed0c0
0xa58 N 0xa5c
0x3eecb58 N 0x3eecb5c
0x5ab8 N 0x5abc
0xa58 N 0xa5c
0x56529ac T 0xfed0c0
0x5ab8 N 0x5abc
0x56529ac T 0xfed0c0
0xa58 N 0xa5c
0x3eecb58 N 0x3eecb5c
0x5ab8 N 0x5abc
0x3eecb58 N 0x3eecb5c
0x3eecb58 T 0xd8c
0xa58 N 0xa5c
0x3eecb58 N 0x3eecb5c
0x5ab8 N 0x5abc
0x56529ac T 0xfed0c0
0x56529ac T 0xfed0c0
0x56529ac T 0xfed0c0
0x5ab8 T 0x69c8
0x5ab8 T 0x69c8
0x3eecb58 N 0x3eecb5c
0x3eecb58 T 0xd8c
0x3eecb58 T 0xd8c
0xa58 N 0xa5c
0x56529ac N 0x56529b0
0x5ab8 N 0x5abc
0x56529ac T 0xfed0c0
0x5ab8 T 0x69c8
0x5ab8 T 0x69c8
0x56529ac T 0xfed0c0
0xa58 N 0xa5c
0x3eecb58 N 0x3eecb5c
0x3eecb58 T 0xd8c
0x56529ac T 0xfed0c0
0x5ab8 N 0x5abc
0x5ab8 T 0x69c8
0x5ab8 T 0x69c8
0x56529ac T 0xfed0c0
0x3eecb58 N 0x3eecb5c
0x5ab8 N 0x5abc
0x5ab8 T 0x69c8
0x5ab8 T 0x69c8
0x3eecb58 N 0x3eecb5c
0x3eecb58 T 0xd8c
0x5ab8 N 0x5abc
0x3eecb58 N 0x3eecb5c
0xa58 N 0xa5c
0x56529ac T 0xfed0c0
0xa58 T 0xc550208
0x5ab8 N 0x5abc
0x5ab8 T 0x69c8
0x5ab8 T 0x69c8
0x56529ac T 0xfed0c0
0x3eecb58 N 0x3eecb5c
0x56529ac N 0x56529b0
0x3eecb58 T 0xd8c
0xa58 N 0xa5c
0x56529ac N 0x56529b0
0xa58 T 0xc550208
0x5ab8 N 0x5abc
0x3eecb58 N 0x3eecb5c
0x3eecb58 T 0xd8c
0x3eecb58 T 0xd8c
0x3eecb58 T 0xd8c
0x56529ac N 0x56529b0
0x5ab8 N 0x5abc
0x56529ac T 0xfed0c0
0x56529ac N 0x56529b0
0x5ab8 T 0x69c8
0x5ab8 T 0x69c8
0x5ab8 N 0x5abc
0x56529ac T 0xfed0c0
0x56529ac T 0xfed0c0
0x56529ac T 0xfed0c0
0x56529ac T 0xfed0c0
0xa58 N 0xa5c
0xa58 T 0xc550208
0x3eecb58 N 0x3eecb5c
0x56529ac T 0xfed0c0
0x5ab8 N 0x5abc
0x5ab8 T 0x69c8
0x56529ac N 0x56529b0
0x5ab8 T 0x69c8
0xa58 N 0xa5c
0x56529ac T 0xfed0c0
0x56529ac N 0x56529b0
0x56529ac T 0xfed0c0
0x3eecb58 N 0x3eecb5c
0x5ab8 N 0x5abc
0xa58 N 0xa5c
0x5ab8 N 0x5abc
0xa58 N 0xa5c
0x5ab8 N 0x5abc
0x56529ac T 0xfed0c0
0x5ab8 T 0x69c8
0x3eecb58 N 0x3eecb5c
0xa58 N 0xa5c
0xa58 T 0xc550208
0xa58 T 0xc550208
0x56529ac N 0x56529b0
0xa58 T 0xc550208
0xa58 T 0xc550208
0x3eecb58 N 0x3eecb5c
0xa58 N 0xa5c
0xa58 T 0xc550208
0x3eecb58 N 0x3eecb5c
0x56529ac T 0xfed0c0
0x5ab8 N 0x5abc
0x56529ac T 0xfed0c0
0x3eecb58 N 0x3eecb5c
0x5ab8 N 0x5abc
0x5ab8 T 0x69c8
0xa58 N 0xa5c
0x5ab8 N 0x5abc
0x56529ac T 0xfed0c0
0xa58 N 0xa5c
0x3eecb58 N 0x3eecb5c
0x5ab8 N 0x5abc
0x5ab8 T 0x69c8
0xa58 N 0xa5c
0x3eecb58 N 0x3eecb5c
0x5ab8 N 0x5abc
0x56529ac T 0xfed0c0
0x56529ac T 0xfed0c0
0xa58 N 0xa5c
0xa58 T 0xc550208
0xa58 T 0xc550208
0xa58 T 0xc550208
0x5ab8 N 0x5abc
0x5ab8 T 0x69c8
0x3eecb58 N 0x3eecb5c
0x56529ac T 0xfed0c0
0x3eecb58 T 0xd8c
0x56529ac T 0xfed0c0
0xa58 N 0xa5c
0xa58 T 0xc550208
0x3eecb58 N 0x3eecb5c
0xa58 N 0xa5c
0x5ab8 N 0x5abc
0xa58 N 0xa5c
0xa58 T 0xc550208
0x56529ac T 0xfed0c0
0xa58 T 0xc550208
0x56529ac N 0x56529b0
0xa58 T 0xc550208
0x5ab8 N 0x5abc
0x56529ac T 0xfed0c0
0x3eecb58 N 0x3eecb5c
0x5ab8 N 0x5abc
0x56529ac N 0x56529b0
0x56529ac T 0xfed0c0
0xa58 N 0xa5c
0x56529ac T 0xfed0c0
0xa58 T 0xc550208
0x3eecb58 N 0x3eecb5c
0x56529ac T 0xfed0c0
0x56529ac T 0xfed0c0
0xa58 N 0xa5c
0xa58 T 0xc550208
0xa58 T 0xc550208
0xa58 T 0xc550208
0x56529ac N 0x56529b0
0x3eecb58 N 0x3eecb5c
0xa58 N 0xa5c
0xa58 T 0xc550208
0x5ab8 N 0x5abc
0x5ab8 T 0x69c8
0xa58 N 0xa5c
0xa58 T 0xc550208
0x56529ac N 0x56529b0
0x56529ac T 0xfed0c0
0x5ab8 N 0x5abc
0x3eecb58 N 0x3eecb5c
0x3eecb58 T 0xd8c
0x5ab8 N 0x5abc
0x56529ac N 0x56529b0
0x3eecb58 N 0x3eecb5c
0xa58 N 0xa5c
0x5ab8 N 0x5abc
0xa58 N 0xa5c
0x3eecb58 N 0x3eecb5c
0x5ab8 N 0x5abc
0xa58 N 0xa5c
0x56529ac T 0xfed0c0
0xa58 T 0xc550208
0x56529ac T 0xfed0c0
0xa58 T 0xc550208
0xa58 T 0xc550208
0x56529ac T 0xfed0c0
0x5ab8 N 0x5abc
0x3eecb58 N 0x3eecb5c
0x5ab8 N 0x5abc
0xa58 N 0xa5c
0x3eecb58 N 0x3eecb5c
0x3eecb58 T 0xd8c
0x3eecb58 T 0xd8c
0x56529ac T 0xfed0c0
0x5ab8 N 0x5abc
0x3eecb58 N 0x3eecb5c
0x5ab8 N 0x5abc
0xa58 N 0xa5c
0xa58 T 0xc550208
0x5ab8 N 0x5abc
0x56529ac T 0xfed0c0
0xa58 N 0xa5c
0x3eecb58 N 0x3eecb5c
0x56529ac N 0x56529b0
0xa58 N 0xa5c
0xa58 T 0xc550208
0xa58 T 0xc550208
0x56529ac N 0x56529b0
0x56529ac T 0xfed0c0
0x5ab8 N 0x5abc
0x5ab8 T 0x69c8
0x3eecb58 N 0x3eecb5c
0xa58 N 0xa5c
0x3eecb58 N 0x3eecb5c
0xa58 N 0xa5c
0x5ab8 N 0x5abc
0x5ab8 T 0x69c8
0x56529ac N 0x56529b0
0xa58 N 0xa5c
0x56529ac T 0xfed0c0
0x3eecb58 N 0x3eecb5c
0x5ab8 N 0x5abc
0x3eecb58 N 0x3eecb5c
0xa58 N 0xa5c
0x56529ac T 0xfed0c0
0xa58 T 0xc550208
0x5ab8 N 0x5abc
0x5ab8 T 0x69c8
0x56529ac T 0xfed0c0
0x5ab8 T 0x69c8
0x56529ac T 0xfed0c0
0xa58 N 0xa5c
0x56529ac N 0x56529b0
0x5ab8 N 0x5abc
0xa58 N 0xa5c
0x56529ac N 0x56529b0
0x5ab8 N 0x5abc
0x5ab8 T 0x69c8
0xa58 N 0xa5c
0x3eecb58 N 0x3eecb5c
0x5ab8 N 0x5abc
0x56529ac N 0x56529b0
0x5ab8 T 0x69c8
0x5ab8 T 0x69c8
0x5ab8 T 0x69c8
0xa58 N 0xa5c
0xa58 T 0xc550208
0x5ab8 N 0x5abc
0x3eecb58 N 0x3eecb5c
0xa58 N 0xa5c
0x56529ac N 0x56529b0
0x5ab8 N 0x5abc
0x56529ac N 0x56529b0
0xa58 N 0xa5c
0xa58 T 0xc550208
0xa58 T 0xc550208
0xa58 T 0xc550208
0x5ab8 N 0x5abc
0x56529ac N 0x56529b0
0x3eecb58 N 0x3eecb5c
0x56529ac N 0x56529b0
0x3eecb58 T 0xd8c
0x56529ac T 0xfed0c0
0x5ab8 N 0x5abc
0x5ab8 T 0x69c8
0x56529ac T 0xfed0c0
0xa58 N 0xa5c
0x3eecb58 N 0x3eecb5c
0x56529ac N 0x56529b0
0x3eecb58 T 0xd8c
0x3eecb58 T 0xd8c
0xa58 N 0xa5c
0x5ab8 N 0x5abc
0xa58 N 0xa5c
0xa58 T 0xc550208
0x56529ac T 0xfed0c0
0x56529ac T 0xfed0c0
0x3eecb58 N 0x3eecb5c
0x3eecb58 T 0xd8c
0x3eecb58 T 0xd8c
0x5ab8 N 0x5abc
0x56529ac T 0xfed0c0
0x5ab8 T 0x69c8
0xa58 N 0xa5c
0x5ab8 N 0x5abc
0x5ab8 T 0x69c8
0x3eecb58 N 0x3eecb5c
0x5ab8 N 0x5abc
0x3eecb58 N 0x3eecb5c
0xa58 N 0xa5c
0xa58 T 0xc550208
0x5ab8 N 0x5abc
0x3eecb58 N 0x3eecb5c
0x56529ac N 0x56529b0
0x5ab8 N 0x5abc
0x3eecb58 N 0x3eecb5c
0x5ab8 N 0x5abc
0x56529ac N 0x56529b0
0xa58 N 0xa5c
0x5ab8 N 0x5abc
0x3eecb58 N 0x3eecb5c
0xa58 N 0xa5c
0xa58 T 0xc550208
0x56529ac T 0xfed0c0
0x3eecb58 N 0x3eecb5c
0xa58 N 0xa5c
0xa58 T 0xc550208
0x3eecb58 N 0x3eecb5c
0x3eecb58 T 0xd8c
0xa58 N 0xa5c
0x5ab8 N 0x5abc
0x3eecb58 N 0x3eecb5c
0x5ab8 N 0x5abc
0x5ab8 T 0x69c8
0xa58 N 0xa5c
0x5ab8 N 0x5abc
0x5ab8 T 0x69c8
0xa58 N 0xa5c
0xa58 T 0xc550208
0x56529ac T 0xfed0c0
0xa58 T 0xc550208
0x5ab8 N 0x5abc
0x56529ac N 0x56529b0
0x56529ac N 0x56529b0
0x56529ac N 0x56529b0
0x3eecb58 N 0x3eecb5c
0x56529ac T 0xfed0c0
0x56529ac T 0xfed0c0
0x5ab8 N 0x5abc
0x5ab8 T 0x69c8
0x56529ac N 0x56529b0
0x56529ac T 0xfed0c0
0x5ab8 T 0x69c8
0xa58 N 0xa5c
0x3eecb58 N 0x3eecb5c
0x3eecb58 T 0xd8c
0x5ab8 N 0x5abc
0xa58 N 0xa5c
0xa58 T 0xc550208
0x56529ac N 0x56529b0
0x3eecb58 N 0x3eecb5c
0xa58 N 0xa5c
0xa58 T 0xc550208
0x56529ac T 0xfed0c0
0x56529ac T 0xfed0c0
0xa58 T 0xc550208
0x5ab8 N 0x5abc
0x5ab8 T 0x69c8
0x3eecb58 N 0x3eecb5c
0xa58 N 0xa5c
0xa58 T 0xc550208
0x56529ac N 0x56529b0
0x3eecb58 N 0x3eecb5c
0xa58 N 0xa5c
0x3eecb58 N 0x3eecb5c
0xa58 N 0xa5c
0x3eecb58 N 0x3eecb5c
0x3eecb58 T 0xd8c
0x3eecb58 T 0xd8c
0x56529ac T 0xfed0c0
0x5ab8 N 0x5abc
0x56529ac T 0xfed0c0
0x56529ac N 0x56529b0
0x3eecb58 N 0x3eecb5c
0x56529ac T 0xfed0c0
0x56529ac T 0xfed0c0
0x56529ac T 0xfed0c0
0xa58 N 0xa5c
0x56529ac N 0x56529b0
0xa58 T 0xc550208
0x3eecb58 N 0x3eecb5c
0x5ab8 N 0x5abc
0x3eecb58 N 0x3eecb5c
0x56529ac T 0xfed0c0
0xa58 N 0xa5c
0x5ab8 N 0x5abc
0x5ab8 T 0x69c8
0x56529ac N 0x56529b0
0x5ab8 T 0x69c8
0xa58 N 0xa5c
0x5ab8 N 0x5abc
0x56529ac T 0xfed0c0
0x56529ac N 0x56529b0
0x5ab8 T 0x69c8
0x3eecb58 N 0x3eecb5c
0x5ab8 N 0x5abc
0x3eecb58 N 0x3eecb5c
0x3eecb58 T 0xd8c
0xa58 N 0xa5c
0x3eecb58 N 0x3eecb5c
0x5ab8 N 0x5abc
0x56529ac T 0xfed0c0
0x56529ac T 0xfed0c0
0x5ab8 T 0x69c8
0x56529ac T 0xfed0c0
0x5ab8 T 0x69c8
0xa58 N 0xa5c
0x5ab8 N 0x5abc
0xa58 N 0xa5c
0x5ab8 N 0x5abc
0x3eecb58 N 0x3eecb5c
0x5ab8 N 0x5abc
0x3eecb58 N 0x3eecb5c
0x3eecb58 T 0xd8c
0xa58 N 0xa5c
0x3eecb58 N 0x3eecb5c
0x3eecb58 T 0xd8c
0x5ab8 N 0x5abc
0x56529ac N 0x56529b0
0x56529ac N 0x56529b0
0x5ab8 T 0x69c8
0x5ab8 T 0x69c8
0x5ab8 T 0x69c8
0x56529ac T 0xfed0c0
0x5ab8 T 0x69c8
0xa58 N 0xa5c
0x5ab8 N 0x5abc
0x56529ac T 0xfed0c0
0x5ab8 T 0x69c8
0x5ab8 T 0x69c8
0x5ab8 T 0x69c8
0x5ab8 T 0x69c8
0x3eecb58 N 0x3eecb5c
0xa58 N 0xa5c
0xa58 T 0xc550208
0x5ab8 N 0x5abc
0x5ab8 T 0x69c8
0x56529ac N 0x56529b0
0xa58 N 0xa5c
0xa58 T 0xc550208
0x5ab8 N 0x5abc
0x56529ac N 0x56529b0
0x56529ac T 0xfed0c0
0x5ab8 T 0x69c8
0xa58 N 0xa5c
0x5ab8 N 0x5abc
0x5ab8 T 0x69c8
0x5ab8 T 0x69c8
0xa58 N 0xa5c
0x3eecb58 N 0x3eecb5c
0x56529ac N 0x56529b0
0xa58 N 0xa5c
0x3eecb58 N 0x3eecb5c
0xa58 N 0xa5c
0xa58 T 0xc550208
0x5ab8 N 0x5abc
0x5ab8 T 0x69c8
0x56529ac T 0xfed0c0
0x56529ac T 0xfed0c0
0x56529ac N 0x56529b0
0x56529ac T 0xfed0c0
0xa58 N 0xa5c
0x56529ac T 0xfed0c0
0x5ab8 N 0x5abc
0x5ab8 T 0x69c8
0x3eecb58 N 0x3eecb5c
0xa58 N 0xa5c
0xa58 T 0xc550208
0xa58 T 0xc550208
0x3eecb58 N 0x3eecb5c
0x5ab8 N 0x5abc
0x3eecb58 N 0x3eecb5c
0x5ab8 N 0x5abc
0x5ab8 T 0x69c8
0x56529ac N 0x56529b0
0x3eecb58 N 0x3eecb5c
0x56529ac T 0xfed0c0
0x56529ac N 0x56529b0
0x56529ac N 0x56529b0
0x5ab8 N 0x5abc
0x56529ac N 0x56529b0
0x5ab8 T 0x69c8
0x56529ac N 0x56529b0
0x56529ac N 0x56529b0
0x56529ac T 0xfed0c0
0x5ab8 T 0x69c8
0xa58 N 0xa5c
0xa58 T 0xc550208
0x56529ac T 0xfed0c0
0x3eecb58 N 0x3eecb5c
0x56529ac N 0x56529b0
0x56529ac N 0x56529b0
0x5ab8 N 0x5abc
0x3eecb58 N 0x3eecb5c
0x56529ac N 0x56529b0
0x5ab8 N 0x5abc
0x3eecb58 N 0x3eecb5c
0xa58 N 0xa5c
0x5ab8 N 0x5abc
0x3eecb58 N 0x3eecb5c
0x5ab8 N 0x5abc
0x56529ac N 0x56529b0
0x5ab8 T 0x69c8
0x5ab8 T 0x69c8
0x56529ac N 0x56529b0
0x56529ac N 0x56529b0
0x56529ac N 0x56529b0
0x56529ac N 0x56529b0
0x3eecb58 N 0x3eecb5c
0x5ab8 N 0x5abc
0x3eecb58 N 0x3eecb5c
0xa58 N 0xa5c
0x5ab8 N 0x5abc
0x3eecb58 N 0x3eecb5c
0x56529ac N 0x56529b0
0x5ab8 N 0x5abc
0x56529ac N 0x56529b0
0xa58 N 0xa5c
0x5ab8 N 0x5abc
0xa58 N 0xa5c
0x3eecb58 N 0x3eecb5c
0x5ab8 N 0x5abc
0x56529ac N 0x56529b0
0x56529ac T 0xfed0c0
0xa58 N 0xa5c
0xa58 T 0xc550208
0x3eecb58 N 0x3eecb5c
0x5ab8 N 0x5abc
0x3eecb58 N 0x3eecb5c
0x3eecb58 T 0xd8c
0xa58 N 0xa5c
0x5ab8 N 0x5abc
0xa58 N 0xa5c
0xa58 T 0xc550208
0x3eecb58 N 0x3eecb5c
0x3eecb58 T 0xd8c
0x5ab8 N 0x5abc
0x56529ac T 0xfed0c0
0xa58 N 0xa5c
0x5ab8 N 0x5abc
0x5ab8 T 0x69c8
0xa58 N 0xa5c
0xa58 T 0xc550208
0x56529ac N 0x56529b0
0x3eecb58 N 0x3eecb5c
0x56529ac N 0x56529b0
0x5ab8 N 0x5abc
0xa58 N 0xa5c
0x56529ac T 0xfed0c0
0x5ab8 N 0x5abc
0x3eecb58 N 0x3eecb5c
0x5ab8 N 0x5abc
0xa58 N 0xa5c
0xa58 T 0xc550208
0x56529ac N 0x56529b0
0xa58 T 0xc550208
0x5ab8 N 0x5abc
0x5ab8 T 0x69c8
0xa58 N 0xa5c
0xa58 T 0xc550208
0x5ab8 N 0x5abc
0xa58 N 0xa5c
0x3eecb58 N 0x3eecb5c
0x3eecb58 T 0xd8c
0x3eecb58 T 0xd8c
0x5ab8 N 0x5abc
0x5ab8 T 0x69c8
0x3eecb58 N 0x3eecb5c
0xa58 N 0xa5c
0xa58 T 0xc550208
0xa58 T 0xc550208
0x56529ac T 0xfed0c0
0xa58 T 0xc550208
0x5ab8 N 0x5abc
0x56529ac N 0x56529b0
0xa58 N 0xa5c
0x5ab8 N 0x5abc
0x56529ac N 0x56529b0
0x3eecb58 N 0x3eecb5c
0x56529ac N 0x56529b0
0xa58 N 0xa5c
0x56529ac N 0x56529b0
0xa58 T 0xc550208
0x5ab8 N 0x5abc
0x56529ac N 0x56529b0
0x5ab8 T 0x69c8
0xa58 N 0xa5c
0x56529ac N 0x56529b0
0x3eecb58 N 0x3eecb5c
0x56529ac N 0x56529b0
0x5ab8 N 0x5abc
0x56529ac N 0x56529b0
0xa58 N 0xa5c
0xa58 T 0xc550208
0xa58 N 0xa5c
0x5ab8 N 0x5abc
0x5ab8 T 0x69c8
0xa58 N 0xa5c
0x5ab8 N 0x5abc
0x3eecb58 N 0x3eecb5c
0x56529ac N 0x56529b0
0x5ab8 N 0x5abc
0x3eecb58 N 0x3eecb5c
0x56529ac N 0x56529b0
0x56529ac T 0xfed0c0
0x5ab8 N 0x5abc
0xa58 N 0xa5c
0xa58 T 0xc550208
0x3eecb58 N 0x3eecb5c
0x5ab8 N 0x5abc
0xa58 N 0xa5c
0xa58 T 0xc550208
0x3eecb58 N 0x3eecb5c
0x3eecb58 T 0xd8c
0x5ab8 N 0x5abc
0x5ab8 T 0x69c8
0x3eecb58 N 0x3eecb5c
0x56529ac N 0x56529b0
0x56529ac N 0x56529b0
0x5ab8 N 0x5abc
0x56529ac T 0xfed0c0
0x56529ac N 0x56529b0
0x56529ac N 0x56529b0
0xa58 N 0xa5c
0x5ab8 N 0x5abc
0x56529ac T 0xfed0c0
0xa58 N 0xa5c
0x5ab8 N 0x5abc
0x3eecb58 N 0x3eecb5c
0x3eecb58 T 0xd8c
0x56529ac N 0x56529b0
0xa58 N 0xa5c
0x3eecb58 N 0x3eecb5c
0xa58 N 0xa5c
0xa58 T 0xc550208
0xa58 T 0xc550208
0x5ab8 N 0x5abc
0xa58 N 0xa5c
0x56529ac N 0x56529b0
0x56529ac N 0x56529b0
0xa58 T 0xc550208
0x3eecb58 N 0x3eecb5c
0x56529ac T 0xfed0c0
0x3eecb58 T 0xd8c
0x3eecb58 T 0xd8c
0xa58 N 0xa5c
0xa58 T 0xc550208
flush_num: 335, br_num: 672, size: 123b
