0xb460964 N 0xb460968
0xb460964 N 0xb460968
0xb460964 T 0xa9d0
0xe184 N 0xe188
0xe184 N 0xe188
0xb460964 N 0xb460968
0xe184 N 0xe188
0xe184 N 0xe188
0xe184 N 0xe188
0xb460964 N 0xb460968
0xb460964 N 0xb460968
0xe184 N 0xe188
0xb460964 N 0xb460968
0xb460964 N 0xb460968
0xe184 N 0xe188
0xb460964 N 0xb460968
0xe184 N 0xe188
0xe184 N 0xe188
0xe184 T 0xfdc
0xe184 N 0xe188
0xb460964 N 0xb460968
0xb460964 N 0xb460968
0xe184 N 0xe188
0xb460964 N 0xb460968
0xb460964 N 0xb460968
0xb460964 N 0xb460968
0xe184 N 0xe188
0xe184 N 0xe188
0xb460964 N 0xb460968
0xe184 N 0xe188
0xb460964 N 0xb460968
0xb460964 N 0xb460968
0xe184 N 0xe188
0xe184 N 0xe188
0xe184 T 0xfdc
0xb460964 N 0xb460968
0xb460964 T 0xa9d0
0xe184 N 0xe188
0xb460964 N 0xb460968
0xb460964 N 0xb460968
0xe184 N 0xe188
0xe184 N 0xe188
0xb460964 N 0xb460968
0xb460964 N 0xb460968
0xb460964 N 0xb460968
0xe184 N 0xe188
0xb460964 N 0xb460968
0xb460964 N 0xb460968
0xe184 N 0xe188
0xb460964 N 0xb460968
0xe184 N 0xe188
0xe184 N 0xe188
0xb460964 N 0xb460968
0xb460964 N 0xb460968
0xb460964 T 0xa9d0
0xe184 N 0xe188
0xb460964 N 0xb460968
0xb460964 T 0xa9d0
0xe184 N 0xe188
0xe184 T 0xfdc
0xb460964 N 0xb460968
0xe184 N 0xe188
0xb460964 N 0xb460968
0xb460964 T 0xa9d0
0xb460964 N 0xb460968
0xb460964 N 0xb460968
0xb460964 T 0xa9d0
0xe184 N 0xe188
0xb460964 N 0xb460968
0xe184 N 0xe188
0xb460964 N 0xb460968
0xb460964 T 0xa9d0
0xb460964 N 0xb460968
0xe184 N 0xe188
0xe184 T 0xfdc
0xb460964 N 0xb460968
0xe184 N 0xe188
0xe184 N 0xe188
0xe184 N 0xe188
0xe184 T 0xfdc
0xe184 N 0xe188
0xb460964 N 0xb460968
0xb460964 N 0xb460968
0xe184 N 0xe188
0xe184 N 0xe188
0xe184 N 0xe188
0xb460964 N 0xb460968
0xb460964 N 0xb460968
0xe184 N 0xe188
0xe184 N 0xe188
0xb460964 N 0xb460968
0xb460964 N 0xb460968
0xb460964 T 0xa9d0
0xb460964 N 0xb460968
0xb460964 N 0xb460968
0xe184 N 0xe188
0xe184 N 0xe188
0xb460964 N 0xb460968
0xe184 N 0xe188
0xe184 N 0xe188
0xe184 N 0xe188
0xb460964 N 0xb460968
0xe184 N 0xe188
0xe184 T 0xfdc
0xe184 T 0xfdc
0xe184 T 0xfdc
0xe184 N 0xe188
0xe184 N 0xe188
0xe184 N 0xe188
0xe184 N 0xe188
0xb460964 N 0xb460968
0xe184 N 0xe188
0xe184 T 0xfdc
0xb460964 N 0xb460968
0xe184 N 0xe188
0xb460964 N 0xb460968
0xe184 N 0xe188
0xb460964 N 0xb460968
0xe184 N 0xe188
0xb460964 N 0xb460968
0xe184 N 0xe188
0xb460964 N 0xb460968
0xe184 N 0xe188
0xe184 N 0xe188
0xe184 N 0xe188
0xe184 N 0xe188
0xe184 T 0xfdc
0xe184 T 0xfdc
0xb460964 N 0xb460968
0xe184 N 0xe188
0xb460964 N 0xb460968
0xb460964 N 0xb460968
0xb460964 T 0xa9d0
0xb460964 T 0xa9d0
0xe184 N 0xe188
0xb460964 N 0xb460968
0xe184 N 0xe188
0xb460964 N 0xb460968
0xb460964 N 0xb460968
0xb460964 N 0xb460968
0xe184 N 0xe188
0xb460964 N 0xb460968
0xe184 N 0xe188
0xe184 N 0xe188
0xb460964 N 0xb460968
0xb460964 N 0xb460968
0xb460964 N 0xb460968
0xe184 N 0xe188
0xe184 N 0xe188
0xe184 T 0xfdc
0xe184 N 0xe188
0xe184 T 0xfdc
0xe184 T 0xfdc
0xb460964 N 0xb460968
0xe184 N 0xe188
0xe184 N 0xe188
0xe184 T 0xfdc
0xb460964 N 0xb460968
0xb460964 N 0xb460968
0xb460964 T 0xa9d0
0xe184 N 0xe188
0xe184 N 0xe188
0xe184 N 0xe188
0xe184 N 0xe188
0xb460964 N 0xb460968
0xb460964 T 0xa9d0
0xe184 N 0xe188
0xb460964 N 0xb460968
0xe184 N 0xe188
0xb460964 N 0xb460968
0xb460964 N 0xb460968
0xb460964 N 0xb460968
0xb460964 N 0xb460968
0xb460964 T 0xa9d0
0xb460964 N 0xb460968
0xb460964 N 0xb460968
0xb460964 N 0xb460968
0xe184 N 0xe188
0xb460964 N 0xb460968
0xe184 N 0xe188
0xb460964 N 0xb460968
0xb460964 N 0xb460968
0xe184 N 0xe188
0xe184 N 0xe188
0xb460964 N 0xb460968
0xe184 N 0xe188
0xe184 N 0xe188
0xb460964 N 0xb460968
0xb460964 N 0xb460968
0xe184 N 0xe188
0xb460964 N 0xb460968
0xb460964 T 0xa9d0
0xb460964 N 0xb460968
0xb460964 N 0xb460968
0xe184 N 0xe188
0xb460964 N 0xb460968
0xe184 N 0xe188
0xb460964 N 0xb460968
0xe184 N 0xe188
0xb460964 N 0xb460968
0xb460964 T 0xa9d0
0xe184 N 0xe188
0xe184 N 0xe188
0xb460964 N 0xb460968
0xb460964 T 0xa9d0
0xb460964 N 0xb460968
0xe184 N 0xe188
0xb460964 N 0xb460968
0xe184 N 0xe188
0xe184 N 0xe188
0xe184 T 0xfdc
0xe184 T 0xfdc
0xe184 N 0xe188
0xe184 T 0xfdc
0xb460964 N 0xb460968
0xb460964 T 0xa9d0
0xb460964 T 0xa9d0
0xe184 N 0xe188
0xe184 T 0xfdc
0xb460964 N 0xb460968
0xe184 N 0xe188
0xe184 N 0xe188
0xe184 T 0xfdc
0xe184 N 0xe188
0xb460964 N 0xb460968
0xb460964 T 0xa9d0
0xe184 N 0xe188
0xb460964 N 0xb460968
0xe184 N 0xe188
0xe184 N 0xe188
0xe184 N 0xe188
0xb460964 N 0xb460968
0xe184 N 0xe188
0xe184 N 0xe188
0xb460964 N 0xb460968
0xe184 N 0xe188
0xe184 N 0xe188
0xb460964 N 0xb460968
0xe184 N 0xe188
0xb460964 N 0xb460968
0xb460964 T 0xa9d0
0xb460964 T 0xa9d0
0xb460964 T 0xa9d0
0xb460964 N 0xb460968
0xe184 N 0xe188
0xe184 N 0xe188
0xe184 N 0xe188
0xe184 N 0xe188
0xb460964 N 0xb460968
0xb460964 N 0xb460968
0xe184 N 0xe188
0xe184 N 0xe188
0xb460964 N 0xb460968
0xe184 N 0xe188
0xe184 N 0xe188
0xe184 N 0xe188
0xe184 N 0xe188
0xe184 T 0xfdc
0xb460964 N 0xb460968
0xe184 N 0xe188
0xb460964 N 0xb460968
0xe184 N 0xe188
0xe184 N 0xe188
0xb460964 N 0xb460968
0xe184 N 0xe188
0xe184 N 0xe188
0xe184 T 0xfdc
0xb460964 N 0xb460968
0xe184 N 0xe188
0xe184 N 0xe188
0xe184 N 0xe188
0xb460964 N 0xb460968
0xb460964 N 0xb460968
0xe184 N 0xe188
0xe184 N 0xe188
0xb460964 N 0xb460968
0xe184 N 0xe188
0xb460964 N 0xb460968
0xb460964 N 0xb460968
0xb460964 N 0xb460968
0xe184 N 0xe188
0xe184 N 0xe188
0xe184 N 0xe188
0xb460964 N 0xb460968
0xb460964 N 0xb460968
0xe184 N 0xe188
0xe184 N 0xe188
0xb460964 N 0xb460968
0xb460964 N 0xb460968
0xb460964 N 0xb460968
0xe184 N 0xe188
0xb460964 N 0xb460968
0xb460964 N 0xb460968
0xe184 N 0xe188
0xb460964 N 0xb460968
0xb460964 N 0xb460968
0xe184 N 0xe188
0xb460964 N 0xb460968
0xb460964 T 0xa9d0
0xb460964 N 0xb460968
0xe184 N 0xe188
0xe184 N 0xe188
0xe184 T 0xfdc
0xb460964 N 0xb460968
0xb460964 N 0xb460968
0xb460964 T 0xa9d0
0xe184 N 0xe188
0xe184 T 0xfdc
0xb460964 N 0xb460968
0xe184 N 0xe188
0xb460964 N 0xb460968
0xb460964 N 0xb460968
0xe184 N 0xe188
0xb460964 N 0xb460968
0xe184 N 0xe188
0xb460964 N 0xb460968
0xb460964 N 0xb460968
0xb460964 T 0xa9d0
0xb460964 T 0xa9d0
0xe184 N 0xe188
0xe184 N 0xe188
0xb460964 N 0xb460968
0xb460964 N 0xb460968
0xe184 N 0xe188
0xe184 T 0xfdc
0xe184 N 0xe188
0xe184 N 0xe188
0xe184 N 0xe188
0xb460964 N 0xb460968
0xb460964 N 0xb460968
0xb460964 N 0xb460968
0xe184 N 0xe188
0xe184 N 0xe188
0xe184 N 0xe188
0xb460964 N 0xb460968
0xe184 N 0xe188
0xb460964 N 0xb460968
0xe184 N 0xe188
0xb460964 N 0xb460968
0xb460964 T 0xa9d0
0xb460964 N 0xb460968
0xb460964 N 0xb460968
0xe184 N 0xe188
0xb460964 N 0xb460968
0xe184 N 0xe188
0xb460964 N 0xb460968
0xe184 N 0xe188
0xb460964 N 0xb460968
0xb460964 N 0xb460968
0xe184 N 0xe188
0xb460964 N 0xb460968
0xe184 N 0xe188
0xe184 N 0xe188
0xb460964 N 0xb460968
0xb460964 T 0xa9d0
0xe184 N 0xe188
0xe184 N 0xe188
0xb460964 N 0xb460968
0xb460964 N 0xb460968
0xb460964 N 0xb460968
0xe184 N 0xe188
0xe184 N 0xe188
0xe184 N 0xe188
0xe184 N 0xe188
0xe184 N 0xe188
0xb460964 N 0xb460968
0xe184 N 0xe188
0xb460964 N 0xb460968
0xe184 N 0xe188
0xb460964 N 0xb460968
0xe184 N 0xe188
0xe184 N 0xe188
0xb460964 N 0xb460968
0xe184 N 0xe188
0xe184 N 0xe188
0xe184 T 0xfdc
0xb460964 N 0xb460968
0xe184 N 0xe188
0xe184 T 0xfdc
0xe184 T 0xfdc
0xb460964 N 0xb460968
0xb460964 T 0xa9d0
0xb460964 T 0xa9d0
0xb460964 N 0xb460968
0xb460964 T 0xa9d0
0xb460964 T 0xa9d0
0xb460964 N 0xb460968
0xb460964 N 0xb460968
0xb460964 N 0xb460968
0xe184 N 0xe188
0xe184 N 0xe188
0xe184 T 0xfdc
0xb460964 N 0xb460968
0xe184 N 0xe188
0xb460964 N 0xb460968
0xb460964 T 0xa9d0
0xb460964 N 0xb460968
0xe184 N 0xe188
0xb460964 N 0xb460968
0xb460964 T 0xa9d0
0xe184 N 0xe188
0xe184 T 0xfdc
0xb460964 N 0xb460968
0xb460964 T 0xa9d0
0xe184 N 0xe188
0xb460964 N 0xb460968
0xb460964 T 0xa9d0
0xe184 N 0xe188
0xb460964 N 0xb460968
0xe184 N 0xe188
0xb460964 N 0xb460968
0xe184 N 0xe188
0xb460964 N 0xb460968
0xb460964 T 0xa9d0
0xe184 N 0xe188
0xb460964 N 0xb460968
0xb460964 N 0xb460968
0xb460964 N 0xb460968
0xb460964 T 0xa9d0
0xe184 N 0xe188
0xb460964 N 0xb460968
0xb460964 N 0xb460968
0xe184 N 0xe188
0xe184 T 0xfdc
0xb460964 N 0xb460968
0xe184 N 0xe188
0xe184 N 0xe188
0xb460964 N 0xb460968
0xe184 N 0xe188
0xb460964 N 0xb460968
0xb460964 N 0xb460968
0xb460964 N 0xb460968
0xb460964 N 0xb460968
0xb460964 N 0xb460968
0xe184 N 0xe188
0xe184 N 0xe188
0xb460964 N 0xb460968
0xb460964 N 0xb460968
0xb460964 N 0xb460968
0xe184 N 0xe188
0xe184 N 0xe188
0xe184 N 0xe188
0xb460964 N 0xb460968
0xb460964 N 0xb460968
0xb460964 N 0xb460968
0xe184 N 0xe188
0xe184 N 0xe188
0xb460964 N 0xb460968
0xe184 N 0xe188
0xb460964 N 0xb460968
0xb460964 T 0xa9d0
0xe184 N 0xe188
0xb460964 N 0xb460968
0xb460964 N 0xb460968
0xe184 N 0xe188
0xe184 N 0xe188
0xb460964 N 0xb460968
0xb460964 N 0xb460968
0xb460964 N 0xb460968
0xe184 N 0xe188
0xe184 N 0xe188
0xb460964 N 0xb460968
0xe184 N 0xe188
0xb460964 N 0xb460968
0xe184 N 0xe188
0xe184 T 0xfdc
0xe184 N 0xe188
0xb460964 N 0xb460968
0xb460964 T 0xa9d0
0xb460964 N 0xb460968
0xe184 N 0xe188
0xb460964 N 0xb460968
0xb460964 N 0xb460968
0xe184 N 0xe188
0xe184 N 0xe188
0xe184 T 0xfdc
0xe184 N 0xe188
0xb460964 N 0xb460968
0xb460964 N 0xb460968
0xb460964 N 0xb460968
0xb460964 N 0xb460968
0xe184 N 0xe188
0xe184 T 0xfdc
0xb460964 N 0xb460968
0xb460964 N 0xb460968
0xb460964 N 0xb460968
0xb460964 N 0xb460968
0xe184 N 0xe188
0xb460964 N 0xb460968
0xe184 N 0xe188
0xe184 T 0xfdc
0xb460964 N 0xb460968
0xe184 N 0xe188
0xb460964 N 0xb460968
0xe184 N 0xe188
0xb460964 N 0xb460968
0xe184 N 0xe188
0xb460964 N 0xb460968
0xb460964 T 0xa9d0
0xe184 N 0xe188
0xb460964 N 0xb460968
0xb460964 N 0xb460968
0xe184 N 0xe188
0xe184 T 0xfdc
0xe184 T 0xfdc
0xe184 N 0xe188
0xb460964 N 0xb460968
0xe184 N 0xe188
0xe184 N 0xe188
0xb460964 N 0xb460968
0xb460964 T 0xa9d0
0xe184 N 0xe188
0xb460964 N 0xb460968
0xb460964 N 0xb460968
0xe184 N 0xe188
0xe184 N 0xe188
0xe184 T 0xfdc
0xb460964 N 0xb460968
0xe184 N 0xe188
0xb460964 N 0xb460968
0xe184 N 0xe188
0xe184 N 0xe188
0xe184 T 0xfdc
0xb460964 N 0xb460968
0xe184 N 0xe188
0xb460964 N 0xb460968
0xe184 N 0xe188
0xb460964 N 0xb460968
0xe184 N 0xe188
0xb460964 N 0xb460968
0xe184 N 0xe188
0xe184 N 0xe188
0xb460964 N 0xb460968
0xb460964 N 0xb460968
0xe184 N 0xe188
0xb460964 N 0xb460968
0xe184 N 0xe188
0xe184 N 0xe188
0xe184 N 0xe188
0xe184 T 0xfdc
0xe184 T 0xfdc
0xb460964 N 0xb460968
0xe184 N 0xe188
0xb460964 N 0xb460968
0xe184 N 0xe188
0xe184 N 0xe188
0xb460964 N 0xb460968
0xe184 N 0xe188
0xe184 N 0xe188
0xb460964 N 0xb460968
0xb460964 T 0xa9d0
0xb460964 N 0xb460968
0xb460964 N 0xb460968
0xb460964 N 0xb460968
0xb460964 N 0xb460968
0xb460964 N 0xb460968
0xe184 N 0xe188
0xe184 N 0xe188
0xb460964 N 0xb460968
0xe184 N 0xe188
0xb460964 N 0xb460968
0xb460964 N 0xb460968
0xb460964 N 0xb460968
0xe184 N 0xe188
0xb460964 N 0xb460968
0xb460964 N 0xb460968
0xb460964 T 0xa9d0
0xb460964 N 0xb460968
0xe184 N 0xe188
0xe184 N 0xe188
0xb460964 N 0xb460968
0xb460964 N 0xb460968
0xb460964 N 0xb460968
0xb460964 N 0xb460968
0xb460964 N 0xb460968
0xb460964 N 0xb460968
0xe184 N 0xe188
0xe184 N 0xe188
0xb460964 N 0xb460968
0xb460964 N 0xb460968
0xe184 N 0xe188
0xb460964 N 0xb460968
0xb460964 T 0xa9d0
0xe184 N 0xe188
0xb460964 N 0xb460968
0xe184 N 0xe188
0xb460964 N 0xb460968
0xe184 N 0xe188
0xe184 N 0xe188
0xb460964 N 0xb460968
0xe184 N 0xe188
0xe184 N 0xe188
0xb460964 N 0xb460968
0xb460964 N 0xb460968
0xe184 N 0xe188
0xb460964 N 0xb460968
0xb460964 N 0xb460968
0xb460964 N 0xb460968
0xb460964 N 0xb460968
0xe184 N 0xe188
0xe184 N 0xe188
0xe184 N 0xe188
0xb460964 N 0xb460968
0xb460964 N 0xb460968
0xe184 N 0xe188
0xb460964 N 0xb460968
0xb460964 N 0xb460968
0xb460964 T 0xa9d0
0xe184 N 0xe188
0xb460964 N 0xb460968
0xe184 N 0xe188
0xb460964 N 0xb460968
0xe184 N 0xe188
0xb460964 N 0xb460968
0xe184 N 0xe188
0xb460964 N 0xb460968
0xe184 N 0xe188
0xe184 N 0xe188
0xe184 N 0xe188
0xb460964 N 0xb460968
0xe184 N 0xe188
0xb460964 N 0xb460968
0xb460964 N 0xb460968
0xb460964 N 0xb460968
0xe184 N 0xe188
0xe184 N 0xe188
0xb460964 N 0xb460968
0xe184 N 0xe188
0xe184 N 0xe188
0xb460964 N 0xb460968
0xe184 N 0xe188
0xe184 T 0xfdc
0xb460964 N 0xb460968
0xe184 N 0xe188
0xe184 N 0xe188
0xe184 N 0xe188
0xe184 N 0xe188
0xe184 N 0xe188
0xe184 N 0xe188
0xe184 N 0xe188
0xe184 N 0xe188
0xe184 T 0xfdc
0xe184 N 0xe188
0xb460964 N 0xb460968
0xe184 N 0xe188
0xe184 N 0xe188
0xe184 N 0xe188
0xe184 T 0xfdc
0xb460964 N 0xb460968
0xe184 N 0xe188
0xe184 N 0xe188
0xe184 T 0xfdc
0xe184 T 0xfdc
0xe184 T 0xfdc
0xe184 T 0xfdc
0xe184 T 0xfdc
0xe184 T 0xfdc
0xb460964 N 0xb460968
0xb460964 N 0xb460968
0xe184 N 0xe188
0xe184 T 0xfdc
0xe184 N 0xe188
0xb460964 N 0xb460968
0xb460964 N 0xb460968
0xe184 N 0xe188
0xe184 N 0xe188
0xe184 N 0xe188
0xe184 N 0xe188
0xe184 N 0xe188
0xb460964 N 0xb460968
0xb460964 N 0xb460968
0xb460964 T 0xa9d0
0xe184 N 0xe188
0xe184 N 0xe188
0xe184 N 0xe188
0xb460964 N 0xb460968
0xb460964 N 0xb460968
0xe184 N 0xe188
0xe184 N 0xe188
0xe184 N 0xe188
0xe184 N 0xe188
0xe184 T 0xfdc
0xb460964 N 0xb460968
0xb460964 N 0xb460968
0xe184 N 0xe188
0xe184 T 0xfdc
0xb460964 N 0xb460968
0xb460964 N 0xb460968
0xb460964 N 0xb460968
0xb460964 T 0xa9d0
0xe184 N 0xe188
0xe184 N 0xe188
0xe184 N 0xe188
0xe184 N 0xe188
0xb460964 N 0xb460968
0xe184 N 0xe188
0xb460964 N 0xb460968
0xe184 N 0xe188
0xe184 N 0xe188
0xb460964 N 0xb460968
0xb460964 T 0xa9d0
0xb460964 N 0xb460968
0xe184 N 0xe188
0xe184 N 0xe188
0xb460964 N 0xb460968
0xb460964 N 0xb460968
0xb460964 T 0xa9d0
0xe184 N 0xe188
0xb460964 N 0xb460968
0xb460964 N 0xb460968
0xe184 N 0xe188
0xe184 T 0xfdc
0xb460964 N 0xb460968
0xe184 N 0xe188
0xe184 N 0xe188
0xe184 N 0xe188
0xe184 N 0xe188
0xe184 T 0xfdc
0xb460964 N 0xb460968
0xb460964 N 0xb460968
0xb460964 N 0xb460968
0xb460964 N 0xb460968
0xb460964 N 0xb460968
0xe184 N 0xe188
0xb460964 N 0xb460968
0xe184 N 0xe188
0xe184 N 0xe188
0xb460964 N 0xb460968
0xb460964 N 0xb460968
0xe184 N 0xe188
0xb460964 N 0xb460968
0xe184 N 0xe188
0xb460964 N 0xb460968
0xb460964 N 0xb460968
0xe184 N 0xe188
0xe184 N 0xe188
0xe184 T 0xfdc
0xb460964 N 0xb460968
0xb460964 N 0xb460968
0xb460964 T 0xa9d0
0xb460964 N 0xb460968
0xb460964 T 0xa9d0
0xb460964 T 0xa9d0
0xe184 N 0xe188
0xe184 N 0xe188
0xb460964 N 0xb460968
0xb460964 T 0xa9d0
0xb460964 T 0xa9d0
0xe184 N 0xe188
0xe184 N 0xe188
0xe184 N 0xe188
0xe184 N 0xe188
0xb460964 N 0xb460968
0xb460964 N 0xb460968
0xe184 N 0xe188
0xe184 N 0xe188
0xb460964 N 0xb460968
0xe184 N 0xe188
0xb460964 N 0xb460968
0xb460964 N 0xb460968
0xb460964 N 0xb460968
0xb460964 N 0xb460968
0xe184 N 0xe188
0xe184 T 0xfdc
0xb460964 N 0xb460968
0xb460964 N 0xb460968
0xe184 N 0xe188
0xe184 T 0xfdc
0xe184 T 0xfdc
0xb460964 N 0xb460968
0xe184 N 0xe188
0xb460964 N 0xb460968
0xb460964 T 0xa9d0
0xe184 N 0xe188
0xb460964 N 0xb460968
0xb460964 N 0xb460968
0xb460964 T 0xa9d0
0xb460964 T 0xa9d0
0xe184 N 0xe188
0xb460964 N 0xb460968
0xe184 N 0xe188
0xb460964 N 0xb460968
0xb460964 N 0xb460968
0xb460964 N 0xb460968
0xb460964 N 0xb460968
0xb460964 N 0xb460968
0xb460964 N 0xb460968
0xe184 N 0xe188
0xe184 T 0xfdc
0xe184 N 0xe188
0xe184 N 0xe188
0xe184 N 0xe188
0xe184 T 0xfdc
0xe184 T 0xfdc
0xb460964 N 0xb460968
0xe184 N 0xe188
0xe184 N 0xe188
0xb460964 N 0xb460968
0xb460964 N 0xb460968
0xb460964 T 0xa9d0
0xb460964 T 0xa9d0
0xb460964 T 0xa9d0
0xe184 N 0xe188
0xb460964 N 0xb460968
0xe184 N 0xe188
0xb460964 N 0xb460968
0xe184 N 0xe188
0xb460964 N 0xb460968
0xe184 N 0xe188
0xb460964 N 0xb460968
0xb460964 T 0xa9d0
0xe184 N 0xe188
0xb460964 N 0xb460968
0xb460964 N 0xb460968
0xe184 N 0xe188
0xb460964 N 0xb460968
0xb460964 T 0xa9d0
0xb460964 N 0xb460968
0xb460964 N 0xb460968
0xb460964 T 0xa9d0
0xb460964 T 0xa9d0
0xb460964 T 0xa9d0
0xb460964 T 0xa9d0
0xb460964 T 0xa9d0
0xb460964 N 0xb460968
0xe184 N 0xe188
0xb460964 N 0xb460968
0xe184 N 0xe188
0xb460964 N 0xb460968
0xe184 N 0xe188
0xe184 T 0xfdc
0xb460964 N 0xb460968
0xb460964 N 0xb460968
0xb460964 N 0xb460968
0xe184 N 0xe188
0xe184 N 0xe188
0xb460964 N 0xb460968
0xe184 N 0xe188
0xb460964 N 0xb460968
0xb460964 N 0xb460968
0xb460964 N 0xb460968
0xb460964 N 0xb460968
0xe184 N 0xe188
0xb460964 N 0xb460968
0xb460964 N 0xb460968
0xe184 N 0xe188
0xb460964 N 0xb460968
0xb460964 T 0xa9d0
0xb460964 N 0xb460968
0xe184 N 0xe188
0xb460964 N 0xb460968
0xb460964 N 0xb460968
0xe184 N 0xe188
0xb460964 N 0xb460968
0xe184 N 0xe188
0xe184 N 0xe188
0xe184 N 0xe188
0xe184 N 0xe188
0xb460964 N 0xb460968
0xb460964 T 0xa9d0
0xb460964 N 0xb460968
0xb460964 N 0xb460968
0xb460964 T 0xa9d0
0xe184 N 0xe188
0xb460964 N 0xb460968
0xe184 N 0xe188
0xe184 N 0xe188
0xe184 N 0xe188
0xe184 T 0xfdc
0xe184 T 0xfdc
0xe184 N 0xe188
0xb460964 N 0xb460968
0xb460964 N 0xb460968
0xb460964 N 0xb460968
0xb460964 N 0xb460968
0xb460964 N 0xb460968
0xe184 N 0xe188
0xe184 N 0xe188
0xb460964 N 0xb460968
0xb460964 N 0xb460968
0xb460964 N 0xb460968
0xe184 N 0xe188
0xe184 N 0xe188
0xe184 N 0xe188
0xb460964 N 0xb460968
0xe184 N 0xe188
0xb460964 N 0xb460968
0xb460964 N 0xb460968
0xe184 N 0xe188
0xb460964 N 0xb460968
0xb460964 T 0xa9d0
0xb460964 T 0xa9d0
0xb460964 T 0xa9d0
0xe184 N 0xe188
0xe184 T 0xfdc
0xb460964 N 0xb460968
0xe184 N 0xe188
0xb460964 N 0xb460968
0xe184 N 0xe188
0xe184 N 0xe188
0xb460964 N 0xb460968
0xb460964 T 0xa9d0
0xe184 N 0xe188
0xb460964 N 0xb460968
0xe184 N 0xe188
0xb460964 N 0xb460968
0xe184 N 0xe188
0xb460964 N 0xb460968
0xb460964 T 0xa9d0
0xe184 N 0xe188
0xe184 N 0xe188
0xb460964 N 0xb460968
0xb460964 T 0xa9d0
0xb460964 T 0xa9d0
0xe184 N 0xe188
0xb460964 N 0xb460968
0xb460964 T 0xa9d0
0xb460964 N 0xb460968
0xe184 N 0xe188
0xe184 N 0xe188
0xe184 N 0xe188
0xe184 N 0xe188
0xb460964 N 0xb460968
0xb460964 N 0xb460968
0xe184 N 0xe188
0xb460964 N 0xb460968
0xe184 N 0xe188
0xb460964 N 0xb460968
0xb460964 N 0xb460968
0xe184 N 0xe188
0xb460964 N 0xb460968
0xe184 N 0xe188
0xb460964 N 0xb460968
0xb460964 N 0xb460968
0xb460964 T 0xa9d0
0xb460964 T 0xa9d0
0xe184 N 0xe188
0xb460964 N 0xb460968
0xe184 N 0xe188
0xe184 N 0xe188
0xb460964 N 0xb460968
0xb460964 N 0xb460968
0xb460964 N 0xb460968
0xb460964 T 0xa9d0
0xe184 N 0xe188
0xe184 N 0xe188
0xe184 T 0xfdc
0xb460964 N 0xb460968
0xe184 N 0xe188
0xb460964 N 0xb460968
0xb460964 T 0xa9d0
0xe184 N 0xe188
0xb460964 N 0xb460968
0xe184 N 0xe188
0xb460964 N 0xb460968
0xe184 N 0xe188
0xb460964 N 0xb460968
0xe184 N 0xe188
0xe184 N 0xe188
0xb460964 N 0xb460968
0xb460964 T 0xa9d0
0xb460964 N 0xb460968
0xe184 N 0xe188
0xe184 N 0xe188
0xe184 N 0xe188
0xb460964 N 0xb460968
0xe184 N 0xe188
0xe184 T 0xfdc
0xe184 N 0xe188
0xb460964 N 0xb460968
0xe184 N 0xe188
0xb460964 N 0xb460968
0xe184 N 0xe188
0xb460964 N 0xb460968
0xb460964 N 0xb460968
0xb460964 N 0xb460968
0xb460964 N 0xb460968
0xb460964 N 0xb460968
0xe184 N 0xe188
0xb460964 N 0xb460968
0xb460964 N 0xb460968
0xb460964 T 0xa9d0
0xe184 N 0xe188
0xb460964 N 0xb460968
0xb460964 T 0xa9d0
0xb460964 T 0xa9d0
0xe184 N 0xe188
0xb460964 N 0xb460968
0xe184 N 0xe188
0xb460964 N 0xb460968
0xe184 N 0xe188
0xe184 N 0xe188
0xe184 N 0xe188
0xe184 N 0xe188
0xb460964 N 0xb460968
0xb460964 N 0xb460968
0xe184 N 0xe188
0xb460964 N 0xb460968
0xe184 N 0xe188
0xe184 N 0xe188
0xb460964 N 0xb460968
0xb460964 T 0xa9d0
0xe184 N 0xe188
0xb460964 N 0xb460968
0xb460964 T 0xa9d0
0xe184 N 0xe188
0xb460964 N 0xb460968
0xe184 N 0xe188
0xb460964 N 0xb460968
0xe184 N 0xe188
0xe184 T 0xfdc
0xb460964 N 0xb460968
0xe184 N 0xe188
0xe184 T 0xfdc
0xb460964 N 0xb460968
0xb460964 N 0xb460968
0xb460964 N 0xb460968
0xe184 N 0xe188
0xe184 N 0xe188
0xb460964 N 0xb460968
0xb460964 T 0xa9d0
0xe184 N 0xe188
0xb460964 N 0xb460968
0xb460964 N 0xb460968
0xb460964 N 0xb460968
0xe184 N 0xe188
0xb460964 N 0xb460968
0xb460964 N 0xb460968
0xe184 N 0xe188
0xb460964 N 0xb460968
0xb460964 N 0xb460968
0xe184 N 0xe188
0xb460964 N 0xb460968
0xe184 N 0xe188
0xe184 N 0xe188
0xe184 N 0xe188
0xb460964 N 0xb460968
0xb460964 T 0xa9d0
0xe184 N 0xe188
0xb460964 N 0xb460968
0xe184 N 0xe188
0xe184 N 0xe188
0xb460964 N 0xb460968
0xb460964 N 0xb460968
0xe184 N 0xe188
0xe184 T 0xfdc
0xe184 N 0xe188
0xe184 N 0xe188
0xb460964 N 0xb460968
0xb460964 T 0xa9d0
0xe184 N 0xe188
0xe184 N 0xe188
0xe184 T 0xfdc
0xe184 N 0xe188
0xe184 T 0xfdc
0xe184 T 0xfdc
0xe184 N 0xe188
0xe184 N 0xe188
0xe184 N 0xe188
0xe184 N 0xe188
0xe184 N 0xe188
0xe184 N 0xe188
0xb460964 N 0xb460968
0xe184 N 0xe188
0xb460964 N 0xb460968
0xb460964 N 0xb460968
0xe184 N 0xe188
0xb460964 N 0xb460968
0xb460964 N 0xb460968
0xe184 N 0xe188
0xb460964 N 0xb460968
0xe184 N 0xe188
0xb460964 N 0xb460968
0xe184 N 0xe188
0xb460964 N 0xb460968
0xe184 N 0xe188
0xb460964 N 0xb460968
0xb460964 N 0xb460968
0xb460964 T 0xa9d0
0xb460964 T 0xa9d0
0xb460964 N 0xb460968
0xe184 N 0xe188
0xe184 N 0xe188
0xe184 N 0xe188
0xb460964 N 0xb460968
0xe184 N 0xe188
0xb460964 N 0xb460968
0xb460964 T 0xa9d0
0xb460964 T 0xa9d0
0xe184 N 0xe188
0xb460964 N 0xb460968
0xe184 N 0xe188
0xb460964 N 0xb460968
0xb460964 N 0xb460968
0xb460964 N 0xb460968
0xb460964 T 0xa9d0
0xe184 N 0xe188
0xb460964 N 0xb460968
0xb460964 T 0xa9d0
0xb460964 T 0xa9d0
0xe184 N 0xe188
0xe184 N 0xe188
0xb460964 N 0xb460968
0xe184 N 0xe188
0xb460964 N 0xb460968
0xe184 N 0xe188
0xb460964 N 0xb460968
0xb460964 T 0xa9d0
0xe184 N 0xe188
0xe184 N 0xe188
0xb460964 N 0xb460968
0xe184 N 0xe188
0xb460964 N 0xb460968
0xe184 N 0xe188
0xe184 T 0xfdc
0xb460964 N 0xb460968
0xb460964 N 0xb460968
0xb460964 N 0xb460968
0xb460964 N 0xb460968
0xe184 N 0xe188
0xb460964 N 0xb460968
0xe184 N 0xe188
0xe184 N 0xe188
0xb460964 N 0xb460968
0xe184 N 0xe188
0xb460964 N 0xb460968
0xe184 N 0xe188
0xe184 N 0xe188
0xe184 N 0xe188
0xe184 N 0xe188
0xe184 N 0xe188
0xe184 N 0xe188
0xb460964 N 0xb460968
0xb460964 N 0xb460968
0xb460964 T 0xa9d0
0xb460964 T 0xa9d0
0xe184 N 0xe188
0xb460964 N 0xb460968
0xe184 N 0xe188
0xe184 N 0xe188
0xe184 N 0xe188
0xe184 T 0xfdc
0xe184 N 0xe188
0xb460964 N 0xb460968
0xe184 N 0xe188
0xb460964 N 0xb460968
0xb460964 N 0xb460968
0xb460964 N 0xb460968
0xe184 N 0xe188
0xe184 N 0xe188
0xb460964 N 0xb460968
0xe184 N 0xe188
0xe184 N 0xe188
0xb460964 N 0xb460968
0xb460964 N 0xb460968
0xe184 N 0xe188
0xe184 N 0xe188
0xe184 N 0xe188
0xb460964 N 0xb460968
0xb460964 N 0xb460968
0xe184 N 0xe188
0xe184 N 0xe188
0xb460964 N 0xb460968
0xe184 N 0xe188
0xb460964 N 0xb460968
0xe184 N 0xe188
0xb460964 N 0xb460968
0xb460964 N 0xb460968
0xb460964 N 0xb460968
0xe184 N 0xe188
0xe184 N 0xe188
0xb460964 N 0xb460968
0xb460964 N 0xb460968
0xe184 N 0xe188
0xb460964 N 0xb460968
0xb460964 T 0xa9d0
0xb460964 T 0xa9d0
0xb460964 N 0xb460968
0xb460964 T 0xa9d0
0xe184 N 0xe188
0xb460964 N 0xb460968
0xe184 N 0xe188
0xb460964 N 0xb460968
0xb460964 N 0xb460968
0xe184 N 0xe188
0xe184 N 0xe188
0xb460964 N 0xb460968
0xb460964 N 0xb460968
0xb460964 N 0xb460968
0xb460964 N 0xb460968
0xb460964 N 0xb460968
0xb460964 N 0xb460968
0xb460964 N 0xb460968
0xe184 N 0xe188
0xe184 N 0xe188
0xb460964 N 0xb460968
0xb460964 N 0xb460968
0xb460964 N 0xb460968
0xe184 N 0xe188
0xb460964 N 0xb460968
0xe184 N 0xe188
0xe184 T 0xfdc
0xe184 N 0xe188
0xb460964 N 0xb460968
0xb460964 N 0xb460968
0xe184 N 0xe188
0xe184 N 0xe188
0xe184 T 0xfdc
0xb460964 N 0xb460968
0xb460964 N 0xb460968
0xe184 N 0xe188
0xe184 N 0xe188
0xb460964 N 0xb460968
0xe184 N 0xe188
0xe184 N 0xe188
0xb460964 N 0xb460968
0xe184 N 0xe188
0xb460964 N 0xb460968
0xb460964 T 0xa9d0
0xb460964 N 0xb460968
0xb460964 N 0xb460968
0xe184 N 0xe188
0xb460964 N 0xb460968
0xb460964 N 0xb460968
0xb460964 N 0xb460968
0xb460964 N 0xb460968
0xe184 N 0xe188
0xb460964 N 0xb460968
0xe184 N 0xe188
0xb460964 N 0xb460968
0xb460964 N 0xb460968
0xb460964 N 0xb460968
0xb460964 N 0xb460968
0xb460964 N 0xb460968
0xe184 N 0xe188
0xb460964 N 0xb460968
0xe184 N 0xe188
0xe184 N 0xe188
0xb460964 N 0xb460968
0xe184 N 0xe188
0xe184 N 0xe188
0xe184 T 0xfdc
0xe184 T 0xfdc
0xe184 T 0xfdc
0xb460964 N 0xb460968
0xb460964 N 0xb460968
0xe184 N 0xe188
0xe184 T 0xfdc
0xb460964 N 0xb460968
flush_num: 629, br_num: 1249, size: 201b
