0xb1fbd384 N 0xb1fbd388
0xb1fbd384 N 0xb1fbd388
0x685e04 N 0x685e08
0xa15e42c N 0xa15e430
0x157a998 N 0x157a99c
0x5f40a20 N 0x5f40a24
0x157a998 T 0x9eee08
0x27a8f4 N 0x27a8f8
0x9715480 N 0x9715484
0x35cf04 N 0x35cf08
0xb5f0 N 0xb5f4
0xf0030 N 0xf0034
0x53c N 0x540
0x27a8f4 T 0xa87ed0
0x38ac N 0x38b0
0x694bad8 N 0x694badc
0xae4 N 0xae8
0x35cf04 T 0x42ad4
0x35cf04 T 0x42ad4
0xb1fbd384 N 0xb1fbd388
0xf0030 N 0xf0034
0x50e14d0 N 0x50e14d4
0x685e04 N 0x685e08
0x8edf10 N 0x8edf14
0xa15e42c N 0xa15e430
0x3e38 N 0x3e3c
0xac0e72f8 N 0xac0e72fc
0x15c N 0x160
0xb1fbd384 N 0xb1fbd388
0x15c N 0x160
0xae4 N 0xae8
0xb1fbd384 N 0xb1fbd388
0x27a8f4 T 0xa87ed0
0x685e04 N 0x685e08
0x53c T 0x24c9accc
0xae4 T 0xf3b3c
0xa80 N 0xa84
0x38ac N 0x38b0
0x53c N 0x540
0x15c T 0x76fb8
0xa80 N 0xa84
0xae4 N 0xae8
0xac0e72f8 T 0x2d3b8c
0x2af0390 N 0x2af0394
0x3e38 N 0x3e3c
0x157a998 N 0x157a99c
0xb1fbd384 N 0xb1fbd388
0x685e04 N 0x685e08
0x9715480 N 0x9715484
0x15c N 0x160
0xae4 N 0xae8
0xae4 N 0xae8
0x8edf10 N 0x8edf14
0x38ac N 0x38b0
0x3e38 N 0x3e3c
0xc99dc3c N 0xc99dc40
0x27a8f4 T 0xa87ed0
0x694bad8 N 0x694badc
0x50e14d0 N 0x50e14d4
0x3e38 T 0x60d2c
0xa15e42c N 0xa15e430
0x3e38 N 0x3e3c
0x694bad8 T 0xaa724
0xa80 N 0xa84
0xa80 T 0x516ac
0xb5f0 N 0xb5f4
0x38ac N 0x38b0
0x9715480 N 0x9715484
0x685e04 T 0x128
0x35cf04 N 0x35cf08
0x50e14d0 T 0x59268
0x27a8f4 T 0xa87ed0
0xf0030 N 0xf0034
0x38ac T 0x7400d4
0xf0030 N 0xf0034
0x157a998 N 0x157a99c
0xc99dc3c T 0xf9604
0xac0e72f8 N 0xac0e72fc
0x35cf04 T 0x42ad4
0x694bad8 N 0x694badc
0x9715480 N 0x9715484
0xb5f0 N 0xb5f4
0xb5f0 N 0xb5f4
0xb1fbd384 N 0xb1fbd388
0x157a998 N 0x157a99c
0xa80 N 0xa84
0x3e38 N 0x3e3c
0xac0e72f8 N 0xac0e72fc
0xa15e42c N 0xa15e430
0xc99dc3c T 0xf9604
0x35cf04 N 0x35cf08
0xc99dc3c N 0xc99dc40
0x2af0390 N 0x2af0394
0xae4 N 0xae8
0xa15e42c N 0xa15e430
0xb5f0 N 0xb5f4
0x8edf10 N 0x8edf14
0xb1fbd384 N 0xb1fbd388
0xf0030 N 0xf0034
0x9715480 N 0x9715484
0xa15e42c N 0xa15e430
0x2af0390 N 0x2af0394
0xc99dc3c T 0xf9604
0x3e38 N 0x3e3c
0x157a998 T 0x9eee08
0x38ac N 0x38b0
0x2af0390 T 0xf1d08878
0x694bad8 N 0x694badc
0x53c N 0x540
0x685e04 N 0x685e08
0x9715480 T 0x4e5b4c
0xb1fbd384 N 0xb1fbd388
0x15c T 0x76fb8
0x27a8f4 T 0xa87ed0
0x53c T 0x24c9accc
0xc99dc3c N 0xc99dc40
0x35cf04 N 0x35cf08
0x157a998 N 0x157a99c
0x38ac T 0x7400d4
0xb5f0 N 0xb5f4
0x15c T 0x76fb8
0x15c N 0x160
0x53c N 0x540
0xb1fbd384 N 0xb1fbd388
0x38ac T 0x7400d4
0xf0030 N 0xf0034
0xc99dc3c N 0xc99dc40
0x5f40a20 T 0x8f50
0x15c T 0x76fb8
0x157a998 T 0x9eee08
0x5f40a20 T 0x8f50
0xb5f0 N 0xb5f4
0xb1fbd384 T 0xa65168c
0xac0e72f8 N 0xac0e72fc
0xc99dc3c N 0xc99dc40
0x5f40a20 N 0x5f40a24
0x15c T 0x76fb8
0xb5f0 T 0x224
0x3e38 N 0x3e3c
0x5f40a20 N 0x5f40a24
0x685e04 N 0x685e08
0xc99dc3c T 0xf9604
0x38ac N 0x38b0
0x53c N 0x540
0x35cf04 N 0x35cf08
0xb5f0 T 0x224
0x5f40a20 N 0x5f40a24
0x35cf04 T 0x42ad4
0x685e04 N 0x685e08
0xb5f0 N 0xb5f4
0xae4 T 0xf3b3c
0xb1fbd384 N 0xb1fbd388
0x35cf04 N 0x35cf08
0x8edf10 N 0x8edf14
0x5f40a20 T 0x8f50
0x53c T 0x24c9accc
0xb1fbd384 N 0xb1fbd388
0xb1fbd384 T 0xa65168c
0xc99dc3c N 0xc99dc40
0x694bad8 N 0x694badc
0x685e04 N 0x685e08
0x3e38 T 0x60d2c
0x9715480 T 0x4e5b4c
0xb1fbd384 N 0xb1fbd388
0xac0e72f8 N 0xac0e72fc
0x15c T 0x76fb8
0x9715480 N 0x9715484
0x50e14d0 N 0x50e14d4
0x38ac N 0x38b0
0x157a998 N 0x157a99c
0x3e38 N 0x3e3c
0x27a8f4 T 0xa87ed0
0xf0030 N 0xf0034
0xae4 T 0xf3b3c
0x53c N 0x540
0xac0e72f8 N 0xac0e72fc
0x8edf10 N 0x8edf14
0x3e38 N 0x3e3c
0x157a998 T 0x9eee08
0xc99dc3c N 0xc99dc40
0x5f40a20 T 0x8f50
0xac0e72f8 N 0xac0e72fc
0xf0030 N 0xf0034
0xb5f0 N 0xb5f4
0x2af0390 N 0x2af0394
0x8edf10 N 0x8edf14
0x9715480 N 0x9715484
0x38ac T 0x7400d4
0xa15e42c N 0xa15e430
0x50e14d0 N 0x50e14d4
0xc99dc3c N 0xc99dc40
0xb5f0 N 0xb5f4
0x35cf04 N 0x35cf08
0xae4 N 0xae8
0xa15e42c N 0xa15e430
0xb1fbd384 N 0xb1fbd388
0xc99dc3c N 0xc99dc40
0xa80 N 0xa84
0x157a998 N 0x157a99c
0xa80 N 0xa84
0x3e38 N 0x3e3c
0x157a998 N 0x157a99c
0x3e38 N 0x3e3c
0xb1fbd384 N 0xb1fbd388
0x5f40a20 N 0x5f40a24
0xb1fbd384 T 0xa65168c
0x38ac N 0x38b0
0x694bad8 N 0x694badc
0xae4 N 0xae8
0x53c N 0x540
0xac0e72f8 N 0xac0e72fc
0xac0e72f8 T 0x2d3b8c
0x5f40a20 N 0x5f40a24
0x2af0390 N 0x2af0394
0xb1fbd384 T 0xa65168c
0x15c N 0x160
0x3e38 N 0x3e3c
0x9715480 N 0x9715484
0xb5f0 T 0x224
0x50e14d0 N 0x50e14d4
0x50e14d0 N 0x50e14d4
0x35cf04 N 0x35cf08
0x35cf04 N 0x35cf08
0x15c N 0x160
0x35cf04 N 0x35cf08
0xae4 T 0xf3b3c
0x9715480 T 0x4e5b4c
0xa15e42c N 0xa15e430
0x38ac N 0x38b0
0xac0e72f8 N 0xac0e72fc
0x50e14d0 T 0x59268
0x2af0390 N 0x2af0394
0xb5f0 T 0x224
0x8edf10 N 0x8edf14
0x8edf10 N 0x8edf14
0x685e04 N 0x685e08
0x3e38 N 0x3e3c
0x157a998 N 0x157a99c
0x2af0390 N 0x2af0394
0x5f40a20 N 0x5f40a24
0xb1fbd384 N 0xb1fbd388
0x53c N 0x540
0x8edf10 N 0x8edf14
0xac0e72f8 N 0xac0e72fc
0xb5f0 N 0xb5f4
0x685e04 N 0x685e08
0xa15e42c N 0xa15e430
0x157a998 N 0x157a99c
0x35cf04 N 0x35cf08
0xa15e42c T 0x270754
0xa15e42c T 0x270754
0x685e04 N 0x685e08
0xb1fbd384 N 0xb1fbd388
0x694bad8 N 0x694badc
0xac0e72f8 N 0xac0e72fc
0x8edf10 N 0x8edf14
0x2af0390 N 0x2af0394
0xac0e72f8 N 0xac0e72fc
0x685e04 N 0x685e08
0x3e38 N 0x3e3c
0x53c N 0x540
0x50e14d0 N 0x50e14d4
0x2af0390 N 0x2af0394
0xb1fbd384 N 0xb1fbd388
0x5f40a20 N 0x5f40a24
0x35cf04 N 0x35cf08
0x35cf04 N 0x35cf08
0xae4 N 0xae8
0xac0e72f8 N 0xac0e72fc
0x9715480 N 0x9715484
0x9715480 N 0x9715484
0x157a998 N 0x157a99c
0x50e14d0 N 0x50e14d4
0x2af0390 N 0x2af0394
0xb1fbd384 N 0xb1fbd388
0x5f40a20 N 0x5f40a24
0xb5f0 N 0xb5f4
0x157a998 T 0x9eee08
0xae4 N 0xae8
0x3e38 N 0x3e3c
0xac0e72f8 N 0xac0e72fc
0x3e38 N 0x3e3c
0x8edf10 N 0x8edf14
0x35cf04 N 0x35cf08
0xae4 N 0xae8
0x157a998 N 0x157a99c
0x3e38 T 0x60d2c
0x27a8f4 T 0xa87ed0
0x685e04 N 0x685e08
0x15c T 0x76fb8
0x685e04 T 0x128
0x27a8f4 T 0xa87ed0
0x3e38 T 0x60d2c
0x8edf10 T 0x46f4
0xc99dc3c N 0xc99dc40
0x157a998 N 0x157a99c
0xf0030 N 0xf0034
0xae4 T 0xf3b3c
0x5f40a20 T 0x8f50
0xa80 N 0xa84
0xb1fbd384 N 0xb1fbd388
0x694bad8 N 0x694badc
0x35cf04 N 0x35cf08
0x50e14d0 N 0x50e14d4
0x50e14d0 T 0x59268
0xa80 T 0x516ac
0x3e38 N 0x3e3c
0x8edf10 N 0x8edf14
0x53c N 0x540
0x38ac N 0x38b0
0x38ac T 0x7400d4
0x35cf04 N 0x35cf08
0x5f40a20 N 0x5f40a24
0x2af0390 N 0x2af0394
0xac0e72f8 N 0xac0e72fc
0x157a998 N 0x157a99c
0x157a998 T 0x9eee08
0x685e04 N 0x685e08
0x5f40a20 N 0x5f40a24
0xa15e42c N 0xa15e430
0xa80 N 0xa84
0x53c N 0x540
0x50e14d0 N 0x50e14d4
0x38ac N 0x38b0
0x5f40a20 N 0x5f40a24
0x8edf10 N 0x8edf14
0xc99dc3c N 0xc99dc40
0xb5f0 N 0xb5f4
0x694bad8 N 0x694badc
0x9715480 N 0x9715484
0xb5f0 N 0xb5f4
0x38ac N 0x38b0
0x685e04 T 0x128
0xa80 N 0xa84
0x694bad8 N 0x694badc
0xae4 T 0xf3b3c
0xa15e42c N 0xa15e430
0xac0e72f8 N 0xac0e72fc
0x157a998 N 0x157a99c
0x53c N 0x540
0x50e14d0 N 0x50e14d4
0x38ac N 0x38b0
0x685e04 T 0x128
0xa15e42c N 0xa15e430
0x38ac N 0x38b0
0x5f40a20 T 0x8f50
0x15c N 0x160
0x35cf04 N 0x35cf08
0xac0e72f8 N 0xac0e72fc
0x50e14d0 N 0x50e14d4
0x27a8f4 N 0x27a8f8
0x685e04 N 0x685e08
0xae4 T 0xf3b3c
0xb1fbd384 N 0xb1fbd388
0x8edf10 N 0x8edf14
0x8edf10 T 0x46f4
0x35cf04 N 0x35cf08
0x694bad8 N 0x694badc
0x50e14d0 N 0x50e14d4
0xb1fbd384 N 0xb1fbd388
0xae4 N 0xae8
0x685e04 N 0x685e08
0xb1fbd384 N 0xb1fbd388
0xae4 T 0xf3b3c
0x694bad8 T 0xaa724
0x15c T 0x76fb8
0x5f40a20 T 0x8f50
0x3e38 N 0x3e3c
0xa15e42c N 0xa15e430
0x157a998 N 0x157a99c
0x15c T 0x76fb8
0x694bad8 N 0x694badc
0xb5f0 N 0xb5f4
0xae4 T 0xf3b3c
0x53c N 0x540
0x8edf10 N 0x8edf14
0xb1fbd384 T 0xa65168c
0xf0030 N 0xf0034
0x685e04 N 0x685e08
0x35cf04 N 0x35cf08
0xa80 N 0xa84
0x53c T 0x24c9accc
0x27a8f4 T 0xa87ed0
0x8edf10 T 0x46f4
0x3e38 T 0x60d2c
0xc99dc3c N 0xc99dc40
0xa80 T 0x516ac
0xa80 T 0x516ac
0x38ac N 0x38b0
0x35cf04 N 0x35cf08
0x38ac T 0x7400d4
0x2af0390 N 0x2af0394
0x9715480 N 0x9715484
0x157a998 N 0x157a99c
0x35cf04 N 0x35cf08
0xc99dc3c T 0xf9604
0xae4 T 0xf3b3c
0x9715480 T 0x4e5b4c
0x27a8f4 T 0xa87ed0
0x35cf04 T 0x42ad4
0x5f40a20 N 0x5f40a24
0xac0e72f8 N 0xac0e72fc
0x694bad8 N 0x694badc
0x2af0390 N 0x2af0394
0xc99dc3c T 0xf9604
0xa80 N 0xa84
0x38ac T 0x7400d4
0xa80 N 0xa84
0x35cf04 T 0x42ad4
0x3e38 N 0x3e3c
0x35cf04 N 0x35cf08
0x38ac N 0x38b0
0x15c T 0x76fb8
0x685e04 N 0x685e08
0x38ac T 0x7400d4
0x694bad8 T 0xaa724
0x50e14d0 N 0x50e14d4
0x9715480 N 0x9715484
0xb5f0 N 0xb5f4
0xac0e72f8 N 0xac0e72fc
0xac0e72f8 T 0x2d3b8c
0xae4 T 0xf3b3c
0x50e14d0 T 0x59268
0x38ac T 0x7400d4
0xb5f0 N 0xb5f4
0xb5f0 T 0x224
0x27a8f4 T 0xa87ed0
0x694bad8 T 0xaa724
0xb1fbd384 N 0xb1fbd388
0xc99dc3c T 0xf9604
0x27a8f4 T 0xa87ed0
0xf0030 N 0xf0034
0x9715480 T 0x4e5b4c
0x38ac T 0x7400d4
0x35cf04 N 0x35cf08
0xf0030 T 0x283878
0x35cf04 T 0x42ad4
0x50e14d0 T 0x59268
0x50e14d0 T 0x59268
0x15c T 0x76fb8
0x38ac T 0x7400d4
0x3e38 N 0x3e3c
0xac0e72f8 N 0xac0e72fc
0xa80 N 0xa84
0xb1fbd384 N 0xb1fbd388
0x5f40a20 T 0x8f50
0x3e38 N 0x3e3c
0x53c N 0x540
0xb5f0 N 0xb5f4
0x3e38 N 0x3e3c
0x9715480 N 0x9715484
0x157a998 N 0x157a99c
0xb1fbd384 T 0xa65168c
0xa15e42c N 0xa15e430
0x157a998 T 0x9eee08
0x694bad8 N 0x694badc
0x3e38 T 0x60d2c
0x8edf10 N 0x8edf14
0x53c T 0x24c9accc
0x27a8f4 N 0x27a8f8
0x35cf04 N 0x35cf08
0x8edf10 T 0x46f4
0x9715480 T 0x4e5b4c
0x38ac N 0x38b0
0x50e14d0 N 0x50e14d4
0x694bad8 N 0x694badc
0x38ac T 0x7400d4
0x5f40a20 N 0x5f40a24
0x9715480 T 0x4e5b4c
0x3e38 N 0x3e3c
0x15c N 0x160
0xc99dc3c N 0xc99dc40
0x50e14d0 T 0x59268
0x685e04 N 0x685e08
0xac0e72f8 N 0xac0e72fc
0x3e38 N 0x3e3c
0x685e04 N 0x685e08
0xa15e42c N 0xa15e430
0xc99dc3c T 0xf9604
0xa80 N 0xa84
0x3e38 N 0x3e3c
0x8edf10 N 0x8edf14
0xf0030 N 0xf0034
0x9715480 N 0x9715484
0xb5f0 N 0xb5f4
0xc99dc3c N 0xc99dc40
0xa80 N 0xa84
0x3e38 N 0x3e3c
0x50e14d0 N 0x50e14d4
0x35cf04 N 0x35cf08
0xac0e72f8 N 0xac0e72fc
0x2af0390 N 0x2af0394
0x38ac N 0x38b0
0x27a8f4 T 0xa87ed0
0x685e04 N 0x685e08
0x694bad8 N 0x694badc
0x9715480 N 0x9715484
0x8edf10 N 0x8edf14
0xac0e72f8 N 0xac0e72fc
0x157a998 N 0x157a99c
0x27a8f4 T 0xa87ed0
0xf0030 N 0xf0034
0x15c T 0x76fb8
0xa15e42c N 0xa15e430
0xa15e42c N 0xa15e430
0x27a8f4 N 0x27a8f8
0x35cf04 N 0x35cf08
0x685e04 N 0x685e08
0xae4 N 0xae8
0x27a8f4 N 0x27a8f8
0x38ac N 0x38b0
0x27a8f4 N 0x27a8f8
0xf0030 N 0xf0034
0x50e14d0 N 0x50e14d4
0x15c N 0x160
0x685e04 T 0x128
0xa15e42c N 0xa15e430
0x3e38 N 0x3e3c
0xf0030 N 0xf0034
0xac0e72f8 N 0xac0e72fc
0x38ac N 0x38b0
0x27a8f4 N 0x27a8f8
0x694bad8 N 0x694badc
0x694bad8 T 0xaa724
0x35cf04 N 0x35cf08
0x35cf04 N 0x35cf08
0xa15e42c N 0xa15e430
0x38ac N 0x38b0
0x53c N 0x540
0x8edf10 N 0x8edf14
0x35cf04 T 0x42ad4
0xb1fbd384 N 0xb1fbd388
0xa15e42c N 0xa15e430
0x5f40a20 N 0x5f40a24
0xac0e72f8 T 0x2d3b8c
0x53c N 0x540
0x8edf10 T 0x46f4
0x3e38 N 0x3e3c
0x50e14d0 N 0x50e14d4
0x685e04 N 0x685e08
0xac0e72f8 N 0xac0e72fc
0x2af0390 N 0x2af0394
0xc99dc3c N 0xc99dc40
0xb5f0 N 0xb5f4
0x9715480 N 0x9715484
0x157a998 N 0x157a99c
0xae4 T 0xf3b3c
0xf0030 N 0xf0034
0xae4 N 0xae8
0xac0e72f8 T 0x2d3b8c
0x5f40a20 T 0x8f50
0x35cf04 N 0x35cf08
flush_num: 278, br_num: 552, size: 661b
