0xa4445890 N 0xa4445894
0xcddc N 0xcde0
0x411b174 N 0x411b178
0xb4000 N 0xb4004
0x411b174 N 0x411b178
0xb4000 N 0xb4004
0xcddc N 0xcde0
0xa4445890 N 0xa4445894
0x411b174 N 0x411b178
0xda446c N 0xda4470
0xcddc N 0xcde0
0xa4445890 N 0xa4445894
0x411b174 N 0x411b178
0x411b174 N 0x411b178
0xa4445890 N 0xa4445894
0xda446c N 0xda4470
0xda446c N 0xda4470
0xda446c N 0xda4470
0x411b174 N 0x411b178
0xa4445890 N 0xa4445894
0xcddc N 0xcde0
0xcddc N 0xcde0
0xda446c N 0xda4470
0xda446c N 0xda4470
0xcddc N 0xcde0
0xa4445890 N 0xa4445894
0x411b174 N 0x411b178
0x411b174 N 0x411b178
0xa4445890 N 0xa4445894
0xcddc N 0xcde0
0xcddc N 0xcde0
0x411b174 N 0x411b178
0xcddc N 0xcde0
0xb4000 N 0xb4004
0xda446c N 0xda4470
0xda446c N 0xda4470
0xda446c N 0xda4470
0xcddc N 0xcde0
0xb4000 N 0xb4004
0xcddc N 0xcde0
0xa4445890 N 0xa4445894
0xa4445890 N 0xa4445894
0xb4000 N 0xb4004
0xb4000 N 0xb4004
0xcddc N 0xcde0
0x411b174 N 0x411b178
0xcddc N 0xcde0
0xa4445890 N 0xa4445894
0xb4000 N 0xb4004
0xb4000 N 0xb4004
0xcddc N 0xcde0
0xb4000 N 0xb4004
0xcddc N 0xcde0
0xda446c N 0xda4470
0xda446c N 0xda4470
0xda446c N 0xda4470
0x411b174 N 0x411b178
0x411b174 N 0x411b178
0xb4000 N 0xb4004
0xda446c N 0xda4470
0xa4445890 N 0xa4445894
0x411b174 N 0x411b178
0xb4000 N 0xb4004
0xb4000 N 0xb4004
0xa4445890 N 0xa4445894
0xa4445890 N 0xa4445894
0xa4445890 N 0xa4445894
0xa4445890 N 0xa4445894
0xa4445890 N 0xa4445894
0xda446c N 0xda4470
0xcddc N 0xcde0
0xda446c N 0xda4470
0xb4000 N 0xb4004
0xa4445890 N 0xa4445894
0x411b174 N 0x411b178
0xda446c N 0xda4470
0xcddc N 0xcde0
0xb4000 N 0xb4004
0xcddc N 0xcde0
0xcddc N 0xcde0
0xb4000 N 0xb4004
0xb4000 N 0xb4004
0xb4000 N 0xb4004
0xa4445890 N 0xa4445894
0x411b174 N 0x411b178
0xda446c N 0xda4470
0x411b174 N 0x411b178
0xda446c N 0xda4470
0xcddc N 0xcde0
0xcddc N 0xcde0
0xb4000 N 0xb4004
0xb4000 N 0xb4004
0x411b174 N 0x411b178
0xa4445890 N 0xa4445894
0xb4000 N 0xb4004
0x411b174 N 0x411b178
0x411b174 N 0x411b178
0xb4000 N 0xb4004
0xa4445890 N 0xa4445894
0xcddc N 0xcde0
0xb4000 N 0xb4004
0xcddc N 0xcde0
0xda446c N 0xda4470
0xa4445890 N 0xa4445894
0x411b174 N 0x411b178
0xa4445890 N 0xa4445894
0x411b174 N 0x411b178
0x411b174 N 0x411b178
0xcddc N 0xcde0
0xa4445890 N 0xa4445894
0xcddc N 0xcde0
0xcddc N 0xcde0
0xcddc N 0xcde0
0x411b174 N 0x411b178
0xda446c N 0xda4470
0xda446c N 0xda4470
0xa4445890 N 0xa4445894
0xda446c N 0xda4470
0xb4000 N 0xb4004
0xb4000 N 0xb4004
0xa4445890 N 0xa4445894
0xcddc N 0xcde0
0xa4445890 N 0xa4445894
0x411b174 N 0x411b178
0xcddc N 0xcde0
0xcddc N 0xcde0
0xcddc N 0xcde0
0xa4445890 N 0xa4445894
0xcddc N 0xcde0
0xda446c N 0xda4470
0xb4000 N 0xb4004
0xcddc N 0xcde0
0xa4445890 N 0xa4445894
0xb4000 N 0xb4004
0xa4445890 N 0xa4445894
0xda446c N 0xda4470
0x411b174 N 0x411b178
0x411b174 N 0x411b178
0xa4445890 N 0xa4445894
0x411b174 N 0x411b178
0xa4445890 N 0xa4445894
0xa4445890 N 0xa4445894
0xcddc N 0xcde0
0xb4000 N 0xb4004
0xda446c N 0xda4470
0xa4445890 N 0xa4445894
0x411b174 N 0x411b178
0xa4445890 N 0xa4445894
0xb4000 N 0xb4004
0xb4000 N 0xb4004
0xda446c N 0xda4470
0xb4000 N 0xb4004
0xda446c N 0xda4470
0xb4000 N 0xb4004
0xcddc N 0xcde0
0xb4000 N 0xb4004
0xa4445890 N 0xa4445894
0x411b174 N 0x411b178
0xcddc N 0xcde0
0xa4445890 N 0xa4445894
0x411b174 N 0x411b178
0xa4445890 N 0xa4445894
0xb4000 N 0xb4004
0x411b174 N 0x411b178
0xa4445890 N 0xa4445894
0xda446c N 0xda4470
0x411b174 N 0x411b178
0xcddc N 0xcde0
0xb4000 N 0xb4004
0x411b174 N 0x411b178
0xa4445890 N 0xa4445894
0x411b174 N 0x411b178
0xa4445890 N 0xa4445894
0xda446c N 0xda4470
0xda446c N 0xda4470
0x411b174 N 0x411b178
0xb4000 N 0xb4004
0xda446c N 0xda4470
0xda446c N 0xda4470
0xb4000 N 0xb4004
0x411b174 N 0x411b178
0xb4000 N 0xb4004
0xcddc N 0xcde0
0xda446c N 0xda4470
0xda446c N 0xda4470
0x411b174 N 0x411b178
0xb4000 N 0xb4004
0xcddc N 0xcde0
0xcddc N 0xcde0
0xcddc N 0xcde0
0xa4445890 N 0xa4445894
0xa4445890 N 0xa4445894
0xda446c N 0xda4470
0xb4000 N 0xb4004
0xda446c N 0xda4470
0xa4445890 N 0xa4445894
0xcddc N 0xcde0
0xcddc N 0xcde0
0xb4000 N 0xb4004
0xb4000 N 0xb4004
0x411b174 N 0x411b178
0xcddc N 0xcde0
0xa4445890 N 0xa4445894
0xa4445890 N 0xa4445894
0xcddc N 0xcde0
0xda446c N 0xda4470
0xb4000 N 0xb4004
0x411b174 N 0x411b178
0xb4000 N 0xb4004
0xcddc N 0xcde0
0xda446c N 0xda4470
0xda446c N 0xda4470
0xb4000 N 0xb4004
0xa4445890 N 0xa4445894
0xcddc N 0xcde0
0xda446c N 0xda4470
0xcddc N 0xcde0
0xda446c N 0xda4470
0xcddc N 0xcde0
0xcddc N 0xcde0
0xcddc N 0xcde0
0xa4445890 N 0xa4445894
0xda446c N 0xda4470
0xda446c N 0xda4470
0xcddc N 0xcde0
0xda446c N 0xda4470
0xa4445890 N 0xa4445894
0xda446c N 0xda4470
0xda446c N 0xda4470
0xda446c N 0xda4470
0xda446c N 0xda4470
0xda446c N 0xda4470
0xcddc N 0xcde0
0xb4000 N 0xb4004
0xcddc N 0xcde0
0xda446c N 0xda4470
0xb4000 N 0xb4004
0xcddc N 0xcde0
0xa4445890 N 0xa4445894
0x411b174 N 0x411b178
0xcddc N 0xcde0
0xcddc N 0xcde0
0x411b174 N 0x411b178
0xb4000 N 0xb4004
0xb4000 N 0xb4004
0xcddc N 0xcde0
0x411b174 N 0x411b178
0xb4000 N 0xb4004
0xb4000 N 0xb4004
0xda446c N 0xda4470
0x411b174 N 0x411b178
0xa4445890 N 0xa4445894
0x411b174 N 0x411b178
0x411b174 N 0x411b178
0xcddc N 0xcde0
0xb4000 N 0xb4004
0xb4000 N 0xb4004
0xda446c N 0xda4470
0xa4445890 N 0xa4445894
0xa4445890 N 0xa4445894
0x411b174 N 0x411b178
0xb4000 N 0xb4004
0xb4000 N 0xb4004
0x411b174 N 0x411b178
0xb4000 N 0xb4004
0xa4445890 N 0xa4445894
0xa4445890 N 0xa4445894
0xcddc N 0xcde0
0xcddc N 0xcde0
0xa4445890 N 0xa4445894
0xa4445890 N 0xa4445894
0x411b174 N 0x411b178
0xb4000 N 0xb4004
0x411b174 N 0x411b178
0xb4000 N 0xb4004
0xcddc N 0xcde0
0xcddc N 0xcde0
0xcddc N 0xcde0
0xa4445890 N 0xa4445894
0x411b174 N 0x411b178
0x411b174 N 0x411b178
0xb4000 N 0xb4004
0xda446c N 0xda4470
0x411b174 N 0x411b178
0xda446c N 0xda4470
0x411b174 N 0x411b178
0xda446c N 0xda4470
0x411b174 N 0x411b178
0x411b174 N 0x411b178
0xa4445890 N 0xa4445894
0xda446c N 0xda4470
0xda446c N 0xda4470
0x411b174 N 0x411b178
0xcddc N 0xcde0
0xda446c N 0xda4470
0x411b174 N 0x411b178
0xb4000 N 0xb4004
0xa4445890 N 0xa4445894
0xb4000 N 0xb4004
0x411b174 N 0x411b178
0xa4445890 N 0xa4445894
0x411b174 N 0x411b178
0xa4445890 N 0xa4445894
0xcddc N 0xcde0
0xa4445890 N 0xa4445894
0xcddc N 0xcde0
0xb4000 N 0xb4004
0x411b174 N 0x411b178
0xcddc N 0xcde0
0xda446c N 0xda4470
0xb4000 N 0xb4004
0xb4000 N 0xb4004
0xb4000 N 0xb4004
0xda446c N 0xda4470
0xcddc N 0xcde0
0xa4445890 N 0xa4445894
0xda446c N 0xda4470
0xcddc N 0xcde0
0xda446c N 0xda4470
0x411b174 N 0x411b178
0x411b174 N 0x411b178
0xda446c N 0xda4470
0x411b174 N 0x411b178
0xb4000 N 0xb4004
0xa4445890 N 0xa4445894
0xb4000 N 0xb4004
0xb4000 N 0xb4004
0xcddc N 0xcde0
0xa4445890 N 0xa4445894
0xcddc N 0xcde0
0xda446c N 0xda4470
0xda446c N 0xda4470
0x411b174 N 0x411b178
0xcddc N 0xcde0
0xa4445890 N 0xa4445894
0xda446c N 0xda4470
0xcddc N 0xcde0
0xda446c N 0xda4470
0x411b174 N 0x411b178
0x411b174 N 0x411b178
0xcddc N 0xcde0
0xda446c N 0xda4470
0x411b174 N 0x411b178
0x411b174 N 0x411b178
0xda446c N 0xda4470
0xa4445890 N 0xa4445894
0xda446c N 0xda4470
0xcddc N 0xcde0
0xb4000 N 0xb4004
0xda446c N 0xda4470
0x411b174 N 0x411b178
0xb4000 N 0xb4004
0xda446c N 0xda4470
0xda446c N 0xda4470
0xcddc N 0xcde0
0xcddc N 0xcde0
0x411b174 N 0x411b178
0xda446c N 0xda4470
0xda446c N 0xda4470
0xda446c N 0xda4470
0xda446c N 0xda4470
0xa4445890 N 0xa4445894
0xda446c N 0xda4470
0x411b174 N 0x411b178
0x411b174 N 0x411b178
0xb4000 N 0xb4004
0x411b174 N 0x411b178
0x411b174 N 0x411b178
0xda446c N 0xda4470
0xcddc N 0xcde0
0x411b174 N 0x411b178
0xcddc N 0xcde0
0xa4445890 N 0xa4445894
0xa4445890 N 0xa4445894
0xa4445890 N 0xa4445894
0xcddc N 0xcde0
0xa4445890 N 0xa4445894
0x411b174 N 0x411b178
0xa4445890 N 0xa4445894
0xda446c N 0xda4470
0xb4000 N 0xb4004
0xcddc N 0xcde0
0x411b174 N 0x411b178
0xcddc N 0xcde0
0xda446c N 0xda4470
0xda446c N 0xda4470
0xa4445890 N 0xa4445894
0x411b174 N 0x411b178
0xb4000 N 0xb4004
0xa4445890 N 0xa4445894
0xcddc N 0xcde0
0xda446c N 0xda4470
0xcddc N 0xcde0
0xcddc N 0xcde0
0xa4445890 N 0xa4445894
0xda446c N 0xda4470
0xb4000 N 0xb4004
0xb4000 N 0xb4004
0xcddc N 0xcde0
0xcddc N 0xcde0
0xa4445890 N 0xa4445894
0xb4000 N 0xb4004
0xcddc N 0xcde0
0xa4445890 N 0xa4445894
0xcddc N 0xcde0
0xcddc N 0xcde0
0xa4445890 N 0xa4445894
0xb4000 N 0xb4004
0xda446c N 0xda4470
0xa4445890 N 0xa4445894
0xda446c N 0xda4470
0x411b174 N 0x411b178
0xa4445890 N 0xa4445894
0xda446c N 0xda4470
0x411b174 N 0x411b178
0xb4000 N 0xb4004
0xb4000 N 0xb4004
0xa4445890 N 0xa4445894
0xa4445890 N 0xa4445894
0xb4000 N 0xb4004
0xa4445890 N 0xa4445894
0xcddc N 0xcde0
0xcddc N 0xcde0
0xda446c N 0xda4470
0x411b174 N 0x411b178
0xcddc N 0xcde0
0x411b174 N 0x411b178
0x411b174 N 0x411b178
0xb4000 N 0xb4004
0xda446c N 0xda4470
0xda446c N 0xda4470
0xcddc N 0xcde0
0xcddc N 0xcde0
0x411b174 N 0x411b178
0xcddc N 0xcde0
0xa4445890 N 0xa4445894
0x411b174 N 0x411b178
0xa4445890 N 0xa4445894
0xb4000 N 0xb4004
0xa4445890 N 0xa4445894
0xa4445890 N 0xa4445894
0x411b174 N 0x411b178
0xa4445890 N 0xa4445894
0xa4445890 N 0xa4445894
0xcddc N 0xcde0
0xa4445890 N 0xa4445894
0xb4000 N 0xb4004
0xb4000 N 0xb4004
0xda446c N 0xda4470
0x411b174 N 0x411b178
0xb4000 N 0xb4004
0xa4445890 N 0xa4445894
0x411b174 N 0x411b178
0xcddc N 0xcde0
0xa4445890 N 0xa4445894
0xa4445890 N 0xa4445894
0x411b174 N 0x411b178
0xa4445890 N 0xa4445894
0xcddc N 0xcde0
0xb4000 N 0xb4004
0xcddc N 0xcde0
0xda446c N 0xda4470
0xcddc N 0xcde0
0xcddc N 0xcde0
0x411b174 N 0x411b178
0xb4000 N 0xb4004
0xa4445890 N 0xa4445894
0xb4000 N 0xb4004
0xa4445890 N 0xa4445894
0xa4445890 N 0xa4445894
0xb4000 N 0xb4004
0x411b174 N 0x411b178
0xcddc N 0xcde0
0xa4445890 N 0xa4445894
0x411b174 N 0x411b178
0xda446c N 0xda4470
0x411b174 N 0x411b178
0xda446c N 0xda4470
0x411b174 N 0x411b178
0xcddc N 0xcde0
0xa4445890 N 0xa4445894
0x411b174 N 0x411b178
0xb4000 N 0xb4004
0xda446c N 0xda4470
0xb4000 N 0xb4004
0xcddc N 0xcde0
0xb4000 N 0xb4004
0xcddc N 0xcde0
0xb4000 N 0xb4004
0xda446c N 0xda4470
0xa4445890 N 0xa4445894
0xb4000 N 0xb4004
0xa4445890 N 0xa4445894
0x411b174 N 0x411b178
0xcddc N 0xcde0
0x411b174 N 0x411b178
0xcddc N 0xcde0
0xb4000 N 0xb4004
0xb4000 N 0xb4004
0xa4445890 N 0xa4445894
0xcddc N 0xcde0
0xb4000 N 0xb4004
0xda446c N 0xda4470
0xb4000 N 0xb4004
0xa4445890 N 0xa4445894
0x411b174 N 0x411b178
0xcddc N 0xcde0
0xa4445890 N 0xa4445894
0xda446c N 0xda4470
0xda446c N 0xda4470
0x411b174 N 0x411b178
0xcddc N 0xcde0
0xcddc N 0xcde0
0xb4000 N 0xb4004
0x411b174 N 0x411b178
0xda446c N 0xda4470
0xcddc N 0xcde0
0x411b174 N 0x411b178
0x411b174 N 0x411b178
0x411b174 N 0x411b178
0xcddc N 0xcde0
0xa4445890 N 0xa4445894
0xcddc N 0xcde0
0xa4445890 N 0xa4445894
0xcddc N 0xcde0
0xa4445890 N 0xa4445894
0xcddc N 0xcde0
0xb4000 N 0xb4004
0xda446c N 0xda4470
0xa4445890 N 0xa4445894
0xda446c N 0xda4470
0xda446c N 0xda4470
0xb4000 N 0xb4004
0xb4000 N 0xb4004
0xa4445890 N 0xa4445894
0xcddc N 0xcde0
0x411b174 N 0x411b178
0xb4000 N 0xb4004
0xb4000 N 0xb4004
0xb4000 N 0xb4004
0xa4445890 N 0xa4445894
0x411b174 N 0x411b178
0xb4000 N 0xb4004
0xda446c N 0xda4470
0x411b174 N 0x411b178
0x411b174 N 0x411b178
0xcddc N 0xcde0
0xa4445890 N 0xa4445894
0xa4445890 N 0xa4445894
0xb4000 N 0xb4004
0xcddc N 0xcde0
0xa4445890 N 0xa4445894
0xda446c N 0xda4470
0xa4445890 N 0xa4445894
0xcddc N 0xcde0
0xcddc N 0xcde0
0xcddc N 0xcde0
0xa4445890 N 0xa4445894
0xa4445890 N 0xa4445894
0x411b174 N 0x411b178
0xcddc N 0xcde0
0xb4000 N 0xb4004
0xa4445890 N 0xa4445894
0x411b174 N 0x411b178
0xda446c N 0xda4470
0xcddc N 0xcde0
0xcddc N 0xcde0
0xa4445890 N 0xa4445894
0xda446c N 0xda4470
0xb4000 N 0xb4004
0xcddc N 0xcde0
0xcddc N 0xcde0
0x411b174 N 0x411b178
0xda446c N 0xda4470
0xda446c N 0xda4470
0xa4445890 N 0xa4445894
0xb4000 N 0xb4004
0xb4000 N 0xb4004
0x411b174 N 0x411b178
0xb4000 N 0xb4004
0x411b174 N 0x411b178
0xb4000 N 0xb4004
0x411b174 N 0x411b178
0x411b174 N 0x411b178
0xb4000 N 0xb4004
0xda446c N 0xda4470
0xcddc N 0xcde0
0xcddc N 0xcde0
0x411b174 N 0x411b178
0xda446c N 0xda4470
0xcddc N 0xcde0
0xda446c N 0xda4470
0xa4445890 N 0xa4445894
0xa4445890 N 0xa4445894
0x411b174 N 0x411b178
0x411b174 N 0x411b178
0xa4445890 N 0xa4445894
0xb4000 N 0xb4004
0xa4445890 N 0xa4445894
0xa4445890 N 0xa4445894
0xb4000 N 0xb4004
0xda446c N 0xda4470
0xcddc N 0xcde0
0xda446c N 0xda4470
0xa4445890 N 0xa4445894
0x411b174 N 0x411b178
0x411b174 N 0x411b178
0xcddc N 0xcde0
0xda446c N 0xda4470
0xda446c N 0xda4470
0xcddc N 0xcde0
0xb4000 N 0xb4004
0x411b174 N 0x411b178
0xcddc N 0xcde0
0x411b174 N 0x411b178
0xda446c N 0xda4470
0x411b174 N 0x411b178
0xb4000 N 0xb4004
0xcddc N 0xcde0
0xda446c N 0xda4470
0xa4445890 N 0xa4445894
0xb4000 N 0xb4004
0xcddc N 0xcde0
0xda446c N 0xda4470
0xb4000 N 0xb4004
0xcddc N 0xcde0
0xda446c N 0xda4470
0xcddc N 0xcde0
0xa4445890 N 0xa4445894
0x411b174 N 0x411b178
0xa4445890 N 0xa4445894
0xa4445890 N 0xa4445894
0x411b174 N 0x411b178
0xda446c N 0xda4470
0xcddc N 0xcde0
0xb4000 N 0xb4004
0x411b174 N 0x411b178
0xda446c N 0xda4470
0xcddc N 0xcde0
0x411b174 N 0x411b178
0x411b174 N 0x411b178
0x411b174 N 0x411b178
0xa4445890 N 0xa4445894
0xcddc N 0xcde0
0xcddc N 0xcde0
0xa4445890 N 0xa4445894
0xcddc N 0xcde0
0xcddc N 0xcde0
0xb4000 N 0xb4004
0x411b174 N 0x411b178
0xda446c N 0xda4470
0xb4000 N 0xb4004
0x411b174 N 0x411b178
0xda446c N 0xda4470
0xcddc N 0xcde0
0xb4000 N 0xb4004
0xcddc N 0xcde0
0xb4000 N 0xb4004
0x411b174 N 0x411b178
0xa4445890 N 0xa4445894
0xb4000 N 0xb4004
0xcddc N 0xcde0
0x411b174 N 0x411b178
0xda446c N 0xda4470
0x411b174 N 0x411b178
0xb4000 N 0xb4004
0xcddc N 0xcde0
0xa4445890 N 0xa4445894
0xb4000 N 0xb4004
0xda446c N 0xda4470
0xa4445890 N 0xa4445894
0x411b174 N 0x411b178
0xb4000 N 0xb4004
0xb4000 N 0xb4004
0xda446c N 0xda4470
0x411b174 N 0x411b178
0xcddc N 0xcde0
0xa4445890 N 0xa4445894
0xb4000 N 0xb4004
0xb4000 N 0xb4004
0x411b174 N 0x411b178
0xb4000 N 0xb4004
0xb4000 N 0xb4004
0xda446c N 0xda4470
0xa4445890 N 0xa4445894
0x411b174 N 0x411b178
0xda446c N 0xda4470
0xda446c N 0xda4470
0xcddc N 0xcde0
0xa4445890 N 0xa4445894
0xb4000 N 0xb4004
0xa4445890 N 0xa4445894
0x411b174 N 0x411b178
0xb4000 N 0xb4004
0xb4000 N 0xb4004
0xb4000 N 0xb4004
0xa4445890 N 0xa4445894
0x411b174 N 0x411b178
0xa4445890 N 0xa4445894
0xb4000 N 0xb4004
0xa4445890 N 0xa4445894
0xa4445890 N 0xa4445894
0xb4000 N 0xb4004
0xa4445890 N 0xa4445894
0xa4445890 N 0xa4445894
0xa4445890 N 0xa4445894
0xa4445890 N 0xa4445894
0xa4445890 N 0xa4445894
0xcddc N 0xcde0
0xcddc N 0xcde0
0xda446c N 0xda4470
0xcddc N 0xcde0
0xb4000 N 0xb4004
0xcddc N 0xcde0
0xa4445890 N 0xa4445894
0x411b174 N 0x411b178
0x411b174 N 0x411b178
0xa4445890 N 0xa4445894
0xcddc N 0xcde0
0xcddc N 0xcde0
0xb4000 N 0xb4004
0xb4000 N 0xb4004
0xb4000 N 0xb4004
0xcddc N 0xcde0
0x411b174 N 0x411b178
0x411b174 N 0x411b178
0xa4445890 N 0xa4445894
0xb4000 N 0xb4004
0xda446c N 0xda4470
0x411b174 N 0x411b178
0xb4000 N 0xb4004
0xcddc N 0xcde0
0xa4445890 N 0xa4445894
0xda446c N 0xda4470
0xb4000 N 0xb4004
0xcddc N 0xcde0
0xcddc N 0xcde0
0xcddc N 0xcde0
0xb4000 N 0xb4004
0xda446c N 0xda4470
0xb4000 N 0xb4004
0xa4445890 N 0xa4445894
0xb4000 N 0xb4004
0xcddc N 0xcde0
0xcddc N 0xcde0
0xa4445890 N 0xa4445894
0x411b174 N 0x411b178
0xda446c N 0xda4470
0x411b174 N 0x411b178
0x411b174 N 0x411b178
0x411b174 N 0x411b178
0x411b174 N 0x411b178
0xcddc N 0xcde0
0xda446c N 0xda4470
0xa4445890 N 0xa4445894
0xa4445890 N 0xa4445894
0xb4000 N 0xb4004
0xb4000 N 0xb4004
0x411b174 N 0x411b178
0xda446c N 0xda4470
0xcddc N 0xcde0
0xa4445890 N 0xa4445894
0xda446c N 0xda4470
0x411b174 N 0x411b178
0xb4000 N 0xb4004
0xcddc N 0xcde0
0xb4000 N 0xb4004
0xda446c N 0xda4470
0x411b174 N 0x411b178
0xda446c N 0xda4470
0xda446c N 0xda4470
0xb4000 N 0xb4004
0xda446c N 0xda4470
0x411b174 N 0x411b178
0xcddc N 0xcde0
0xda446c N 0xda4470
0xa4445890 N 0xa4445894
0xcddc N 0xcde0
0xa4445890 N 0xa4445894
0xda446c N 0xda4470
0x411b174 N 0x411b178
0x411b174 N 0x411b178
0xcddc N 0xcde0
0xda446c N 0xda4470
0xda446c N 0xda4470
0xcddc N 0xcde0
0xb4000 N 0xb4004
0xda446c N 0xda4470
0x411b174 N 0x411b178
0xa4445890 N 0xa4445894
0xb4000 N 0xb4004
0xcddc N 0xcde0
0x411b174 N 0x411b178
0xa4445890 N 0xa4445894
0x411b174 N 0x411b178
0xcddc N 0xcde0
0xcddc N 0xcde0
0xb4000 N 0xb4004
0xb4000 N 0xb4004
0xb4000 N 0xb4004
0xa4445890 N 0xa4445894
0xb4000 N 0xb4004
0xa4445890 N 0xa4445894
0x411b174 N 0x411b178
0xcddc N 0xcde0
0xda446c N 0xda4470
0x411b174 N 0x411b178
0xa4445890 N 0xa4445894
0xda446c N 0xda4470
0xda446c N 0xda4470
0xb4000 N 0xb4004
0xda446c N 0xda4470
0xda446c N 0xda4470
0xa4445890 N 0xa4445894
0xb4000 N 0xb4004
0xcddc N 0xcde0
0xda446c N 0xda4470
0xa4445890 N 0xa4445894
0xcddc N 0xcde0
0xa4445890 N 0xa4445894
0xb4000 N 0xb4004
0xda446c N 0xda4470
0xda446c N 0xda4470
0xa4445890 N 0xa4445894
0xa4445890 N 0xa4445894
0xa4445890 N 0xa4445894
0xa4445890 N 0xa4445894
0xda446c N 0xda4470
0xb4000 N 0xb4004
0xcddc N 0xcde0
0xa4445890 N 0xa4445894
0xb4000 N 0xb4004
0xda446c N 0xda4470
0x411b174 N 0x411b178
0xda446c N 0xda4470
0x411b174 N 0x411b178
0xda446c N 0xda4470
0xa4445890 N 0xa4445894
0xa4445890 N 0xa4445894
0xda446c N 0xda4470
0x411b174 N 0x411b178
0x411b174 N 0x411b178
0xa4445890 N 0xa4445894
0xa4445890 N 0xa4445894
0xb4000 N 0xb4004
0xa4445890 N 0xa4445894
0x411b174 N 0x411b178
0xa4445890 N 0xa4445894
0xcddc N 0xcde0
0xda446c N 0xda4470
0xda446c N 0xda4470
0xb4000 N 0xb4004
0x411b174 N 0x411b178
0xcddc N 0xcde0
0x411b174 N 0x411b178
0xb4000 N 0xb4004
0xda446c N 0xda4470
0xda446c N 0xda4470
0xcddc N 0xcde0
0xcddc N 0xcde0
0xa4445890 N 0xa4445894
0x411b174 N 0x411b178
0xa4445890 N 0xa4445894
0xa4445890 N 0xa4445894
0xa4445890 N 0xa4445894
0xda446c N 0xda4470
0xa4445890 N 0xa4445894
0x411b174 N 0x411b178
0xa4445890 N 0xa4445894
0xa4445890 N 0xa4445894
0xa4445890 N 0xa4445894
0xb4000 N 0xb4004
0xb4000 N 0xb4004
0xcddc N 0xcde0
0xda446c N 0xda4470
0x411b174 N 0x411b178
0xa4445890 N 0xa4445894
0xb4000 N 0xb4004
0x411b174 N 0x411b178
0x411b174 N 0x411b178
0x411b174 N 0x411b178
0xb4000 N 0xb4004
0xcddc N 0xcde0
0xb4000 N 0xb4004
0xa4445890 N 0xa4445894
0xda446c N 0xda4470
0x411b174 N 0x411b178
0x411b174 N 0x411b178
0x411b174 N 0x411b178
0x411b174 N 0x411b178
0x411b174 N 0x411b178
0xa4445890 N 0xa4445894
0xa4445890 N 0xa4445894
0xb4000 N 0xb4004
0x411b174 N 0x411b178
0xda446c N 0xda4470
0xda446c N 0xda4470
0xa4445890 N 0xa4445894
0xda446c N 0xda4470
0xda446c N 0xda4470
0xcddc N 0xcde0
0x411b174 N 0x411b178
0xcddc N 0xcde0
0xb4000 N 0xb4004
0xa4445890 N 0xa4445894
0x411b174 N 0x411b178
0xda446c N 0xda4470
0xb4000 N 0xb4004
0xa4445890 N 0xa4445894
0xb4000 N 0xb4004
0xa4445890 N 0xa4445894
0xda446c N 0xda4470
0xcddc N 0xcde0
0xb4000 N 0xb4004
0xcddc N 0xcde0
0xda446c N 0xda4470
0x411b174 N 0x411b178
0x411b174 N 0x411b178
0xcddc N 0xcde0
0xcddc N 0xcde0
0xda446c N 0xda4470
0x411b174 N 0x411b178
0xb4000 N 0xb4004
0xb4000 N 0xb4004
0xcddc N 0xcde0
0xa4445890 N 0xa4445894
0xb4000 N 0xb4004
0xda446c N 0xda4470
0xb4000 N 0xb4004
0xda446c N 0xda4470
0x411b174 N 0x411b178
0xcddc N 0xcde0
0xda446c N 0xda4470
0xa4445890 N 0xa4445894
0xa4445890 N 0xa4445894
0xb4000 N 0xb4004
0xa4445890 N 0xa4445894
0xda446c N 0xda4470
0x411b174 N 0x411b178
0xb4000 N 0xb4004
0xda446c N 0xda4470
0xb4000 N 0xb4004
0xda446c N 0xda4470
0xcddc N 0xcde0
0xb4000 N 0xb4004
0xcddc N 0xcde0
0xb4000 N 0xb4004
0xa4445890 N 0xa4445894
0xb4000 N 0xb4004
0x411b174 N 0x411b178
0xb4000 N 0xb4004
0xb4000 N 0xb4004
0x411b174 N 0x411b178
0xcddc N 0xcde0
0xcddc N 0xcde0
0xa4445890 N 0xa4445894
0xda446c N 0xda4470
0xcddc N 0xcde0
0xa4445890 N 0xa4445894
0xda446c N 0xda4470
0xda446c N 0xda4470
0xb4000 N 0xb4004
0xa4445890 N 0xa4445894
0xda446c N 0xda4470
0x411b174 N 0x411b178
0xb4000 N 0xb4004
0xb4000 N 0xb4004
0xb4000 N 0xb4004
0xa4445890 N 0xa4445894
0xb4000 N 0xb4004
0x411b174 N 0x411b178
0xb4000 N 0xb4004
0x411b174 N 0x411b178
0xda446c N 0xda4470
0x411b174 N 0x411b178
0xb4000 N 0xb4004
0xcddc N 0xcde0
0xda446c N 0xda4470
0xcddc N 0xcde0
0x411b174 N 0x411b178
0xa4445890 N 0xa4445894
0x411b174 N 0x411b178
0xb4000 N 0xb4004
0xb4000 N 0xb4004
0xda446c N 0xda4470
0xcddc N 0xcde0
0xda446c N 0xda4470
0xb4000 N 0xb4004
0xb4000 N 0xb4004
0xcddc N 0xcde0
0xb4000 N 0xb4004
0xa4445890 N 0xa4445894
0xda446c N 0xda4470
0xda446c N 0xda4470
0xda446c N 0xda4470
0xb4000 N 0xb4004
0x411b174 N 0x411b178
0xcddc N 0xcde0
0xa4445890 N 0xa4445894
0xb4000 N 0xb4004
0xda446c N 0xda4470
0xda446c N 0xda4470
0xb4000 N 0xb4004
0x411b174 N 0x411b178
0xcddc N 0xcde0
0xa4445890 N 0xa4445894
0xda446c N 0xda4470
0xb4000 N 0xb4004
0xcddc N 0xcde0
0xda446c N 0xda4470
0xcddc N 0xcde0
0xa4445890 N 0xa4445894
0xda446c N 0xda4470
0xb4000 N 0xb4004
0xb4000 N 0xb4004
0x411b174 N 0x411b178
0xda446c N 0xda4470
0xb4000 N 0xb4004
0xb4000 N 0xb4004
0xb4000 N 0xb4004
0xb4000 N 0xb4004
0xda446c N 0xda4470
0xcddc N 0xcde0
0xb4000 N 0xb4004
0xda446c N 0xda4470
0xb4000 N 0xb4004
0xda446c N 0xda4470
0xa4445890 N 0xa4445894
0xb4000 N 0xb4004
0xa4445890 N 0xa4445894
0xb4000 N 0xb4004
0xa4445890 N 0xa4445894
0xb4000 N 0xb4004
0xa4445890 N 0xa4445894
0xb4000 N 0xb4004
0x411b174 N 0x411b178
0xda446c N 0xda4470
0xb4000 N 0xb4004
0x411b174 N 0x411b178
0xb4000 N 0xb4004
0xda446c N 0xda4470
0xcddc N 0xcde0
0xb4000 N 0xb4004
0xb4000 N 0xb4004
0xb4000 N 0xb4004
0x411b174 N 0x411b178
0xb4000 N 0xb4004
0xda446c N 0xda4470
0xda446c N 0xda4470
0x411b174 N 0x411b178
0xda446c N 0xda4470
0xa4445890 N 0xa4445894
0xa4445890 N 0xa4445894
0xa4445890 N 0xa4445894
0xb4000 N 0xb4004
0xa4445890 N 0xa4445894
0xa4445890 N 0xa4445894
0xcddc N 0xcde0
0xda446c N 0xda4470
0xa4445890 N 0xa4445894
0xda446c N 0xda4470
0xb4000 N 0xb4004
0xda446c N 0xda4470
0xb4000 N 0xb4004
0xcddc N 0xcde0
0x411b174 N 0x411b178
0xb4000 N 0xb4004
0xcddc N 0xcde0
0xb4000 N 0xb4004
0xb4000 N 0xb4004
0xcddc N 0xcde0
0xda446c N 0xda4470
0xb4000 N 0xb4004
0x411b174 N 0x411b178
0xa4445890 N 0xa4445894
0xcddc N 0xcde0
0xda446c N 0xda4470
0xcddc N 0xcde0
0xcddc N 0xcde0
0x411b174 N 0x411b178
0xb4000 N 0xb4004
0xda446c N 0xda4470
0xb4000 N 0xb4004
0xcddc N 0xcde0
0xcddc N 0xcde0
0xcddc N 0xcde0
0xa4445890 N 0xa4445894
0xb4000 N 0xb4004
0x411b174 N 0x411b178
0xda446c N 0xda4470
0xb4000 N 0xb4004
0xb4000 N 0xb4004
0xda446c N 0xda4470
0x411b174 N 0x411b178
0xda446c N 0xda4470
0xcddc N 0xcde0
0xda446c N 0xda4470
0xda446c N 0xda4470
0xb4000 N 0xb4004
0xa4445890 N 0xa4445894
0x411b174 N 0x411b178
0xcddc N 0xcde0
0xa4445890 N 0xa4445894
0xda446c N 0xda4470
0x411b174 N 0x411b178
0x411b174 N 0x411b178
0x411b174 N 0x411b178
0xa4445890 N 0xa4445894
0xda446c N 0xda4470
0x411b174 N 0x411b178
0xcddc N 0xcde0
0xda446c N 0xda4470
0xcddc N 0xcde0
0xcddc N 0xcde0
0xb4000 N 0xb4004
0xda446c N 0xda4470
0xcddc N 0xcde0
0xda446c N 0xda4470
0xb4000 N 0xb4004
0xcddc N 0xcde0
0xb4000 N 0xb4004
0xb4000 N 0xb4004
0xa4445890 N 0xa4445894
0xb4000 N 0xb4004
0xb4000 N 0xb4004
0xda446c N 0xda4470
0x411b174 N 0x411b178
0x411b174 N 0x411b178
0x411b174 N 0x411b178
0xcddc N 0xcde0
0x411b174 N 0x411b178
0x411b174 N 0x411b178
0xb4000 N 0xb4004
0xcddc N 0xcde0
0x411b174 N 0x411b178
0xb4000 N 0xb4004
0xb4000 N 0xb4004
0xda446c N 0xda4470
0xa4445890 N 0xa4445894
0xcddc N 0xcde0
0xb4000 N 0xb4004
0xda446c N 0xda4470
0x411b174 N 0x411b178
0xcddc N 0xcde0
0xa4445890 N 0xa4445894
0xa4445890 N 0xa4445894
0x411b174 N 0x411b178
0xda446c N 0xda4470
0xa4445890 N 0xa4445894
0x411b174 N 0x411b178
0xb4000 N 0xb4004
0xb4000 N 0xb4004
0xb4000 N 0xb4004
0xa4445890 N 0xa4445894
0x411b174 N 0x411b178
0xb4000 N 0xb4004
0xda446c N 0xda4470
0xcddc N 0xcde0
0x411b174 N 0x411b178
0x411b174 N 0x411b178
0xcddc N 0xcde0
0xb4000 N 0xb4004
0x411b174 N 0x411b178
0xb4000 N 0xb4004
0xda446c N 0xda4470
0xda446c N 0xda4470
0xa4445890 N 0xa4445894
0x411b174 N 0x411b178
0xcddc N 0xcde0
0xda446c N 0xda4470
0x411b174 N 0x411b178
0x411b174 N 0x411b178
0xcddc N 0xcde0
0xa4445890 N 0xa4445894
0xa4445890 N 0xa4445894
0xa4445890 N 0xa4445894
0xa4445890 N 0xa4445894
0xb4000 N 0xb4004
0xb4000 N 0xb4004
0xa4445890 N 0xa4445894
0xb4000 N 0xb4004
0xcddc N 0xcde0
0xa4445890 N 0xa4445894
0x411b174 N 0x411b178
0xcddc N 0xcde0
0xda446c N 0xda4470
0xb4000 N 0xb4004
0x411b174 N 0x411b178
0xa4445890 N 0xa4445894
0x411b174 N 0x411b178
0xcddc N 0xcde0
0xb4000 N 0xb4004
0xb4000 N 0xb4004
0x411b174 N 0x411b178
0x411b174 N 0x411b178
0xcddc N 0xcde0
0xda446c N 0xda4470
0xa4445890 N 0xa4445894
0xa4445890 N 0xa4445894
0x411b174 N 0x411b178
0xa4445890 N 0xa4445894
0x411b174 N 0x411b178
0xcddc N 0xcde0
0xcddc N 0xcde0
0xda446c N 0xda4470
0xcddc N 0xcde0
0xb4000 N 0xb4004
0xcddc N 0xcde0
0xda446c N 0xda4470
0xb4000 N 0xb4004
0x411b174 N 0x411b178
0xb4000 N 0xb4004
0xda446c N 0xda4470
0xa4445890 N 0xa4445894
0xb4000 N 0xb4004
0xda446c N 0xda4470
0x411b174 N 0x411b178
0xb4000 N 0xb4004
0xa4445890 N 0xa4445894
0xa4445890 N 0xa4445894
0xa4445890 N 0xa4445894
0xda446c N 0xda4470
0xcddc N 0xcde0
0xda446c N 0xda4470
0xcddc N 0xcde0
0xa4445890 N 0xa4445894
0xa4445890 N 0xa4445894
0xcddc N 0xcde0
0x411b174 N 0x411b178
0xa4445890 N 0xa4445894
0xb4000 N 0xb4004
0xcddc N 0xcde0
0xa4445890 N 0xa4445894
0xb4000 N 0xb4004
0xb4000 N 0xb4004
0xa4445890 N 0xa4445894
0xa4445890 N 0xa4445894
0x411b174 N 0x411b178
0xb4000 N 0xb4004
0xcddc N 0xcde0
0xb4000 N 0xb4004
0xa4445890 N 0xa4445894
0x411b174 N 0x411b178
0x411b174 N 0x411b178
0xcddc N 0xcde0
0xda446c N 0xda4470
0xda446c N 0xda4470
0xa4445890 N 0xa4445894
0xcddc N 0xcde0
0xa4445890 N 0xa4445894
0xa4445890 N 0xa4445894
0xb4000 N 0xb4004
0xda446c N 0xda4470
0x411b174 N 0x411b178
0xcddc N 0xcde0
0xda446c N 0xda4470
0xa4445890 N 0xa4445894
0x411b174 N 0x411b178
0x411b174 N 0x411b178
0x411b174 N 0x411b178
0xa4445890 N 0xa4445894
0xa4445890 N 0xa4445894
0xda446c N 0xda4470
0x411b174 N 0x411b178
0xcddc N 0xcde0
0x411b174 N 0x411b178
0xa4445890 N 0xa4445894
0xda446c N 0xda4470
0xa4445890 N 0xa4445894
0xa4445890 N 0xa4445894
0x411b174 N 0x411b178
0xda446c N 0xda4470
0xda446c N 0xda4470
0x411b174 N 0x411b178
0x411b174 N 0x411b178
0x411b174 N 0x411b178
0xb4000 N 0xb4004
0xda446c N 0xda4470
0xa4445890 N 0xa4445894
0xb4000 N 0xb4004
0xa4445890 N 0xa4445894
0xa4445890 N 0xa4445894
0x411b174 N 0x411b178
0xb4000 N 0xb4004
0x411b174 N 0x411b178
0xcddc N 0xcde0
0xb4000 N 0xb4004
0xda446c N 0xda4470
0xa4445890 N 0xa4445894
0xa4445890 N 0xa4445894
0xb4000 N 0xb4004
0xa4445890 N 0xa4445894
0xda446c N 0xda4470
0xcddc N 0xcde0
0xa4445890 N 0xa4445894
0xcddc N 0xcde0
0x411b174 N 0x411b178
0xb4000 N 0xb4004
0xcddc N 0xcde0
0xa4445890 N 0xa4445894
0xb4000 N 0xb4004
0x411b174 N 0x411b178
0xcddc N 0xcde0
0xb4000 N 0xb4004
0xa4445890 N 0xa4445894
0xda446c N 0xda4470
0x411b174 N 0x411b178
0xcddc N 0xcde0
0x411b174 N 0x411b178
0xa4445890 N 0xa4445894
0xcddc N 0xcde0
0xcddc N 0xcde0
0x411b174 N 0x411b178
0xcddc N 0xcde0
0xcddc N 0xcde0
0xcddc N 0xcde0
0xa4445890 N 0xa4445894
0xcddc N 0xcde0
0xcddc N 0xcde0
0xb4000 N 0xb4004
0xa4445890 N 0xa4445894
0x411b174 N 0x411b178
0x411b174 N 0x411b178
0xa4445890 N 0xa4445894
0xb4000 N 0xb4004
0xa4445890 N 0xa4445894
0xda446c N 0xda4470
0xa4445890 N 0xa4445894
0xda446c N 0xda4470
0xcddc N 0xcde0
0xda446c N 0xda4470
0xa4445890 N 0xa4445894
0xa4445890 N 0xa4445894
0xa4445890 N 0xa4445894
0x411b174 N 0x411b178
0x411b174 N 0x411b178
0x411b174 N 0x411b178
0xb4000 N 0xb4004
0x411b174 N 0x411b178
0xcddc N 0xcde0
0xcddc N 0xcde0
0x411b174 N 0x411b178
0xb4000 N 0xb4004
0xa4445890 N 0xa4445894
0xcddc N 0xcde0
0xda446c N 0xda4470
0x411b174 N 0x411b178
0x411b174 N 0x411b178
0xa4445890 N 0xa4445894
0x411b174 N 0x411b178
0xda446c N 0xda4470
0xcddc N 0xcde0
0xcddc N 0xcde0
0xb4000 N 0xb4004
0xb4000 N 0xb4004
0xda446c N 0xda4470
0xb4000 N 0xb4004
0xcddc N 0xcde0
0xda446c N 0xda4470
0xa4445890 N 0xa4445894
0xb4000 N 0xb4004
0xb4000 N 0xb4004
0xb4000 N 0xb4004
0xcddc N 0xcde0
0xb4000 N 0xb4004
0xa4445890 N 0xa4445894
0xda446c N 0xda4470
0xcddc N 0xcde0
0xcddc N 0xcde0
0x411b174 N 0x411b178
0xcddc N 0xcde0
0xda446c N 0xda4470
0xb4000 N 0xb4004
0x411b174 N 0x411b178
0xa4445890 N 0xa4445894
0xb4000 N 0xb4004
0xb4000 N 0xb4004
0xcddc N 0xcde0
0xb4000 N 0xb4004
0xa4445890 N 0xa4445894
0xb4000 N 0xb4004
0xa4445890 N 0xa4445894
0xa4445890 N 0xa4445894
0xcddc N 0xcde0
0x411b174 N 0x411b178
0xa4445890 N 0xa4445894
0xda446c N 0xda4470
0x411b174 N 0x411b178
0xb4000 N 0xb4004
0xcddc N 0xcde0
0xcddc N 0xcde0
0xa4445890 N 0xa4445894
0xa4445890 N 0xa4445894
0xcddc N 0xcde0
0xda446c N 0xda4470
0xb4000 N 0xb4004
0xa4445890 N 0xa4445894
0xda446c N 0xda4470
0xcddc N 0xcde0
0x411b174 N 0x411b178
0xb4000 N 0xb4004
0x411b174 N 0x411b178
0xcddc N 0xcde0
0xa4445890 N 0xa4445894
0xda446c N 0xda4470
0xb4000 N 0xb4004
0xcddc N 0xcde0
0xcddc N 0xcde0
0xa4445890 N 0xa4445894
0xda446c N 0xda4470
0xa4445890 N 0xa4445894
0xcddc N 0xcde0
0x411b174 N 0x411b178
0xa4445890 N 0xa4445894
0xa4445890 N 0xa4445894
0xcddc N 0xcde0
0xda446c N 0xda4470
0xda446c N 0xda4470
0xcddc N 0xcde0
0xcddc N 0xcde0
0xda446c N 0xda4470
0xcddc N 0xcde0
0x411b174 N 0x411b178
0xa4445890 N 0xa4445894
0xcddc N 0xcde0
0xcddc N 0xcde0
0xda446c N 0xda4470
0xa4445890 N 0xa4445894
0xda446c N 0xda4470
0xda446c N 0xda4470
0xcddc N 0xcde0
0xcddc N 0xcde0
0xcddc N 0xcde0
0xa4445890 N 0xa4445894
0xb4000 N 0xb4004
0xb4000 N 0xb4004
0xb4000 N 0xb4004
0xb4000 N 0xb4004
0xda446c N 0xda4470
0xcddc N 0xcde0
0xb4000 N 0xb4004
0x411b174 N 0x411b178
0xcddc N 0xcde0
0xa4445890 N 0xa4445894
0xda446c N 0xda4470
0xb4000 N 0xb4004
0xda446c N 0xda4470
0xcddc N 0xcde0
0xcddc N 0xcde0
0xa4445890 N 0xa4445894
0x411b174 N 0x411b178
0x411b174 N 0x411b178
0xda446c N 0xda4470
0x411b174 N 0x411b178
0xa4445890 N 0xa4445894
0xa4445890 N 0xa4445894
0x411b174 N 0x411b178
0x411b174 N 0x411b178
0xa4445890 N 0xa4445894
0x411b174 N 0x411b178
0xb4000 N 0xb4004
0xb4000 N 0xb4004
0xcddc N 0xcde0
0xcddc N 0xcde0
0xcddc N 0xcde0
0x411b174 N 0x411b178
0xa4445890 N 0xa4445894
0xb4000 N 0xb4004
0xb4000 N 0xb4004
0xda446c N 0xda4470
0xda446c N 0xda4470
0x411b174 N 0x411b178
0xcddc N 0xcde0
0xb4000 N 0xb4004
0xda446c N 0xda4470
0xda446c N 0xda4470
0xda446c N 0xda4470
0xb4000 N 0xb4004
0xb4000 N 0xb4004
0xda446c N 0xda4470
0xb4000 N 0xb4004
0xb4000 N 0xb4004
0xb4000 N 0xb4004
0xda446c N 0xda4470
0xcddc N 0xcde0
0xcddc N 0xcde0
0xcddc N 0xcde0
0xa4445890 N 0xa4445894
0xcddc N 0xcde0
0xcddc N 0xcde0
0xa4445890 N 0xa4445894
0xda446c N 0xda4470
0xda446c N 0xda4470
0xda446c N 0xda4470
0xa4445890 N 0xa4445894
0xa4445890 N 0xa4445894
0xcddc N 0xcde0
0xa4445890 N 0xa4445894
0xda446c N 0xda4470
0xb4000 N 0xb4004
0x411b174 N 0x411b178
0xa4445890 N 0xa4445894
0xa4445890 N 0xa4445894
0xda446c N 0xda4470
0x411b174 N 0x411b178
0xcddc N 0xcde0
0x411b174 N 0x411b178
0xa4445890 N 0xa4445894
0x411b174 N 0x411b178
0xb4000 N 0xb4004
0xcddc N 0xcde0
0xcddc N 0xcde0
0xb4000 N 0xb4004
0xda446c N 0xda4470
0xda446c N 0xda4470
0xcddc N 0xcde0
0xcddc N 0xcde0
0xb4000 N 0xb4004
0x411b174 N 0x411b178
0xa4445890 N 0xa4445894
0xb4000 N 0xb4004
0xcddc N 0xcde0
0xa4445890 N 0xa4445894
0xb4000 N 0xb4004
0x411b174 N 0x411b178
0xa4445890 N 0xa4445894
0xda446c N 0xda4470
0xcddc N 0xcde0
0x411b174 N 0x411b178
0xda446c N 0xda4470
0xa4445890 N 0xa4445894
0xda446c N 0xda4470
0xb4000 N 0xb4004
0xda446c N 0xda4470
0xb4000 N 0xb4004
0x411b174 N 0x411b178
0xda446c N 0xda4470
0xcddc N 0xcde0
0xcddc N 0xcde0
0x411b174 N 0x411b178
0xb4000 N 0xb4004
0x411b174 N 0x411b178
0xa4445890 N 0xa4445894
0xcddc N 0xcde0
0xa4445890 N 0xa4445894
0x411b174 N 0x411b178
0xda446c N 0xda4470
0xa4445890 N 0xa4445894
0xda446c N 0xda4470
0xda446c N 0xda4470
0xcddc N 0xcde0
0xa4445890 N 0xa4445894
0x411b174 N 0x411b178
0xcddc N 0xcde0
0xda446c N 0xda4470
0xb4000 N 0xb4004
0xda446c N 0xda4470
0xda446c N 0xda4470
flush_num: 776, br_num: 1558, size: 319b
