0x34e0 N 0x34e4
0x34e0 T 0x70966a98
0x2fc N 0x300
0x2fc N 0x300
0x2fc T 0xc70
0x3d4 N 0x3d8
0x3d4 T 0x73a08
0x3d4 T 0x73a08
0x501135a8 N 0x501135ac
0x2fc N 0x300
0x7e64a8 N 0x7e64ac
0x2fc N 0x300
0x2fc N 0x300
0x7e64a8 N 0x7e64ac
0x2fc N 0x300
0x7e64a8 N 0x7e64ac
0xfdac N 0xfdb0
0x34e0 N 0x34e4
0x501135a8 N 0x501135ac
0x7e64a8 N 0x7e64ac
0xfdac N 0xfdb0
0x3d4 N 0x3d8
0x7e64a8 N 0x7e64ac
0x7e64a8 N 0x7e64ac
0x3d4 N 0x3d8
0x7e64a8 N 0x7e64ac
0x7e0 N 0x7e4
0x7e64a8 N 0x7e64ac
0x501135a8 N 0x501135ac
0x501135a8 N 0x501135ac
0x7e0 N 0x7e4
0x7e64a8 N 0x7e64ac
0x7e64a8 N 0x7e64ac
0x7e64a8 T 0x51f1cfb0
0x501135a8 N 0x501135ac
0x2fc N 0x300
0x3d4 N 0x3d8
0xfdac N 0xfdb0
0x501135a8 N 0x501135ac
0x7e0 N 0x7e4
0x7e0 N 0x7e4
0x2fc N 0x300
0x7e0 N 0x7e4
0x7e64a8 N 0x7e64ac
0x7e0 N 0x7e4
0xfdac N 0xfdb0
0x7e64a8 N 0x7e64ac
0x3d4 N 0x3d8
0x3d4 N 0x3d8
0x7e0 N 0x7e4
0xfdac N 0xfdb0
0x7e64a8 N 0x7e64ac
0x7e0 N 0x7e4
0x501135a8 N 0x501135ac
0x2fc N 0x300
0x7e64a8 N 0x7e64ac
0x501135a8 N 0x501135ac
0x7e0 N 0x7e4
0x3d4 N 0x3d8
0x2fc N 0x300
0xfdac N 0xfdb0
0x2fc N 0x300
0x34e0 N 0x34e4
0x501135a8 N 0x501135ac
0x501135a8 T 0x42a775c
0x34e0 N 0x34e4
0x3d4 N 0x3d8
0xfdac N 0xfdb0
0x7e64a8 N 0x7e64ac
0x34e0 N 0x34e4
0x501135a8 N 0x501135ac
0x7e64a8 N 0x7e64ac
0xfdac N 0xfdb0
0x7e64a8 N 0x7e64ac
0x34e0 N 0x34e4
0x3d4 N 0x3d8
0x34e0 N 0x34e4
0x7e64a8 N 0x7e64ac
0x2fc N 0x300
0x34e0 N 0x34e4
0x34e0 T 0x70966a98
0x501135a8 N 0x501135ac
0x7e64a8 N 0x7e64ac
0x34e0 N 0x34e4
0x7e64a8 N 0x7e64ac
0x34e0 N 0x34e4
0x7e64a8 N 0x7e64ac
0x7e0 N 0x7e4
0x2fc N 0x300
0xfdac N 0xfdb0
0x501135a8 N 0x501135ac
0x2fc N 0x300
0x7e64a8 N 0x7e64ac
0x2fc N 0x300
0x3d4 N 0x3d8
0x3d4 N 0x3d8
0x7e64a8 N 0x7e64ac
0xfdac N 0xfdb0
0x2fc N 0x300
0xfdac N 0xfdb0
0x2fc N 0x300
0x501135a8 N 0x501135ac
0x7e0 N 0x7e4
0xfdac N 0xfdb0
0x3d4 N 0x3d8
0x501135a8 N 0x501135ac
0x501135a8 N 0x501135ac
0x7e64a8 N 0x7e64ac
0x3d4 N 0x3d8
0x34e0 N 0x34e4
0x7e0 N 0x7e4
0x34e0 N 0x34e4
0xfdac N 0xfdb0
0x34e0 N 0x34e4
0x3d4 N 0x3d8
0x7e64a8 N 0x7e64ac
0x3d4 N 0x3d8
0x7e0 N 0x7e4
0xfdac N 0xfdb0
0x7e64a8 N 0x7e64ac
0x34e0 N 0x34e4
0xfdac N 0xfdb0
0x2fc N 0x300
0x7e0 N 0x7e4
0xfdac N 0xfdb0
0x34e0 N 0x34e4
0x2fc N 0x300
0xfdac N 0xfdb0
0x34e0 N 0x34e4
0x2fc N 0x300
0x501135a8 N 0x501135ac
0x34e0 N 0x34e4
0x7e0 N 0x7e4
0x34e0 N 0x34e4
0x7e0 N 0x7e4
0x2fc N 0x300
0x34e0 N 0x34e4
0x34e0 N 0x34e4
0xfdac N 0xfdb0
0x34e0 N 0x34e4
0xfdac N 0xfdb0
0x7e64a8 N 0x7e64ac
0x34e0 N 0x34e4
0x2fc N 0x300
0x34e0 N 0x34e4
0x7e64a8 N 0x7e64ac
0x2fc N 0x300
0xfdac N 0xfdb0
0x7e0 N 0x7e4
0x34e0 N 0x34e4
0x7e64a8 N 0x7e64ac
0xfdac N 0xfdb0
0xfdac N 0xfdb0
0x7e0 N 0x7e4
0x7e0 T 0x9f7e0
0x3d4 N 0x3d8
0x7e64a8 N 0x7e64ac
0xfdac N 0xfdb0
0x3d4 N 0x3d8
0x3d4 T 0x73a08
0x7e64a8 N 0x7e64ac
0x7e64a8 T 0x51f1cfb0
0x34e0 N 0x34e4
0x2fc N 0x300
0xfdac N 0xfdb0
0x7e0 N 0x7e4
0x501135a8 N 0x501135ac
0x7e0 N 0x7e4
0x3d4 N 0x3d8
0x501135a8 N 0x501135ac
0x501135a8 T 0x42a775c
0x34e0 N 0x34e4
0x7e64a8 N 0x7e64ac
0x7e64a8 N 0x7e64ac
0x7e64a8 T 0x51f1cfb0
0x501135a8 N 0x501135ac
0x7e64a8 N 0x7e64ac
0x501135a8 N 0x501135ac
0x501135a8 T 0x42a775c
0x7e64a8 N 0x7e64ac
0x7e64a8 T 0x51f1cfb0
0x34e0 N 0x34e4
0x7e0 N 0x7e4
0x501135a8 N 0x501135ac
0x2fc N 0x300
0xfdac N 0xfdb0
0x501135a8 N 0x501135ac
0x2fc N 0x300
0x34e0 N 0x34e4
0x7e64a8 N 0x7e64ac
0xfdac N 0xfdb0
0x501135a8 N 0x501135ac
0x7e0 N 0x7e4
0x34e0 N 0x34e4
0xfdac N 0xfdb0
0x7e64a8 N 0x7e64ac
0x34e0 N 0x34e4
0xfdac N 0xfdb0
0x34e0 N 0x34e4
0xfdac N 0xfdb0
0x7e64a8 N 0x7e64ac
0x2fc N 0x300
0x2fc T 0xc70
0x501135a8 N 0x501135ac
0x3d4 N 0x3d8
0x7e0 N 0x7e4
0xfdac N 0xfdb0
0x34e0 N 0x34e4
0xfdac N 0xfdb0
0x7e64a8 N 0x7e64ac
0x7e64a8 T 0x51f1cfb0
0x3d4 N 0x3d8
0x2fc N 0x300
0x3d4 N 0x3d8
0x3d4 N 0x3d8
0x7e64a8 N 0x7e64ac
0x7e0 N 0x7e4
0xfdac N 0xfdb0
0x34e0 N 0x34e4
0x7e0 N 0x7e4
0x3d4 N 0x3d8
0x34e0 N 0x34e4
0x501135a8 N 0x501135ac
0x501135a8 N 0x501135ac
0x2fc N 0x300
0x501135a8 N 0x501135ac
0x501135a8 N 0x501135ac
0x34e0 N 0x34e4
0x7e64a8 N 0x7e64ac
0x3d4 N 0x3d8
0x2fc N 0x300
0x2fc N 0x300
0xfdac N 0xfdb0
0x7e0 N 0x7e4
0x34e0 N 0x34e4
0x7e64a8 N 0x7e64ac
0x501135a8 N 0x501135ac
0x7e64a8 N 0x7e64ac
0x2fc N 0x300
0x7e64a8 N 0x7e64ac
0x7e0 N 0x7e4
0x7e0 N 0x7e4
0x34e0 N 0x34e4
0x2fc N 0x300
0xfdac N 0xfdb0
0xfdac T 0xcf1a8
0x501135a8 N 0x501135ac
0x7e64a8 N 0x7e64ac
0xfdac N 0xfdb0
0x3d4 N 0x3d8
0x7e64a8 N 0x7e64ac
0x34e0 N 0x34e4
0x34e0 N 0x34e4
0x7e64a8 N 0x7e64ac
0x7e0 N 0x7e4
0xfdac N 0xfdb0
0x7e0 N 0x7e4
0x3d4 N 0x3d8
0x34e0 N 0x34e4
0x7e0 N 0x7e4
0x2fc N 0x300
0x7e64a8 N 0x7e64ac
0xfdac N 0xfdb0
0x7e64a8 N 0x7e64ac
0x34e0 N 0x34e4
0xfdac N 0xfdb0
0x7e64a8 N 0x7e64ac
0x2fc N 0x300
0xfdac N 0xfdb0
0x7e64a8 N 0x7e64ac
0x3d4 N 0x3d8
0x501135a8 N 0x501135ac
0x7e0 N 0x7e4
0x501135a8 N 0x501135ac
0x7e64a8 N 0x7e64ac
0x34e0 N 0x34e4
0x7e0 N 0x7e4
0xfdac N 0xfdb0
0x2fc N 0x300
0x7e0 N 0x7e4
0x501135a8 N 0x501135ac
0x3d4 N 0x3d8
0x34e0 N 0x34e4
0x2fc N 0x300
0x34e0 N 0x34e4
0x7e0 N 0x7e4
0xfdac N 0xfdb0
0x2fc N 0x300
0x7e0 N 0x7e4
0x7e0 N 0x7e4
0xfdac N 0xfdb0
0xfdac T 0xcf1a8
0xfdac T 0xcf1a8
0x7e0 N 0x7e4
0x3d4 N 0x3d8
0x7e64a8 N 0x7e64ac
0x7e64a8 T 0x51f1cfb0
0x501135a8 N 0x501135ac
0x7e64a8 N 0x7e64ac
0x34e0 N 0x34e4
0x7e0 N 0x7e4
0x7e0 T 0x9f7e0
0x3d4 N 0x3d8
0x7e0 N 0x7e4
0x7e64a8 N 0x7e64ac
0x7e0 N 0x7e4
0x7e0 T 0x9f7e0
0x7e64a8 N 0x7e64ac
0xfdac N 0xfdb0
0x2fc N 0x300
0xfdac N 0xfdb0
0x3d4 N 0x3d8
0x34e0 N 0x34e4
0x34e0 T 0x70966a98
0x7e0 N 0x7e4
0x2fc N 0x300
0x3d4 N 0x3d8
0xfdac N 0xfdb0
0x3d4 N 0x3d8
0x501135a8 N 0x501135ac
0xfdac N 0xfdb0
0x34e0 N 0x34e4
0x3d4 N 0x3d8
0x7e0 N 0x7e4
0x7e0 T 0x9f7e0
0x34e0 N 0x34e4
0x501135a8 N 0x501135ac
0x3d4 N 0x3d8
0x501135a8 N 0x501135ac
0xfdac N 0xfdb0
0x3d4 N 0x3d8
0x2fc N 0x300
0x34e0 N 0x34e4
0x501135a8 N 0x501135ac
0x2fc N 0x300
0x3d4 N 0x3d8
0x34e0 N 0x34e4
0xfdac N 0xfdb0
0x501135a8 N 0x501135ac
0x2fc N 0x300
0x7e64a8 N 0x7e64ac
0x2fc N 0x300
0xfdac N 0xfdb0
0x2fc N 0x300
0x3d4 N 0x3d8
0x7e0 N 0x7e4
0x34e0 N 0x34e4
0x34e0 T 0x70966a98
0xfdac N 0xfdb0
0x34e0 N 0x34e4
0x7e64a8 N 0x7e64ac
0x34e0 N 0x34e4
0x3d4 N 0x3d8
0x34e0 N 0x34e4
0x501135a8 N 0x501135ac
0x34e0 N 0x34e4
0x7e64a8 N 0x7e64ac
0xfdac N 0xfdb0
0x34e0 N 0x34e4
0x7e64a8 N 0x7e64ac
0x7e0 N 0x7e4
0x3d4 N 0x3d8
0x7e0 N 0x7e4
0x7e64a8 N 0x7e64ac
0x34e0 N 0x34e4
0xfdac N 0xfdb0
0x3d4 N 0x3d8
0x7e0 N 0x7e4
0x7e0 N 0x7e4
0x501135a8 N 0x501135ac
0x3d4 N 0x3d8
0x501135a8 N 0x501135ac
0x2fc N 0x300
0x7e0 N 0x7e4
0x7e64a8 N 0x7e64ac
0x3d4 N 0x3d8
0xfdac N 0xfdb0
0x3d4 N 0x3d8
0x7e64a8 N 0x7e64ac
0x34e0 N 0x34e4
0x3d4 N 0x3d8
0x34e0 N 0x34e4
0x34e0 T 0x70966a98
0x501135a8 N 0x501135ac
0x7e0 N 0x7e4
0x7e0 T 0x9f7e0
0xfdac N 0xfdb0
0x7e64a8 N 0x7e64ac
0x3d4 N 0x3d8
0x34e0 N 0x34e4
0xfdac N 0xfdb0
0x2fc N 0x300
0x34e0 N 0x34e4
0x501135a8 N 0x501135ac
0x501135a8 T 0x42a775c
0x501135a8 T 0x42a775c
0x7e0 N 0x7e4
0x3d4 N 0x3d8
0x501135a8 N 0x501135ac
0x3d4 N 0x3d8
0x3d4 T 0x73a08
0x3d4 T 0x73a08
0x501135a8 N 0x501135ac
0xfdac N 0xfdb0
0xfdac N 0xfdb0
0xfdac N 0xfdb0
0x7e64a8 N 0x7e64ac
0x3d4 N 0x3d8
0x3d4 T 0x73a08
0xfdac N 0xfdb0
0x7e64a8 N 0x7e64ac
0x34e0 N 0x34e4
0x2fc N 0x300
0x3d4 N 0x3d8
0x2fc N 0x300
0x7e0 N 0x7e4
0x7e0 N 0x7e4
0x2fc N 0x300
0x501135a8 N 0x501135ac
0x34e0 N 0x34e4
0x501135a8 N 0x501135ac
0x7e0 N 0x7e4
0x3d4 N 0x3d8
0x7e0 N 0x7e4
0xfdac N 0xfdb0
0x3d4 N 0x3d8
0xfdac N 0xfdb0
0x7e0 N 0x7e4
0xfdac N 0xfdb0
0x501135a8 N 0x501135ac
0x7e0 N 0x7e4
0x7e0 N 0x7e4
0x501135a8 N 0x501135ac
0x7e64a8 N 0x7e64ac
0x7e64a8 T 0x51f1cfb0
0xfdac N 0xfdb0
0x34e0 N 0x34e4
0x2fc N 0x300
0x34e0 N 0x34e4
0x34e0 N 0x34e4
0x2fc N 0x300
0xfdac N 0xfdb0
0x3d4 N 0x3d8
0x7e64a8 N 0x7e64ac
0x7e0 N 0x7e4
0xfdac N 0xfdb0
0x34e0 N 0x34e4
0x34e0 N 0x34e4
0x34e0 T 0x70966a98
0x3d4 N 0x3d8
0x7e0 N 0x7e4
0x7e0 N 0x7e4
0x34e0 N 0x34e4
0x34e0 N 0x34e4
0x3d4 N 0x3d8
0x7e0 N 0x7e4
0x7e64a8 N 0x7e64ac
0x7e64a8 N 0x7e64ac
0x2fc N 0x300
0x2fc T 0xc70
0x501135a8 N 0x501135ac
0x501135a8 T 0x42a775c
0x34e0 N 0x34e4
0x7e64a8 N 0x7e64ac
0x7e64a8 T 0x51f1cfb0
0x7e64a8 T 0x51f1cfb0
0x3d4 N 0x3d8
0x501135a8 N 0x501135ac
0x3d4 N 0x3d8
0x3d4 T 0x73a08
0x3d4 T 0x73a08
0x2fc N 0x300
0xfdac N 0xfdb0
0x501135a8 N 0x501135ac
0x3d4 N 0x3d8
0x34e0 N 0x34e4
0x3d4 N 0x3d8
0x3d4 N 0x3d8
0xfdac N 0xfdb0
0x3d4 N 0x3d8
0x501135a8 N 0x501135ac
0x7e0 N 0x7e4
0x34e0 N 0x34e4
0x501135a8 N 0x501135ac
0x7e0 N 0x7e4
0x2fc N 0x300
0x501135a8 N 0x501135ac
0x3d4 N 0x3d8
0x2fc N 0x300
0xfdac N 0xfdb0
0x7e64a8 N 0x7e64ac
0x2fc N 0x300
0x7e0 N 0x7e4
0x2fc N 0x300
0x501135a8 N 0x501135ac
0x7e64a8 N 0x7e64ac
0x3d4 N 0x3d8
0x34e0 N 0x34e4
0x34e0 N 0x34e4
0x501135a8 N 0x501135ac
0x3d4 N 0x3d8
0x501135a8 N 0x501135ac
0x2fc N 0x300
0xfdac N 0xfdb0
0xfdac N 0xfdb0
0x7e0 N 0x7e4
0x3d4 N 0x3d8
0x3d4 N 0x3d8
0x3d4 N 0x3d8
0x7e0 N 0x7e4
0x2fc N 0x300
0x3d4 N 0x3d8
0x501135a8 N 0x501135ac
0x34e0 N 0x34e4
0x7e0 N 0x7e4
0x34e0 N 0x34e4
0x501135a8 N 0x501135ac
0x2fc N 0x300
0x34e0 N 0x34e4
0xfdac N 0xfdb0
0x34e0 N 0x34e4
0x2fc N 0x300
0x2fc T 0xc70
0x7e64a8 N 0x7e64ac
0x7e64a8 N 0x7e64ac
0x501135a8 N 0x501135ac
0x2fc N 0x300
0x7e0 N 0x7e4
0x34e0 N 0x34e4
0x3d4 N 0x3d8
0x2fc N 0x300
0x7e0 N 0x7e4
0xfdac N 0xfdb0
0xfdac T 0xcf1a8
0xfdac T 0xcf1a8
0x7e64a8 N 0x7e64ac
0x34e0 N 0x34e4
0xfdac N 0xfdb0
0x3d4 N 0x3d8
0x34e0 N 0x34e4
0x7e0 N 0x7e4
0x7e64a8 N 0x7e64ac
0xfdac N 0xfdb0
0x501135a8 N 0x501135ac
0x501135a8 T 0x42a775c
0x3d4 N 0x3d8
0x7e0 N 0x7e4
0x2fc N 0x300
0x7e64a8 N 0x7e64ac
0x34e0 N 0x34e4
0xfdac N 0xfdb0
0xfdac N 0xfdb0
0x7e64a8 N 0x7e64ac
0xfdac N 0xfdb0
0x34e0 N 0x34e4
0x2fc N 0x300
0x7e64a8 N 0x7e64ac
0x2fc N 0x300
0x7e0 N 0x7e4
0x3d4 N 0x3d8
0x7e0 N 0x7e4
0x34e0 N 0x34e4
0x34e0 N 0x34e4
0x501135a8 N 0x501135ac
0xfdac N 0xfdb0
0xfdac T 0xcf1a8
0x7e64a8 N 0x7e64ac
0x2fc N 0x300
0x501135a8 N 0x501135ac
0x3d4 N 0x3d8
0x7e64a8 N 0x7e64ac
0x501135a8 N 0x501135ac
0x3d4 N 0x3d8
0xfdac N 0xfdb0
0x501135a8 N 0x501135ac
0x3d4 N 0x3d8
0x7e64a8 N 0x7e64ac
0x3d4 N 0x3d8
0x34e0 N 0x34e4
0x7e64a8 N 0x7e64ac
0x2fc N 0x300
0x2fc N 0x300
0x2fc N 0x300
0x34e0 N 0x34e4
0x3d4 N 0x3d8
0x3d4 N 0x3d8
0x7e64a8 N 0x7e64ac
0xfdac N 0xfdb0
0x501135a8 N 0x501135ac
0x3d4 N 0x3d8
0x3d4 T 0x73a08
0x501135a8 N 0x501135ac
0x7e0 N 0x7e4
0x3d4 N 0x3d8
0x2fc N 0x300
0xfdac N 0xfdb0
0x7e0 N 0x7e4
0xfdac N 0xfdb0
0x2fc N 0x300
0x501135a8 N 0x501135ac
0x7e0 N 0x7e4
0x34e0 N 0x34e4
0x2fc N 0x300
0x7e64a8 N 0x7e64ac
0x34e0 N 0x34e4
0x7e64a8 N 0x7e64ac
0x3d4 N 0x3d8
0x7e64a8 N 0x7e64ac
0x34e0 N 0x34e4
0x501135a8 N 0x501135ac
0x3d4 N 0x3d8
0x7e0 N 0x7e4
0xfdac N 0xfdb0
0x7e64a8 N 0x7e64ac
0x34e0 N 0x34e4
0x7e0 N 0x7e4
0x3d4 N 0x3d8
0x7e64a8 N 0x7e64ac
0x501135a8 N 0x501135ac
0x501135a8 N 0x501135ac
0x7e0 N 0x7e4
0x7e0 T 0x9f7e0
0xfdac N 0xfdb0
0xfdac T 0xcf1a8
0x3d4 N 0x3d8
0x501135a8 N 0x501135ac
0x3d4 N 0x3d8
0x2fc N 0x300
0x7e64a8 N 0x7e64ac
0x34e0 N 0x34e4
0x3d4 N 0x3d8
0x501135a8 N 0x501135ac
0x7e0 N 0x7e4
0x7e0 T 0x9f7e0
0x7e0 T 0x9f7e0
0x34e0 N 0x34e4
0x34e0 N 0x34e4
0x7e64a8 N 0x7e64ac
0xfdac N 0xfdb0
0x3d4 N 0x3d8
0x7e0 N 0x7e4
0x7e64a8 N 0x7e64ac
0x7e0 N 0x7e4
0x3d4 N 0x3d8
0x3d4 T 0x73a08
0x7e0 N 0x7e4
0x7e0 T 0x9f7e0
0x501135a8 N 0x501135ac
0xfdac N 0xfdb0
0x34e0 N 0x34e4
0x2fc N 0x300
0x2fc N 0x300
0x501135a8 N 0x501135ac
0x34e0 N 0x34e4
0x7e64a8 N 0x7e64ac
0x501135a8 N 0x501135ac
0xfdac N 0xfdb0
0xfdac T 0xcf1a8
0x7e0 N 0x7e4
0x7e0 N 0x7e4
0x34e0 N 0x34e4
0x7e64a8 N 0x7e64ac
0x501135a8 N 0x501135ac
0x34e0 N 0x34e4
0x501135a8 N 0x501135ac
0x34e0 N 0x34e4
0xfdac N 0xfdb0
0x34e0 N 0x34e4
0x501135a8 N 0x501135ac
0xfdac N 0xfdb0
0x7e0 N 0x7e4
0x7e0 N 0x7e4
0x501135a8 N 0x501135ac
0x3d4 N 0x3d8
0x7e0 N 0x7e4
0x501135a8 N 0x501135ac
0x7e64a8 N 0x7e64ac
0x3d4 N 0x3d8
0x3d4 N 0x3d8
0xfdac N 0xfdb0
0x3d4 N 0x3d8
0x7e0 N 0x7e4
0x3d4 N 0x3d8
0x34e0 N 0x34e4
0x2fc N 0x300
0x2fc N 0x300
0x3d4 N 0x3d8
0x3d4 N 0x3d8
0x7e64a8 N 0x7e64ac
0x34e0 N 0x34e4
0x3d4 N 0x3d8
0x34e0 N 0x34e4
0x2fc N 0x300
0x34e0 N 0x34e4
0xfdac N 0xfdb0
0x7e0 N 0x7e4
0x2fc N 0x300
0x34e0 N 0x34e4
0x501135a8 N 0x501135ac
0x501135a8 T 0x42a775c
0x34e0 N 0x34e4
0x501135a8 N 0x501135ac
0x501135a8 N 0x501135ac
0xfdac N 0xfdb0
0x2fc N 0x300
0x34e0 N 0x34e4
0x501135a8 N 0x501135ac
0x3d4 N 0x3d8
0x501135a8 N 0x501135ac
0x7e64a8 N 0x7e64ac
0x7e64a8 T 0x51f1cfb0
0x7e0 N 0x7e4
0x7e64a8 N 0x7e64ac
0x501135a8 N 0x501135ac
0x7e64a8 N 0x7e64ac
0x7e0 N 0x7e4
0x7e0 T 0x9f7e0
0x2fc N 0x300
0x34e0 N 0x34e4
0x501135a8 N 0x501135ac
0xfdac N 0xfdb0
0x7e0 N 0x7e4
0x34e0 N 0x34e4
0xfdac N 0xfdb0
0x2fc N 0x300
0x34e0 N 0x34e4
0x501135a8 N 0x501135ac
0x501135a8 T 0x42a775c
0x2fc N 0x300
0x2fc T 0xc70
0xfdac N 0xfdb0
0x2fc N 0x300
0x34e0 N 0x34e4
0x7e64a8 N 0x7e64ac
0x7e64a8 N 0x7e64ac
0x501135a8 N 0x501135ac
0x501135a8 T 0x42a775c
0x7e64a8 N 0x7e64ac
0x501135a8 N 0x501135ac
0x2fc N 0x300
0x7e64a8 N 0x7e64ac
0x7e64a8 N 0x7e64ac
0x2fc N 0x300
flush_num: 378, br_num: 743, size: 61b
