0x6770 N 0x6774
0x6ef8b04 N 0x6ef8b08
0xba4 N 0xba8
0x51f418 N 0x51f41c
0x6ef8b04 N 0x6ef8b08
0xba4 N 0xba8
0xc84 N 0xc88
0xc84 T 0x380f620
0xba4 N 0xba8
0xba4 T 0x8abe8
0xba4 T 0x8abe8
0x6ef8b04 N 0x6ef8b08
0xf0c N 0xf10
0xba4 N 0xba8
0x6ef8b04 N 0x6ef8b08
0xf0c N 0xf10
0x6ef8b04 N 0x6ef8b08
0x6770 N 0x6774
0xba4 N 0xba8
0x51f418 N 0x51f41c
0x6ef8b04 N 0x6ef8b08
0x1c2138 N 0x1c213c
0x1c2138 T 0x1bd04
0xba4 N 0xba8
0x1c2138 T 0x1bd04
0x1c2138 T 0x1bd04
0xba4 T 0x8abe8
0xba4 T 0x8abe8
0x1c2138 T 0x1bd04
0xba4 T 0x8abe8
0x51f418 N 0x51f41c
0x51f418 T 0xb2ae3a0
0xf0c N 0xf10
0x1c2138 N 0x1c213c
0xc84 N 0xc88
0x51f418 N 0x51f41c
0x6ef8b04 N 0x6ef8b08
0xf0c N 0xf10
0x6770 N 0x6774
0xc84 N 0xc88
0x6770 T 0x7163c
0x6770 T 0x7163c
0xba4 N 0xba8
0xc84 N 0xc88
0x1c2138 N 0x1c213c
0x1c2138 T 0x1bd04
0xc84 T 0x380f620
0x6ef8b04 N 0x6ef8b08
0x6ef8b04 T 0xe8c0
0xc84 N 0xc88
0xba4 N 0xba8
0x6770 N 0x6774
0x51f418 N 0x51f41c
0x6770 N 0x6774
0xba4 T 0x8abe8
0x51f418 N 0x51f41c
0xba4 T 0x8abe8
0xc84 N 0xc88
0x51f418 T 0xb2ae3a0
0x6770 N 0x6774
0x6770 T 0x7163c
0x6770 T 0x7163c
0x1c2138 N 0x1c213c
0xba4 N 0xba8
0xba4 T 0x8abe8
0xf0c N 0xf10
0xba4 N 0xba8
0x1c2138 T 0x1bd04
0xc84 N 0xc88
0xf0c N 0xf10
0x51f418 N 0x51f41c
0xf0c T 0xda8
0xba4 N 0xba8
0xf0c N 0xf10
0x6ef8b04 N 0x6ef8b08
0x1c2138 N 0x1c213c
0x51f418 N 0x51f41c
0x51f418 T 0xb2ae3a0
0x6ef8b04 T 0xe8c0
0xc84 N 0xc88
0x51f418 T 0xb2ae3a0
0xc84 T 0x380f620
0xc84 T 0x380f620
0x51f418 T 0xb2ae3a0
0xc84 T 0x380f620
0x1c2138 N 0x1c213c
0x51f418 N 0x51f41c
0x6ef8b04 N 0x6ef8b08
0x6770 N 0x6774
0xf0c N 0xf10
0xf0c T 0xda8
0xc84 N 0xc88
0x6ef8b04 N 0x6ef8b08
0x6ef8b04 T 0xe8c0
0x6770 T 0x7163c
0x6770 T 0x7163c
0x1c2138 N 0x1c213c
0xc84 N 0xc88
0x6770 N 0x6774
0x51f418 N 0x51f41c
0xf0c N 0xf10
0xf0c T 0xda8
0xc84 N 0xc88
0xf0c N 0xf10
0x6ef8b04 N 0x6ef8b08
0x6ef8b04 T 0xe8c0
0x6ef8b04 N 0x6ef8b08
0xba4 N 0xba8
0x6ef8b04 N 0x6ef8b08
0x6770 N 0x6774
0x51f418 N 0x51f41c
0xc84 N 0xc88
0xf0c N 0xf10
0xf0c T 0xda8
0xba4 N 0xba8
0x1c2138 N 0x1c213c
0x51f418 N 0x51f41c
0x6ef8b04 N 0x6ef8b08
0xf0c N 0xf10
0x6770 N 0x6774
0x51f418 N 0x51f41c
0x51f418 T 0xb2ae3a0
0xba4 N 0xba8
0x1c2138 N 0x1c213c
0x6770 N 0x6774
0x1c2138 N 0x1c213c
0xc84 N 0xc88
0xc84 T 0x380f620
0xf0c N 0xf10
0xc84 N 0xc88
0x6770 N 0x6774
0x1c2138 N 0x1c213c
0x6770 N 0x6774
0xf0c N 0xf10
0xf0c T 0xda8
0x1c2138 N 0x1c213c
0xc84 N 0xc88
0x1c2138 T 0x1bd04
0xba4 N 0xba8
0x51f418 N 0x51f41c
0x1c2138 N 0x1c213c
0x51f418 N 0x51f41c
0x6770 N 0x6774
0x1c2138 N 0x1c213c
0x6ef8b04 N 0x6ef8b08
0x51f418 N 0x51f41c
0xf0c N 0xf10
0x51f418 T 0xb2ae3a0
0xf0c T 0xda8
0x51f418 T 0xb2ae3a0
0xf0c N 0xf10
0xba4 N 0xba8
0x6ef8b04 N 0x6ef8b08
0x6ef8b04 T 0xe8c0
0x1c2138 N 0x1c213c
0x6ef8b04 T 0xe8c0
0xf0c N 0xf10
0xba4 N 0xba8
0xc84 N 0xc88
0x6770 N 0x6774
0x1c2138 N 0x1c213c
0xc84 T 0x380f620
0x51f418 N 0x51f41c
0x1c2138 N 0x1c213c
0x1c2138 T 0x1bd04
0xf0c N 0xf10
0xba4 N 0xba8
0x1c2138 T 0x1bd04
0x6ef8b04 N 0x6ef8b08
0xba4 N 0xba8
0x6ef8b04 N 0x6ef8b08
0x6770 N 0x6774
0x51f418 N 0x51f41c
0x1c2138 N 0x1c213c
0x51f418 N 0x51f41c
0x6ef8b04 T 0xe8c0
0x6ef8b04 T 0xe8c0
0xf0c N 0xf10
0xf0c T 0xda8
0xf0c T 0xda8
0x6770 N 0x6774
0xba4 N 0xba8
0xc84 N 0xc88
0x6ef8b04 N 0x6ef8b08
0x1c2138 N 0x1c213c
0xf0c N 0xf10
0xba4 N 0xba8
0xf0c N 0xf10
0xf0c T 0xda8
0xba4 N 0xba8
0xba4 T 0x8abe8
0x6770 N 0x6774
0xc84 N 0xc88
0xc84 T 0x380f620
0x1c2138 N 0x1c213c
0x1c2138 T 0x1bd04
0x51f418 N 0x51f41c
0xc84 T 0x380f620
0xc84 T 0x380f620
0x51f418 T 0xb2ae3a0
0x6770 N 0x6774
0x51f418 N 0x51f41c
0xf0c N 0xf10
0xf0c T 0xda8
0xc84 N 0xc88
0xba4 N 0xba8
0xf0c N 0xf10
0x6ef8b04 N 0x6ef8b08
0x6770 N 0x6774
0x6ef8b04 T 0xe8c0
0xf0c N 0xf10
0x1c2138 N 0x1c213c
0x6ef8b04 N 0x6ef8b08
0x1c2138 T 0x1bd04
0x6770 N 0x6774
0x51f418 N 0x51f41c
0x1c2138 N 0x1c213c
0x51f418 N 0x51f41c
0xba4 N 0xba8
0xba4 T 0x8abe8
0x6ef8b04 N 0x6ef8b08
0xc84 N 0xc88
0xc84 T 0x380f620
0x6770 N 0x6774
0xf0c N 0xf10
0xf0c T 0xda8
0x6770 T 0x7163c
0xf0c T 0xda8
0x6770 N 0x6774
0xba4 N 0xba8
0xba4 T 0x8abe8
0x6ef8b04 N 0x6ef8b08
0xf0c N 0xf10
0x1c2138 N 0x1c213c
0x51f418 N 0x51f41c
0x51f418 T 0xb2ae3a0
0xf0c T 0xda8
0x51f418 T 0xb2ae3a0
0x51f418 T 0xb2ae3a0
0xba4 N 0xba8
0xf0c N 0xf10
0x6ef8b04 N 0x6ef8b08
0x51f418 T 0xb2ae3a0
0xc84 N 0xc88
0xf0c N 0xf10
0x6770 N 0x6774
0x51f418 N 0x51f41c
0x6ef8b04 N 0x6ef8b08
0x51f418 T 0xb2ae3a0
0x51f418 T 0xb2ae3a0
0xc84 N 0xc88
0x51f418 T 0xb2ae3a0
0xc84 T 0x380f620
0xba4 N 0xba8
0x1c2138 N 0x1c213c
0x51f418 N 0x51f41c
0x6770 N 0x6774
0x6ef8b04 N 0x6ef8b08
0xf0c N 0xf10
0x1c2138 N 0x1c213c
0xba4 N 0xba8
0x51f418 N 0x51f41c
0xc84 N 0xc88
0x51f418 T 0xb2ae3a0
0x6ef8b04 N 0x6ef8b08
0x6770 N 0x6774
0x6ef8b04 T 0xe8c0
0xba4 N 0xba8
0xf0c N 0xf10
0x51f418 N 0x51f41c
0x6770 N 0x6774
0x6770 T 0x7163c
0x1c2138 N 0x1c213c
0x1c2138 T 0x1bd04
0xf0c T 0xda8
0x51f418 N 0x51f41c
0xf0c T 0xda8
0xf0c T 0xda8
0xc84 N 0xc88
0x1c2138 N 0x1c213c
0xba4 N 0xba8
0xc84 N 0xc88
0xf0c N 0xf10
0xf0c T 0xda8
0xc84 N 0xc88
0xf0c N 0xf10
0x51f418 N 0x51f41c
0x1c2138 N 0x1c213c
0xc84 N 0xc88
0x6770 N 0x6774
0xba4 N 0xba8
0xc84 N 0xc88
0x51f418 N 0x51f41c
0x1c2138 N 0x1c213c
0xf0c N 0xf10
0xba4 N 0xba8
0x1c2138 T 0x1bd04
0x1c2138 T 0x1bd04
0x6770 N 0x6774
0xf0c N 0xf10
0x51f418 N 0x51f41c
0x6770 N 0x6774
0x6770 T 0x7163c
0xf0c T 0xda8
0x6770 T 0x7163c
0x51f418 N 0x51f41c
0xba4 N 0xba8
0xba4 T 0x8abe8
0x51f418 T 0xb2ae3a0
0x6ef8b04 N 0x6ef8b08
0x1c2138 N 0x1c213c
0x51f418 N 0x51f41c
0x1c2138 N 0x1c213c
0x6ef8b04 T 0xe8c0
0xf0c N 0xf10
0x6770 N 0x6774
0xba4 N 0xba8
0xf0c N 0xf10
0x6ef8b04 N 0x6ef8b08
0x6ef8b04 T 0xe8c0
0xc84 N 0xc88
0x51f418 N 0x51f41c
0x51f418 T 0xb2ae3a0
0x1c2138 N 0x1c213c
0x6770 N 0x6774
0x6ef8b04 N 0x6ef8b08
0xba4 N 0xba8
0xba4 T 0x8abe8
0x51f418 N 0x51f41c
0x6ef8b04 N 0x6ef8b08
0x1c2138 N 0x1c213c
0x6770 N 0x6774
0x6ef8b04 T 0xe8c0
0xc84 N 0xc88
0x6ef8b04 N 0x6ef8b08
0xc84 N 0xc88
0x51f418 N 0x51f41c
0x51f418 T 0xb2ae3a0
0x1c2138 N 0x1c213c
0xf0c N 0xf10
0x51f418 N 0x51f41c
0x51f418 T 0xb2ae3a0
0x1c2138 N 0x1c213c
0x51f418 N 0x51f41c
0xba4 N 0xba8
0x6770 N 0x6774
0xc84 N 0xc88
0x1c2138 N 0x1c213c
0x6770 N 0x6774
0x1c2138 N 0x1c213c
0xba4 N 0xba8
0x51f418 N 0x51f41c
0x51f418 T 0xb2ae3a0
0x51f418 T 0xb2ae3a0
0x6ef8b04 N 0x6ef8b08
0x1c2138 N 0x1c213c
0x6ef8b04 T 0xe8c0
0x51f418 N 0x51f41c
0x6770 N 0x6774
0x1c2138 N 0x1c213c
0x6770 N 0x6774
0x51f418 N 0x51f41c
0x51f418 T 0xb2ae3a0
0xc84 N 0xc88
0x6770 N 0x6774
0x6770 T 0x7163c
0x6770 T 0x7163c
0xba4 N 0xba8
0x6ef8b04 N 0x6ef8b08
0xf0c N 0xf10
0xc84 N 0xc88
0x1c2138 N 0x1c213c
0xf0c N 0xf10
0xf0c T 0xda8
0x6770 N 0x6774
0xba4 N 0xba8
0x51f418 N 0x51f41c
0x6770 N 0x6774
0x6770 T 0x7163c
0xf0c N 0xf10
0x6770 T 0x7163c
0x51f418 N 0x51f41c
0x6770 N 0x6774
0xf0c T 0xda8
0x1c2138 N 0x1c213c
0xf0c T 0xda8
0xc84 N 0xc88
0x1c2138 T 0x1bd04
0x1c2138 N 0x1c213c
0xf0c N 0xf10
0x1c2138 T 0x1bd04
0x51f418 N 0x51f41c
0xc84 N 0xc88
0xf0c N 0xf10
0x1c2138 N 0x1c213c
0xf0c T 0xda8
0x6ef8b04 N 0x6ef8b08
0x51f418 N 0x51f41c
0xc84 N 0xc88
0x1c2138 N 0x1c213c
0x51f418 N 0x51f41c
0x51f418 T 0xb2ae3a0
0xc84 T 0x380f620
0xc84 N 0xc88
0x6770 N 0x6774
0xc84 N 0xc88
0x6ef8b04 N 0x6ef8b08
0x51f418 N 0x51f41c
0xba4 N 0xba8
0x51f418 T 0xb2ae3a0
0x6ef8b04 N 0x6ef8b08
0x51f418 N 0x51f41c
0x6ef8b04 T 0xe8c0
0xf0c N 0xf10
0xc84 N 0xc88
0x1c2138 N 0x1c213c
0xc84 T 0x380f620
0x51f418 N 0x51f41c
0xf0c N 0xf10
0xba4 N 0xba8
0xc84 N 0xc88
0x6ef8b04 N 0x6ef8b08
0xc84 N 0xc88
0x1c2138 N 0x1c213c
0x6770 N 0x6774
0xba4 N 0xba8
0x51f418 N 0x51f41c
0x1c2138 N 0x1c213c
0x6ef8b04 N 0x6ef8b08
0x6ef8b04 T 0xe8c0
0xc84 N 0xc88
0x51f418 N 0x51f41c
0x51f418 T 0xb2ae3a0
0x6ef8b04 N 0x6ef8b08
0x1c2138 N 0x1c213c
0xf0c N 0xf10
0x1c2138 T 0x1bd04
0x6ef8b04 N 0x6ef8b08
0x1c2138 T 0x1bd04
0xf0c N 0xf10
0x1c2138 T 0x1bd04
0x6770 N 0x6774
0x1c2138 N 0x1c213c
0xf0c T 0xda8
0xc84 N 0xc88
0x1c2138 T 0x1bd04
0xba4 N 0xba8
0x1c2138 T 0x1bd04
0xc84 N 0xc88
0x51f418 N 0x51f41c
0x1c2138 N 0x1c213c
0x6ef8b04 N 0x6ef8b08
0x1c2138 T 0x1bd04
0x51f418 N 0x51f41c
0x6ef8b04 T 0xe8c0
0x51f418 T 0xb2ae3a0
0x6770 N 0x6774
0x6770 T 0x7163c
0xf0c N 0xf10
0xc84 N 0xc88
0xba4 N 0xba8
0x1c2138 N 0x1c213c
0x6ef8b04 N 0x6ef8b08
0x6770 N 0x6774
0xf0c N 0xf10
0xc84 N 0xc88
0xc84 T 0x380f620
0x51f418 N 0x51f41c
0x51f418 T 0xb2ae3a0
0xc84 T 0x380f620
0x51f418 T 0xb2ae3a0
0x1c2138 N 0x1c213c
0x6770 N 0x6774
0x6770 T 0x7163c
0xf0c N 0xf10
0xba4 N 0xba8
0x1c2138 N 0x1c213c
0xba4 T 0x8abe8
0x51f418 N 0x51f41c
0xf0c N 0xf10
0x6ef8b04 N 0x6ef8b08
0x6770 N 0x6774
0xba4 N 0xba8
0x51f418 N 0x51f41c
0x6770 N 0x6774
0x51f418 N 0x51f41c
0x1c2138 N 0x1c213c
0x51f418 N 0x51f41c
0x6ef8b04 N 0x6ef8b08
0x6770 N 0x6774
0x51f418 N 0x51f41c
0xf0c N 0xf10
0xf0c T 0xda8
0xc84 N 0xc88
0xba4 N 0xba8
0x51f418 T 0xb2ae3a0
0x6770 N 0x6774
0x6ef8b04 N 0x6ef8b08
0xf0c N 0xf10
0x1c2138 N 0x1c213c
0x6ef8b04 N 0x6ef8b08
0x6ef8b04 T 0xe8c0
0x6ef8b04 T 0xe8c0
0xba4 N 0xba8
0xba4 T 0x8abe8
0x6770 N 0x6774
0x6770 T 0x7163c
0x51f418 N 0x51f41c
0x6ef8b04 N 0x6ef8b08
0x6770 N 0x6774
0x6770 T 0x7163c
0x6770 T 0x7163c
0xc84 N 0xc88
0x51f418 N 0x51f41c
0xba4 N 0xba8
0x1c2138 N 0x1c213c
0xf0c N 0xf10
0xba4 N 0xba8
0xba4 T 0x8abe8
0x6770 N 0x6774
0xba4 T 0x8abe8
0xba4 T 0x8abe8
0x51f418 N 0x51f41c
0x6ef8b04 N 0x6ef8b08
0xc84 N 0xc88
0x6770 N 0x6774
0xf0c N 0xf10
0xba4 N 0xba8
0xba4 T 0x8abe8
0x6770 T 0x7163c
0xf0c N 0xf10
0xf0c T 0xda8
0xf0c T 0xda8
0x6770 N 0x6774
0xba4 N 0xba8
0x1c2138 N 0x1c213c
0xc84 N 0xc88
0xc84 T 0x380f620
0x6770 N 0x6774
0x51f418 N 0x51f41c
0x1c2138 N 0x1c213c
0x6ef8b04 N 0x6ef8b08
0xba4 N 0xba8
0x1c2138 T 0x1bd04
0xba4 T 0x8abe8
0x6ef8b04 N 0x6ef8b08
0xc84 N 0xc88
0xf0c N 0xf10
0x51f418 N 0x51f41c
0x1c2138 N 0x1c213c
0x6770 N 0x6774
0x6ef8b04 N 0x6ef8b08
0x1c2138 N 0x1c213c
0x6770 N 0x6774
0xba4 N 0xba8
0x6770 T 0x7163c
0xf0c N 0xf10
0xf0c T 0xda8
0x51f418 N 0x51f41c
0x6770 N 0x6774
0xc84 N 0xc88
0xc84 T 0x380f620
0xba4 N 0xba8
0x6770 T 0x7163c
0xf0c N 0xf10
0x1c2138 N 0x1c213c
0xf0c T 0xda8
0xc84 N 0xc88
0x6770 N 0x6774
0xf0c N 0xf10
0x6ef8b04 N 0x6ef8b08
0xba4 N 0xba8
0xf0c N 0xf10
0x6770 T 0x7163c
0x51f418 N 0x51f41c
0xba4 N 0xba8
0xf0c N 0xf10
0x51f418 T 0xb2ae3a0
0x6770 N 0x6774
0x51f418 N 0x51f41c
0x1c2138 N 0x1c213c
0xba4 N 0xba8
0xba4 T 0x8abe8
0x1c2138 T 0x1bd04
0x51f418 N 0x51f41c
0x51f418 T 0xb2ae3a0
0xf0c N 0xf10
0x6770 N 0x6774
0xf0c T 0xda8
0xf0c N 0xf10
0x1c2138 N 0x1c213c
0x6ef8b04 N 0x6ef8b08
0x6ef8b04 T 0xe8c0
0x6ef8b04 T 0xe8c0
0x6770 N 0x6774
0x1c2138 N 0x1c213c
0x1c2138 T 0x1bd04
0x6ef8b04 T 0xe8c0
0xf0c N 0xf10
0x51f418 N 0x51f41c
0xc84 N 0xc88
0x51f418 T 0xb2ae3a0
0x51f418 N 0x51f41c
0xc84 T 0x380f620
0x6ef8b04 N 0x6ef8b08
0xba4 N 0xba8
0x1c2138 N 0x1c213c
0x6770 N 0x6774
0x1c2138 N 0x1c213c
0xba4 T 0x8abe8
0x51f418 N 0x51f41c
0x6ef8b04 N 0x6ef8b08
0xba4 N 0xba8
0x6770 N 0x6774
0x51f418 N 0x51f41c
0x51f418 T 0xb2ae3a0
0x51f418 T 0xb2ae3a0
0x51f418 T 0xb2ae3a0
0xc84 N 0xc88
0xba4 N 0xba8
0x51f418 T 0xb2ae3a0
0x51f418 T 0xb2ae3a0
0xba4 T 0x8abe8
0x1c2138 N 0x1c213c
0x6ef8b04 N 0x6ef8b08
0xc84 N 0xc88
0x1c2138 T 0x1bd04
0xba4 N 0xba8
0x6ef8b04 N 0x6ef8b08
0x6ef8b04 T 0xe8c0
0x6ef8b04 T 0xe8c0
0xf0c N 0xf10
0x6770 N 0x6774
0xf0c T 0xda8
0x6770 T 0x7163c
0x51f418 N 0x51f41c
0xba4 N 0xba8
0x1c2138 N 0x1c213c
0xc84 N 0xc88
0xc84 T 0x380f620
0xc84 T 0x380f620
0x6770 N 0x6774
0xba4 N 0xba8
0x6ef8b04 N 0x6ef8b08
0x1c2138 N 0x1c213c
0xf0c N 0xf10
0xf0c T 0xda8
0xba4 N 0xba8
0x6770 N 0x6774
0x51f418 N 0x51f41c
0xba4 T 0x8abe8
0xba4 T 0x8abe8
0x51f418 T 0xb2ae3a0
0xba4 T 0x8abe8
0x6770 N 0x6774
0x6ef8b04 N 0x6ef8b08
0xf0c N 0xf10
0x6770 T 0x7163c
0x6ef8b04 N 0x6ef8b08
0x51f418 N 0x51f41c
0x1c2138 N 0x1c213c
0xc84 N 0xc88
0x1c2138 T 0x1bd04
0xf0c N 0xf10
0x51f418 N 0x51f41c
0xba4 N 0xba8
0xba4 T 0x8abe8
0xc84 N 0xc88
0x6770 N 0x6774
0x51f418 N 0x51f41c
0x51f418 T 0xb2ae3a0
0xf0c N 0xf10
0xc84 N 0xc88
0x51f418 T 0xb2ae3a0
0xba4 N 0xba8
0x6ef8b04 N 0x6ef8b08
0xc84 N 0xc88
0x1c2138 N 0x1c213c
0x51f418 N 0x51f41c
0x51f418 T 0xb2ae3a0
0xf0c N 0xf10
0xc84 N 0xc88
0x51f418 T 0xb2ae3a0
0xf0c N 0xf10
0x1c2138 N 0x1c213c
0xba4 N 0xba8
0x6ef8b04 N 0x6ef8b08
0x6ef8b04 T 0xe8c0
0xba4 N 0xba8
0x51f418 N 0x51f41c
0x51f418 T 0xb2ae3a0
0x6770 N 0x6774
0xf0c N 0xf10
0x6770 T 0x7163c
0x51f418 N 0x51f41c
0x6770 N 0x6774
0xf0c T 0xda8
0x6ef8b04 N 0x6ef8b08
0x1c2138 N 0x1c213c
0x6770 N 0x6774
0xc84 N 0xc88
0xc84 T 0x380f620
0x6ef8b04 N 0x6ef8b08
0x1c2138 N 0x1c213c
0xf0c N 0xf10
0xba4 N 0xba8
0xba4 T 0x8abe8
0xba4 N 0xba8
0xf0c N 0xf10
0x6ef8b04 N 0x6ef8b08
0xc84 N 0xc88
0x6770 N 0x6774
0x51f418 N 0x51f41c
0xba4 N 0xba8
0x51f418 T 0xb2ae3a0
0xc84 N 0xc88
0xf0c N 0xf10
0x6ef8b04 N 0x6ef8b08
0x1c2138 N 0x1c213c
0x51f418 N 0x51f41c
0x51f418 T 0xb2ae3a0
0x6ef8b04 T 0xe8c0
0x1c2138 N 0x1c213c
0xf0c N 0xf10
0x51f418 N 0x51f41c
0x6770 N 0x6774
0x1c2138 N 0x1c213c
0x1c2138 T 0x1bd04
0x6770 N 0x6774
0xc84 N 0xc88
0xba4 N 0xba8
0x51f418 N 0x51f41c
0xba4 T 0x8abe8
0xf0c N 0xf10
0xf0c T 0xda8
0x51f418 T 0xb2ae3a0
0xc84 N 0xc88
0xf0c N 0xf10
0xf0c T 0xda8
0x1c2138 N 0x1c213c
0xf0c T 0xda8
0x6ef8b04 N 0x6ef8b08
0xf0c N 0xf10
0x1c2138 T 0x1bd04
0xba4 N 0xba8
0xf0c N 0xf10
0x51f418 N 0x51f41c
0xc84 N 0xc88
0x51f418 T 0xb2ae3a0
0x51f418 T 0xb2ae3a0
0xba4 N 0xba8
0xba4 T 0x8abe8
0x51f418 T 0xb2ae3a0
0x51f418 T 0xb2ae3a0
0xf0c N 0xf10
0x51f418 T 0xb2ae3a0
0x6770 N 0x6774
0x6ef8b04 N 0x6ef8b08
0x51f418 N 0x51f41c
0x51f418 T 0xb2ae3a0
0xba4 N 0xba8
0x6770 N 0x6774
0xf0c N 0xf10
0x1c2138 N 0x1c213c
0xc84 N 0xc88
0x51f418 N 0x51f41c
0x6ef8b04 N 0x6ef8b08
0x51f418 T 0xb2ae3a0
0xba4 N 0xba8
0xba4 T 0x8abe8
0x1c2138 N 0x1c213c
0xc84 N 0xc88
0xf0c N 0xf10
0xf0c T 0xda8
0xf0c T 0xda8
0xc84 N 0xc88
0x6770 N 0x6774
0xc84 T 0x380f620
0x6ef8b04 N 0x6ef8b08
0x1c2138 N 0x1c213c
0x51f418 N 0x51f41c
0xba4 N 0xba8
0xf0c N 0xf10
0x6ef8b04 N 0x6ef8b08
0x6ef8b04 T 0xe8c0
0xf0c N 0xf10
0xf0c T 0xda8
0xf0c N 0xf10
0xba4 N 0xba8
0x6770 N 0x6774
0x6770 T 0x7163c
0xc84 N 0xc88
0x1c2138 N 0x1c213c
0xc84 T 0x380f620
0xc84 T 0x380f620
0x1c2138 T 0x1bd04
0x6770 N 0x6774
0x51f418 N 0x51f41c
0xf0c N 0xf10
0xba4 N 0xba8
0xba4 T 0x8abe8
0x6770 N 0x6774
0xc84 N 0xc88
0x1c2138 N 0x1c213c
0xf0c N 0xf10
0xba4 N 0xba8
0x51f418 N 0x51f41c
0xc84 N 0xc88
0x1c2138 N 0x1c213c
0x6ef8b04 N 0x6ef8b08
0xba4 N 0xba8
0xf0c N 0xf10
0x1c2138 T 0x1bd04
0x6770 N 0x6774
0xba4 N 0xba8
0x6ef8b04 N 0x6ef8b08
0x6770 T 0x7163c
0x1c2138 N 0x1c213c
0x6770 N 0x6774
0x6ef8b04 T 0xe8c0
0x6770 T 0x7163c
0x6ef8b04 T 0xe8c0
0x6770 T 0x7163c
0x51f418 N 0x51f41c
0x51f418 T 0xb2ae3a0
0x51f418 T 0xb2ae3a0
0x1c2138 N 0x1c213c
0x6770 N 0x6774
0xc84 N 0xc88
0xf0c N 0xf10
0x6770 T 0x7163c
0xf0c T 0xda8
0xc84 N 0xc88
0xc84 T 0x380f620
0xf0c N 0xf10
0x6ef8b04 N 0x6ef8b08
0x51f418 N 0x51f41c
0x6ef8b04 T 0xe8c0
0x6770 N 0x6774
0x1c2138 N 0x1c213c
0xba4 N 0xba8
0x6770 N 0x6774
0x51f418 N 0x51f41c
0x6770 N 0x6774
0x1c2138 N 0x1c213c
0x51f418 N 0x51f41c
0x1c2138 N 0x1c213c
0x1c2138 T 0x1bd04
0x1c2138 T 0x1bd04
0x1c2138 T 0x1bd04
0xf0c N 0xf10
0xf0c T 0xda8
0xba4 N 0xba8
0x6ef8b04 N 0x6ef8b08
0x1c2138 T 0x1bd04
0xc84 N 0xc88
0xba4 N 0xba8
0xba4 T 0x8abe8
0xc84 N 0xc88
0x1c2138 T 0x1bd04
0x1c2138 T 0x1bd04
0x51f418 N 0x51f41c
0x51f418 T 0xb2ae3a0
0xba4 N 0xba8
0xf0c N 0xf10
0x6ef8b04 N 0x6ef8b08
0x6ef8b04 T 0xe8c0
0x6770 N 0x6774
0xf0c N 0xf10
0x1c2138 N 0x1c213c
0x6770 N 0x6774
0xba4 N 0xba8
0x51f418 N 0x51f41c
0x6770 N 0x6774
0xba4 T 0x8abe8
0x6ef8b04 N 0x6ef8b08
0xf0c N 0xf10
0x6770 T 0x7163c
0xc84 N 0xc88
0x51f418 N 0x51f41c
0x51f418 T 0xb2ae3a0
0x51f418 T 0xb2ae3a0
0x1c2138 N 0x1c213c
0x6770 N 0x6774
0xc84 T 0x380f620
0x6ef8b04 N 0x6ef8b08
0xf0c N 0xf10
0x51f418 N 0x51f41c
0xf0c T 0xda8
0xba4 N 0xba8
0x1c2138 N 0x1c213c
0x6ef8b04 N 0x6ef8b08
0x6770 N 0x6774
0xc84 N 0xc88
0x6ef8b04 N 0x6ef8b08
0x6ef8b04 T 0xe8c0
0x1c2138 N 0x1c213c
0x1c2138 T 0x1bd04
0xc84 N 0xc88
0x6770 N 0x6774
0xf0c N 0xf10
0xba4 N 0xba8
0xc84 N 0xc88
0xc84 T 0x380f620
0x6ef8b04 N 0x6ef8b08
0x51f418 N 0x51f41c
0x1c2138 N 0x1c213c
0xba4 N 0xba8
0xba4 T 0x8abe8
0x6770 N 0x6774
0x51f418 N 0x51f41c
0x1c2138 N 0x1c213c
0x1c2138 T 0x1bd04
0x51f418 N 0x51f41c
0x6ef8b04 N 0x6ef8b08
0x6ef8b04 T 0xe8c0
0xc84 N 0xc88
0x1c2138 N 0x1c213c
0xc84 T 0x380f620
0x6770 N 0x6774
0x1c2138 N 0x1c213c
0x6ef8b04 N 0x6ef8b08
0x1c2138 T 0x1bd04
0xc84 N 0xc88
0x51f418 N 0x51f41c
0x1c2138 N 0x1c213c
0xf0c N 0xf10
0xc84 N 0xc88
0x6ef8b04 N 0x6ef8b08
0xf0c N 0xf10
0x6ef8b04 N 0x6ef8b08
0xf0c N 0xf10
0x6ef8b04 N 0x6ef8b08
0x6770 N 0x6774
0x51f418 N 0x51f41c
0xf0c N 0xf10
0x6ef8b04 N 0x6ef8b08
0xc84 N 0xc88
0xf0c N 0xf10
0x51f418 T 0xb2ae3a0
0x1c2138 N 0x1c213c
0xc84 N 0xc88
0x1c2138 T 0x1bd04
0x1c2138 T 0x1bd04
0xba4 N 0xba8
0xf0c N 0xf10
0x6770 N 0x6774
0x51f418 N 0x51f41c
0x1c2138 N 0x1c213c
0x6770 N 0x6774
0x6ef8b04 N 0x6ef8b08
0x1c2138 N 0x1c213c
0x6ef8b04 T 0xe8c0
0x1c2138 T 0x1bd04
0xc84 N 0xc88
0x6ef8b04 N 0x6ef8b08
0x51f418 N 0x51f41c
0x6ef8b04 T 0xe8c0
0x6770 N 0x6774
0xc84 N 0xc88
0x6770 T 0x7163c
0x1c2138 N 0x1c213c
0xc84 T 0x380f620
0xc84 T 0x380f620
0x1c2138 T 0x1bd04
0x51f418 N 0x51f41c
0x1c2138 N 0x1c213c
0xc84 T 0x380f620
0xf0c N 0xf10
0x6ef8b04 N 0x6ef8b08
0xba4 N 0xba8
0x1c2138 T 0x1bd04
0xba4 T 0x8abe8
0xf0c N 0xf10
0xf0c T 0xda8
0x1c2138 T 0x1bd04
0x1c2138 T 0x1bd04
0xf0c T 0xda8
0x6770 N 0x6774
0x1c2138 N 0x1c213c
0xc84 N 0xc88
0xba4 N 0xba8
0x51f418 N 0x51f41c
0x1c2138 N 0x1c213c
0x1c2138 T 0x1bd04
0x1c2138 T 0x1bd04
0xba4 T 0x8abe8
0x6770 N 0x6774
0xba4 T 0x8abe8
0x1c2138 N 0x1c213c
0xf0c N 0xf10
0x51f418 N 0x51f41c
0x6ef8b04 N 0x6ef8b08
0xf0c N 0xf10
0x1c2138 N 0x1c213c
0x6770 N 0x6774
0x51f418 N 0x51f41c
0xf0c T 0xda8
0x1c2138 N 0x1c213c
0x6ef8b04 N 0x6ef8b08
0xf0c N 0xf10
0xf0c T 0xda8
0xf0c T 0xda8
0x6770 N 0x6774
0xc84 N 0xc88
0xba4 N 0xba8
0x51f418 N 0x51f41c
0x6ef8b04 N 0x6ef8b08
0x51f418 T 0xb2ae3a0
0xba4 N 0xba8
0xc84 N 0xc88
0x1c2138 N 0x1c213c
0x51f418 N 0x51f41c
0xc84 T 0x380f620
0x1c2138 N 0x1c213c
0x1c2138 T 0x1bd04
0xf0c N 0xf10
0x1c2138 N 0x1c213c
0x51f418 N 0x51f41c
0x6770 N 0x6774
0x51f418 N 0x51f41c
0x1c2138 N 0x1c213c
0x6770 N 0x6774
0x6ef8b04 N 0x6ef8b08
0xba4 N 0xba8
0x6ef8b04 N 0x6ef8b08
0x1c2138 N 0x1c213c
0xba4 N 0xba8
0xba4 T 0x8abe8
0x6770 N 0x6774
0x6ef8b04 N 0x6ef8b08
0x1c2138 N 0x1c213c
0x1c2138 T 0x1bd04
0x6ef8b04 T 0xe8c0
0xc84 N 0xc88
0xc84 T 0x380f620
0x1c2138 T 0x1bd04
0x6770 N 0x6774
0x6770 T 0x7163c
0xba4 N 0xba8
0xf0c N 0xf10
0x51f418 N 0x51f41c
0xf0c T 0xda8
0xc84 N 0xc88
0x1c2138 N 0x1c213c
0xba4 N 0xba8
0x1c2138 T 0x1bd04
0x1c2138 T 0x1bd04
0xba4 T 0x8abe8
0xc84 N 0xc88
0x51f418 N 0x51f41c
0x6770 N 0x6774
0xf0c N 0xf10
0xf0c T 0xda8
0x6ef8b04 N 0x6ef8b08
0x1c2138 N 0x1c213c
0x6ef8b04 T 0xe8c0
0xf0c N 0xf10
0x6770 N 0x6774
0x6ef8b04 N 0x6ef8b08
0x6770 T 0x7163c
0x6770 N 0x6774
0x1c2138 N 0x1c213c
0xf0c N 0xf10
0x51f418 N 0x51f41c
0x1c2138 N 0x1c213c
0x1c2138 T 0x1bd04
0x51f418 N 0x51f41c
0x6ef8b04 N 0x6ef8b08
0x6ef8b04 T 0xe8c0
0x6770 N 0x6774
0x1c2138 N 0x1c213c
0xc84 N 0xc88
0xf0c N 0xf10
0x1c2138 T 0x1bd04
0x51f418 N 0x51f41c
0x51f418 T 0xb2ae3a0
0xba4 N 0xba8
0xc84 N 0xc88
0x6ef8b04 N 0x6ef8b08
0x6770 N 0x6774
0xf0c N 0xf10
0xba4 N 0xba8
0x6ef8b04 N 0x6ef8b08
0xba4 N 0xba8
0xf0c N 0xf10
0xf0c T 0xda8
0x51f418 N 0x51f41c
0x6770 N 0x6774
0xf0c T 0xda8
0x51f418 N 0x51f41c
0x1c2138 N 0x1c213c
0xc84 N 0xc88
0x1c2138 T 0x1bd04
0x51f418 N 0x51f41c
0xba4 N 0xba8
0x6770 N 0x6774
0xba4 T 0x8abe8
0x51f418 N 0x51f41c
0x51f418 T 0xb2ae3a0
0xba4 T 0x8abe8
0xc84 N 0xc88
0xf0c N 0xf10
0xf0c T 0xda8
0xc84 N 0xc88
0x51f418 N 0x51f41c
0x6ef8b04 N 0x6ef8b08
0xf0c N 0xf10
0x6770 N 0x6774
0x6770 T 0x7163c
0x6ef8b04 N 0x6ef8b08
0xba4 N 0xba8
0xc84 N 0xc88
0xba4 N 0xba8
0x51f418 N 0x51f41c
0x1c2138 N 0x1c213c
0x51f418 N 0x51f41c
0xf0c N 0xf10
0x51f418 T 0xb2ae3a0
0xf0c T 0xda8
0x6770 N 0x6774
0x51f418 N 0x51f41c
0xc84 N 0xc88
0xba4 N 0xba8
0xf0c N 0xf10
0xba4 N 0xba8
0x6770 N 0x6774
flush_num: 556, br_num: 1127, size: 616b
