0x4e87cd50 N 0x4e87cd54
0x4e87cd50 T 0x6908
0x4e87cd50 T 0x6908
0x31da5c N 0x31da60
0x31da5c T 0xc5518
0x4e87cd50 T 0x6908
0x4e87cd50 N 0x4e87cd54
0x31da5c T 0xc5518
0x31da5c T 0xc5518
0x50c N 0x510
0x48dca910 N 0x48dca914
0x4e87cd50 N 0x4e87cd54
0x48dca910 N 0x48dca914
0xb38 N 0xb3c
0xb38 T 0x85c
0x48dca910 T 0xac
0x50c T 0x424
0x50c T 0x424
0x50c T 0x424
0x31da5c T 0xc5518
0x4e87cd50 T 0x6908
0x50c T 0x424
0x4e87cd50 T 0x6908
0x48dca910 T 0xac
0x4e87cd50 T 0x6908
0x31da5c T 0xc5518
0x4e87cd50 T 0x6908
0xb38 T 0x85c
0x31da5c T 0xc5518
0x31da5c T 0xc5518
0x31da5c T 0xc5518
0x50c T 0x424
0x48dca910 T 0xac
0xb38 T 0x85c
0x50c T 0x424
0x48dca910 T 0xac
0xb38 T 0x85c
0x48dca910 T 0xac
0xb38 N 0xb3c
0x31da5c T 0xc5518
0x31da5c T 0xc5518
0x4e87cd50 T 0x6908
0x4e87cd50 N 0x4e87cd54
0x4e87cd50 N 0x4e87cd54
0x4e87cd50 N 0x4e87cd54
0x4e87cd50 T 0x6908
0xb38 T 0x85c
0xb38 T 0x85c
0x48dca910 T 0xac
0x50c T 0x424
0x48dca910 T 0xac
0x48dca910 N 0x48dca914
0x31da5c T 0xc5518
0x4e87cd50 T 0x6908
0x48dca910 T 0xac
0x50c N 0x510
0xb38 N 0xb3c
0x50c N 0x510
0x4e87cd50 T 0x6908
0x48dca910 T 0xac
0x31da5c T 0xc5518
0x48dca910 N 0x48dca914
0x48dca910 N 0x48dca914
0x50c T 0x424
0x48dca910 T 0xac
0x48dca910 T 0xac
0x31da5c T 0xc5518
0x31da5c T 0xc5518
0x31da5c T 0xc5518
0xb38 T 0x85c
0x31da5c T 0xc5518
0xb38 T 0x85c
0x31da5c T 0xc5518
0xb38 T 0x85c
0x48dca910 N 0x48dca914
0x4e87cd50 T 0x6908
0x50c T 0x424
0x48dca910 T 0xac
0xb38 T 0x85c
0x48dca910 T 0xac
0x50c T 0x424
0x4e87cd50 T 0x6908
0xb38 T 0x85c
0x31da5c N 0x31da60
0xb38 N 0xb3c
0x48dca910 T 0xac
0xb38 N 0xb3c
0x4e87cd50 T 0x6908
0x31da5c T 0xc5518
0x48dca910 T 0xac
0x4e87cd50 T 0x6908
0xb38 T 0x85c
0x48dca910 N 0x48dca914
0x4e87cd50 T 0x6908
0x4e87cd50 T 0x6908
0x48dca910 T 0xac
0xb38 T 0x85c
0x48dca910 N 0x48dca914
0x31da5c T 0xc5518
0x31da5c T 0xc5518
0xb38 T 0x85c
0x50c T 0x424
0x48dca910 N 0x48dca914
0x50c T 0x424
0x50c T 0x424
0x31da5c T 0xc5518
0xb38 N 0xb3c
0xb38 N 0xb3c
0x31da5c T 0xc5518
0x31da5c T 0xc5518
0x50c N 0x510
0x48dca910 N 0x48dca914
0xb38 N 0xb3c
0xb38 N 0xb3c
0x31da5c T 0xc5518
0xb38 T 0x85c
0x50c T 0x424
0x50c T 0x424
0x4e87cd50 N 0x4e87cd54
0xb38 T 0x85c
0x4e87cd50 N 0x4e87cd54
0x48dca910 N 0x48dca914
0x4e87cd50 N 0x4e87cd54
0x4e87cd50 T 0x6908
0x4e87cd50 T 0x6908
0xb38 T 0x85c
0xb38 T 0x85c
0xb38 T 0x85c
0x4e87cd50 N 0x4e87cd54
0x4e87cd50 N 0x4e87cd54
0xb38 T 0x85c
0xb38 T 0x85c
0x50c T 0x424
0x50c N 0x510
0x31da5c T 0xc5518
0x48dca910 N 0x48dca914
0x48dca910 T 0xac
0x50c N 0x510
0x31da5c N 0x31da60
0x31da5c N 0x31da60
0x4e87cd50 N 0x4e87cd54
0x31da5c T 0xc5518
0x4e87cd50 N 0x4e87cd54
0x4e87cd50 N 0x4e87cd54
0xb38 N 0xb3c
0x4e87cd50 N 0x4e87cd54
0x31da5c T 0xc5518
0x4e87cd50 N 0x4e87cd54
0x4e87cd50 N 0x4e87cd54
0xb38 N 0xb3c
0x48dca910 T 0xac
0xb38 T 0x85c
0x48dca910 T 0xac
0x48dca910 N 0x48dca914
0x31da5c T 0xc5518
0x48dca910 N 0x48dca914
0x31da5c T 0xc5518
0x48dca910 T 0xac
0x48dca910 T 0xac
0x50c T 0x424
0x48dca910 T 0xac
0x31da5c T 0xc5518
0x48dca910 T 0xac
0x48dca910 T 0xac
0x4e87cd50 N 0x4e87cd54
0x50c T 0x424
0xb38 T 0x85c
0xb38 T 0x85c
0xb38 T 0x85c
0xb38 T 0x85c
0x31da5c T 0xc5518
0x31da5c T 0xc5518
0x4e87cd50 N 0x4e87cd54
0x31da5c T 0xc5518
0x4e87cd50 N 0x4e87cd54
0x4e87cd50 N 0x4e87cd54
0xb38 T 0x85c
0xb38 N 0xb3c
0x48dca910 T 0xac
0xb38 N 0xb3c
0xb38 N 0xb3c
0x4e87cd50 N 0x4e87cd54
0x4e87cd50 N 0x4e87cd54
0x50c N 0x510
0x48dca910 T 0xac
0xb38 T 0x85c
0x4e87cd50 T 0x6908
0x31da5c N 0x31da60
0x50c T 0x424
0xb38 T 0x85c
0x4e87cd50 N 0x4e87cd54
0x4e87cd50 T 0x6908
0x31da5c T 0xc5518
0x50c T 0x424
0x48dca910 N 0x48dca914
0x48dca910 T 0xac
0x48dca910 N 0x48dca914
0x31da5c N 0x31da60
0x50c T 0x424
0x31da5c N 0x31da60
0x31da5c N 0x31da60
0x4e87cd50 T 0x6908
0x31da5c T 0xc5518
0x48dca910 T 0xac
0x48dca910 T 0xac
0xb38 T 0x85c
0xb38 T 0x85c
0x4e87cd50 T 0x6908
0x50c T 0x424
0x4e87cd50 N 0x4e87cd54
0x4e87cd50 N 0x4e87cd54
0x50c T 0x424
0x48dca910 N 0x48dca914
0x31da5c N 0x31da60
0xb38 N 0xb3c
0x48dca910 T 0xac
0x48dca910 N 0x48dca914
0x31da5c T 0xc5518
0x31da5c N 0x31da60
0x48dca910 T 0xac
0x4e87cd50 N 0x4e87cd54
0x31da5c N 0x31da60
0x31da5c T 0xc5518
0x4e87cd50 T 0x6908
0x4e87cd50 T 0x6908
0x48dca910 N 0x48dca914
0x50c N 0x510
0x48dca910 T 0xac
0x4e87cd50 N 0x4e87cd54
0x50c N 0x510
0x50c T 0x424
0x4e87cd50 T 0x6908
0x31da5c T 0xc5518
0x31da5c N 0x31da60
0xb38 N 0xb3c
0x4e87cd50 N 0x4e87cd54
0x4e87cd50 T 0x6908
0x4e87cd50 T 0x6908
0x4e87cd50 N 0x4e87cd54
0xb38 T 0x85c
0x50c T 0x424
0x50c N 0x510
0x31da5c T 0xc5518
0x4e87cd50 N 0x4e87cd54
0x4e87cd50 T 0x6908
0x4e87cd50 N 0x4e87cd54
0xb38 T 0x85c
0xb38 N 0xb3c
0x50c N 0x510
0x4e87cd50 T 0x6908
0x48dca910 T 0xac
0x48dca910 N 0x48dca914
0x50c N 0x510
0x50c T 0x424
0x31da5c T 0xc5518
0xb38 N 0xb3c
0x4e87cd50 N 0x4e87cd54
0x4e87cd50 T 0x6908
0xb38 T 0x85c
0x50c T 0x424
0x48dca910 N 0x48dca914
0x31da5c N 0x31da60
0xb38 N 0xb3c
0x31da5c T 0xc5518
0x31da5c T 0xc5518
0xb38 N 0xb3c
0xb38 T 0x85c
0x48dca910 N 0x48dca914
0xb38 N 0xb3c
0x4e87cd50 T 0x6908
0xb38 N 0xb3c
0x31da5c T 0xc5518
0xb38 N 0xb3c
0x50c N 0x510
0xb38 N 0xb3c
0x48dca910 T 0xac
0x31da5c N 0x31da60
0x50c N 0x510
0x48dca910 N 0x48dca914
0x4e87cd50 N 0x4e87cd54
0x50c T 0x424
0x50c T 0x424
0xb38 T 0x85c
0x50c T 0x424
0x50c N 0x510
0x50c N 0x510
0xb38 T 0x85c
0x31da5c N 0x31da60
0x50c N 0x510
0x48dca910 N 0x48dca914
0x50c T 0x424
0xb38 T 0x85c
0x48dca910 T 0xac
0xb38 N 0xb3c
0x4e87cd50 T 0x6908
0x50c T 0x424
0x50c N 0x510
0x4e87cd50 N 0x4e87cd54
0xb38 T 0x85c
0xb38 N 0xb3c
0x48dca910 T 0xac
0x50c T 0x424
0x31da5c T 0xc5518
0x50c N 0x510
0x4e87cd50 T 0x6908
0x31da5c T 0xc5518
0x31da5c T 0xc5518
0xb38 T 0x85c
0xb38 T 0x85c
0xb38 T 0x85c
0x48dca910 N 0x48dca914
0xb38 N 0xb3c
0xb38 N 0xb3c
0x50c T 0x424
0x48dca910 N 0x48dca914
0x31da5c N 0x31da60
0x4e87cd50 N 0x4e87cd54
0x31da5c T 0xc5518
0xb38 T 0x85c
0x31da5c N 0x31da60
0x48dca910 N 0x48dca914
0x48dca910 N 0x48dca914
0x50c T 0x424
0x50c T 0x424
0x4e87cd50 T 0x6908
0xb38 N 0xb3c
0x31da5c T 0xc5518
0x4e87cd50 N 0x4e87cd54
0xb38 T 0x85c
0x4e87cd50 N 0x4e87cd54
0xb38 N 0xb3c
0xb38 T 0x85c
0x50c T 0x424
0x4e87cd50 N 0x4e87cd54
0x50c N 0x510
0x4e87cd50 T 0x6908
0x31da5c T 0xc5518
0x50c T 0x424
0x50c T 0x424
0x48dca910 T 0xac
0x48dca910 N 0x48dca914
0xb38 T 0x85c
0xb38 T 0x85c
0xb38 T 0x85c
0xb38 N 0xb3c
0x4e87cd50 N 0x4e87cd54
0x31da5c N 0x31da60
0x4e87cd50 N 0x4e87cd54
0xb38 T 0x85c
0x48dca910 T 0xac
0x50c N 0x510
0x31da5c N 0x31da60
0x31da5c T 0xc5518
0x4e87cd50 N 0x4e87cd54
0x48dca910 N 0x48dca914
0x31da5c T 0xc5518
0x31da5c N 0x31da60
0xb38 T 0x85c
0x50c T 0x424
0xb38 T 0x85c
0xb38 T 0x85c
0x48dca910 N 0x48dca914
0xb38 T 0x85c
0x31da5c N 0x31da60
0x4e87cd50 T 0x6908
0xb38 T 0x85c
0x48dca910 T 0xac
0xb38 T 0x85c
0x50c N 0x510
0x31da5c N 0x31da60
0x31da5c N 0x31da60
0x48dca910 N 0x48dca914
0x50c N 0x510
0x4e87cd50 N 0x4e87cd54
0x4e87cd50 N 0x4e87cd54
0x31da5c N 0x31da60
0xb38 T 0x85c
0xb38 T 0x85c
0x48dca910 T 0xac
0x50c N 0x510
0xb38 N 0xb3c
0x31da5c N 0x31da60
0x4e87cd50 T 0x6908
0xb38 T 0x85c
0x31da5c T 0xc5518
0x4e87cd50 N 0x4e87cd54
0x31da5c T 0xc5518
0x31da5c N 0x31da60
0x48dca910 N 0x48dca914
0x4e87cd50 T 0x6908
0x31da5c N 0x31da60
0x48dca910 N 0x48dca914
0x50c N 0x510
0xb38 N 0xb3c
0x48dca910 T 0xac
0x4e87cd50 N 0x4e87cd54
0x31da5c T 0xc5518
0x4e87cd50 T 0x6908
0x50c T 0x424
0x4e87cd50 T 0x6908
0x31da5c N 0x31da60
0x50c T 0x424
0x48dca910 N 0x48dca914
0x31da5c N 0x31da60
0x4e87cd50 N 0x4e87cd54
0x48dca910 T 0xac
0x4e87cd50 T 0x6908
0xb38 N 0xb3c
0xb38 T 0x85c
0x31da5c T 0xc5518
0x4e87cd50 T 0x6908
0x48dca910 N 0x48dca914
0x31da5c N 0x31da60
0x48dca910 T 0xac
0x50c N 0x510
0x31da5c N 0x31da60
0x48dca910 T 0xac
0x50c N 0x510
0x48dca910 T 0xac
0xb38 T 0x85c
0xb38 T 0x85c
0xb38 T 0x85c
0xb38 N 0xb3c
0xb38 T 0x85c
0x48dca910 N 0x48dca914
0x50c T 0x424
0x48dca910 T 0xac
0x50c T 0x424
0x48dca910 T 0xac
0xb38 N 0xb3c
0xb38 N 0xb3c
0xb38 N 0xb3c
0x4e87cd50 N 0x4e87cd54
0x4e87cd50 N 0x4e87cd54
0xb38 N 0xb3c
0x50c N 0x510
0x31da5c T 0xc5518
0xb38 T 0x85c
0x48dca910 N 0x48dca914
0xb38 T 0x85c
0x50c T 0x424
0x4e87cd50 N 0x4e87cd54
0x50c T 0x424
0x48dca910 N 0x48dca914
0x48dca910 N 0x48dca914
0x4e87cd50 N 0x4e87cd54
0x4e87cd50 N 0x4e87cd54
0xb38 T 0x85c
0x50c T 0x424
0x48dca910 T 0xac
0x50c T 0x424
0x31da5c N 0x31da60
0x50c T 0x424
0x50c T 0x424
0x48dca910 T 0xac
0x31da5c T 0xc5518
0x4e87cd50 T 0x6908
0xb38 N 0xb3c
0x48dca910 T 0xac
0xb38 T 0x85c
0x31da5c N 0x31da60
0x4e87cd50 T 0x6908
0x50c T 0x424
0x48dca910 N 0x48dca914
0x48dca910 T 0xac
0x50c T 0x424
0x50c T 0x424
0x50c T 0x424
0x50c N 0x510
0x4e87cd50 T 0x6908
0x48dca910 T 0xac
0x48dca910 N 0x48dca914
0x48dca910 N 0x48dca914
0xb38 T 0x85c
0x4e87cd50 T 0x6908
0x4e87cd50 N 0x4e87cd54
0xb38 T 0x85c
0x48dca910 N 0x48dca914
0x31da5c T 0xc5518
0x50c T 0x424
0xb38 N 0xb3c
0x31da5c N 0x31da60
0x50c T 0x424
0x4e87cd50 T 0x6908
0x31da5c N 0x31da60
0x50c T 0x424
0x31da5c N 0x31da60
0xb38 T 0x85c
0x4e87cd50 N 0x4e87cd54
0x50c N 0x510
0xb38 T 0x85c
0x48dca910 T 0xac
0xb38 N 0xb3c
0x48dca910 N 0x48dca914
0xb38 T 0x85c
0x50c T 0x424
0xb38 N 0xb3c
0x4e87cd50 T 0x6908
0x48dca910 N 0x48dca914
0x31da5c N 0x31da60
0x50c T 0x424
0xb38 T 0x85c
0x50c T 0x424
0x50c N 0x510
0xb38 T 0x85c
0x48dca910 T 0xac
0x31da5c N 0x31da60
0xb38 N 0xb3c
0x4e87cd50 N 0x4e87cd54
0x48dca910 T 0xac
0x4e87cd50 N 0x4e87cd54
0x50c T 0x424
0x31da5c N 0x31da60
0x4e87cd50 T 0x6908
0x31da5c T 0xc5518
0x4e87cd50 N 0x4e87cd54
0x4e87cd50 T 0x6908
0xb38 T 0x85c
0x50c T 0x424
0x4e87cd50 N 0x4e87cd54
0x4e87cd50 T 0x6908
0x31da5c N 0x31da60
0xb38 T 0x85c
0x31da5c T 0xc5518
0x4e87cd50 T 0x6908
0xb38 T 0x85c
0xb38 T 0x85c
0x50c T 0x424
0xb38 T 0x85c
0x50c N 0x510
0x48dca910 N 0x48dca914
0x50c T 0x424
0x4e87cd50 T 0x6908
0x4e87cd50 N 0x4e87cd54
0x31da5c N 0x31da60
0x31da5c N 0x31da60
0x4e87cd50 N 0x4e87cd54
0xb38 T 0x85c
0xb38 T 0x85c
0x48dca910 N 0x48dca914
0xb38 T 0x85c
0x4e87cd50 N 0x4e87cd54
0x48dca910 T 0xac
0x31da5c N 0x31da60
0x48dca910 T 0xac
0x4e87cd50 N 0x4e87cd54
0xb38 T 0x85c
0x4e87cd50 T 0x6908
0x4e87cd50 T 0x6908
0xb38 N 0xb3c
0x31da5c T 0xc5518
0x48dca910 N 0x48dca914
0x4e87cd50 T 0x6908
0x4e87cd50 T 0x6908
0x31da5c N 0x31da60
0x4e87cd50 T 0x6908
0x50c N 0x510
0x48dca910 N 0x48dca914
0x4e87cd50 N 0x4e87cd54
0x48dca910 N 0x48dca914
0x50c T 0x424
0x4e87cd50 N 0x4e87cd54
0x50c N 0x510
0x4e87cd50 N 0x4e87cd54
0x4e87cd50 N 0x4e87cd54
0x50c T 0x424
0x4e87cd50 T 0x6908
0x4e87cd50 T 0x6908
0x4e87cd50 T 0x6908
0x4e87cd50 N 0x4e87cd54
0x50c T 0x424
0x4e87cd50 T 0x6908
0x31da5c N 0x31da60
0x50c T 0x424
0x50c N 0x510
0x48dca910 T 0xac
0x50c T 0x424
0x50c N 0x510
0x4e87cd50 T 0x6908
0xb38 N 0xb3c
0x31da5c N 0x31da60
0xb38 N 0xb3c
0xb38 T 0x85c
0x31da5c T 0xc5518
0x50c N 0x510
0x4e87cd50 T 0x6908
0xb38 N 0xb3c
0xb38 T 0x85c
0x50c T 0x424
0x48dca910 N 0x48dca914
0x4e87cd50 T 0x6908
0x31da5c T 0xc5518
0x48dca910 N 0x48dca914
0xb38 T 0x85c
0x4e87cd50 N 0x4e87cd54
0x31da5c T 0xc5518
0x50c T 0x424
0x50c N 0x510
0xb38 T 0x85c
0x50c T 0x424
0x31da5c T 0xc5518
0x50c N 0x510
0xb38 T 0x85c
0xb38 T 0x85c
0x4e87cd50 N 0x4e87cd54
0x4e87cd50 T 0x6908
0x48dca910 T 0xac
0xb38 N 0xb3c
0x31da5c N 0x31da60
0xb38 N 0xb3c
0x31da5c N 0x31da60
0x31da5c N 0x31da60
0x50c T 0x424
0x48dca910 T 0xac
0x50c T 0x424
0xb38 T 0x85c
0x4e87cd50 N 0x4e87cd54
0x31da5c T 0xc5518
0x50c N 0x510
0x4e87cd50 T 0x6908
0x50c N 0x510
0x31da5c N 0x31da60
0x4e87cd50 N 0x4e87cd54
0x4e87cd50 T 0x6908
0x31da5c T 0xc5518
0x4e87cd50 T 0x6908
0xb38 T 0x85c
0x31da5c N 0x31da60
0x50c T 0x424
0xb38 T 0x85c
0x31da5c N 0x31da60
0x31da5c T 0xc5518
0x31da5c N 0x31da60
0x48dca910 N 0x48dca914
0x31da5c N 0x31da60
0x48dca910 N 0x48dca914
0x48dca910 N 0x48dca914
0x50c T 0x424
0x31da5c N 0x31da60
0x48dca910 N 0x48dca914
0x4e87cd50 N 0x4e87cd54
0x4e87cd50 N 0x4e87cd54
0x4e87cd50 N 0x4e87cd54
0xb38 T 0x85c
0xb38 T 0x85c
0x4e87cd50 T 0x6908
0x50c T 0x424
0x4e87cd50 N 0x4e87cd54
0x31da5c T 0xc5518
0x48dca910 N 0x48dca914
0x31da5c T 0xc5518
0x31da5c T 0xc5518
0xb38 T 0x85c
0xb38 T 0x85c
0x50c T 0x424
0xb38 N 0xb3c
0x4e87cd50 N 0x4e87cd54
0x50c T 0x424
0xb38 N 0xb3c
0x50c N 0x510
0xb38 T 0x85c
0x48dca910 T 0xac
0x4e87cd50 N 0x4e87cd54
0xb38 N 0xb3c
0x31da5c N 0x31da60
0x50c T 0x424
0x50c T 0x424
0x48dca910 N 0x48dca914
0x48dca910 T 0xac
0x4e87cd50 T 0x6908
0x4e87cd50 T 0x6908
0x31da5c T 0xc5518
0x50c N 0x510
0xb38 N 0xb3c
0x48dca910 T 0xac
0x50c T 0x424
0xb38 T 0x85c
0x50c T 0x424
0x4e87cd50 N 0x4e87cd54
0x4e87cd50 N 0x4e87cd54
0x4e87cd50 T 0x6908
0x48dca910 N 0x48dca914
0x4e87cd50 N 0x4e87cd54
0x48dca910 N 0x48dca914
0x50c N 0x510
0x50c N 0x510
0x50c T 0x424
0x4e87cd50 N 0x4e87cd54
0x31da5c T 0xc5518
0xb38 N 0xb3c
0x4e87cd50 N 0x4e87cd54
0x31da5c N 0x31da60
0x31da5c T 0xc5518
0x48dca910 N 0x48dca914
0x48dca910 T 0xac
0x4e87cd50 N 0x4e87cd54
0x31da5c N 0x31da60
0xb38 T 0x85c
0xb38 N 0xb3c
0xb38 N 0xb3c
0x4e87cd50 T 0x6908
0x31da5c N 0x31da60
0xb38 N 0xb3c
0x31da5c N 0x31da60
0x4e87cd50 T 0x6908
0xb38 T 0x85c
0x4e87cd50 N 0x4e87cd54
0x31da5c T 0xc5518
0xb38 T 0x85c
0x4e87cd50 N 0x4e87cd54
0x48dca910 N 0x48dca914
0x48dca910 N 0x48dca914
0x50c N 0x510
0x4e87cd50 N 0x4e87cd54
0x48dca910 T 0xac
0x4e87cd50 T 0x6908
0x4e87cd50 T 0x6908
0x4e87cd50 N 0x4e87cd54
0x48dca910 N 0x48dca914
0x4e87cd50 N 0x4e87cd54
0x31da5c N 0x31da60
0x50c T 0x424
0x4e87cd50 T 0x6908
0x31da5c N 0x31da60
0x4e87cd50 T 0x6908
0x31da5c N 0x31da60
0x50c N 0x510
0x31da5c N 0x31da60
0x4e87cd50 N 0x4e87cd54
0x50c T 0x424
0x48dca910 N 0x48dca914
0xb38 T 0x85c
0x50c N 0x510
0xb38 T 0x85c
0x48dca910 N 0x48dca914
0xb38 T 0x85c
0x50c N 0x510
0x50c T 0x424
0x48dca910 T 0xac
0xb38 T 0x85c
0x31da5c N 0x31da60
0x31da5c T 0xc5518
0x48dca910 T 0xac
0x50c N 0x510
0xb38 T 0x85c
0x4e87cd50 T 0x6908
0x4e87cd50 T 0x6908
0x4e87cd50 T 0x6908
0x4e87cd50 N 0x4e87cd54
0x50c T 0x424
0x4e87cd50 T 0x6908
0xb38 T 0x85c
0x50c N 0x510
0x4e87cd50 N 0x4e87cd54
0x50c N 0x510
0x50c T 0x424
0xb38 T 0x85c
0x4e87cd50 N 0x4e87cd54
0x4e87cd50 N 0x4e87cd54
0x31da5c T 0xc5518
0x48dca910 N 0x48dca914
0x31da5c T 0xc5518
0x4e87cd50 N 0x4e87cd54
0x4e87cd50 T 0x6908
0x50c T 0x424
0x48dca910 T 0xac
0x4e87cd50 N 0x4e87cd54
0x48dca910 N 0x48dca914
0xb38 T 0x85c
0x50c T 0x424
0x31da5c T 0xc5518
0x4e87cd50 T 0x6908
0x4e87cd50 N 0x4e87cd54
0xb38 T 0x85c
0xb38 T 0x85c
0xb38 T 0x85c
0x48dca910 N 0x48dca914
0x4e87cd50 T 0x6908
0x4e87cd50 T 0x6908
0xb38 N 0xb3c
0x31da5c N 0x31da60
0xb38 N 0xb3c
0x50c N 0x510
0xb38 N 0xb3c
0xb38 N 0xb3c
0x31da5c N 0x31da60
0x4e87cd50 T 0x6908
0xb38 N 0xb3c
0xb38 T 0x85c
0x50c T 0x424
0x50c T 0x424
0x50c N 0x510
0x31da5c T 0xc5518
0x50c T 0x424
0x50c T 0x424
0x31da5c N 0x31da60
0xb38 T 0x85c
0x4e87cd50 N 0x4e87cd54
0x48dca910 N 0x48dca914
0x31da5c T 0xc5518
0x48dca910 T 0xac
0x50c N 0x510
0x48dca910 N 0x48dca914
0xb38 N 0xb3c
0x31da5c T 0xc5518
0x48dca910 N 0x48dca914
0xb38 T 0x85c
0xb38 T 0x85c
0x50c N 0x510
0xb38 T 0x85c
0x4e87cd50 T 0x6908
0x31da5c N 0x31da60
0x48dca910 T 0xac
0x31da5c T 0xc5518
0x31da5c T 0xc5518
0x50c N 0x510
0x4e87cd50 N 0x4e87cd54
0x48dca910 N 0x48dca914
0x4e87cd50 T 0x6908
0x48dca910 N 0x48dca914
0x31da5c N 0x31da60
0x31da5c N 0x31da60
0x48dca910 N 0x48dca914
0x50c N 0x510
0x50c N 0x510
0xb38 T 0x85c
0x50c T 0x424
0xb38 T 0x85c
0xb38 N 0xb3c
0x4e87cd50 N 0x4e87cd54
0x4e87cd50 N 0x4e87cd54
0x48dca910 T 0xac
0x31da5c N 0x31da60
0x31da5c T 0xc5518
0x50c T 0x424
0x31da5c N 0x31da60
0x50c T 0x424
0x50c N 0x510
0x31da5c N 0x31da60
0x50c T 0x424
0x4e87cd50 N 0x4e87cd54
0x50c T 0x424
0x48dca910 N 0x48dca914
0x31da5c N 0x31da60
0x4e87cd50 T 0x6908
0xb38 T 0x85c
0xb38 T 0x85c
0x4e87cd50 T 0x6908
0x4e87cd50 N 0x4e87cd54
0x50c T 0x424
0x50c N 0x510
0x31da5c N 0x31da60
0x4e87cd50 T 0x6908
0xb38 N 0xb3c
0xb38 T 0x85c
0x31da5c T 0xc5518
0xb38 N 0xb3c
0x4e87cd50 N 0x4e87cd54
0x50c N 0x510
0x50c N 0x510
0x4e87cd50 T 0x6908
0x50c T 0x424
0xb38 T 0x85c
0x50c T 0x424
0x4e87cd50 T 0x6908
0x4e87cd50 T 0x6908
0xb38 T 0x85c
0xb38 T 0x85c
0xb38 T 0x85c
0x48dca910 T 0xac
0x48dca910 N 0x48dca914
0x4e87cd50 N 0x4e87cd54
0x48dca910 N 0x48dca914
0x50c N 0x510
0x4e87cd50 N 0x4e87cd54
0x31da5c N 0x31da60
0x48dca910 N 0x48dca914
0xb38 T 0x85c
0x31da5c N 0x31da60
0x31da5c N 0x31da60
0x50c T 0x424
0x50c N 0x510
0x50c N 0x510
0x31da5c N 0x31da60
0x48dca910 T 0xac
0x48dca910 T 0xac
0x4e87cd50 N 0x4e87cd54
0x4e87cd50 N 0x4e87cd54
0x31da5c N 0x31da60
0x48dca910 T 0xac
0x50c T 0x424
0x48dca910 N 0x48dca914
0x4e87cd50 T 0x6908
0x48dca910 N 0x48dca914
0x48dca910 N 0x48dca914
0x48dca910 T 0xac
0xb38 T 0x85c
0x48dca910 N 0x48dca914
0x48dca910 T 0xac
0x31da5c N 0x31da60
0xb38 T 0x85c
0xb38 T 0x85c
0x4e87cd50 N 0x4e87cd54
0x50c T 0x424
0x31da5c N 0x31da60
0x48dca910 T 0xac
0xb38 T 0x85c
0x50c T 0x424
0x48dca910 N 0x48dca914
0xb38 N 0xb3c
0x31da5c T 0xc5518
0x50c T 0x424
0x50c T 0x424
0x31da5c T 0xc5518
0x4e87cd50 N 0x4e87cd54
0x31da5c T 0xc5518
0x4e87cd50 T 0x6908
0xb38 T 0x85c
0x31da5c N 0x31da60
0x4e87cd50 N 0x4e87cd54
0xb38 T 0x85c
0x50c T 0x424
0xb38 T 0x85c
0xb38 N 0xb3c
0x31da5c N 0x31da60
0x50c T 0x424
0x48dca910 N 0x48dca914
0x48dca910 N 0x48dca914
0x48dca910 T 0xac
0x50c N 0x510
0x4e87cd50 N 0x4e87cd54
0x4e87cd50 T 0x6908
0x50c N 0x510
0x50c N 0x510
0x48dca910 T 0xac
0x31da5c T 0xc5518
0x31da5c T 0xc5518
0x4e87cd50 T 0x6908
0x50c T 0x424
0x4e87cd50 N 0x4e87cd54
0x48dca910 T 0xac
0x48dca910 T 0xac
0x4e87cd50 T 0x6908
0x31da5c T 0xc5518
0x31da5c N 0x31da60
0x50c T 0x424
0x48dca910 N 0x48dca914
0x4e87cd50 T 0x6908
0x48dca910 N 0x48dca914
0x48dca910 T 0xac
0x4e87cd50 T 0x6908
0xb38 T 0x85c
0x4e87cd50 N 0x4e87cd54
0xb38 T 0x85c
0x4e87cd50 N 0x4e87cd54
0x31da5c N 0x31da60
0x48dca910 T 0xac
0x50c N 0x510
0x31da5c N 0x31da60
0x31da5c T 0xc5518
0x50c T 0x424
0x31da5c T 0xc5518
0x48dca910 N 0x48dca914
0xb38 T 0x85c
0x48dca910 T 0xac
0x4e87cd50 N 0x4e87cd54
0x4e87cd50 N 0x4e87cd54
0x48dca910 N 0x48dca914
0x48dca910 N 0x48dca914
0x31da5c N 0x31da60
0x48dca910 N 0x48dca914
0x4e87cd50 T 0x6908
0x31da5c T 0xc5518
0x48dca910 T 0xac
0x48dca910 T 0xac
0x4e87cd50 N 0x4e87cd54
0x4e87cd50 T 0x6908
0x31da5c N 0x31da60
0x4e87cd50 T 0x6908
0x48dca910 T 0xac
0xb38 T 0x85c
0x4e87cd50 T 0x6908
0x31da5c N 0x31da60
0x31da5c T 0xc5518
0xb38 T 0x85c
0x4e87cd50 T 0x6908
0x31da5c N 0x31da60
0x4e87cd50 T 0x6908
0x4e87cd50 N 0x4e87cd54
0x31da5c T 0xc5518
0x31da5c N 0x31da60
0x50c T 0x424
0x4e87cd50 N 0x4e87cd54
0x50c T 0x424
0x50c T 0x424
0x48dca910 N 0x48dca914
0x4e87cd50 N 0x4e87cd54
0x4e87cd50 N 0x4e87cd54
0xb38 N 0xb3c
0x4e87cd50 N 0x4e87cd54
0x4e87cd50 N 0x4e87cd54
0x48dca910 T 0xac
0x50c N 0x510
0x50c N 0x510
0xb38 T 0x85c
0x50c T 0x424
0x4e87cd50 N 0x4e87cd54
0x31da5c T 0xc5518
0xb38 N 0xb3c
0x4e87cd50 T 0x6908
0x4e87cd50 T 0x6908
0xb38 N 0xb3c
0x31da5c N 0x31da60
0x50c T 0x424
0x31da5c T 0xc5518
0x48dca910 N 0x48dca914
0xb38 T 0x85c
0xb38 N 0xb3c
0xb38 T 0x85c
0x50c T 0x424
0x50c N 0x510
0x31da5c T 0xc5518
0x31da5c N 0x31da60
0x31da5c N 0x31da60
0x50c N 0x510
0x4e87cd50 T 0x6908
0x48dca910 N 0x48dca914
0x48dca910 T 0xac
0xb38 N 0xb3c
0x31da5c N 0x31da60
0x48dca910 T 0xac
0x4e87cd50 N 0x4e87cd54
0x50c T 0x424
0x50c T 0x424
0x48dca910 T 0xac
0xb38 N 0xb3c
0x48dca910 T 0xac
0x48dca910 N 0x48dca914
0xb38 T 0x85c
0x31da5c N 0x31da60
0x31da5c T 0xc5518
0x4e87cd50 N 0x4e87cd54
0xb38 N 0xb3c
0x50c T 0x424
0x31da5c N 0x31da60
0x31da5c N 0x31da60
0x48dca910 T 0xac
0x50c N 0x510
0xb38 T 0x85c
0x4e87cd50 N 0x4e87cd54
0x48dca910 N 0x48dca914
0xb38 N 0xb3c
0x31da5c T 0xc5518
0x31da5c T 0xc5518
0x48dca910 T 0xac
0x48dca910 T 0xac
0x31da5c T 0xc5518
0x31da5c T 0xc5518
0x48dca910 T 0xac
0xb38 T 0x85c
0x50c N 0x510
0xb38 T 0x85c
0x48dca910 T 0xac
0xb38 T 0x85c
0xb38 T 0x85c
0x4e87cd50 T 0x6908
0xb38 T 0x85c
0xb38 T 0x85c
0x4e87cd50 N 0x4e87cd54
0x48dca910 N 0x48dca914
0x4e87cd50 T 0x6908
0x4e87cd50 N 0x4e87cd54
0x31da5c N 0x31da60
0x31da5c N 0x31da60
0x31da5c T 0xc5518
0x4e87cd50 N 0x4e87cd54
0x31da5c N 0x31da60
0x50c N 0x510
0x31da5c N 0x31da60
0x4e87cd50 N 0x4e87cd54
0x48dca910 N 0x48dca914
0xb38 N 0xb3c
0x4e87cd50 T 0x6908
0x48dca910 T 0xac
0x31da5c T 0xc5518
0x4e87cd50 N 0x4e87cd54
0x50c T 0x424
0x31da5c T 0xc5518
0x50c T 0x424
0xb38 N 0xb3c
0x31da5c N 0x31da60
0xb38 N 0xb3c
0x31da5c T 0xc5518
0x48dca910 N 0x48dca914
0xb38 N 0xb3c
0xb38 N 0xb3c
0x31da5c N 0x31da60
0x48dca910 N 0x48dca914
0xb38 N 0xb3c
0x48dca910 T 0xac
0x4e87cd50 N 0x4e87cd54
0x48dca910 T 0xac
0x31da5c N 0x31da60
0x50c N 0x510
0x4e87cd50 N 0x4e87cd54
0x4e87cd50 N 0x4e87cd54
0x31da5c N 0x31da60
0x50c T 0x424
0xb38 N 0xb3c
0x50c T 0x424
0xb38 T 0x85c
0x4e87cd50 T 0x6908
0x31da5c N 0x31da60
0x48dca910 T 0xac
0x4e87cd50 T 0x6908
0x48dca910 N 0x48dca914
0xb38 N 0xb3c
0x4e87cd50 T 0x6908
0x4e87cd50 T 0x6908
0xb38 N 0xb3c
0x4e87cd50 T 0x6908
0xb38 T 0x85c
0xb38 N 0xb3c
0x48dca910 N 0x48dca914
0xb38 N 0xb3c
0x50c N 0x510
0x48dca910 N 0x48dca914
0x50c T 0x424
0x4e87cd50 N 0x4e87cd54
0x50c T 0x424
0x4e87cd50 N 0x4e87cd54
0xb38 T 0x85c
0x4e87cd50 N 0x4e87cd54
0x50c N 0x510
0x31da5c T 0xc5518
0x48dca910 T 0xac
0x48dca910 N 0x48dca914
0x4e87cd50 T 0x6908
0x50c N 0x510
0x31da5c N 0x31da60
0x50c T 0x424
0xb38 N 0xb3c
0x50c T 0x424
0xb38 N 0xb3c
0xb38 T 0x85c
0x50c N 0x510
0x31da5c N 0x31da60
0x31da5c T 0xc5518
0x31da5c T 0xc5518
0x4e87cd50 T 0x6908
0xb38 N 0xb3c
0x4e87cd50 N 0x4e87cd54
0x50c N 0x510
0x50c T 0x424
0x50c N 0x510
0x50c N 0x510
0xb38 N 0xb3c
0xb38 T 0x85c
0xb38 N 0xb3c
0x4e87cd50 N 0x4e87cd54
0x4e87cd50 T 0x6908
0x50c N 0x510
0x48dca910 N 0x48dca914
0x48dca910 T 0xac
0xb38 T 0x85c
0x48dca910 N 0x48dca914
0x50c T 0x424
0xb38 N 0xb3c
0xb38 N 0xb3c
0xb38 T 0x85c
0x31da5c N 0x31da60
0x31da5c N 0x31da60
0x31da5c N 0x31da60
0x48dca910 T 0xac
0xb38 T 0x85c
0x31da5c T 0xc5518
0xb38 N 0xb3c
0x31da5c T 0xc5518
0x48dca910 N 0x48dca914
0x48dca910 N 0x48dca914
0xb38 N 0xb3c
0x4e87cd50 T 0x6908
0x31da5c N 0x31da60
0x4e87cd50 T 0x6908
0x31da5c N 0x31da60
0x31da5c N 0x31da60
0x4e87cd50 T 0x6908
0x48dca910 T 0xac
0xb38 N 0xb3c
0x4e87cd50 T 0x6908
0xb38 T 0x85c
0x48dca910 T 0xac
0x50c T 0x424
0x31da5c N 0x31da60
0x4e87cd50 N 0x4e87cd54
0x31da5c N 0x31da60
0x48dca910 N 0x48dca914
0xb38 N 0xb3c
0x31da5c N 0x31da60
0x50c T 0x424
0xb38 T 0x85c
0xb38 N 0xb3c
0x48dca910 N 0x48dca914
0xb38 N 0xb3c
0x48dca910 N 0x48dca914
0x31da5c T 0xc5518
0x31da5c N 0x31da60
0xb38 T 0x85c
0x48dca910 T 0xac
0x4e87cd50 N 0x4e87cd54
0xb38 N 0xb3c
0xb38 N 0xb3c
0x31da5c T 0xc5518
0xb38 T 0x85c
0xb38 T 0x85c
0x31da5c N 0x31da60
0x4e87cd50 T 0x6908
0x50c N 0x510
0x4e87cd50 N 0x4e87cd54
0x48dca910 T 0xac
0x50c T 0x424
0x50c N 0x510
0x31da5c T 0xc5518
0xb38 N 0xb3c
0x4e87cd50 T 0x6908
0xb38 N 0xb3c
0x48dca910 N 0x48dca914
0x31da5c N 0x31da60
0x31da5c T 0xc5518
0x31da5c T 0xc5518
0xb38 T 0x85c
0x48dca910 N 0x48dca914
0x48dca910 T 0xac
0x48dca910 N 0x48dca914
0x4e87cd50 T 0x6908
0x48dca910 T 0xac
0x4e87cd50 N 0x4e87cd54
0x50c T 0x424
0xb38 N 0xb3c
0x50c T 0x424
0xb38 T 0x85c
0x50c T 0x424
0xb38 N 0xb3c
0xb38 N 0xb3c
0x48dca910 N 0x48dca914
0x4e87cd50 T 0x6908
0x31da5c T 0xc5518
0xb38 T 0x85c
0xb38 T 0x85c
0x50c T 0x424
0xb38 N 0xb3c
0x48dca910 T 0xac
0xb38 T 0x85c
0x4e87cd50 N 0x4e87cd54
0x4e87cd50 T 0x6908
0x48dca910 T 0xac
0x50c T 0x424
0x48dca910 T 0xac
0x4e87cd50 T 0x6908
0x50c N 0x510
0xb38 N 0xb3c
0xb38 N 0xb3c
0x48dca910 T 0xac
0x50c T 0x424
0x48dca910 T 0xac
0x50c T 0x424
0x48dca910 T 0xac
0x31da5c N 0x31da60
0x31da5c T 0xc5518
0x50c N 0x510
0x50c T 0x424
0x31da5c T 0xc5518
0x48dca910 T 0xac
0x50c T 0x424
0x48dca910 N 0x48dca914
0xb38 T 0x85c
0x50c T 0x424
0x48dca910 N 0x48dca914
0xb38 N 0xb3c
0xb38 N 0xb3c
0xb38 N 0xb3c
0x4e87cd50 T 0x6908
0x48dca910 N 0x48dca914
0x50c N 0x510
0x31da5c N 0x31da60
0xb38 N 0xb3c
0x48dca910 N 0x48dca914
0xb38 N 0xb3c
0x48dca910 T 0xac
0x48dca910 N 0x48dca914
0xb38 T 0x85c
0x4e87cd50 N 0x4e87cd54
0xb38 N 0xb3c
0x50c N 0x510
0x48dca910 N 0x48dca914
0x50c N 0x510
0x4e87cd50 N 0x4e87cd54
0xb38 N 0xb3c
0x50c N 0x510
0x50c T 0x424
0x31da5c N 0x31da60
0x31da5c N 0x31da60
0x50c N 0x510
0x31da5c T 0xc5518
0x4e87cd50 T 0x6908
0x4e87cd50 T 0x6908
0xb38 T 0x85c
0x50c T 0x424
0x50c N 0x510
0x50c N 0x510
0x31da5c N 0x31da60
0x31da5c N 0x31da60
0x48dca910 N 0x48dca914
0x4e87cd50 T 0x6908
0x31da5c T 0xc5518
0x31da5c T 0xc5518
0xb38 N 0xb3c
0xb38 N 0xb3c
0x48dca910 T 0xac
0xb38 N 0xb3c
0x4e87cd50 N 0x4e87cd54
0xb38 T 0x85c
0x50c N 0x510
0x4e87cd50 T 0x6908
0x48dca910 N 0x48dca914
0x31da5c T 0xc5518
0xb38 N 0xb3c
0x48dca910 N 0x48dca914
0x4e87cd50 T 0x6908
0x48dca910 N 0x48dca914
0x50c T 0x424
0x31da5c N 0x31da60
0xb38 N 0xb3c
0xb38 N 0xb3c
0x48dca910 N 0x48dca914
0x31da5c T 0xc5518
0x50c T 0x424
0xb38 N 0xb3c
0x31da5c T 0xc5518
0x31da5c T 0xc5518
0x4e87cd50 T 0x6908
0x4e87cd50 N 0x4e87cd54
0x48dca910 N 0x48dca914
0x50c T 0x424
0x31da5c N 0x31da60
0x31da5c N 0x31da60
0x31da5c N 0x31da60
0x50c T 0x424
0x50c N 0x510
0x31da5c N 0x31da60
0x48dca910 N 0x48dca914
0x31da5c T 0xc5518
0x50c N 0x510
0x31da5c N 0x31da60
0x4e87cd50 T 0x6908
0x50c T 0x424
0x31da5c N 0x31da60
0xb38 N 0xb3c
0x31da5c N 0x31da60
0x4e87cd50 N 0x4e87cd54
0x4e87cd50 T 0x6908
0x31da5c N 0x31da60
0x31da5c N 0x31da60
0x4e87cd50 T 0x6908
0x50c N 0x510
0x31da5c T 0xc5518
0x4e87cd50 N 0x4e87cd54
0x48dca910 N 0x48dca914
0xb38 N 0xb3c
0x48dca910 N 0x48dca914
0x50c T 0x424
0x4e87cd50 T 0x6908
0xb38 N 0xb3c
0xb38 N 0xb3c
0xb38 T 0x85c
0xb38 T 0x85c
0xb38 T 0x85c
0x31da5c N 0x31da60
0x48dca910 T 0xac
0x31da5c T 0xc5518
0x4e87cd50 T 0x6908
flush_num: 716, br_num: 1381, size: 2368b
