0x84b8 N 0x84bc
0xee07567c N 0xee075680
0x84b8 T 0xeca4
0x20724 N 0x20728
0x6e344 N 0x6e348
0x84b8 T 0xeca4
0x20724 T 0xa9abaf0
0x84b8 T 0xeca4
0xee07567c T 0x6ecce1c
0x6e344 T 0x73f8
0x84b8 T 0xeca4
0xee07567c N 0xee075680
0x84b8 T 0xeca4
0x20724 T 0xa9abaf0
0x6e344 T 0x73f8
0x84b8 T 0xeca4
0xee07567c N 0xee075680
0xee07567c N 0xee075680
0x20724 T 0xa9abaf0
0x6e344 T 0x73f8
0xee07567c N 0xee075680
0xee07567c T 0x6ecce1c
0xee07567c T 0x6ecce1c
0x84b8 T 0xeca4
0xee07567c T 0x6ecce1c
0x20724 T 0xa9abaf0
0x6e344 T 0x73f8
0x84b8 T 0xeca4
0x20724 T 0xa9abaf0
0x84b8 T 0xeca4
0x20724 T 0xa9abaf0
0xee07567c T 0x6ecce1c
0xee07567c T 0x6ecce1c
0x6e344 T 0x73f8
0xee07567c T 0x6ecce1c
0x84b8 T 0xeca4
0x20724 T 0xa9abaf0
0x6e344 T 0x73f8
0x6e344 T 0x73f8
0x6e344 T 0x73f8
0xee07567c T 0x6ecce1c
0xee07567c T 0x6ecce1c
0x84b8 T 0xeca4
0xee07567c T 0x6ecce1c
0x84b8 T 0xeca4
0x6e344 T 0x73f8
0xee07567c T 0x6ecce1c
0x20724 T 0xa9abaf0
0x20724 N 0x20728
0x20724 T 0xa9abaf0
0x20724 T 0xa9abaf0
0x84b8 T 0xeca4
0x20724 T 0xa9abaf0
0xee07567c T 0x6ecce1c
0x20724 T 0xa9abaf0
0xee07567c T 0x6ecce1c
0x20724 T 0xa9abaf0
0x84b8 T 0xeca4
0x6e344 T 0x73f8
0x6e344 T 0x73f8
0xee07567c T 0x6ecce1c
0x20724 T 0xa9abaf0
0x20724 T 0xa9abaf0
0x20724 T 0xa9abaf0
0x20724 T 0xa9abaf0
0x20724 T 0xa9abaf0
0x6e344 T 0x73f8
0x84b8 T 0xeca4
0x20724 T 0xa9abaf0
0x6e344 T 0x73f8
0x20724 T 0xa9abaf0
0x20724 T 0xa9abaf0
0x20724 T 0xa9abaf0
0x6e344 T 0x73f8
0x6e344 T 0x73f8
0x6e344 T 0x73f8
0x6e344 T 0x73f8
0x6e344 T 0x73f8
0x6e344 T 0x73f8
0xee07567c T 0x6ecce1c
0xee07567c T 0x6ecce1c
0xee07567c T 0x6ecce1c
0x84b8 T 0xeca4
0x20724 T 0xa9abaf0
0x84b8 T 0xeca4
0x84b8 T 0xeca4
0xee07567c T 0x6ecce1c
0xee07567c T 0x6ecce1c
0x20724 T 0xa9abaf0
0x84b8 T 0xeca4
0xee07567c T 0x6ecce1c
0x84b8 T 0xeca4
0x6e344 T 0x73f8
0x20724 T 0xa9abaf0
0x20724 N 0x20728
0x84b8 T 0xeca4
0xee07567c T 0x6ecce1c
0x20724 T 0xa9abaf0
0xee07567c T 0x6ecce1c
0xee07567c T 0x6ecce1c
0x20724 T 0xa9abaf0
0x20724 T 0xa9abaf0
0x84b8 N 0x84bc
0xee07567c T 0x6ecce1c
0x84b8 T 0xeca4
0xee07567c T 0x6ecce1c
0x6e344 T 0x73f8
0x6e344 T 0x73f8
0x20724 T 0xa9abaf0
0x20724 N 0x20728
0xee07567c T 0x6ecce1c
0xee07567c T 0x6ecce1c
0xee07567c T 0x6ecce1c
0x20724 T 0xa9abaf0
0x84b8 T 0xeca4
0xee07567c T 0x6ecce1c
0x20724 T 0xa9abaf0
0x20724 T 0xa9abaf0
0x84b8 T 0xeca4
0x20724 T 0xa9abaf0
0x84b8 T 0xeca4
0x20724 T 0xa9abaf0
0x84b8 T 0xeca4
0x20724 N 0x20728
0x6e344 T 0x73f8
0x6e344 T 0x73f8
0x6e344 T 0x73f8
0x20724 T 0xa9abaf0
0xee07567c T 0x6ecce1c
0xee07567c T 0x6ecce1c
0x84b8 N 0x84bc
0x20724 N 0x20728
0x6e344 N 0x6e348
0xee07567c T 0x6ecce1c
0xee07567c N 0xee075680
0x6e344 T 0x73f8
0x84b8 T 0xeca4
0x84b8 N 0x84bc
0xee07567c T 0x6ecce1c
0x6e344 N 0x6e348
0x20724 T 0xa9abaf0
0x84b8 N 0x84bc
0xee07567c T 0x6ecce1c
0xee07567c T 0x6ecce1c
0xee07567c T 0x6ecce1c
0x84b8 T 0xeca4
0x84b8 T 0xeca4
0x6e344 T 0x73f8
0x20724 T 0xa9abaf0
0x20724 T 0xa9abaf0
0xee07567c N 0xee075680
0x84b8 T 0xeca4
0x6e344 N 0x6e348
0x20724 T 0xa9abaf0
0x20724 T 0xa9abaf0
0x84b8 T 0xeca4
0xee07567c T 0x6ecce1c
0x84b8 T 0xeca4
0x6e344 T 0x73f8
0xee07567c T 0x6ecce1c
0xee07567c T 0x6ecce1c
0x20724 N 0x20728
0x84b8 T 0xeca4
0x20724 N 0x20728
0xee07567c T 0x6ecce1c
0xee07567c T 0x6ecce1c
0x6e344 T 0x73f8
0x84b8 T 0xeca4
0x6e344 T 0x73f8
0x20724 T 0xa9abaf0
0x84b8 T 0xeca4
0xee07567c T 0x6ecce1c
0x20724 N 0x20728
0xee07567c T 0x6ecce1c
0xee07567c T 0x6ecce1c
0x84b8 T 0xeca4
0x6e344 T 0x73f8
0xee07567c T 0x6ecce1c
0xee07567c T 0x6ecce1c
0x20724 N 0x20728
0xee07567c T 0x6ecce1c
0xee07567c T 0x6ecce1c
0x6e344 T 0x73f8
0xee07567c T 0x6ecce1c
0xee07567c N 0xee075680
0x6e344 N 0x6e348
0xee07567c T 0x6ecce1c
0xee07567c T 0x6ecce1c
0x84b8 N 0x84bc
0x20724 N 0x20728
0x84b8 T 0xeca4
0x20724 T 0xa9abaf0
0x6e344 N 0x6e348
0x84b8 T 0xeca4
0x84b8 T 0xeca4
0x6e344 T 0x73f8
0x84b8 T 0xeca4
0xee07567c T 0x6ecce1c
0xee07567c T 0x6ecce1c
0x84b8 N 0x84bc
0xee07567c T 0x6ecce1c
0x20724 T 0xa9abaf0
0x6e344 T 0x73f8
0xee07567c N 0xee075680
0x84b8 T 0xeca4
0x84b8 T 0xeca4
0x20724 T 0xa9abaf0
0xee07567c N 0xee075680
0x6e344 T 0x73f8
0x20724 T 0xa9abaf0
0x84b8 T 0xeca4
0xee07567c N 0xee075680
0xee07567c N 0xee075680
0x20724 T 0xa9abaf0
0xee07567c T 0x6ecce1c
0x84b8 T 0xeca4
0xee07567c T 0x6ecce1c
0x20724 T 0xa9abaf0
0x84b8 N 0x84bc
0x20724 N 0x20728
0x6e344 N 0x6e348
0x84b8 N 0x84bc
0x20724 T 0xa9abaf0
0x20724 T 0xa9abaf0
0x20724 N 0x20728
0x6e344 T 0x73f8
0x20724 T 0xa9abaf0
0xee07567c T 0x6ecce1c
0x20724 T 0xa9abaf0
0x84b8 T 0xeca4
0xee07567c T 0x6ecce1c
0xee07567c T 0x6ecce1c
0x6e344 T 0x73f8
0x84b8 T 0xeca4
0x20724 T 0xa9abaf0
0x84b8 T 0xeca4
0x6e344 T 0x73f8
0x6e344 T 0x73f8
0x20724 T 0xa9abaf0
0xee07567c N 0xee075680
0x20724 T 0xa9abaf0
0x20724 T 0xa9abaf0
0xee07567c T 0x6ecce1c
0x20724 N 0x20728
0x20724 T 0xa9abaf0
0x6e344 N 0x6e348
0x20724 N 0x20728
0x6e344 T 0x73f8
0xee07567c T 0x6ecce1c
0x84b8 N 0x84bc
0x20724 T 0xa9abaf0
0x20724 T 0xa9abaf0
0x20724 T 0xa9abaf0
0xee07567c T 0x6ecce1c
0x20724 T 0xa9abaf0
0x6e344 T 0x73f8
0x6e344 T 0x73f8
0x6e344 N 0x6e348
0x84b8 T 0xeca4
0x20724 T 0xa9abaf0
0xee07567c N 0xee075680
0x84b8 T 0xeca4
0x20724 T 0xa9abaf0
0x6e344 T 0x73f8
0x20724 T 0xa9abaf0
0xee07567c T 0x6ecce1c
0x20724 T 0xa9abaf0
0x84b8 N 0x84bc
0xee07567c T 0x6ecce1c
0x20724 N 0x20728
0x20724 T 0xa9abaf0
0x84b8 T 0xeca4
0x84b8 T 0xeca4
0x84b8 T 0xeca4
0x6e344 T 0x73f8
0x84b8 T 0xeca4
0xee07567c T 0x6ecce1c
0x6e344 T 0x73f8
0x84b8 T 0xeca4
0xee07567c T 0x6ecce1c
0x20724 N 0x20728
0x84b8 N 0x84bc
0xee07567c N 0xee075680
0xee07567c N 0xee075680
0x84b8 T 0xeca4
0xee07567c T 0x6ecce1c
0x84b8 N 0x84bc
0x20724 T 0xa9abaf0
0xee07567c T 0x6ecce1c
0x84b8 T 0xeca4
0xee07567c T 0x6ecce1c
0xee07567c N 0xee075680
0x6e344 T 0x73f8
0x6e344 T 0x73f8
0x6e344 T 0x73f8
0x20724 T 0xa9abaf0
0xee07567c N 0xee075680
0x20724 N 0x20728
0x84b8 T 0xeca4
0x84b8 T 0xeca4
0x20724 T 0xa9abaf0
0xee07567c T 0x6ecce1c
0x84b8 N 0x84bc
0x84b8 N 0x84bc
0x84b8 T 0xeca4
0x20724 N 0x20728
0x20724 T 0xa9abaf0
0x6e344 T 0x73f8
0x6e344 T 0x73f8
0x6e344 T 0x73f8
0xee07567c T 0x6ecce1c
0x6e344 T 0x73f8
0x20724 T 0xa9abaf0
0xee07567c T 0x6ecce1c
0xee07567c T 0x6ecce1c
0xee07567c T 0x6ecce1c
0xee07567c T 0x6ecce1c
0x20724 T 0xa9abaf0
0xee07567c T 0x6ecce1c
0x6e344 T 0x73f8
0x20724 T 0xa9abaf0
0x20724 N 0x20728
0xee07567c T 0x6ecce1c
0x20724 T 0xa9abaf0
0x84b8 T 0xeca4
0x84b8 N 0x84bc
0x84b8 N 0x84bc
0x84b8 T 0xeca4
0x84b8 T 0xeca4
0x84b8 T 0xeca4
0xee07567c T 0x6ecce1c
0x20724 N 0x20728
0x84b8 T 0xeca4
0x6e344 T 0x73f8
0x84b8 N 0x84bc
0xee07567c N 0xee075680
0x20724 T 0xa9abaf0
0xee07567c T 0x6ecce1c
0xee07567c T 0x6ecce1c
0xee07567c N 0xee075680
0x84b8 T 0xeca4
0x6e344 N 0x6e348
0x6e344 N 0x6e348
0x84b8 T 0xeca4
0x20724 N 0x20728
0x20724 T 0xa9abaf0
0x6e344 T 0x73f8
0x6e344 N 0x6e348
0x84b8 T 0xeca4
0x6e344 T 0x73f8
0x84b8 T 0xeca4
0x20724 T 0xa9abaf0
0x20724 N 0x20728
0x20724 N 0x20728
0x6e344 T 0x73f8
0x20724 T 0xa9abaf0
0x6e344 T 0x73f8
0xee07567c N 0xee075680
0xee07567c T 0x6ecce1c
0x84b8 N 0x84bc
0x84b8 T 0xeca4
0x6e344 T 0x73f8
0xee07567c T 0x6ecce1c
0x84b8 N 0x84bc
0xee07567c T 0x6ecce1c
0x6e344 T 0x73f8
0x84b8 N 0x84bc
0xee07567c T 0x6ecce1c
0x84b8 N 0x84bc
0x84b8 N 0x84bc
0xee07567c T 0x6ecce1c
0x6e344 T 0x73f8
0x84b8 T 0xeca4
0xee07567c T 0x6ecce1c
0x84b8 N 0x84bc
0x20724 N 0x20728
0x6e344 N 0x6e348
0xee07567c T 0x6ecce1c
0x84b8 T 0xeca4
0x84b8 T 0xeca4
0x84b8 T 0xeca4
0x6e344 N 0x6e348
0xee07567c T 0x6ecce1c
0x6e344 T 0x73f8
0x6e344 T 0x73f8
0x20724 N 0x20728
0x6e344 T 0x73f8
0xee07567c N 0xee075680
0x6e344 T 0x73f8
0xee07567c T 0x6ecce1c
0x84b8 T 0xeca4
0x6e344 T 0x73f8
0x84b8 T 0xeca4
0xee07567c T 0x6ecce1c
0x6e344 T 0x73f8
0xee07567c T 0x6ecce1c
0x84b8 N 0x84bc
0x6e344 N 0x6e348
0x84b8 T 0xeca4
0x20724 T 0xa9abaf0
0x84b8 T 0xeca4
0xee07567c T 0x6ecce1c
0x6e344 N 0x6e348
0x20724 T 0xa9abaf0
0x20724 N 0x20728
0x20724 N 0x20728
0xee07567c T 0x6ecce1c
0x84b8 N 0x84bc
0x6e344 T 0x73f8
0x6e344 T 0x73f8
0x84b8 T 0xeca4
0x84b8 N 0x84bc
0x6e344 N 0x6e348
0xee07567c N 0xee075680
0x84b8 N 0x84bc
0x6e344 T 0x73f8
0xee07567c T 0x6ecce1c
0x6e344 T 0x73f8
0xee07567c T 0x6ecce1c
0x6e344 N 0x6e348
0x84b8 T 0xeca4
0x84b8 N 0x84bc
0x84b8 T 0xeca4
0x84b8 N 0x84bc
0x84b8 T 0xeca4
0x84b8 T 0xeca4
0x6e344 N 0x6e348
0x20724 N 0x20728
0xee07567c T 0x6ecce1c
0xee07567c T 0x6ecce1c
0x84b8 N 0x84bc
0x20724 N 0x20728
0x84b8 N 0x84bc
0x84b8 T 0xeca4
0x84b8 N 0x84bc
0x6e344 N 0x6e348
0x6e344 N 0x6e348
0x84b8 N 0x84bc
0xee07567c T 0x6ecce1c
0xee07567c N 0xee075680
0x84b8 T 0xeca4
0x84b8 N 0x84bc
0x84b8 N 0x84bc
0x84b8 N 0x84bc
0x20724 T 0xa9abaf0
0x84b8 T 0xeca4
0x6e344 T 0x73f8
0xee07567c N 0xee075680
0x20724 N 0x20728
0x6e344 T 0x73f8
0x6e344 T 0x73f8
0x20724 T 0xa9abaf0
0x6e344 T 0x73f8
0x84b8 N 0x84bc
0x20724 N 0x20728
0x84b8 T 0xeca4
0x84b8 T 0xeca4
0x84b8 N 0x84bc
0x20724 N 0x20728
0x84b8 T 0xeca4
0x84b8 T 0xeca4
0xee07567c T 0x6ecce1c
0x6e344 N 0x6e348
0x20724 N 0x20728
0xee07567c T 0x6ecce1c
0x20724 T 0xa9abaf0
0x20724 T 0xa9abaf0
0x6e344 T 0x73f8
0xee07567c T 0x6ecce1c
0xee07567c N 0xee075680
0x84b8 N 0x84bc
0xee07567c T 0x6ecce1c
0x84b8 T 0xeca4
0x20724 T 0xa9abaf0
0x6e344 T 0x73f8
0xee07567c T 0x6ecce1c
0xee07567c T 0x6ecce1c
0x20724 T 0xa9abaf0
0x84b8 N 0x84bc
0x84b8 N 0x84bc
0x84b8 N 0x84bc
0x20724 T 0xa9abaf0
0x20724 T 0xa9abaf0
0xee07567c T 0x6ecce1c
0x84b8 T 0xeca4
0x20724 N 0x20728
0xee07567c T 0x6ecce1c
0x20724 T 0xa9abaf0
0x20724 N 0x20728
0xee07567c N 0xee075680
0x20724 N 0x20728
0x6e344 T 0x73f8
0x20724 N 0x20728
0x6e344 N 0x6e348
0xee07567c T 0x6ecce1c
0xee07567c N 0xee075680
0x6e344 N 0x6e348
0x84b8 T 0xeca4
0x84b8 N 0x84bc
0x20724 N 0x20728
0xee07567c N 0xee075680
0x6e344 T 0x73f8
0x20724 T 0xa9abaf0
0x6e344 T 0x73f8
0x84b8 N 0x84bc
0x20724 T 0xa9abaf0
0xee07567c T 0x6ecce1c
0xee07567c T 0x6ecce1c
0x84b8 N 0x84bc
0x84b8 T 0xeca4
0x84b8 T 0xeca4
0xee07567c N 0xee075680
0x6e344 N 0x6e348
0x84b8 T 0xeca4
0x84b8 T 0xeca4
0x84b8 T 0xeca4
0x6e344 N 0x6e348
0x84b8 N 0x84bc
0xee07567c N 0xee075680
0x6e344 N 0x6e348
0x20724 N 0x20728
0x84b8 N 0x84bc
0x20724 T 0xa9abaf0
0xee07567c T 0x6ecce1c
0x84b8 T 0xeca4
0x20724 T 0xa9abaf0
0xee07567c N 0xee075680
0x84b8 T 0xeca4
0x84b8 N 0x84bc
0xee07567c N 0xee075680
0xee07567c T 0x6ecce1c
0x6e344 N 0x6e348
0x6e344 N 0x6e348
0x6e344 T 0x73f8
0x6e344 N 0x6e348
0xee07567c T 0x6ecce1c
0x84b8 T 0xeca4
0xee07567c T 0x6ecce1c
0x84b8 T 0xeca4
0x20724 T 0xa9abaf0
0x84b8 T 0xeca4
0x6e344 N 0x6e348
0xee07567c N 0xee075680
0x20724 T 0xa9abaf0
0xee07567c N 0xee075680
0xee07567c N 0xee075680
0xee07567c N 0xee075680
0xee07567c N 0xee075680
0x84b8 N 0x84bc
0x6e344 T 0x73f8
0x84b8 T 0xeca4
0x20724 N 0x20728
0x6e344 T 0x73f8
0x20724 N 0x20728
0x20724 N 0x20728
0x84b8 N 0x84bc
0x84b8 N 0x84bc
0x6e344 T 0x73f8
0x20724 T 0xa9abaf0
0x20724 N 0x20728
0x20724 T 0xa9abaf0
0x20724 N 0x20728
0xee07567c T 0x6ecce1c
0x20724 T 0xa9abaf0
0x6e344 N 0x6e348
0x20724 N 0x20728
0x84b8 N 0x84bc
0xee07567c N 0xee075680
0x20724 T 0xa9abaf0
0xee07567c N 0xee075680
0x20724 T 0xa9abaf0
0x20724 T 0xa9abaf0
0x6e344 T 0x73f8
0x6e344 T 0x73f8
0x84b8 N 0x84bc
0xee07567c N 0xee075680
0xee07567c T 0x6ecce1c
0x84b8 T 0xeca4
0x84b8 T 0xeca4
0x6e344 T 0x73f8
0x6e344 T 0x73f8
0x6e344 T 0x73f8
0x84b8 T 0xeca4
0xee07567c N 0xee075680
0x20724 T 0xa9abaf0
0xee07567c T 0x6ecce1c
0x6e344 N 0x6e348
0x84b8 T 0xeca4
0xee07567c T 0x6ecce1c
0x84b8 T 0xeca4
0x6e344 T 0x73f8
0x84b8 T 0xeca4
0xee07567c T 0x6ecce1c
0xee07567c T 0x6ecce1c
0xee07567c N 0xee075680
0x20724 N 0x20728
0x6e344 N 0x6e348
0x20724 T 0xa9abaf0
0x6e344 N 0x6e348
0xee07567c N 0xee075680
0x20724 N 0x20728
0x6e344 N 0x6e348
0x6e344 N 0x6e348
0x84b8 N 0x84bc
0x20724 N 0x20728
0x20724 N 0x20728
0x84b8 T 0xeca4
0x6e344 T 0x73f8
0x84b8 N 0x84bc
0x20724 N 0x20728
0x84b8 N 0x84bc
0x6e344 N 0x6e348
0x6e344 N 0x6e348
0x20724 N 0x20728
0x20724 N 0x20728
0x6e344 N 0x6e348
0x20724 T 0xa9abaf0
0x84b8 T 0xeca4
0x6e344 N 0x6e348
0x20724 N 0x20728
0x20724 T 0xa9abaf0
0xee07567c T 0x6ecce1c
0x20724 T 0xa9abaf0
0x20724 N 0x20728
0xee07567c T 0x6ecce1c
0x84b8 T 0xeca4
0x6e344 T 0x73f8
0x20724 N 0x20728
0x6e344 N 0x6e348
0x20724 N 0x20728
0x20724 N 0x20728
0x20724 T 0xa9abaf0
0x6e344 T 0x73f8
0x84b8 N 0x84bc
0x20724 N 0x20728
0x6e344 T 0x73f8
0x20724 N 0x20728
0x6e344 N 0x6e348
0x84b8 T 0xeca4
0xee07567c N 0xee075680
0xee07567c N 0xee075680
0x84b8 T 0xeca4
0x84b8 N 0x84bc
0xee07567c N 0xee075680
0x84b8 N 0x84bc
0x84b8 N 0x84bc
0x6e344 T 0x73f8
0x6e344 N 0x6e348
0xee07567c N 0xee075680
0x84b8 N 0x84bc
0x20724 N 0x20728
0x20724 T 0xa9abaf0
0x6e344 T 0x73f8
0x84b8 N 0x84bc
0x6e344 T 0x73f8
0x6e344 N 0x6e348
0x6e344 N 0x6e348
0xee07567c N 0xee075680
0x84b8 T 0xeca4
0xee07567c T 0x6ecce1c
0x20724 N 0x20728
0xee07567c T 0x6ecce1c
0x6e344 T 0x73f8
0x20724 N 0x20728
0x20724 N 0x20728
0x6e344 T 0x73f8
0x84b8 T 0xeca4
0x84b8 T 0xeca4
0x84b8 N 0x84bc
0xee07567c T 0x6ecce1c
0x6e344 T 0x73f8
0x20724 T 0xa9abaf0
0x6e344 T 0x73f8
0x6e344 T 0x73f8
0x6e344 T 0x73f8
0x84b8 T 0xeca4
0x20724 T 0xa9abaf0
0x84b8 T 0xeca4
0x6e344 N 0x6e348
0xee07567c T 0x6ecce1c
0x84b8 N 0x84bc
0x6e344 N 0x6e348
0x84b8 N 0x84bc
0x20724 N 0x20728
0x6e344 T 0x73f8
0x6e344 T 0x73f8
0xee07567c N 0xee075680
0x20724 T 0xa9abaf0
0x84b8 N 0x84bc
0xee07567c T 0x6ecce1c
0xee07567c N 0xee075680
0x20724 T 0xa9abaf0
0x6e344 T 0x73f8
0x6e344 T 0x73f8
0xee07567c T 0x6ecce1c
0x84b8 T 0xeca4
0x84b8 N 0x84bc
0x6e344 N 0x6e348
0x84b8 N 0x84bc
0x20724 N 0x20728
0x6e344 T 0x73f8
0x20724 N 0x20728
0x6e344 T 0x73f8
0x6e344 N 0x6e348
0x84b8 N 0x84bc
0x20724 T 0xa9abaf0
0x20724 T 0xa9abaf0
0x84b8 N 0x84bc
0x84b8 N 0x84bc
0x20724 N 0x20728
0x20724 N 0x20728
0x84b8 N 0x84bc
0x84b8 N 0x84bc
0x84b8 N 0x84bc
0x6e344 N 0x6e348
0x84b8 T 0xeca4
0x6e344 N 0x6e348
0xee07567c N 0xee075680
0x6e344 N 0x6e348
0x20724 T 0xa9abaf0
0x20724 N 0x20728
0x84b8 N 0x84bc
0x20724 N 0x20728
0x6e344 T 0x73f8
0x20724 N 0x20728
0x20724 N 0x20728
0x20724 T 0xa9abaf0
0x84b8 N 0x84bc
0x20724 N 0x20728
0x6e344 T 0x73f8
0x20724 T 0xa9abaf0
0x84b8 N 0x84bc
0x6e344 N 0x6e348
0x20724 T 0xa9abaf0
0x20724 T 0xa9abaf0
0x20724 T 0xa9abaf0
0x6e344 N 0x6e348
0x20724 N 0x20728
0x84b8 N 0x84bc
0x6e344 N 0x6e348
0xee07567c N 0xee075680
0x20724 T 0xa9abaf0
0x84b8 N 0x84bc
0x6e344 T 0x73f8
0xee07567c N 0xee075680
0x6e344 T 0x73f8
0x6e344 N 0x6e348
0x84b8 N 0x84bc
0x84b8 N 0x84bc
0x20724 T 0xa9abaf0
0x6e344 N 0x6e348
0xee07567c T 0x6ecce1c
0x84b8 N 0x84bc
0x84b8 N 0x84bc
0x84b8 N 0x84bc
0x84b8 T 0xeca4
0x6e344 N 0x6e348
0x84b8 T 0xeca4
0x20724 T 0xa9abaf0
0x20724 T 0xa9abaf0
0x6e344 N 0x6e348
0x6e344 T 0x73f8
0xee07567c T 0x6ecce1c
0x20724 T 0xa9abaf0
0x6e344 T 0x73f8
0xee07567c T 0x6ecce1c
0xee07567c N 0xee075680
0xee07567c T 0x6ecce1c
0x84b8 T 0xeca4
0x6e344 T 0x73f8
0x20724 T 0xa9abaf0
0x84b8 N 0x84bc
0x20724 T 0xa9abaf0
0x20724 N 0x20728
0x84b8 T 0xeca4
0x6e344 T 0x73f8
0x84b8 N 0x84bc
0x84b8 T 0xeca4
0x20724 T 0xa9abaf0
0x20724 T 0xa9abaf0
0x84b8 T 0xeca4
0xee07567c T 0x6ecce1c
0xee07567c N 0xee075680
0x6e344 N 0x6e348
0x6e344 T 0x73f8
0x20724 T 0xa9abaf0
0x6e344 T 0x73f8
0x20724 N 0x20728
0x6e344 N 0x6e348
0x6e344 T 0x73f8
0x6e344 N 0x6e348
0x84b8 N 0x84bc
0xee07567c T 0x6ecce1c
0xee07567c N 0xee075680
0xee07567c N 0xee075680
0x6e344 N 0x6e348
0xee07567c T 0x6ecce1c
0x6e344 T 0x73f8
0x84b8 N 0x84bc
0x84b8 T 0xeca4
0x6e344 T 0x73f8
0x20724 T 0xa9abaf0
0x6e344 N 0x6e348
0xee07567c T 0x6ecce1c
0x20724 N 0x20728
0x84b8 N 0x84bc
0x84b8 N 0x84bc
0x84b8 N 0x84bc
0xee07567c T 0x6ecce1c
0xee07567c T 0x6ecce1c
0x6e344 T 0x73f8
0x6e344 N 0x6e348
0xee07567c N 0xee075680
0x84b8 N 0x84bc
0x20724 T 0xa9abaf0
0xee07567c N 0xee075680
0x84b8 T 0xeca4
0xee07567c N 0xee075680
0x20724 T 0xa9abaf0
0x84b8 T 0xeca4
0xee07567c T 0x6ecce1c
0x84b8 T 0xeca4
0x6e344 N 0x6e348
0x6e344 N 0x6e348
0x6e344 T 0x73f8
0x84b8 T 0xeca4
0x6e344 T 0x73f8
0x6e344 T 0x73f8
0x20724 N 0x20728
0x6e344 N 0x6e348
0xee07567c T 0x6ecce1c
0x84b8 T 0xeca4
0x20724 N 0x20728
0x84b8 T 0xeca4
0xee07567c N 0xee075680
0x6e344 T 0x73f8
0x6e344 N 0x6e348
0x6e344 T 0x73f8
0x20724 N 0x20728
0x84b8 T 0xeca4
0xee07567c T 0x6ecce1c
0x20724 N 0x20728
0x84b8 T 0xeca4
0x20724 N 0x20728
0xee07567c N 0xee075680
0x20724 T 0xa9abaf0
0x84b8 T 0xeca4
0x20724 N 0x20728
0xee07567c T 0x6ecce1c
0x6e344 T 0x73f8
0x84b8 N 0x84bc
0x84b8 N 0x84bc
0x6e344 T 0x73f8
0x6e344 T 0x73f8
0x6e344 T 0x73f8
0x84b8 N 0x84bc
0x84b8 N 0x84bc
0x84b8 T 0xeca4
0x6e344 N 0x6e348
0xee07567c N 0xee075680
0x84b8 N 0x84bc
0x84b8 N 0x84bc
0xee07567c N 0xee075680
0x6e344 N 0x6e348
0x20724 T 0xa9abaf0
0x20724 T 0xa9abaf0
0x84b8 T 0xeca4
0x84b8 T 0xeca4
0x84b8 T 0xeca4
0xee07567c N 0xee075680
0x20724 T 0xa9abaf0
0x20724 T 0xa9abaf0
0x6e344 N 0x6e348
0x20724 T 0xa9abaf0
0x6e344 N 0x6e348
0x20724 T 0xa9abaf0
0x6e344 N 0x6e348
0xee07567c N 0xee075680
0x6e344 T 0x73f8
0x84b8 N 0x84bc
0x84b8 N 0x84bc
0x84b8 N 0x84bc
0xee07567c N 0xee075680
0xee07567c N 0xee075680
0x84b8 N 0x84bc
0xee07567c N 0xee075680
0xee07567c T 0x6ecce1c
0x6e344 T 0x73f8
0x6e344 T 0x73f8
0x20724 T 0xa9abaf0
0x20724 N 0x20728
0x84b8 N 0x84bc
0x6e344 T 0x73f8
0x84b8 N 0x84bc
0xee07567c T 0x6ecce1c
0x6e344 N 0x6e348
0x6e344 T 0x73f8
0x84b8 T 0xeca4
0xee07567c T 0x6ecce1c
0x84b8 T 0xeca4
0x84b8 T 0xeca4
0x84b8 T 0xeca4
0x84b8 T 0xeca4
0x84b8 N 0x84bc
0x6e344 T 0x73f8
0xee07567c T 0x6ecce1c
0x20724 N 0x20728
0xee07567c T 0x6ecce1c
0x6e344 N 0x6e348
0x84b8 T 0xeca4
0x20724 T 0xa9abaf0
0xee07567c N 0xee075680
0x84b8 T 0xeca4
0xee07567c T 0x6ecce1c
0xee07567c T 0x6ecce1c
0x84b8 N 0x84bc
0x20724 T 0xa9abaf0
0x6e344 T 0x73f8
0x84b8 T 0xeca4
0x6e344 T 0x73f8
0x84b8 N 0x84bc
0xee07567c N 0xee075680
0x20724 N 0x20728
0xee07567c N 0xee075680
0xee07567c N 0xee075680
0x6e344 T 0x73f8
0xee07567c T 0x6ecce1c
0x84b8 N 0x84bc
0x6e344 T 0x73f8
0x84b8 T 0xeca4
0x6e344 T 0x73f8
0x20724 T 0xa9abaf0
0x84b8 T 0xeca4
0xee07567c T 0x6ecce1c
0x6e344 N 0x6e348
0xee07567c T 0x6ecce1c
0xee07567c N 0xee075680
0x20724 N 0x20728
0xee07567c T 0x6ecce1c
0x84b8 T 0xeca4
0x20724 T 0xa9abaf0
0x6e344 T 0x73f8
0x84b8 N 0x84bc
0x84b8 N 0x84bc
0xee07567c T 0x6ecce1c
0x84b8 T 0xeca4
0x84b8 T 0xeca4
0x84b8 N 0x84bc
0x20724 T 0xa9abaf0
0x84b8 T 0xeca4
0x6e344 T 0x73f8
0x20724 T 0xa9abaf0
0x6e344 T 0x73f8
0x20724 T 0xa9abaf0
0x6e344 T 0x73f8
0x6e344 N 0x6e348
0x84b8 T 0xeca4
0xee07567c N 0xee075680
0x6e344 N 0x6e348
0xee07567c T 0x6ecce1c
0xee07567c T 0x6ecce1c
0x20724 N 0x20728
0x84b8 N 0x84bc
0xee07567c N 0xee075680
0xee07567c T 0x6ecce1c
0x84b8 T 0xeca4
0x20724 N 0x20728
0x20724 T 0xa9abaf0
0x6e344 T 0x73f8
flush_num: 470, br_num: 969, size: 1072b
