0xc998 N 0xc99c
0x7d41e104 N 0x7d41e108
0x7d41e104 N 0x7d41e108
0x5a0 N 0x5a4
0xc998 N 0xc99c
0x7d41e104 N 0x7d41e108
0x7d41e104 N 0x7d41e108
0x5a0 N 0x5a4
0x7d41e104 N 0x7d41e108
0x5a0 T 0x6e0
0xc998 N 0xc99c
0xc998 T 0x2d134
0xc998 T 0x2d134
0x7d41e104 N 0x7d41e108
0x7d41e104 N 0x7d41e108
0xc998 N 0xc99c
0x7d41e104 N 0x7d41e108
0x7d41e104 T 0x2c87649c
0x5a0 T 0x6e0
0x5a0 T 0x6e0
0xc998 N 0xc99c
0xc998 T 0x2d134
0x5a0 T 0x6e0
0x5a0 N 0x5a4
0x7d41e104 T 0x2c87649c
0xc998 T 0x2d134
0x7d41e104 T 0x2c87649c
0xc998 T 0x2d134
0x5a0 T 0x6e0
0xc998 T 0x2d134
0x5a0 T 0x6e0
0x7d41e104 T 0x2c87649c
0xc998 T 0x2d134
0x7d41e104 N 0x7d41e108
0x7d41e104 T 0x2c87649c
0x7d41e104 N 0x7d41e108
0x7d41e104 N 0x7d41e108
0x7d41e104 T 0x2c87649c
0x5a0 T 0x6e0
0x5a0 N 0x5a4
0x7d41e104 T 0x2c87649c
0x5a0 T 0x6e0
0x5a0 N 0x5a4
0x7d41e104 N 0x7d41e108
0x7d41e104 N 0x7d41e108
0x7d41e104 N 0x7d41e108
0x7d41e104 T 0x2c87649c
0xc998 N 0xc99c
0xc998 N 0xc99c
0xc998 T 0x2d134
0x5a0 T 0x6e0
0x7d41e104 T 0x2c87649c
0x7d41e104 T 0x2c87649c
0xc998 T 0x2d134
0x7d41e104 N 0x7d41e108
0x7d41e104 N 0x7d41e108
0xc998 T 0x2d134
0x5a0 T 0x6e0
0x7d41e104 T 0x2c87649c
0x7d41e104 T 0x2c87649c
0x5a0 N 0x5a4
0x5a0 T 0x6e0
0x7d41e104 T 0x2c87649c
0x7d41e104 N 0x7d41e108
0x7d41e104 N 0x7d41e108
0x7d41e104 T 0x2c87649c
0x7d41e104 N 0x7d41e108
0x7d41e104 N 0x7d41e108
0x5a0 T 0x6e0
0x7d41e104 T 0x2c87649c
0x7d41e104 N 0x7d41e108
0x5a0 T 0x6e0
0x7d41e104 N 0x7d41e108
0x7d41e104 T 0x2c87649c
0xc998 T 0x2d134
0x5a0 N 0x5a4
0x7d41e104 T 0x2c87649c
0xc998 T 0x2d134
0x7d41e104 N 0x7d41e108
0xc998 N 0xc99c
0x7d41e104 T 0x2c87649c
0xc998 T 0x2d134
0xc998 T 0x2d134
0xc998 T 0x2d134
0x7d41e104 T 0x2c87649c
0x7d41e104 N 0x7d41e108
0xc998 T 0x2d134
0x7d41e104 T 0x2c87649c
0xc998 N 0xc99c
0x7d41e104 T 0x2c87649c
0xc998 T 0x2d134
0xc998 N 0xc99c
0xc998 T 0x2d134
0x5a0 N 0x5a4
0x7d41e104 N 0x7d41e108
0x7d41e104 T 0x2c87649c
0x7d41e104 T 0x2c87649c
0x7d41e104 N 0x7d41e108
0x7d41e104 T 0x2c87649c
0x5a0 T 0x6e0
0xc998 T 0x2d134
0x5a0 T 0x6e0
0xc998 N 0xc99c
0xc998 N 0xc99c
0x7d41e104 N 0x7d41e108
0xc998 T 0x2d134
0xc998 N 0xc99c
0xc998 N 0xc99c
0x5a0 T 0x6e0
0x7d41e104 N 0x7d41e108
0xc998 N 0xc99c
0x7d41e104 T 0x2c87649c
0xc998 T 0x2d134
0x5a0 N 0x5a4
0x7d41e104 T 0x2c87649c
0xc998 N 0xc99c
0x7d41e104 T 0x2c87649c
0x7d41e104 T 0x2c87649c
0x7d41e104 N 0x7d41e108
0x7d41e104 N 0x7d41e108
0x7d41e104 N 0x7d41e108
0x5a0 T 0x6e0
0x7d41e104 T 0x2c87649c
0xc998 N 0xc99c
0x7d41e104 T 0x2c87649c
0x7d41e104 T 0x2c87649c
0x7d41e104 N 0x7d41e108
0x7d41e104 T 0x2c87649c
0x5a0 T 0x6e0
0xc998 N 0xc99c
0x5a0 T 0x6e0
0x7d41e104 T 0x2c87649c
0x5a0 T 0x6e0
0x7d41e104 T 0x2c87649c
0x5a0 T 0x6e0
0x5a0 T 0x6e0
0xc998 T 0x2d134
0xc998 T 0x2d134
0x5a0 T 0x6e0
0xc998 T 0x2d134
0x7d41e104 T 0x2c87649c
0x7d41e104 N 0x7d41e108
0x5a0 N 0x5a4
0x5a0 T 0x6e0
0x7d41e104 T 0x2c87649c
0x7d41e104 N 0x7d41e108
0x7d41e104 N 0x7d41e108
0xc998 N 0xc99c
0x5a0 N 0x5a4
0x5a0 N 0x5a4
0xc998 N 0xc99c
0x7d41e104 N 0x7d41e108
0xc998 N 0xc99c
0xc998 N 0xc99c
0xc998 N 0xc99c
0xc998 N 0xc99c
0x5a0 N 0x5a4
0x7d41e104 T 0x2c87649c
0xc998 N 0xc99c
0xc998 N 0xc99c
0x7d41e104 N 0x7d41e108
0xc998 N 0xc99c
0x5a0 N 0x5a4
0x7d41e104 N 0x7d41e108
0xc998 T 0x2d134
0x5a0 N 0x5a4
0x5a0 N 0x5a4
0x5a0 N 0x5a4
0xc998 N 0xc99c
0xc998 N 0xc99c
0x5a0 N 0x5a4
0x7d41e104 T 0x2c87649c
0x7d41e104 N 0x7d41e108
0x7d41e104 N 0x7d41e108
0x7d41e104 N 0x7d41e108
0xc998 N 0xc99c
0x7d41e104 N 0x7d41e108
0x7d41e104 N 0x7d41e108
0x5a0 N 0x5a4
0x7d41e104 T 0x2c87649c
0x7d41e104 N 0x7d41e108
0x5a0 T 0x6e0
0x5a0 T 0x6e0
0x5a0 N 0x5a4
0x7d41e104 T 0x2c87649c
0xc998 N 0xc99c
0x5a0 N 0x5a4
0x5a0 T 0x6e0
0x7d41e104 T 0x2c87649c
0x7d41e104 T 0x2c87649c
0xc998 N 0xc99c
0x5a0 N 0x5a4
0x5a0 N 0x5a4
0x5a0 N 0x5a4
0xc998 T 0x2d134
0x7d41e104 N 0x7d41e108
0x7d41e104 N 0x7d41e108
0x5a0 T 0x6e0
0x5a0 N 0x5a4
0x7d41e104 N 0x7d41e108
0x5a0 N 0x5a4
0x7d41e104 N 0x7d41e108
0x7d41e104 T 0x2c87649c
0xc998 N 0xc99c
0x5a0 N 0x5a4
0x5a0 N 0x5a4
0x7d41e104 N 0x7d41e108
0x5a0 T 0x6e0
0x7d41e104 T 0x2c87649c
0xc998 T 0x2d134
0xc998 T 0x2d134
0x5a0 T 0x6e0
0xc998 T 0x2d134
0x7d41e104 N 0x7d41e108
0x7d41e104 N 0x7d41e108
0x7d41e104 T 0x2c87649c
0xc998 T 0x2d134
0x5a0 N 0x5a4
0x7d41e104 N 0x7d41e108
0x5a0 T 0x6e0
0x5a0 T 0x6e0
0x7d41e104 T 0x2c87649c
0x7d41e104 N 0x7d41e108
0xc998 T 0x2d134
0x5a0 T 0x6e0
0x7d41e104 N 0x7d41e108
0x5a0 N 0x5a4
0xc998 N 0xc99c
0x5a0 N 0x5a4
0xc998 N 0xc99c
0xc998 N 0xc99c
0x5a0 N 0x5a4
0x7d41e104 N 0x7d41e108
0x5a0 N 0x5a4
0x7d41e104 N 0x7d41e108
0x7d41e104 N 0x7d41e108
0x5a0 N 0x5a4
0x7d41e104 N 0x7d41e108
0xc998 N 0xc99c
0xc998 N 0xc99c
0x7d41e104 N 0x7d41e108
0x7d41e104 T 0x2c87649c
0x5a0 T 0x6e0
0x7d41e104 T 0x2c87649c
0x5a0 N 0x5a4
0xc998 N 0xc99c
0x5a0 N 0x5a4
0x5a0 N 0x5a4
0x5a0 T 0x6e0
0xc998 N 0xc99c
0x5a0 N 0x5a4
0x7d41e104 N 0x7d41e108
0x7d41e104 N 0x7d41e108
0x7d41e104 N 0x7d41e108
0x7d41e104 N 0x7d41e108
0x5a0 N 0x5a4
0xc998 N 0xc99c
0x5a0 N 0x5a4
0xc998 N 0xc99c
0xc998 N 0xc99c
0x5a0 N 0x5a4
0x5a0 T 0x6e0
0x5a0 N 0x5a4
0xc998 T 0x2d134
0x5a0 N 0x5a4
0xc998 N 0xc99c
0x7d41e104 T 0x2c87649c
0x7d41e104 N 0x7d41e108
0x7d41e104 T 0x2c87649c
0x5a0 N 0x5a4
0xc998 T 0x2d134
0x7d41e104 N 0x7d41e108
0xc998 N 0xc99c
0xc998 T 0x2d134
0x5a0 T 0x6e0
0x5a0 N 0x5a4
0x7d41e104 N 0x7d41e108
0xc998 N 0xc99c
0x5a0 N 0x5a4
0x5a0 T 0x6e0
0x7d41e104 N 0x7d41e108
0x7d41e104 N 0x7d41e108
0x7d41e104 N 0x7d41e108
0x5a0 N 0x5a4
0xc998 N 0xc99c
0x7d41e104 N 0x7d41e108
0xc998 N 0xc99c
0x7d41e104 N 0x7d41e108
0x7d41e104 N 0x7d41e108
0x7d41e104 T 0x2c87649c
0x5a0 T 0x6e0
0x5a0 N 0x5a4
0x5a0 T 0x6e0
0x5a0 T 0x6e0
0xc998 T 0x2d134
0x5a0 T 0x6e0
0x5a0 T 0x6e0
0x7d41e104 T 0x2c87649c
0x5a0 T 0x6e0
0x7d41e104 T 0x2c87649c
0x7d41e104 T 0x2c87649c
0xc998 T 0x2d134
0x7d41e104 T 0x2c87649c
0xc998 T 0x2d134
0xc998 N 0xc99c
0x7d41e104 N 0x7d41e108
0x5a0 T 0x6e0
0x7d41e104 T 0x2c87649c
0x7d41e104 N 0x7d41e108
0x7d41e104 T 0x2c87649c
0xc998 T 0x2d134
0x7d41e104 N 0x7d41e108
0x5a0 N 0x5a4
0xc998 N 0xc99c
0x5a0 N 0x5a4
0x7d41e104 N 0x7d41e108
0xc998 T 0x2d134
0xc998 N 0xc99c
0xc998 N 0xc99c
0x5a0 T 0x6e0
0x7d41e104 N 0x7d41e108
0xc998 N 0xc99c
0x5a0 T 0x6e0
0x7d41e104 T 0x2c87649c
0x7d41e104 N 0x7d41e108
0xc998 T 0x2d134
0xc998 T 0x2d134
0x7d41e104 T 0x2c87649c
0x7d41e104 T 0x2c87649c
0x5a0 T 0x6e0
0x5a0 T 0x6e0
0xc998 T 0x2d134
0x5a0 T 0x6e0
0x7d41e104 N 0x7d41e108
0xc998 N 0xc99c
0x5a0 N 0x5a4
0xc998 T 0x2d134
0x7d41e104 N 0x7d41e108
0xc998 N 0xc99c
0x5a0 N 0x5a4
0xc998 N 0xc99c
0x7d41e104 N 0x7d41e108
0xc998 N 0xc99c
0x5a0 N 0x5a4
0x5a0 N 0x5a4
0x5a0 N 0x5a4
0x5a0 N 0x5a4
0x5a0 N 0x5a4
0x5a0 N 0x5a4
0x7d41e104 N 0x7d41e108
0xc998 T 0x2d134
0xc998 N 0xc99c
0xc998 N 0xc99c
0xc998 N 0xc99c
0x7d41e104 N 0x7d41e108
0xc998 N 0xc99c
0x7d41e104 N 0x7d41e108
0x7d41e104 N 0x7d41e108
0x5a0 T 0x6e0
0x5a0 T 0x6e0
0xc998 T 0x2d134
0x7d41e104 T 0x2c87649c
0x5a0 T 0x6e0
0x5a0 T 0x6e0
0x7d41e104 N 0x7d41e108
0x5a0 N 0x5a4
0x7d41e104 T 0x2c87649c
0x7d41e104 N 0x7d41e108
0x5a0 T 0x6e0
0x5a0 T 0x6e0
0x5a0 N 0x5a4
0x7d41e104 N 0x7d41e108
0x5a0 N 0x5a4
0x7d41e104 T 0x2c87649c
0xc998 N 0xc99c
0xc998 N 0xc99c
0x7d41e104 N 0x7d41e108
0x5a0 T 0x6e0
0xc998 N 0xc99c
0x7d41e104 N 0x7d41e108
0x5a0 N 0x5a4
0x5a0 N 0x5a4
0xc998 N 0xc99c
0x7d41e104 N 0x7d41e108
0x7d41e104 N 0x7d41e108
0x5a0 N 0x5a4
0xc998 N 0xc99c
0x5a0 N 0x5a4
0x5a0 N 0x5a4
0xc998 N 0xc99c
0x7d41e104 N 0x7d41e108
0xc998 N 0xc99c
0x5a0 T 0x6e0
0x5a0 N 0x5a4
0xc998 T 0x2d134
0x5a0 T 0x6e0
0x7d41e104 N 0x7d41e108
0x7d41e104 N 0x7d41e108
0xc998 T 0x2d134
0x7d41e104 T 0x2c87649c
0x7d41e104 N 0x7d41e108
0x5a0 N 0x5a4
0x7d41e104 T 0x2c87649c
0x7d41e104 T 0x2c87649c
0x5a0 N 0x5a4
0xc998 N 0xc99c
0x5a0 T 0x6e0
0x5a0 T 0x6e0
0x7d41e104 N 0x7d41e108
0x7d41e104 N 0x7d41e108
0x7d41e104 N 0x7d41e108
0xc998 N 0xc99c
0xc998 T 0x2d134
0x7d41e104 T 0x2c87649c
0x7d41e104 N 0x7d41e108
0x7d41e104 N 0x7d41e108
0xc998 N 0xc99c
0x7d41e104 T 0x2c87649c
0x7d41e104 N 0x7d41e108
0x7d41e104 N 0x7d41e108
0x7d41e104 N 0x7d41e108
0xc998 N 0xc99c
0x5a0 N 0x5a4
0xc998 T 0x2d134
0xc998 N 0xc99c
0xc998 N 0xc99c
0x5a0 N 0x5a4
0x7d41e104 N 0x7d41e108
0x7d41e104 N 0x7d41e108
0x7d41e104 N 0x7d41e108
0x5a0 N 0x5a4
0x5a0 T 0x6e0
0x5a0 T 0x6e0
0x7d41e104 N 0x7d41e108
0x7d41e104 T 0x2c87649c
0xc998 T 0x2d134
0x5a0 N 0x5a4
0x7d41e104 T 0x2c87649c
0xc998 N 0xc99c
0x7d41e104 N 0x7d41e108
0xc998 T 0x2d134
0x5a0 T 0x6e0
0x5a0 T 0x6e0
0x5a0 T 0x6e0
0x7d41e104 T 0x2c87649c
0xc998 T 0x2d134
0x5a0 N 0x5a4
0x7d41e104 T 0x2c87649c
0xc998 N 0xc99c
0x7d41e104 T 0x2c87649c
0x7d41e104 T 0x2c87649c
0x5a0 N 0x5a4
0xc998 N 0xc99c
0x5a0 T 0x6e0
0xc998 N 0xc99c
0xc998 N 0xc99c
0x5a0 N 0x5a4
0xc998 T 0x2d134
0xc998 N 0xc99c
0x7d41e104 N 0x7d41e108
0xc998 T 0x2d134
0x5a0 T 0x6e0
0xc998 N 0xc99c
0x5a0 N 0x5a4
0x5a0 N 0x5a4
0x7d41e104 N 0x7d41e108
0x7d41e104 N 0x7d41e108
0x5a0 N 0x5a4
0xc998 N 0xc99c
0x5a0 N 0x5a4
0xc998 N 0xc99c
0x7d41e104 N 0x7d41e108
0xc998 N 0xc99c
0xc998 N 0xc99c
0xc998 N 0xc99c
0x5a0 N 0x5a4
0x7d41e104 N 0x7d41e108
0xc998 N 0xc99c
0xc998 N 0xc99c
0x7d41e104 N 0x7d41e108
0xc998 N 0xc99c
0x5a0 N 0x5a4
0x7d41e104 T 0x2c87649c
0x5a0 T 0x6e0
0x7d41e104 T 0x2c87649c
0x5a0 T 0x6e0
0x7d41e104 N 0x7d41e108
0x5a0 N 0x5a4
0x7d41e104 N 0x7d41e108
0x7d41e104 N 0x7d41e108
0x5a0 T 0x6e0
0x5a0 T 0x6e0
0xc998 N 0xc99c
0x5a0 T 0x6e0
0xc998 T 0x2d134
0xc998 N 0xc99c
0x7d41e104 T 0x2c87649c
0x5a0 T 0x6e0
0xc998 T 0x2d134
0x5a0 T 0x6e0
0x7d41e104 T 0x2c87649c
0x7d41e104 T 0x2c87649c
0xc998 N 0xc99c
0x7d41e104 N 0x7d41e108
0xc998 N 0xc99c
0x7d41e104 T 0x2c87649c
0x7d41e104 T 0x2c87649c
0xc998 N 0xc99c
0x5a0 N 0x5a4
0xc998 T 0x2d134
0xc998 N 0xc99c
0x5a0 N 0x5a4
0xc998 T 0x2d134
0x5a0 N 0x5a4
0x7d41e104 N 0x7d41e108
0x7d41e104 N 0x7d41e108
0xc998 T 0x2d134
0xc998 N 0xc99c
0x7d41e104 T 0x2c87649c
0x7d41e104 N 0x7d41e108
0xc998 N 0xc99c
0xc998 T 0x2d134
0x7d41e104 T 0x2c87649c
0x5a0 T 0x6e0
0x7d41e104 N 0x7d41e108
0x7d41e104 N 0x7d41e108
0xc998 N 0xc99c
0x7d41e104 N 0x7d41e108
0xc998 N 0xc99c
0xc998 N 0xc99c
0x7d41e104 N 0x7d41e108
0x7d41e104 T 0x2c87649c
0x5a0 N 0x5a4
0xc998 N 0xc99c
0x7d41e104 T 0x2c87649c
0x5a0 T 0x6e0
0xc998 T 0x2d134
0x5a0 T 0x6e0
0x5a0 N 0x5a4
0x7d41e104 T 0x2c87649c
0x5a0 T 0x6e0
0x7d41e104 T 0x2c87649c
0x5a0 T 0x6e0
0x5a0 N 0x5a4
0xc998 T 0x2d134
0x7d41e104 T 0x2c87649c
0xc998 N 0xc99c
0x7d41e104 T 0x2c87649c
0x7d41e104 T 0x2c87649c
0xc998 T 0x2d134
0x7d41e104 T 0x2c87649c
0x5a0 T 0x6e0
0x7d41e104 T 0x2c87649c
0x7d41e104 T 0x2c87649c
0x5a0 T 0x6e0
0x7d41e104 T 0x2c87649c
0x5a0 N 0x5a4
0x7d41e104 T 0x2c87649c
0xc998 T 0x2d134
0x5a0 N 0x5a4
0x7d41e104 T 0x2c87649c
0x5a0 T 0x6e0
0xc998 T 0x2d134
0x5a0 T 0x6e0
0x7d41e104 T 0x2c87649c
0x7d41e104 T 0x2c87649c
0x5a0 N 0x5a4
0xc998 T 0x2d134
0x7d41e104 T 0x2c87649c
0x7d41e104 N 0x7d41e108
0x5a0 N 0x5a4
0x7d41e104 T 0x2c87649c
0x5a0 N 0x5a4
0x5a0 T 0x6e0
0x7d41e104 N 0x7d41e108
0x5a0 T 0x6e0
0xc998 T 0x2d134
0xc998 N 0xc99c
0xc998 N 0xc99c
0x7d41e104 N 0x7d41e108
0xc998 T 0x2d134
0x7d41e104 N 0x7d41e108
0x7d41e104 N 0x7d41e108
0x7d41e104 T 0x2c87649c
0x7d41e104 T 0x2c87649c
0xc998 N 0xc99c
0x5a0 T 0x6e0
0xc998 N 0xc99c
0x7d41e104 T 0x2c87649c
0xc998 N 0xc99c
0xc998 N 0xc99c
0x5a0 T 0x6e0
0x5a0 T 0x6e0
0xc998 T 0x2d134
0x7d41e104 T 0x2c87649c
0x5a0 T 0x6e0
0x7d41e104 T 0x2c87649c
0x7d41e104 N 0x7d41e108
0x7d41e104 N 0x7d41e108
0xc998 N 0xc99c
0xc998 N 0xc99c
0x5a0 N 0x5a4
0xc998 N 0xc99c
0xc998 T 0x2d134
0x7d41e104 N 0x7d41e108
0x5a0 N 0x5a4
0x7d41e104 T 0x2c87649c
0x7d41e104 N 0x7d41e108
0x7d41e104 T 0x2c87649c
0x5a0 T 0x6e0
0x7d41e104 N 0x7d41e108
0xc998 N 0xc99c
0xc998 N 0xc99c
0x7d41e104 N 0x7d41e108
0xc998 N 0xc99c
0x5a0 T 0x6e0
0xc998 N 0xc99c
0x7d41e104 N 0x7d41e108
0xc998 N 0xc99c
0x7d41e104 T 0x2c87649c
0x5a0 T 0x6e0
0x7d41e104 N 0x7d41e108
0xc998 T 0x2d134
0x7d41e104 T 0x2c87649c
0xc998 N 0xc99c
0xc998 T 0x2d134
0x7d41e104 N 0x7d41e108
0xc998 T 0x2d134
0x7d41e104 T 0x2c87649c
0x5a0 N 0x5a4
0x7d41e104 N 0x7d41e108
0xc998 T 0x2d134
0x5a0 T 0x6e0
0x7d41e104 T 0x2c87649c
0x5a0 T 0x6e0
0xc998 T 0x2d134
0xc998 N 0xc99c
0xc998 T 0x2d134
0x5a0 T 0x6e0
0x7d41e104 N 0x7d41e108
0x7d41e104 T 0x2c87649c
0xc998 N 0xc99c
0x7d41e104 T 0x2c87649c
0xc998 T 0x2d134
0xc998 N 0xc99c
0x5a0 N 0x5a4
0x7d41e104 T 0x2c87649c
0x5a0 N 0x5a4
0xc998 N 0xc99c
0xc998 T 0x2d134
0x7d41e104 N 0x7d41e108
0xc998 N 0xc99c
0x7d41e104 T 0x2c87649c
0x7d41e104 T 0x2c87649c
0xc998 T 0x2d134
0xc998 N 0xc99c
0xc998 T 0x2d134
0x7d41e104 T 0x2c87649c
0x5a0 N 0x5a4
0x7d41e104 N 0x7d41e108
0x7d41e104 N 0x7d41e108
0xc998 N 0xc99c
0x7d41e104 N 0x7d41e108
0x5a0 N 0x5a4
0x5a0 N 0x5a4
0x7d41e104 N 0x7d41e108
0xc998 N 0xc99c
0x5a0 N 0x5a4
0xc998 N 0xc99c
0x5a0 N 0x5a4
0x5a0 N 0x5a4
0x5a0 N 0x5a4
0xc998 N 0xc99c
0x7d41e104 N 0x7d41e108
0x5a0 T 0x6e0
0x7d41e104 N 0x7d41e108
0x7d41e104 N 0x7d41e108
0x7d41e104 N 0x7d41e108
0xc998 T 0x2d134
0xc998 N 0xc99c
0x7d41e104 T 0x2c87649c
0xc998 N 0xc99c
0x5a0 T 0x6e0
0xc998 N 0xc99c
0x7d41e104 T 0x2c87649c
0x5a0 N 0x5a4
0xc998 T 0x2d134
0x5a0 T 0x6e0
0xc998 N 0xc99c
0xc998 N 0xc99c
0xc998 N 0xc99c
0x7d41e104 T 0x2c87649c
0xc998 T 0x2d134
0xc998 T 0x2d134
0x5a0 T 0x6e0
0xc998 T 0x2d134
0x7d41e104 T 0x2c87649c
0x5a0 T 0x6e0
0xc998 T 0x2d134
0xc998 T 0x2d134
0xc998 T 0x2d134
0xc998 T 0x2d134
0x7d41e104 T 0x2c87649c
0xc998 N 0xc99c
0x5a0 T 0x6e0
0x5a0 T 0x6e0
0x5a0 T 0x6e0
0x7d41e104 N 0x7d41e108
0x5a0 N 0x5a4
0x5a0 T 0x6e0
0x7d41e104 N 0x7d41e108
0xc998 N 0xc99c
0x5a0 T 0x6e0
0x7d41e104 N 0x7d41e108
0x5a0 N 0x5a4
0xc998 N 0xc99c
0x7d41e104 N 0x7d41e108
0xc998 T 0x2d134
0x7d41e104 T 0x2c87649c
0x7d41e104 T 0x2c87649c
0xc998 N 0xc99c
0x5a0 N 0x5a4
0xc998 N 0xc99c
0x7d41e104 N 0x7d41e108
0x7d41e104 N 0x7d41e108
0xc998 N 0xc99c
0x7d41e104 N 0x7d41e108
0xc998 T 0x2d134
0x7d41e104 N 0x7d41e108
0xc998 N 0xc99c
0x5a0 N 0x5a4
0xc998 N 0xc99c
0x7d41e104 N 0x7d41e108
0x5a0 N 0x5a4
0x5a0 N 0x5a4
0x7d41e104 N 0x7d41e108
0x5a0 N 0x5a4
0x5a0 N 0x5a4
0x5a0 N 0x5a4
0xc998 N 0xc99c
0xc998 N 0xc99c
0x7d41e104 N 0x7d41e108
0xc998 N 0xc99c
0x5a0 N 0x5a4
0xc998 N 0xc99c
0xc998 N 0xc99c
0x5a0 N 0x5a4
0xc998 T 0x2d134
0xc998 N 0xc99c
0x5a0 N 0x5a4
0xc998 N 0xc99c
0x5a0 N 0x5a4
0x5a0 N 0x5a4
0x7d41e104 N 0x7d41e108
0x7d41e104 N 0x7d41e108
0x5a0 N 0x5a4
0x7d41e104 N 0x7d41e108
0xc998 N 0xc99c
0x5a0 T 0x6e0
0x7d41e104 N 0x7d41e108
0x7d41e104 N 0x7d41e108
0xc998 T 0x2d134
0x7d41e104 T 0x2c87649c
0x7d41e104 N 0x7d41e108
0x5a0 N 0x5a4
0x7d41e104 T 0x2c87649c
0x7d41e104 T 0x2c87649c
0xc998 N 0xc99c
0xc998 T 0x2d134
0xc998 N 0xc99c
0xc998 N 0xc99c
0x5a0 T 0x6e0
0x5a0 T 0x6e0
0xc998 N 0xc99c
0x7d41e104 N 0x7d41e108
0xc998 N 0xc99c
0x7d41e104 T 0x2c87649c
0xc998 N 0xc99c
0xc998 T 0x2d134
0x5a0 N 0x5a4
0x7d41e104 N 0x7d41e108
0x5a0 T 0x6e0
0xc998 T 0x2d134
0x5a0 N 0x5a4
0x5a0 N 0x5a4
0xc998 N 0xc99c
0xc998 T 0x2d134
0x5a0 N 0x5a4
0xc998 N 0xc99c
0xc998 N 0xc99c
0xc998 N 0xc99c
0x7d41e104 N 0x7d41e108
0x7d41e104 N 0x7d41e108
0x7d41e104 N 0x7d41e108
0x5a0 N 0x5a4
0x5a0 N 0x5a4
0xc998 N 0xc99c
0x7d41e104 T 0x2c87649c
0x5a0 N 0x5a4
0x5a0 N 0x5a4
0x7d41e104 N 0x7d41e108
0x7d41e104 T 0x2c87649c
0x7d41e104 T 0x2c87649c
0xc998 T 0x2d134
0x7d41e104 T 0x2c87649c
0x5a0 T 0x6e0
0xc998 N 0xc99c
0x5a0 T 0x6e0
0x7d41e104 T 0x2c87649c
0xc998 T 0x2d134
0xc998 T 0x2d134
0xc998 T 0x2d134
0x5a0 T 0x6e0
0x5a0 N 0x5a4
0xc998 T 0x2d134
0x5a0 T 0x6e0
0x7d41e104 T 0x2c87649c
0x5a0 T 0x6e0
0xc998 T 0x2d134
0x5a0 T 0x6e0
0xc998 T 0x2d134
0x5a0 T 0x6e0
0x7d41e104 T 0x2c87649c
0xc998 T 0x2d134
0xc998 T 0x2d134
0x7d41e104 T 0x2c87649c
0x5a0 T 0x6e0
0xc998 N 0xc99c
0xc998 T 0x2d134
0x7d41e104 T 0x2c87649c
0x5a0 T 0x6e0
0x7d41e104 T 0x2c87649c
0x7d41e104 T 0x2c87649c
0x5a0 N 0x5a4
0x5a0 T 0x6e0
0xc998 T 0x2d134
0xc998 T 0x2d134
0x7d41e104 N 0x7d41e108
0x7d41e104 T 0x2c87649c
0x7d41e104 N 0x7d41e108
0x5a0 T 0x6e0
0x5a0 N 0x5a4
0xc998 T 0x2d134
0x5a0 N 0x5a4
0x5a0 T 0x6e0
0x7d41e104 N 0x7d41e108
0x5a0 T 0x6e0
0xc998 T 0x2d134
0x7d41e104 N 0x7d41e108
0xc998 N 0xc99c
0xc998 T 0x2d134
0x7d41e104 N 0x7d41e108
0x7d41e104 N 0x7d41e108
0x7d41e104 N 0x7d41e108
0x7d41e104 N 0x7d41e108
0x7d41e104 N 0x7d41e108
0x5a0 N 0x5a4
0x5a0 N 0x5a4
0x5a0 N 0x5a4
0x7d41e104 T 0x2c87649c
0xc998 T 0x2d134
0x5a0 T 0x6e0
0x5a0 N 0x5a4
0x5a0 T 0x6e0
0x7d41e104 T 0x2c87649c
0xc998 N 0xc99c
0xc998 N 0xc99c
0xc998 T 0x2d134
0x5a0 T 0x6e0
0xc998 N 0xc99c
0x5a0 T 0x6e0
0xc998 T 0x2d134
0xc998 N 0xc99c
0x5a0 N 0x5a4
0x5a0 N 0x5a4
0x5a0 N 0x5a4
0x7d41e104 N 0x7d41e108
0xc998 N 0xc99c
0x7d41e104 N 0x7d41e108
0xc998 T 0x2d134
0x5a0 N 0x5a4
0x7d41e104 N 0x7d41e108
0x5a0 N 0x5a4
0x7d41e104 T 0x2c87649c
0xc998 N 0xc99c
0x5a0 N 0x5a4
0x5a0 T 0x6e0
0x7d41e104 T 0x2c87649c
0x5a0 T 0x6e0
0xc998 T 0x2d134
0x7d41e104 T 0x2c87649c
0x5a0 T 0x6e0
0x7d41e104 N 0x7d41e108
0xc998 T 0x2d134
0x7d41e104 N 0x7d41e108
0x7d41e104 T 0x2c87649c
0x7d41e104 N 0x7d41e108
0x7d41e104 N 0x7d41e108
0xc998 T 0x2d134
0x5a0 T 0x6e0
0x5a0 N 0x5a4
0x7d41e104 N 0x7d41e108
0xc998 N 0xc99c
0xc998 T 0x2d134
0x7d41e104 T 0x2c87649c
0x7d41e104 T 0x2c87649c
0x5a0 N 0x5a4
0x7d41e104 N 0x7d41e108
0x5a0 T 0x6e0
0x7d41e104 N 0x7d41e108
0x7d41e104 N 0x7d41e108
0x5a0 N 0x5a4
0x5a0 N 0x5a4
0x7d41e104 N 0x7d41e108
0x5a0 N 0x5a4
0x5a0 N 0x5a4
0xc998 N 0xc99c
0xc998 N 0xc99c
0x7d41e104 T 0x2c87649c
0x7d41e104 N 0x7d41e108
0xc998 N 0xc99c
0x7d41e104 N 0x7d41e108
0x7d41e104 N 0x7d41e108
0x7d41e104 T 0x2c87649c
0xc998 N 0xc99c
0x7d41e104 N 0x7d41e108
0x7d41e104 T 0x2c87649c
0xc998 N 0xc99c
0x7d41e104 N 0x7d41e108
0x5a0 T 0x6e0
0xc998 T 0x2d134
0x5a0 N 0x5a4
0x5a0 N 0x5a4
0x5a0 N 0x5a4
0x5a0 N 0x5a4
0x5a0 N 0x5a4
0x7d41e104 N 0x7d41e108
0x7d41e104 T 0x2c87649c
0x5a0 N 0x5a4
0x5a0 T 0x6e0
0x7d41e104 N 0x7d41e108
0xc998 T 0x2d134
0x5a0 T 0x6e0
0x7d41e104 N 0x7d41e108
0x5a0 N 0x5a4
0x7d41e104 T 0x2c87649c
0xc998 N 0xc99c
0xc998 N 0xc99c
0x5a0 T 0x6e0
0x5a0 T 0x6e0
0x5a0 T 0x6e0
0x5a0 N 0x5a4
0xc998 N 0xc99c
0x5a0 T 0x6e0
0x7d41e104 T 0x2c87649c
0x5a0 N 0x5a4
0x7d41e104 T 0x2c87649c
0x7d41e104 N 0x7d41e108
0x7d41e104 N 0x7d41e108
0xc998 T 0x2d134
0x5a0 T 0x6e0
0x5a0 N 0x5a4
0xc998 N 0xc99c
0x7d41e104 T 0x2c87649c
0x7d41e104 T 0x2c87649c
0x5a0 N 0x5a4
0x7d41e104 N 0x7d41e108
0xc998 T 0x2d134
0xc998 T 0x2d134
0xc998 T 0x2d134
0xc998 T 0x2d134
0xc998 N 0xc99c
0xc998 N 0xc99c
0x5a0 T 0x6e0
0x7d41e104 T 0x2c87649c
0xc998 N 0xc99c
0x7d41e104 N 0x7d41e108
0xc998 N 0xc99c
0xc998 N 0xc99c
0x7d41e104 T 0x2c87649c
0x5a0 T 0x6e0
0x5a0 T 0x6e0
0x5a0 N 0x5a4
0x5a0 T 0x6e0
0x7d41e104 T 0x2c87649c
0xc998 N 0xc99c
0x7d41e104 N 0x7d41e108
0x5a0 N 0x5a4
0x5a0 T 0x6e0
0x5a0 N 0x5a4
0xc998 N 0xc99c
0x7d41e104 N 0x7d41e108
0x5a0 N 0x5a4
0xc998 N 0xc99c
0x7d41e104 N 0x7d41e108
0x5a0 N 0x5a4
0xc998 T 0x2d134
0x5a0 N 0x5a4
0x5a0 N 0x5a4
0x7d41e104 N 0x7d41e108
0xc998 N 0xc99c
0x5a0 N 0x5a4
0xc998 N 0xc99c
0x5a0 N 0x5a4
0xc998 N 0xc99c
0x5a0 N 0x5a4
0x5a0 N 0x5a4
0x7d41e104 T 0x2c87649c
0xc998 N 0xc99c
0xc998 N 0xc99c
0xc998 N 0xc99c
0x5a0 T 0x6e0
0xc998 N 0xc99c
0x5a0 N 0x5a4
0x7d41e104 N 0x7d41e108
0x5a0 N 0x5a4
0xc998 N 0xc99c
0x7d41e104 N 0x7d41e108
0x5a0 N 0x5a4
0x7d41e104 N 0x7d41e108
0x5a0 N 0x5a4
0x5a0 T 0x6e0
0x7d41e104 N 0x7d41e108
0x5a0 N 0x5a4
0xc998 N 0xc99c
0xc998 T 0x2d134
0xc998 T 0x2d134
0x5a0 N 0x5a4
0xc998 N 0xc99c
0xc998 T 0x2d134
0x7d41e104 T 0x2c87649c
0xc998 N 0xc99c
0x5a0 T 0x6e0
0x5a0 N 0x5a4
0x7d41e104 T 0x2c87649c
0x5a0 N 0x5a4
0x5a0 T 0x6e0
0xc998 N 0xc99c
0x7d41e104 N 0x7d41e108
0xc998 T 0x2d134
0xc998 N 0xc99c
0xc998 N 0xc99c
0xc998 T 0x2d134
0x7d41e104 T 0x2c87649c
0xc998 N 0xc99c
0x7d41e104 T 0x2c87649c
0x5a0 N 0x5a4
0x5a0 N 0x5a4
0xc998 T 0x2d134
0xc998 T 0x2d134
0x5a0 N 0x5a4
0x7d41e104 N 0x7d41e108
0xc998 N 0xc99c
0x5a0 N 0x5a4
0x7d41e104 T 0x2c87649c
0xc998 T 0x2d134
0x7d41e104 T 0x2c87649c
0x5a0 T 0x6e0
0x5a0 N 0x5a4
0x7d41e104 T 0x2c87649c
0x7d41e104 T 0x2c87649c
0xc998 T 0x2d134
0xc998 T 0x2d134
0xc998 T 0x2d134
0x7d41e104 T 0x2c87649c
0x7d41e104 T 0x2c87649c
0x7d41e104 N 0x7d41e108
0x7d41e104 N 0x7d41e108
0xc998 T 0x2d134
0x5a0 T 0x6e0
0xc998 T 0x2d134
0x5a0 T 0x6e0
0xc998 T 0x2d134
0x7d41e104 T 0x2c87649c
0x5a0 T 0x6e0
0x5a0 T 0x6e0
0x5a0 N 0x5a4
0x5a0 N 0x5a4
0x5a0 T 0x6e0
0xc998 N 0xc99c
0x5a0 N 0x5a4
0x7d41e104 T 0x2c87649c
0x5a0 N 0x5a4
0x5a0 N 0x5a4
0xc998 T 0x2d134
0x7d41e104 N 0x7d41e108
0x5a0 N 0x5a4
0xc998 T 0x2d134
0xc998 T 0x2d134
0x7d41e104 T 0x2c87649c
0x5a0 T 0x6e0
0x5a0 T 0x6e0
0x7d41e104 N 0x7d41e108
0x5a0 T 0x6e0
0xc998 T 0x2d134
0x7d41e104 N 0x7d41e108
0xc998 T 0x2d134
0xc998 T 0x2d134
0x5a0 T 0x6e0
0x7d41e104 T 0x2c87649c
0xc998 T 0x2d134
0x7d41e104 T 0x2c87649c
0xc998 T 0x2d134
0x7d41e104 T 0x2c87649c
0xc998 N 0xc99c
0xc998 T 0x2d134
0xc998 T 0x2d134
0x5a0 T 0x6e0
0x5a0 N 0x5a4
0x7d41e104 T 0x2c87649c
0x7d41e104 N 0x7d41e108
0x5a0 N 0x5a4
0xc998 T 0x2d134
0x5a0 N 0x5a4
0x7d41e104 T 0x2c87649c
0x5a0 T 0x6e0
0x7d41e104 N 0x7d41e108
0xc998 N 0xc99c
0x7d41e104 N 0x7d41e108
0x7d41e104 N 0x7d41e108
0x5a0 N 0x5a4
0xc998 N 0xc99c
0x7d41e104 N 0x7d41e108
0xc998 N 0xc99c
0x7d41e104 N 0x7d41e108
0xc998 N 0xc99c
0xc998 N 0xc99c
0x5a0 N 0x5a4
0xc998 N 0xc99c
0x5a0 N 0x5a4
0x7d41e104 N 0x7d41e108
0x7d41e104 N 0x7d41e108
0xc998 N 0xc99c
0x7d41e104 N 0x7d41e108
0x5a0 N 0x5a4
0xc998 N 0xc99c
0xc998 N 0xc99c
0xc998 N 0xc99c
0x5a0 N 0x5a4
0x7d41e104 T 0x2c87649c
0x7d41e104 N 0x7d41e108
0xc998 N 0xc99c
0xc998 N 0xc99c
0xc998 N 0xc99c
0x7d41e104 N 0x7d41e108
0x5a0 N 0x5a4
0x7d41e104 N 0x7d41e108
0xc998 N 0xc99c
0x5a0 T 0x6e0
0x7d41e104 N 0x7d41e108
0x7d41e104 N 0x7d41e108
0x5a0 N 0x5a4
0xc998 T 0x2d134
0x5a0 T 0x6e0
0x7d41e104 N 0x7d41e108
0x7d41e104 N 0x7d41e108
0x5a0 T 0x6e0
0x7d41e104 N 0x7d41e108
0xc998 T 0x2d134
0xc998 T 0x2d134
0xc998 N 0xc99c
0x7d41e104 N 0x7d41e108
0xc998 T 0x2d134
0x5a0 N 0x5a4
0x7d41e104 N 0x7d41e108
0x5a0 N 0x5a4
0x7d41e104 N 0x7d41e108
0xc998 N 0xc99c
0x7d41e104 N 0x7d41e108
0x7d41e104 T 0x2c87649c
0x7d41e104 T 0x2c87649c
0x5a0 T 0x6e0
0xc998 T 0x2d134
0x7d41e104 T 0x2c87649c
0x7d41e104 N 0x7d41e108
0x7d41e104 N 0x7d41e108
0x5a0 N 0x5a4
0xc998 N 0xc99c
0x5a0 T 0x6e0
0x7d41e104 T 0x2c87649c
0x7d41e104 T 0x2c87649c
0x7d41e104 N 0x7d41e108
0xc998 N 0xc99c
0xc998 N 0xc99c
0x5a0 T 0x6e0
0x7d41e104 N 0x7d41e108
0x5a0 N 0x5a4
0xc998 T 0x2d134
0xc998 T 0x2d134
0xc998 T 0x2d134
0x7d41e104 T 0x2c87649c
0x5a0 T 0x6e0
0x7d41e104 T 0x2c87649c
0x7d41e104 T 0x2c87649c
0x7d41e104 N 0x7d41e108
0x5a0 T 0x6e0
0xc998 N 0xc99c
0x5a0 T 0x6e0
0x5a0 N 0x5a4
0x7d41e104 N 0x7d41e108
0x5a0 T 0x6e0
0x7d41e104 T 0x2c87649c
0x5a0 N 0x5a4
0xc998 N 0xc99c
0x7d41e104 T 0x2c87649c
0xc998 N 0xc99c
0xc998 N 0xc99c
0xc998 T 0x2d134
0x5a0 T 0x6e0
0x5a0 T 0x6e0
0x7d41e104 T 0x2c87649c
0xc998 T 0x2d134
0xc998 T 0x2d134
0x7d41e104 N 0x7d41e108
0xc998 T 0x2d134
0x7d41e104 T 0x2c87649c
0x5a0 T 0x6e0
0x7d41e104 T 0x2c87649c
0xc998 N 0xc99c
0x5a0 T 0x6e0
0x5a0 T 0x6e0
0x5a0 N 0x5a4
0x5a0 T 0x6e0
0xc998 T 0x2d134
0xc998 T 0x2d134
0x5a0 T 0x6e0
0x5a0 T 0x6e0
0xc998 T 0x2d134
0xc998 N 0xc99c
0x7d41e104 N 0x7d41e108
0x5a0 N 0x5a4
0xc998 N 0xc99c
0x5a0 N 0x5a4
0x7d41e104 N 0x7d41e108
0x5a0 N 0x5a4
flush_num: 631, br_num: 1235, size: 317b
