0x7aa74 N 0x7aa78
0xf29c N 0xf2a0
0x9937c N 0x99380
0x434 N 0x438
0xf694 N 0xf698
0x9937c N 0x99380
0x66223d8 N 0x66223dc
0xf694 N 0xf698
0x66223d8 T 0x14c225c
0xc704b04 N 0xc704b08
0x9937c N 0x99380
0x66223d8 T 0x14c225c
0x7aa74 N 0x7aa78
0xf694 N 0xf698
0xf694 T 0x4556884
0x7aa74 N 0x7aa78
0x7aa74 T 0xca8
0xf29c N 0xf2a0
0x66223d8 N 0x66223dc
0x7aa74 N 0x7aa78
0xf694 N 0xf698
0x94c04 N 0x94c08
0x7aa74 N 0x7aa78
0xc704b04 N 0xc704b08
0x434 N 0x438
0xf29c N 0xf2a0
0xc704b04 N 0xc704b08
0xf694 N 0xf698
0x94c04 N 0x94c08
0x434 N 0x438
0xc704b04 N 0xc704b08
0x434 N 0x438
0xf29c N 0xf2a0
0xf694 N 0xf698
0x9937c N 0x99380
0x434 N 0x438
0xf29c N 0xf2a0
0xf29c T 0xea70
0x7aa74 N 0x7aa78
0x94c04 N 0x94c08
0xc704b04 N 0xc704b08
0x7aa74 N 0x7aa78
0x9937c N 0x99380
0x66223d8 T 0x14c225c
0xf694 N 0xf698
0xf29c N 0xf2a0
0xc704b04 N 0xc704b08
0x66223d8 T 0x14c225c
0xc704b04 T 0x1dd4
0xc704b04 T 0x1dd4
0x9937c N 0x99380
0x7aa74 N 0x7aa78
0xf29c N 0xf2a0
0xf694 N 0xf698
0xc704b04 N 0xc704b08
0xc704b04 T 0x1dd4
0x9937c N 0x99380
0x94c04 N 0x94c08
0xf29c N 0xf2a0
0xf694 N 0xf698
0x434 N 0x438
0x9937c N 0x99380
0xf694 N 0xf698
0xf29c N 0xf2a0
0xf694 N 0xf698
0x434 N 0x438
0x66223d8 T 0x14c225c
0x66223d8 T 0x14c225c
0x94c04 N 0x94c08
0x9937c N 0x99380
0xc704b04 N 0xc704b08
0xf29c N 0xf2a0
0x434 N 0x438
0x434 T 0x552e64
0x434 T 0x552e64
0x9937c N 0x99380
0x434 N 0x438
0x9937c N 0x99380
0x9937c T 0x785bbf0
0x9937c T 0x785bbf0
0x9937c T 0x785bbf0
0xc704b04 N 0xc704b08
0xf694 N 0xf698
0x434 N 0x438
0xf29c N 0xf2a0
0x7aa74 N 0x7aa78
0xc704b04 N 0xc704b08
0x9937c N 0x99380
0x7aa74 N 0x7aa78
0xf29c N 0xf2a0
0xf694 N 0xf698
0xf29c N 0xf2a0
0xc704b04 N 0xc704b08
0xf694 N 0xf698
0xf694 T 0x4556884
0xc704b04 N 0xc704b08
0xc704b04 T 0x1dd4
0xc704b04 N 0xc704b08
0x7aa74 N 0x7aa78
0x9937c N 0x99380
0xf694 N 0xf698
0x9937c N 0x99380
0x7aa74 N 0x7aa78
0xf29c N 0xf2a0
0xf694 N 0xf698
0x9937c N 0x99380
0xf29c N 0xf2a0
0xf694 N 0xf698
0x434 N 0x438
0x66223d8 T 0x14c225c
0xf29c N 0xf2a0
0x9937c N 0x99380
0x434 N 0x438
0x7aa74 N 0x7aa78
0x9937c N 0x99380
0xf29c N 0xf2a0
0x66223d8 T 0x14c225c
0x434 N 0x438
0x9937c N 0x99380
0x94c04 N 0x94c08
0x434 N 0x438
0xc704b04 N 0xc704b08
0x94c04 N 0x94c08
0xf29c N 0xf2a0
0x94c04 N 0x94c08
0xf694 N 0xf698
0xf694 T 0x4556884
0x9937c N 0x99380
0x7aa74 N 0x7aa78
0xf694 N 0xf698
0xf29c N 0xf2a0
0x94c04 N 0x94c08
0xc704b04 N 0xc704b08
0xc704b04 T 0x1dd4
0x7aa74 N 0x7aa78
0x66223d8 T 0x14c225c
0x66223d8 T 0x14c225c
0xc704b04 N 0xc704b08
0xf29c N 0xf2a0
0x7aa74 N 0x7aa78
0x434 N 0x438
0x434 T 0x552e64
0xf29c N 0xf2a0
0x434 N 0x438
0xf694 N 0xf698
0x94c04 N 0x94c08
0x66223d8 T 0x14c225c
0x66223d8 T 0x14c225c
0x7aa74 N 0x7aa78
0x434 N 0x438
0xf694 N 0xf698
0xc704b04 N 0xc704b08
0x9937c N 0x99380
0xc704b04 N 0xc704b08
0xc704b04 T 0x1dd4
0x7aa74 N 0x7aa78
0x66223d8 T 0x14c225c
0xf29c N 0xf2a0
0x434 N 0x438
0x7aa74 N 0x7aa78
0xf29c N 0xf2a0
0x7aa74 N 0x7aa78
0x9937c N 0x99380
0xf29c N 0xf2a0
0xf29c T 0xea70
0x434 N 0x438
0xf29c N 0xf2a0
0xf29c T 0xea70
0xf694 N 0xf698
0x66223d8 T 0x14c225c
0xc704b04 N 0xc704b08
0x94c04 N 0x94c08
0x434 N 0x438
0x7aa74 N 0x7aa78
0xf29c N 0xf2a0
0x94c04 N 0x94c08
0x7aa74 N 0x7aa78
0x9937c N 0x99380
0xc704b04 N 0xc704b08
0xc704b04 T 0x1dd4
0x9937c N 0x99380
0x7aa74 N 0x7aa78
0xf694 N 0xf698
0x66223d8 N 0x66223dc
0x94c04 N 0x94c08
0x7aa74 N 0x7aa78
0x434 N 0x438
0xc704b04 N 0xc704b08
0x94c04 N 0x94c08
0x9937c N 0x99380
0xf29c N 0xf2a0
0x66223d8 N 0x66223dc
0x7aa74 N 0x7aa78
0x9937c N 0x99380
0xf694 N 0xf698
0x434 N 0x438
0x9937c N 0x99380
0x66223d8 T 0x14c225c
0x434 N 0x438
0xf29c N 0xf2a0
0xc704b04 N 0xc704b08
0xc704b04 T 0x1dd4
0x9937c N 0x99380
0x434 N 0x438
0x9937c N 0x99380
0x94c04 N 0x94c08
0xf29c N 0xf2a0
0x66223d8 N 0x66223dc
0x94c04 N 0x94c08
0x434 N 0x438
0x9937c N 0x99380
0x7aa74 N 0x7aa78
0x66223d8 T 0x14c225c
0x434 N 0x438
0xf694 N 0xf698
0x66223d8 T 0x14c225c
0x434 N 0x438
0xc704b04 N 0xc704b08
0x434 N 0x438
0x434 T 0x552e64
0x7aa74 N 0x7aa78
0xc704b04 N 0xc704b08
0x66223d8 N 0x66223dc
0xc704b04 T 0x1dd4
0xc704b04 T 0x1dd4
0x66223d8 T 0x14c225c
0x434 N 0x438
0x9937c N 0x99380
0x7aa74 N 0x7aa78
0x9937c N 0x99380
0x9937c T 0x785bbf0
0x9937c T 0x785bbf0
0xf29c N 0xf2a0
0x9937c N 0x99380
0x434 N 0x438
0xf29c N 0xf2a0
0xf694 N 0xf698
0x66223d8 N 0x66223dc
0x66223d8 T 0x14c225c
0x7aa74 N 0x7aa78
0xf694 N 0xf698
0x7aa74 N 0x7aa78
0xf29c N 0xf2a0
0xf694 N 0xf698
0x94c04 N 0x94c08
0x66223d8 T 0x14c225c
0x434 N 0x438
0x94c04 N 0x94c08
0x434 N 0x438
0x66223d8 T 0x14c225c
0xf694 N 0xf698
0xf694 N 0xf698
0x7aa74 N 0x7aa78
0xc704b04 N 0xc704b08
0x66223d8 T 0x14c225c
0x66223d8 N 0x66223dc
0x7aa74 N 0x7aa78
0x66223d8 N 0x66223dc
0x7aa74 T 0xca8
0x94c04 N 0x94c08
0x7aa74 N 0x7aa78
0x9937c N 0x99380
0x434 N 0x438
0x9937c N 0x99380
0x7aa74 N 0x7aa78
0xc704b04 N 0xc704b08
0xc704b04 T 0x1dd4
0x9937c N 0x99380
0x66223d8 N 0x66223dc
0x7aa74 N 0x7aa78
0xf694 N 0xf698
0x434 N 0x438
0xc704b04 N 0xc704b08
0x66223d8 N 0x66223dc
0xf29c N 0xf2a0
0xc704b04 N 0xc704b08
0x66223d8 N 0x66223dc
0x7aa74 N 0x7aa78
0x9937c N 0x99380
0x434 N 0x438
0xc704b04 N 0xc704b08
0x9937c N 0x99380
0x9937c T 0x785bbf0
0x66223d8 N 0x66223dc
0xf694 N 0xf698
0x66223d8 N 0x66223dc
0xf694 T 0x4556884
0x94c04 N 0x94c08
0x434 N 0x438
0xf694 N 0xf698
0x7aa74 N 0x7aa78
0x7aa74 N 0x7aa78
0xf694 N 0xf698
0x94c04 N 0x94c08
0xf694 N 0xf698
0x434 N 0x438
0x434 T 0x552e64
0xf694 N 0xf698
0x434 N 0x438
0x66223d8 N 0x66223dc
0x66223d8 N 0x66223dc
0x434 T 0x552e64
0x434 N 0x438
0x9937c N 0x99380
0xf29c N 0xf2a0
0xc704b04 N 0xc704b08
0x94c04 N 0x94c08
0x9937c N 0x99380
0x9937c T 0x785bbf0
0x9937c T 0x785bbf0
0x94c04 N 0x94c08
0x9937c N 0x99380
0xf694 N 0xf698
0xf694 T 0x4556884
0xc704b04 N 0xc704b08
0x9937c N 0x99380
0x66223d8 N 0x66223dc
0xf694 N 0xf698
0x7aa74 N 0x7aa78
0xf29c N 0xf2a0
0x9937c N 0x99380
0xf694 N 0xf698
0xf29c N 0xf2a0
0x9937c N 0x99380
0xf694 N 0xf698
0xc704b04 N 0xc704b08
0xf29c N 0xf2a0
0x94c04 N 0x94c08
0xc704b04 N 0xc704b08
0xc704b04 T 0x1dd4
0x94c04 N 0x94c08
0x434 N 0x438
0xc704b04 N 0xc704b08
0x66223d8 N 0x66223dc
0xf694 N 0xf698
0x434 N 0x438
0x434 T 0x552e64
0xf694 N 0xf698
0x7aa74 N 0x7aa78
0xf694 N 0xf698
0x7aa74 N 0x7aa78
0x66223d8 N 0x66223dc
0x7aa74 T 0xca8
0x434 N 0x438
0x66223d8 N 0x66223dc
0x94c04 N 0x94c08
0x66223d8 N 0x66223dc
0x434 N 0x438
0x7aa74 N 0x7aa78
0x94c04 N 0x94c08
0x434 N 0x438
0x434 T 0x552e64
0x434 T 0x552e64
0xf29c N 0xf2a0
0x94c04 N 0x94c08
0xf694 N 0xf698
0x94c04 N 0x94c08
0x94c04 T 0xad8
0x434 N 0x438
0xf694 N 0xf698
0xf29c N 0xf2a0
0x94c04 N 0x94c08
0x434 N 0x438
0xc704b04 N 0xc704b08
0xf29c N 0xf2a0
0x434 N 0x438
0xc704b04 N 0xc704b08
0x9937c N 0x99380
0xc704b04 N 0xc704b08
0xf694 N 0xf698
0x66223d8 N 0x66223dc
0xc704b04 N 0xc704b08
0x9937c N 0x99380
0xc704b04 N 0xc704b08
flush_num: 200, br_num: 374, size: 95b
