0x4a98 N 0x4a9c
0x3ab2c N 0x3ab30
0x4a98 N 0x4a9c
0x18d10 N 0x18d14
0xf04 N 0xf08
0xf04 T 0xefaf0c
0x3ab2c N 0x3ab30
0x18d10 N 0x18d14
0xf04 N 0xf08
0x3ab2c N 0x3ab30
0xf04 N 0xf08
0x4a98 N 0x4a9c
0x18d10 N 0x18d14
0xf04 N 0xf08
0x4a98 N 0x4a9c
0x3ab2c N 0x3ab30
0x18d10 N 0x18d14
0x3ab2c N 0x3ab30
0x3ab2c N 0x3ab30
0xf04 N 0xf08
0x4a98 N 0x4a9c
0xf04 N 0xf08
0x18d10 N 0x18d14
0x18d10 T 0xec
0x18d10 N 0x18d14
0x18d10 T 0xec
0x18d10 T 0xec
0x4a98 N 0x4a9c
0x4a98 N 0x4a9c
0xf04 N 0xf08
0x3ab2c N 0x3ab30
0x18d10 N 0x18d14
0xf04 N 0xf08
0x18d10 N 0x18d14
0x18d10 N 0x18d14
0xf04 N 0xf08
0x4a98 N 0x4a9c
0x3ab2c N 0x3ab30
0x3ab2c N 0x3ab30
0x3ab2c N 0x3ab30
0x18d10 N 0x18d14
0x3ab2c N 0x3ab30
0x18d10 N 0x18d14
0x18d10 T 0xec
0x18d10 T 0xec
0x3ab2c N 0x3ab30
0x18d10 N 0x18d14
0x18d10 N 0x18d14
0xf04 N 0xf08
0x4a98 N 0x4a9c
0xf04 N 0xf08
0x18d10 N 0x18d14
0x3ab2c N 0x3ab30
0xf04 N 0xf08
0x3ab2c N 0x3ab30
0x4a98 N 0x4a9c
0xf04 N 0xf08
0x18d10 N 0x18d14
0x18d10 N 0x18d14
0xf04 N 0xf08
0x3ab2c N 0x3ab30
0xf04 N 0xf08
0x4a98 N 0x4a9c
0x3ab2c N 0x3ab30
0xf04 N 0xf08
0x3ab2c N 0x3ab30
0xf04 N 0xf08
0xf04 T 0xefaf0c
0x4a98 N 0x4a9c
0x18d10 N 0x18d14
0x3ab2c N 0x3ab30
0x18d10 N 0x18d14
0x18d10 T 0xec
0x18d10 T 0xec
0xf04 N 0xf08
0x18d10 N 0x18d14
0x18d10 N 0x18d14
0xf04 N 0xf08
0xf04 N 0xf08
0x3ab2c N 0x3ab30
0x3ab2c T 0x65b4
0xf04 N 0xf08
0x18d10 N 0x18d14
0x4a98 N 0x4a9c
0x3ab2c N 0x3ab30
0x18d10 N 0x18d14
0x4a98 N 0x4a9c
0x3ab2c N 0x3ab30
0xf04 N 0xf08
0x18d10 N 0x18d14
0x18d10 T 0xec
0x18d10 N 0x18d14
0x18d10 T 0xec
0xf04 N 0xf08
0x4a98 N 0x4a9c
0x4a98 N 0x4a9c
0x3ab2c N 0x3ab30
0x4a98 N 0x4a9c
0x3ab2c N 0x3ab30
0x18d10 N 0x18d14
0x18d10 N 0x18d14
0x4a98 N 0x4a9c
0x4a98 T 0x3616c0
0xf04 N 0xf08
0xf04 T 0xefaf0c
0x3ab2c N 0x3ab30
0x18d10 N 0x18d14
0x4a98 N 0x4a9c
0xf04 N 0xf08
0xf04 N 0xf08
0x18d10 N 0x18d14
0xf04 N 0xf08
0xf04 T 0xefaf0c
0x4a98 N 0x4a9c
0x3ab2c N 0x3ab30
0xf04 N 0xf08
0x18d10 N 0x18d14
0x3ab2c N 0x3ab30
0x18d10 N 0x18d14
0x18d10 N 0x18d14
0x4a98 N 0x4a9c
0x4a98 T 0x3616c0
0xf04 N 0xf08
0xf04 T 0xefaf0c
0xf04 T 0xefaf0c
0x3ab2c N 0x3ab30
0x3ab2c T 0x65b4
0xf04 N 0xf08
0x18d10 N 0x18d14
0x4a98 N 0x4a9c
0x18d10 N 0x18d14
0x4a98 N 0x4a9c
0x4a98 T 0x3616c0
0x3ab2c N 0x3ab30
0x18d10 N 0x18d14
0x3ab2c N 0x3ab30
0x4a98 N 0x4a9c
0x4a98 N 0x4a9c
0x3ab2c N 0x3ab30
0x4a98 N 0x4a9c
0xf04 N 0xf08
0x4a98 N 0x4a9c
0x3ab2c N 0x3ab30
0x4a98 N 0x4a9c
0x3ab2c N 0x3ab30
0xf04 N 0xf08
0x18d10 N 0x18d14
0x4a98 N 0x4a9c
0xf04 N 0xf08
0x4a98 N 0x4a9c
0xf04 N 0xf08
0x18d10 N 0x18d14
0x3ab2c N 0x3ab30
0xf04 N 0xf08
0x4a98 N 0x4a9c
0xf04 N 0xf08
0xf04 T 0xefaf0c
0x4a98 N 0x4a9c
0xf04 N 0xf08
0x4a98 N 0x4a9c
0x3ab2c N 0x3ab30
0x3ab2c N 0x3ab30
0x4a98 N 0x4a9c
0x18d10 N 0x18d14
0x18d10 N 0x18d14
0x18d10 N 0x18d14
0x3ab2c N 0x3ab30
0xf04 N 0xf08
0x4a98 N 0x4a9c
0xf04 N 0xf08
0xf04 N 0xf08
0x18d10 N 0x18d14
0xf04 N 0xf08
0x4a98 N 0x4a9c
0x3ab2c N 0x3ab30
0xf04 N 0xf08
0x4a98 N 0x4a9c
0x3ab2c N 0x3ab30
0x4a98 N 0x4a9c
0xf04 N 0xf08
0xf04 T 0xefaf0c
0x18d10 N 0x18d14
0x18d10 T 0xec
0x4a98 N 0x4a9c
0x18d10 N 0x18d14
0x3ab2c N 0x3ab30
0x4a98 N 0x4a9c
0xf04 N 0xf08
0x18d10 N 0x18d14
0x18d10 N 0x18d14
0x18d10 N 0x18d14
0x18d10 T 0xec
0xf04 N 0xf08
0xf04 N 0xf08
0xf04 T 0xefaf0c
0xf04 T 0xefaf0c
0x4a98 N 0x4a9c
0xf04 N 0xf08
0x4a98 N 0x4a9c
0xf04 N 0xf08
0xf04 T 0xefaf0c
0x3ab2c N 0x3ab30
0x18d10 N 0x18d14
0x3ab2c N 0x3ab30
0x4a98 N 0x4a9c
0x4a98 N 0x4a9c
0x4a98 N 0x4a9c
0x3ab2c N 0x3ab30
0x4a98 N 0x4a9c
0xf04 N 0xf08
0x3ab2c N 0x3ab30
0x4a98 N 0x4a9c
0x3ab2c N 0x3ab30
0x3ab2c N 0x3ab30
0x3ab2c N 0x3ab30
0x18d10 N 0x18d14
0x4a98 N 0x4a9c
0xf04 N 0xf08
0xf04 T 0xefaf0c
0xf04 T 0xefaf0c
0x4a98 N 0x4a9c
0xf04 N 0xf08
0x4a98 N 0x4a9c
0x18d10 N 0x18d14
0x4a98 N 0x4a9c
0x18d10 N 0x18d14
0x4a98 N 0x4a9c
0x3ab2c N 0x3ab30
0x3ab2c T 0x65b4
0x3ab2c T 0x65b4
0x4a98 N 0x4a9c
0x18d10 N 0x18d14
0x4a98 N 0x4a9c
0xf04 N 0xf08
0x18d10 N 0x18d14
0xf04 N 0xf08
0x3ab2c N 0x3ab30
0x18d10 N 0x18d14
0x18d10 T 0xec
0x18d10 T 0xec
0x4a98 N 0x4a9c
0x4a98 T 0x3616c0
0x4a98 T 0x3616c0
0x18d10 N 0x18d14
0x4a98 N 0x4a9c
0x18d10 N 0x18d14
0xf04 N 0xf08
0x4a98 N 0x4a9c
0x18d10 N 0x18d14
0x18d10 N 0x18d14
0x3ab2c N 0x3ab30
0x3ab2c T 0x65b4
0xf04 N 0xf08
0x18d10 N 0x18d14
0x4a98 N 0x4a9c
0x3ab2c N 0x3ab30
0x4a98 N 0x4a9c
0x18d10 N 0x18d14
0x3ab2c N 0x3ab30
0xf04 N 0xf08
0x4a98 N 0x4a9c
0x3ab2c N 0x3ab30
0x3ab2c N 0x3ab30
0x18d10 N 0x18d14
0x4a98 N 0x4a9c
0x4a98 N 0x4a9c
0x3ab2c N 0x3ab30
0x4a98 N 0x4a9c
0x18d10 N 0x18d14
0x18d10 N 0x18d14
0x4a98 N 0x4a9c
0x18d10 N 0x18d14
0x18d10 N 0x18d14
0x18d10 N 0x18d14
0xf04 N 0xf08
0x3ab2c N 0x3ab30
0xf04 N 0xf08
0x3ab2c N 0x3ab30
0x4a98 N 0x4a9c
0x3ab2c N 0x3ab30
0x4a98 N 0x4a9c
0x3ab2c N 0x3ab30
0x3ab2c N 0x3ab30
0x4a98 N 0x4a9c
0x18d10 N 0x18d14
0x3ab2c N 0x3ab30
0x18d10 N 0x18d14
0x3ab2c N 0x3ab30
0x4a98 N 0x4a9c
0x18d10 N 0x18d14
0x3ab2c N 0x3ab30
0x4a98 N 0x4a9c
0x18d10 N 0x18d14
0x18d10 N 0x18d14
0x3ab2c N 0x3ab30
0x4a98 N 0x4a9c
0x18d10 N 0x18d14
0x4a98 N 0x4a9c
0x4a98 N 0x4a9c
0x3ab2c N 0x3ab30
0x18d10 N 0x18d14
0x4a98 N 0x4a9c
0x4a98 N 0x4a9c
0xf04 N 0xf08
0x3ab2c N 0x3ab30
0xf04 N 0xf08
0x4a98 N 0x4a9c
0x18d10 N 0x18d14
0x3ab2c N 0x3ab30
0x3ab2c T 0x65b4
0x3ab2c T 0x65b4
0x4a98 N 0x4a9c
0x18d10 N 0x18d14
0x18d10 N 0x18d14
0x18d10 N 0x18d14
0x18d10 N 0x18d14
0xf04 N 0xf08
0x4a98 N 0x4a9c
0x18d10 N 0x18d14
0xf04 N 0xf08
0x3ab2c N 0x3ab30
0x3ab2c N 0x3ab30
0xf04 N 0xf08
0x3ab2c N 0x3ab30
0x4a98 N 0x4a9c
0x18d10 N 0x18d14
0x4a98 N 0x4a9c
0x18d10 N 0x18d14
0x18d10 N 0x18d14
0x18d10 T 0xec
0x18d10 T 0xec
0x18d10 T 0xec
0x4a98 N 0x4a9c
0x3ab2c N 0x3ab30
0x18d10 N 0x18d14
0xf04 N 0xf08
0xf04 N 0xf08
0x3ab2c N 0x3ab30
0x3ab2c N 0x3ab30
0x4a98 N 0x4a9c
0x4a98 N 0x4a9c
0xf04 N 0xf08
0x4a98 N 0x4a9c
0x4a98 T 0x3616c0
0x3ab2c N 0x3ab30
0x4a98 N 0x4a9c
0x3ab2c N 0x3ab30
0x18d10 N 0x18d14
0x18d10 T 0xec
0xf04 N 0xf08
0xf04 T 0xefaf0c
0x4a98 N 0x4a9c
0x18d10 N 0x18d14
0xf04 N 0xf08
0x3ab2c N 0x3ab30
0x18d10 N 0x18d14
0xf04 N 0xf08
0x3ab2c N 0x3ab30
0x18d10 N 0x18d14
0x4a98 N 0x4a9c
0x3ab2c N 0x3ab30
0xf04 N 0xf08
0x4a98 N 0x4a9c
0x3ab2c N 0x3ab30
0x18d10 N 0x18d14
0x4a98 N 0x4a9c
0x4a98 N 0x4a9c
0x4a98 N 0x4a9c
0x4a98 N 0x4a9c
0xf04 N 0xf08
0x18d10 N 0x18d14
0x3ab2c N 0x3ab30
0xf04 N 0xf08
0x4a98 N 0x4a9c
0x4a98 N 0x4a9c
0xf04 N 0xf08
0xf04 T 0xefaf0c
0xf04 T 0xefaf0c
0x4a98 N 0x4a9c
0x3ab2c N 0x3ab30
0xf04 N 0xf08
0xf04 N 0xf08
0x3ab2c N 0x3ab30
0x18d10 N 0x18d14
0x3ab2c N 0x3ab30
0x4a98 N 0x4a9c
0xf04 N 0xf08
0x4a98 N 0x4a9c
0x3ab2c N 0x3ab30
0xf04 N 0xf08
0xf04 N 0xf08
0x3ab2c N 0x3ab30
0x18d10 N 0x18d14
0x4a98 N 0x4a9c
0x4a98 T 0x3616c0
0x4a98 T 0x3616c0
0x3ab2c N 0x3ab30
0x4a98 N 0x4a9c
0x4a98 N 0x4a9c
0x18d10 N 0x18d14
0x4a98 N 0x4a9c
0x18d10 N 0x18d14
0xf04 N 0xf08
0x18d10 N 0x18d14
0x4a98 N 0x4a9c
0xf04 N 0xf08
0x18d10 N 0x18d14
0x3ab2c N 0x3ab30
0x3ab2c T 0x65b4
0x3ab2c T 0x65b4
0x3ab2c T 0x65b4
0x18d10 N 0x18d14
0x4a98 N 0x4a9c
0x18d10 N 0x18d14
0x4a98 N 0x4a9c
0x18d10 N 0x18d14
0xf04 N 0xf08
0xf04 T 0xefaf0c
0x18d10 N 0x18d14
0x18d10 T 0xec
0xf04 N 0xf08
0x18d10 N 0x18d14
0xf04 N 0xf08
0x4a98 N 0x4a9c
0xf04 N 0xf08
0xf04 N 0xf08
0x18d10 N 0x18d14
0x3ab2c N 0x3ab30
0x18d10 N 0x18d14
0xf04 N 0xf08
0x4a98 N 0x4a9c
0x18d10 N 0x18d14
0xf04 N 0xf08
0xf04 T 0xefaf0c
0x3ab2c N 0x3ab30
0x4a98 N 0x4a9c
0x3ab2c N 0x3ab30
0x18d10 N 0x18d14
0x18d10 T 0xec
0x18d10 N 0x18d14
0x18d10 T 0xec
0x18d10 T 0xec
0x4a98 N 0x4a9c
0x18d10 N 0x18d14
0x4a98 N 0x4a9c
0x4a98 T 0x3616c0
0xf04 N 0xf08
0x18d10 N 0x18d14
0xf04 N 0xf08
0xf04 T 0xefaf0c
0x4a98 N 0x4a9c
0x4a98 T 0x3616c0
0x4a98 T 0x3616c0
0xf04 N 0xf08
0x18d10 N 0x18d14
0x3ab2c N 0x3ab30
0x4a98 N 0x4a9c
0x4a98 T 0x3616c0
0x18d10 N 0x18d14
0x4a98 N 0x4a9c
0x18d10 N 0x18d14
0x4a98 N 0x4a9c
0xf04 N 0xf08
0x3ab2c N 0x3ab30
0x4a98 N 0x4a9c
0x3ab2c N 0x3ab30
0x3ab2c N 0x3ab30
0x4a98 N 0x4a9c
0x18d10 N 0x18d14
0x3ab2c N 0x3ab30
0x3ab2c T 0x65b4
0x4a98 N 0x4a9c
0x4a98 T 0x3616c0
0x4a98 N 0x4a9c
0x18d10 N 0x18d14
0x18d10 N 0x18d14
0x18d10 T 0xec
0x18d10 T 0xec
0xf04 N 0xf08
0xf04 T 0xefaf0c
0x4a98 N 0x4a9c
0x4a98 N 0x4a9c
0x18d10 N 0x18d14
0x3ab2c N 0x3ab30
0x18d10 N 0x18d14
0x3ab2c N 0x3ab30
0x18d10 N 0x18d14
0x4a98 N 0x4a9c
0x18d10 N 0x18d14
0xf04 N 0xf08
0x18d10 N 0x18d14
0xf04 N 0xf08
0x4a98 N 0x4a9c
0x3ab2c N 0x3ab30
0xf04 N 0xf08
0x18d10 N 0x18d14
0xf04 N 0xf08
0xf04 T 0xefaf0c
0x3ab2c N 0x3ab30
0xf04 N 0xf08
0x4a98 N 0x4a9c
0xf04 N 0xf08
0xf04 N 0xf08
0x18d10 N 0x18d14
0x3ab2c N 0x3ab30
0x18d10 N 0x18d14
0x4a98 N 0x4a9c
0x3ab2c N 0x3ab30
0x4a98 N 0x4a9c
0x4a98 N 0x4a9c
0x4a98 N 0x4a9c
0xf04 N 0xf08
0x3ab2c N 0x3ab30
0x18d10 N 0x18d14
0xf04 N 0xf08
0x18d10 N 0x18d14
0x3ab2c N 0x3ab30
0x18d10 N 0x18d14
0x4a98 N 0x4a9c
0x3ab2c N 0x3ab30
0xf04 N 0xf08
0x18d10 N 0x18d14
0x3ab2c N 0x3ab30
0xf04 N 0xf08
0x18d10 N 0x18d14
0x3ab2c N 0x3ab30
0x4a98 N 0x4a9c
0xf04 N 0xf08
0x3ab2c N 0x3ab30
0x3ab2c T 0x65b4
0x3ab2c T 0x65b4
0x4a98 N 0x4a9c
0xf04 N 0xf08
0x3ab2c N 0x3ab30
0xf04 N 0xf08
0x18d10 N 0x18d14
0x3ab2c N 0x3ab30
0x3ab2c T 0x65b4
0x4a98 N 0x4a9c
0x18d10 N 0x18d14
0x18d10 N 0x18d14
0xf04 N 0xf08
0x4a98 N 0x4a9c
0x18d10 N 0x18d14
0x18d10 N 0x18d14
0x4a98 N 0x4a9c
0x3ab2c N 0x3ab30
0xf04 N 0xf08
0x4a98 N 0x4a9c
0x3ab2c N 0x3ab30
0x4a98 N 0x4a9c
0xf04 N 0xf08
0x18d10 N 0x18d14
0x3ab2c N 0x3ab30
0xf04 N 0xf08
0x4a98 N 0x4a9c
0xf04 N 0xf08
0xf04 N 0xf08
0xf04 T 0xefaf0c
0x4a98 N 0x4a9c
0xf04 N 0xf08
0x18d10 N 0x18d14
0xf04 N 0xf08
0xf04 T 0xefaf0c
0x18d10 N 0x18d14
0x3ab2c N 0x3ab30
0x18d10 N 0x18d14
0x18d10 T 0xec
0x18d10 N 0x18d14
0x18d10 T 0xec
0xf04 N 0xf08
0x18d10 N 0x18d14
0x4a98 N 0x4a9c
0xf04 N 0xf08
0x3ab2c N 0x3ab30
0x3ab2c T 0x65b4
0x18d10 N 0x18d14
0xf04 N 0xf08
0x18d10 N 0x18d14
0x18d10 T 0xec
0x4a98 N 0x4a9c
0x18d10 N 0x18d14
0x18d10 N 0x18d14
0xf04 N 0xf08
0x4a98 N 0x4a9c
0xf04 N 0xf08
0x3ab2c N 0x3ab30
0x18d10 N 0x18d14
0x4a98 N 0x4a9c
0x4a98 N 0x4a9c
0x3ab2c N 0x3ab30
0x4a98 N 0x4a9c
0x18d10 N 0x18d14
0xf04 N 0xf08
0x4a98 N 0x4a9c
0x3ab2c N 0x3ab30
0x3ab2c T 0x65b4
0x3ab2c T 0x65b4
0xf04 N 0xf08
0x3ab2c N 0x3ab30
0x18d10 N 0x18d14
0x4a98 N 0x4a9c
0x4a98 N 0x4a9c
0x18d10 N 0x18d14
0xf04 N 0xf08
0x18d10 N 0x18d14
0x3ab2c N 0x3ab30
0x18d10 N 0x18d14
0xf04 N 0xf08
0x3ab2c N 0x3ab30
0x18d10 N 0x18d14
0x3ab2c N 0x3ab30
0x18d10 N 0x18d14
0x4a98 N 0x4a9c
0x18d10 N 0x18d14
0x3ab2c N 0x3ab30
0x4a98 N 0x4a9c
0x4a98 N 0x4a9c
0xf04 N 0xf08
0x4a98 N 0x4a9c
0x18d10 N 0x18d14
0x18d10 T 0xec
0xf04 N 0xf08
0xf04 N 0xf08
0x4a98 N 0x4a9c
0x4a98 N 0x4a9c
0xf04 N 0xf08
0x4a98 N 0x4a9c
0x4a98 N 0x4a9c
0x3ab2c N 0x3ab30
0x4a98 N 0x4a9c
0x3ab2c N 0x3ab30
0x4a98 N 0x4a9c
0x3ab2c N 0x3ab30
0x18d10 N 0x18d14
0x18d10 T 0xec
0x3ab2c N 0x3ab30
0xf04 N 0xf08
0x3ab2c N 0x3ab30
0x3ab2c T 0x65b4
0xf04 N 0xf08
0xf04 N 0xf08
0x3ab2c N 0x3ab30
0x4a98 N 0x4a9c
0xf04 N 0xf08
0x3ab2c N 0x3ab30
0x4a98 N 0x4a9c
0x4a98 N 0x4a9c
0xf04 N 0xf08
0x3ab2c N 0x3ab30
0x3ab2c N 0x3ab30
0x4a98 N 0x4a9c
0x4a98 N 0x4a9c
0x4a98 T 0x3616c0
0x4a98 T 0x3616c0
0x18d10 N 0x18d14
0xf04 N 0xf08
0xf04 T 0xefaf0c
0x18d10 N 0x18d14
0xf04 N 0xf08
0xf04 N 0xf08
0x18d10 N 0x18d14
0x4a98 N 0x4a9c
0x4a98 N 0x4a9c
0x18d10 N 0x18d14
0x4a98 N 0x4a9c
0x3ab2c N 0x3ab30
0x18d10 N 0x18d14
0x18d10 T 0xec
0x4a98 N 0x4a9c
0x4a98 T 0x3616c0
0xf04 N 0xf08
0xf04 T 0xefaf0c
0x4a98 N 0x4a9c
0x3ab2c N 0x3ab30
0x18d10 N 0x18d14
0x18d10 T 0xec
0x3ab2c N 0x3ab30
0x4a98 N 0x4a9c
0x3ab2c N 0x3ab30
0x3ab2c T 0x65b4
0x18d10 N 0x18d14
0xf04 N 0xf08
0x4a98 N 0x4a9c
0x4a98 T 0x3616c0
0x3ab2c N 0x3ab30
0x3ab2c T 0x65b4
0x18d10 N 0x18d14
0x3ab2c N 0x3ab30
0x3ab2c T 0x65b4
0x18d10 N 0x18d14
0x4a98 N 0x4a9c
0x3ab2c N 0x3ab30
0x4a98 N 0x4a9c
0x3ab2c N 0x3ab30
0x18d10 N 0x18d14
0x18d10 N 0x18d14
0x18d10 N 0x18d14
0x4a98 N 0x4a9c
0x4a98 T 0x3616c0
0x3ab2c N 0x3ab30
0x4a98 N 0x4a9c
0x3ab2c N 0x3ab30
0x3ab2c T 0x65b4
0x18d10 N 0x18d14
0xf04 N 0xf08
0xf04 N 0xf08
0x4a98 N 0x4a9c
0x18d10 N 0x18d14
0x3ab2c N 0x3ab30
0x3ab2c T 0x65b4
0x3ab2c T 0x65b4
0x4a98 N 0x4a9c
0x4a98 N 0x4a9c
0x18d10 N 0x18d14
0x4a98 N 0x4a9c
0x4a98 T 0x3616c0
0x4a98 N 0x4a9c
0x18d10 N 0x18d14
0xf04 N 0xf08
0xf04 N 0xf08
0xf04 T 0xefaf0c
0xf04 T 0xefaf0c
0x18d10 N 0x18d14
0x3ab2c N 0x3ab30
0xf04 N 0xf08
0x3ab2c N 0x3ab30
0x4a98 N 0x4a9c
0x3ab2c N 0x3ab30
0x18d10 N 0x18d14
0x3ab2c N 0x3ab30
0x18d10 N 0x18d14
0x4a98 N 0x4a9c
0x3ab2c N 0x3ab30
0x4a98 N 0x4a9c
0x18d10 N 0x18d14
0x4a98 N 0x4a9c
0x18d10 N 0x18d14
0x18d10 N 0x18d14
0x4a98 N 0x4a9c
0x18d10 N 0x18d14
0xf04 N 0xf08
0xf04 N 0xf08
0x4a98 N 0x4a9c
0xf04 N 0xf08
0x18d10 N 0x18d14
0xf04 N 0xf08
0xf04 T 0xefaf0c
0xf04 T 0xefaf0c
0x18d10 N 0x18d14
0x18d10 N 0x18d14
0x4a98 N 0x4a9c
0x4a98 N 0x4a9c
0x18d10 N 0x18d14
0x4a98 N 0x4a9c
0xf04 N 0xf08
0xf04 T 0xefaf0c
0x3ab2c N 0x3ab30
0x3ab2c N 0x3ab30
0x18d10 N 0x18d14
0xf04 N 0xf08
0x4a98 N 0x4a9c
0xf04 N 0xf08
0x3ab2c N 0x3ab30
0xf04 N 0xf08
0xf04 N 0xf08
0x18d10 N 0x18d14
0x3ab2c N 0x3ab30
0x3ab2c N 0x3ab30
0x18d10 N 0x18d14
0x4a98 N 0x4a9c
0x4a98 N 0x4a9c
0x18d10 N 0x18d14
0xf04 N 0xf08
0x3ab2c N 0x3ab30
0x4a98 N 0x4a9c
0x18d10 N 0x18d14
0x3ab2c N 0x3ab30
0xf04 N 0xf08
0x3ab2c N 0x3ab30
0xf04 N 0xf08
0xf04 N 0xf08
0x4a98 N 0x4a9c
0xf04 N 0xf08
0x3ab2c N 0x3ab30
0xf04 N 0xf08
0x18d10 N 0x18d14
0xf04 N 0xf08
0x3ab2c N 0x3ab30
0x4a98 N 0x4a9c
0x3ab2c N 0x3ab30
0xf04 N 0xf08
0xf04 T 0xefaf0c
0x18d10 N 0x18d14
0xf04 N 0xf08
0x18d10 N 0x18d14
0x4a98 N 0x4a9c
0x4a98 N 0x4a9c
0x18d10 N 0x18d14
0x4a98 N 0x4a9c
0xf04 N 0xf08
0x4a98 N 0x4a9c
0xf04 N 0xf08
0x3ab2c N 0x3ab30
0x18d10 N 0x18d14
0x3ab2c N 0x3ab30
0x3ab2c N 0x3ab30
0xf04 N 0xf08
0x18d10 N 0x18d14
0x3ab2c N 0x3ab30
0x3ab2c N 0x3ab30
0xf04 N 0xf08
0x3ab2c N 0x3ab30
0xf04 N 0xf08
0x18d10 N 0x18d14
0x18d10 T 0xec
0x18d10 N 0x18d14
0x3ab2c N 0x3ab30
0x4a98 N 0x4a9c
0x18d10 N 0x18d14
0xf04 N 0xf08
0x18d10 N 0x18d14
0x3ab2c N 0x3ab30
0x18d10 N 0x18d14
0x3ab2c N 0x3ab30
0x3ab2c T 0x65b4
0x18d10 N 0x18d14
0x3ab2c N 0x3ab30
0x4a98 N 0x4a9c
0x3ab2c N 0x3ab30
0xf04 N 0xf08
0xf04 T 0xefaf0c
0x3ab2c N 0x3ab30
0xf04 N 0xf08
0x3ab2c N 0x3ab30
0xf04 N 0xf08
0x3ab2c N 0x3ab30
0x4a98 N 0x4a9c
0xf04 N 0xf08
0xf04 N 0xf08
0x3ab2c N 0x3ab30
0x18d10 N 0x18d14
0x4a98 N 0x4a9c
0x3ab2c N 0x3ab30
0xf04 N 0xf08
0x4a98 N 0x4a9c
0xf04 N 0xf08
0x3ab2c N 0x3ab30
0x3ab2c T 0x65b4
0x3ab2c N 0x3ab30
0x18d10 N 0x18d14
0x3ab2c N 0x3ab30
0x3ab2c T 0x65b4
0x18d10 N 0x18d14
0x3ab2c N 0x3ab30
0x4a98 N 0x4a9c
0xf04 N 0xf08
0x3ab2c N 0x3ab30
0x18d10 N 0x18d14
0x3ab2c N 0x3ab30
0x4a98 N 0x4a9c
0x3ab2c N 0x3ab30
0x3ab2c N 0x3ab30
0xf04 N 0xf08
0xf04 N 0xf08
0x3ab2c N 0x3ab30
0x18d10 N 0x18d14
0x18d10 N 0x18d14
0xf04 N 0xf08
0x4a98 N 0x4a9c
0x18d10 N 0x18d14
0x3ab2c N 0x3ab30
0x4a98 N 0x4a9c
0x4a98 N 0x4a9c
0xf04 N 0xf08
0x18d10 N 0x18d14
0x18d10 T 0xec
0x4a98 N 0x4a9c
0xf04 N 0xf08
0x3ab2c N 0x3ab30
0x18d10 N 0x18d14
0x18d10 N 0x18d14
0x18d10 T 0xec
0x4a98 N 0x4a9c
0x4a98 N 0x4a9c
0x18d10 N 0x18d14
0x3ab2c N 0x3ab30
0xf04 N 0xf08
0x4a98 N 0x4a9c
0x4a98 N 0x4a9c
0x4a98 N 0x4a9c
0x4a98 T 0x3616c0
0xf04 N 0xf08
0x18d10 N 0x18d14
0xf04 N 0xf08
0xf04 T 0xefaf0c
0x3ab2c N 0x3ab30
0x18d10 N 0x18d14
0x18d10 N 0x18d14
0xf04 N 0xf08
0x4a98 N 0x4a9c
0x3ab2c N 0x3ab30
0x4a98 N 0x4a9c
0x4a98 N 0x4a9c
0x18d10 N 0x18d14
0x18d10 N 0x18d14
0xf04 N 0xf08
0xf04 N 0xf08
0x18d10 N 0x18d14
0x3ab2c N 0x3ab30
0x18d10 N 0x18d14
0x3ab2c N 0x3ab30
0xf04 N 0xf08
0x3ab2c N 0x3ab30
0x18d10 N 0x18d14
0x3ab2c N 0x3ab30
0x18d10 N 0x18d14
0xf04 N 0xf08
0xf04 T 0xefaf0c
0x18d10 N 0x18d14
0x4a98 N 0x4a9c
0x4a98 N 0x4a9c
0xf04 N 0xf08
0x4a98 N 0x4a9c
0xf04 N 0xf08
0x18d10 N 0x18d14
0x4a98 N 0x4a9c
0x4a98 T 0x3616c0
0xf04 N 0xf08
0x4a98 N 0x4a9c
0x18d10 N 0x18d14
0x4a98 N 0x4a9c
0x4a98 N 0x4a9c
0xf04 N 0xf08
0x18d10 N 0x18d14
0xf04 N 0xf08
0x18d10 N 0x18d14
0xf04 N 0xf08
0xf04 N 0xf08
0x18d10 N 0x18d14
0x18d10 N 0x18d14
0x18d10 N 0x18d14
0x3ab2c N 0x3ab30
0x18d10 N 0x18d14
0x18d10 N 0x18d14
0x18d10 T 0xec
0x3ab2c N 0x3ab30
0xf04 N 0xf08
0xf04 N 0xf08
0xf04 N 0xf08
0x3ab2c N 0x3ab30
0x18d10 N 0x18d14
0x4a98 N 0x4a9c
0x18d10 N 0x18d14
0xf04 N 0xf08
0x3ab2c N 0x3ab30
0x4a98 N 0x4a9c
0x18d10 N 0x18d14
0xf04 N 0xf08
0xf04 N 0xf08
0x3ab2c N 0x3ab30
0x4a98 N 0x4a9c
0x3ab2c N 0x3ab30
0xf04 N 0xf08
0xf04 T 0xefaf0c
0x3ab2c N 0x3ab30
0x18d10 N 0x18d14
0x3ab2c N 0x3ab30
0x18d10 N 0x18d14
0x18d10 N 0x18d14
0xf04 N 0xf08
0x3ab2c N 0x3ab30
0xf04 N 0xf08
0x3ab2c N 0x3ab30
0xf04 N 0xf08
0xf04 T 0xefaf0c
0xf04 N 0xf08
0x4a98 N 0x4a9c
0x18d10 N 0x18d14
0x3ab2c N 0x3ab30
0x4a98 N 0x4a9c
0x18d10 N 0x18d14
0x18d10 N 0x18d14
0x3ab2c N 0x3ab30
0xf04 N 0xf08
0x3ab2c N 0x3ab30
0x18d10 N 0x18d14
0x4a98 N 0x4a9c
0xf04 N 0xf08
0xf04 N 0xf08
0x4a98 N 0x4a9c
0x3ab2c N 0x3ab30
0x3ab2c N 0x3ab30
0x18d10 N 0x18d14
0x4a98 N 0x4a9c
0x18d10 N 0x18d14
0x18d10 T 0xec
0x18d10 N 0x18d14
0x3ab2c N 0x3ab30
0x18d10 N 0x18d14
0x3ab2c N 0x3ab30
0x3ab2c T 0x65b4
0x3ab2c T 0x65b4
0xf04 N 0xf08
0x4a98 N 0x4a9c
0xf04 N 0xf08
0x3ab2c N 0x3ab30
0x18d10 N 0x18d14
0x18d10 N 0x18d14
0x18d10 N 0x18d14
0x18d10 N 0x18d14
0x18d10 N 0x18d14
0x4a98 N 0x4a9c
0xf04 N 0xf08
0xf04 N 0xf08
0x4a98 N 0x4a9c
0x18d10 N 0x18d14
0x4a98 N 0x4a9c
0xf04 N 0xf08
0x3ab2c N 0x3ab30
0x4a98 N 0x4a9c
0xf04 N 0xf08
0x18d10 N 0x18d14
0x3ab2c N 0x3ab30
0x3ab2c N 0x3ab30
0x3ab2c N 0x3ab30
0xf04 N 0xf08
0x4a98 N 0x4a9c
0x3ab2c N 0x3ab30
0x4a98 N 0x4a9c
0x3ab2c N 0x3ab30
0x3ab2c T 0x65b4
0xf04 N 0xf08
0x18d10 N 0x18d14
0xf04 N 0xf08
0xf04 N 0xf08
0x3ab2c N 0x3ab30
0x18d10 N 0x18d14
0x18d10 N 0x18d14
0xf04 N 0xf08
0xf04 N 0xf08
0xf04 T 0xefaf0c
0x3ab2c N 0x3ab30
0x3ab2c T 0x65b4
0xf04 N 0xf08
0xf04 N 0xf08
0xf04 N 0xf08
0xf04 N 0xf08
0x18d10 N 0x18d14
0xf04 N 0xf08
0xf04 N 0xf08
0x18d10 N 0x18d14
0x4a98 N 0x4a9c
0x4a98 N 0x4a9c
0xf04 N 0xf08
0xf04 N 0xf08
0x18d10 N 0x18d14
0x3ab2c N 0x3ab30
0x4a98 N 0x4a9c
0x4a98 N 0x4a9c
0x4a98 N 0x4a9c
0xf04 N 0xf08
0x4a98 N 0x4a9c
0xf04 N 0xf08
0x4a98 N 0x4a9c
0x18d10 N 0x18d14
0x18d10 N 0x18d14
0x4a98 N 0x4a9c
0x4a98 N 0x4a9c
0x4a98 T 0x3616c0
0x4a98 T 0x3616c0
0x18d10 N 0x18d14
0x4a98 N 0x4a9c
0x18d10 N 0x18d14
0xf04 N 0xf08
0x18d10 N 0x18d14
flush_num: 521, br_num: 1076, size: 573b
