0x1948 N 0x194c
0xab80968 N 0xab8096c
0xab80968 N 0xab8096c
0x1948 N 0x194c
0xab80968 T 0x1634
0x1948 N 0x194c
0xab80968 T 0x1634
0x1948 N 0x194c
0xab80968 T 0x1634
0xab80968 T 0x1634
0x1948 T 0x13db98
0x1948 T 0x13db98
0x1948 T 0x13db98
0x1948 T 0x13db98
0xab80968 T 0x1634
0xab80968 T 0x1634
0xab80968 T 0x1634
0x1948 T 0x13db98
0x1948 T 0x13db98
0xab80968 T 0x1634
0xab80968 T 0x1634
0x1948 T 0x13db98
0xab80968 T 0x1634
0x1948 T 0x13db98
0x1948 N 0x194c
0xab80968 N 0xab8096c
0x1948 T 0x13db98
0xab80968 T 0x1634
0x1948 T 0x13db98
0xab80968 T 0x1634
0x1948 N 0x194c
0x1948 T 0x13db98
0xab80968 N 0xab8096c
0xab80968 T 0x1634
0xab80968 T 0x1634
0x1948 N 0x194c
0x1948 T 0x13db98
0x1948 T 0x13db98
0x1948 N 0x194c
0x1948 T 0x13db98
0xab80968 T 0x1634
0xab80968 T 0x1634
0xab80968 N 0xab8096c
0xab80968 T 0x1634
0x1948 T 0x13db98
0xab80968 T 0x1634
0x1948 N 0x194c
0xab80968 T 0x1634
0xab80968 T 0x1634
0x1948 T 0x13db98
0xab80968 T 0x1634
0x1948 N 0x194c
0xab80968 N 0xab8096c
0x1948 T 0x13db98
0xab80968 T 0x1634
0x1948 N 0x194c
0xab80968 T 0x1634
0xab80968 T 0x1634
0x1948 T 0x13db98
0x1948 T 0x13db98
0xab80968 T 0x1634
0x1948 N 0x194c
0xab80968 T 0x1634
0x1948 T 0x13db98
0x1948 T 0x13db98
0xab80968 T 0x1634
0x1948 N 0x194c
0x1948 T 0x13db98
0xab80968 T 0x1634
0x1948 T 0x13db98
0x1948 N 0x194c
0x1948 T 0x13db98
0xab80968 T 0x1634
0xab80968 N 0xab8096c
0xab80968 T 0x1634
0x1948 T 0x13db98
0x1948 T 0x13db98
0x1948 N 0x194c
0xab80968 T 0x1634
0xab80968 N 0xab8096c
0xab80968 T 0x1634
0x1948 T 0x13db98
0xab80968 T 0x1634
0xab80968 T 0x1634
0x1948 N 0x194c
0x1948 N 0x194c
0xab80968 T 0x1634
0xab80968 N 0xab8096c
0xab80968 T 0x1634
0xab80968 N 0xab8096c
0x1948 T 0x13db98
0xab80968 T 0x1634
0x1948 N 0x194c
0xab80968 N 0xab8096c
0x1948 T 0x13db98
0xab80968 T 0x1634
0xab80968 N 0xab8096c
0x1948 T 0x13db98
0xab80968 T 0x1634
0xab80968 T 0x1634
0xab80968 T 0x1634
0xab80968 N 0xab8096c
0x1948 N 0x194c
0xab80968 T 0x1634
0x1948 T 0x13db98
0x1948 T 0x13db98
0x1948 T 0x13db98
0xab80968 N 0xab8096c
0xab80968 T 0x1634
0x1948 N 0x194c
0x1948 N 0x194c
0x1948 T 0x13db98
0xab80968 N 0xab8096c
0xab80968 T 0x1634
0xab80968 T 0x1634
0x1948 N 0x194c
0xab80968 N 0xab8096c
0xab80968 T 0x1634
0xab80968 T 0x1634
0x1948 T 0x13db98
0xab80968 T 0x1634
0x1948 N 0x194c
0xab80968 T 0x1634
0x1948 T 0x13db98
0x1948 T 0x13db98
0xab80968 T 0x1634
0x1948 N 0x194c
0x1948 T 0x13db98
0xab80968 N 0xab8096c
0xab80968 N 0xab8096c
0xab80968 T 0x1634
0xab80968 N 0xab8096c
0xab80968 N 0xab8096c
0xab80968 N 0xab8096c
0xab80968 T 0x1634
0x1948 N 0x194c
0xab80968 T 0x1634
0xab80968 T 0x1634
0xab80968 T 0x1634
0xab80968 T 0x1634
0x1948 T 0x13db98
0x1948 T 0x13db98
0xab80968 T 0x1634
0x1948 N 0x194c
0xab80968 T 0x1634
0x1948 T 0x13db98
0x1948 T 0x13db98
0xab80968 T 0x1634
0xab80968 T 0x1634
0xab80968 T 0x1634
0xab80968 N 0xab8096c
0x1948 T 0x13db98
0x1948 N 0x194c
0x1948 T 0x13db98
0x1948 T 0x13db98
0xab80968 T 0x1634
0xab80968 T 0x1634
0x1948 N 0x194c
0xab80968 T 0x1634
0x1948 T 0x13db98
0x1948 T 0x13db98
0xab80968 T 0x1634
0x1948 N 0x194c
0xab80968 N 0xab8096c
0xab80968 T 0x1634
0xab80968 T 0x1634
0x1948 N 0x194c
0xab80968 N 0xab8096c
0x1948 T 0x13db98
0x1948 N 0x194c
0xab80968 N 0xab8096c
0x1948 N 0x194c
0x1948 T 0x13db98
0xab80968 N 0xab8096c
0x1948 N 0x194c
0x1948 N 0x194c
0xab80968 T 0x1634
0xab80968 N 0xab8096c
0x1948 N 0x194c
0xab80968 T 0x1634
0x1948 T 0x13db98
0xab80968 T 0x1634
0x1948 T 0x13db98
0xab80968 T 0x1634
0xab80968 N 0xab8096c
0x1948 T 0x13db98
0xab80968 N 0xab8096c
0xab80968 N 0xab8096c
0xab80968 N 0xab8096c
0x1948 N 0x194c
0x1948 N 0x194c
0xab80968 N 0xab8096c
0x1948 T 0x13db98
0x1948 N 0x194c
0xab80968 N 0xab8096c
0x1948 T 0x13db98
0xab80968 T 0x1634
0xab80968 T 0x1634
0x1948 T 0x13db98
0xab80968 N 0xab8096c
0x1948 N 0x194c
0xab80968 T 0x1634
0xab80968 N 0xab8096c
0xab80968 T 0x1634
0x1948 T 0x13db98
0xab80968 T 0x1634
0x1948 N 0x194c
0x1948 N 0x194c
0x1948 N 0x194c
0x1948 T 0x13db98
0xab80968 N 0xab8096c
0x1948 N 0x194c
0x1948 N 0x194c
0x1948 N 0x194c
0xab80968 T 0x1634
0x1948 N 0x194c
0x1948 T 0x13db98
0x1948 T 0x13db98
0x1948 N 0x194c
0x1948 N 0x194c
0x1948 N 0x194c
0x1948 N 0x194c
0xab80968 N 0xab8096c
0xab80968 T 0x1634
0xab80968 T 0x1634
0x1948 N 0x194c
0x1948 T 0x13db98
0x1948 N 0x194c
0x1948 T 0x13db98
0x1948 T 0x13db98
0xab80968 T 0x1634
0x1948 N 0x194c
0xab80968 N 0xab8096c
0xab80968 N 0xab8096c
0xab80968 T 0x1634
0x1948 N 0x194c
0xab80968 N 0xab8096c
0x1948 T 0x13db98
0xab80968 T 0x1634
0x1948 N 0x194c
0x1948 N 0x194c
0x1948 T 0x13db98
0xab80968 N 0xab8096c
0xab80968 T 0x1634
0xab80968 T 0x1634
0x1948 N 0x194c
0x1948 T 0x13db98
0xab80968 T 0x1634
0x1948 N 0x194c
0x1948 N 0x194c
0x1948 N 0x194c
0x1948 T 0x13db98
0xab80968 T 0x1634
0xab80968 N 0xab8096c
0x1948 T 0x13db98
0x1948 T 0x13db98
0x1948 N 0x194c
0x1948 T 0x13db98
0xab80968 T 0x1634
0x1948 N 0x194c
0xab80968 T 0x1634
0x1948 N 0x194c
0xab80968 N 0xab8096c
0xab80968 N 0xab8096c
0xab80968 T 0x1634
0xab80968 N 0xab8096c
0x1948 T 0x13db98
0x1948 N 0x194c
0xab80968 N 0xab8096c
0xab80968 N 0xab8096c
0xab80968 N 0xab8096c
0xab80968 T 0x1634
0x1948 N 0x194c
0x1948 T 0x13db98
0xab80968 T 0x1634
0xab80968 N 0xab8096c
0xab80968 N 0xab8096c
0x1948 T 0x13db98
0xab80968 N 0xab8096c
0x1948 N 0x194c
0xab80968 T 0x1634
0xab80968 N 0xab8096c
0x1948 T 0x13db98
0x1948 N 0x194c
0x1948 T 0x13db98
0x1948 N 0x194c
0xab80968 T 0x1634
0x1948 N 0x194c
0x1948 T 0x13db98
0xab80968 N 0xab8096c
0xab80968 T 0x1634
0xab80968 T 0x1634
0x1948 N 0x194c
0x1948 N 0x194c
0x1948 N 0x194c
0x1948 N 0x194c
0x1948 N 0x194c
0xab80968 T 0x1634
0x1948 N 0x194c
0xab80968 N 0xab8096c
0x1948 T 0x13db98
0xab80968 T 0x1634
0xab80968 T 0x1634
0x1948 T 0x13db98
0x1948 T 0x13db98
0xab80968 N 0xab8096c
0xab80968 N 0xab8096c
0x1948 N 0x194c
0xab80968 N 0xab8096c
0x1948 N 0x194c
0xab80968 N 0xab8096c
0xab80968 N 0xab8096c
0x1948 N 0x194c
0xab80968 T 0x1634
0x1948 T 0x13db98
0x1948 N 0x194c
0xab80968 T 0x1634
0xab80968 N 0xab8096c
0xab80968 N 0xab8096c
0x1948 T 0x13db98
0x1948 N 0x194c
0x1948 N 0x194c
0x1948 N 0x194c
0x1948 T 0x13db98
0x1948 T 0x13db98
0x1948 T 0x13db98
0x1948 T 0x13db98
0xab80968 N 0xab8096c
0xab80968 N 0xab8096c
0x1948 T 0x13db98
0xab80968 T 0x1634
0x1948 N 0x194c
0x1948 N 0x194c
0xab80968 N 0xab8096c
0x1948 T 0x13db98
0xab80968 T 0x1634
0xab80968 N 0xab8096c
0x1948 N 0x194c
0xab80968 N 0xab8096c
0x1948 N 0x194c
0xab80968 N 0xab8096c
0xab80968 N 0xab8096c
0x1948 N 0x194c
0xab80968 T 0x1634
0xab80968 N 0xab8096c
flush_num: 178, br_num: 345, size: 1216b
