0x36c88 N 0x36c8c
0x5234 N 0x5238
0x5234 N 0x5238
0x5234 N 0x5238
0x5234 N 0x5238
0xf56c5c0 N 0xf56c5c4
0xf56c5c0 T 0x6c528
0xc9a2cc94 N 0xc9a2cc98
0x36c88 N 0x36c8c
0xc9a2cc94 N 0xc9a2cc98
0xf56c5c0 N 0xf56c5c4
0x36c88 N 0x36c8c
0x10d0 N 0x10d4
0xf56c5c0 N 0xf56c5c4
0xf56c5c0 T 0x6c528
0x10d0 N 0x10d4
0xc9a2cc94 N 0xc9a2cc98
0xf56c5c0 N 0xf56c5c4
0xdc88 N 0xdc8c
0xc9a2cc94 N 0xc9a2cc98
0x5234 N 0x5238
0x5234 N 0x5238
0x5234 N 0x5238
0xdc88 N 0xdc8c
0x5234 N 0x5238
0x5234 T 0xf54
0x36c88 N 0x36c8c
0x10d0 N 0x10d4
0xf56c5c0 N 0xf56c5c4
0xf56c5c0 T 0x6c528
0x36c88 N 0x36c8c
0x10d0 N 0x10d4
0xf56c5c0 N 0xf56c5c4
0xdc88 N 0xdc8c
0xf56c5c0 N 0xf56c5c4
0xf56c5c0 N 0xf56c5c4
0xdc88 N 0xdc8c
0x36c88 T 0x707af4
0xc9a2cc94 N 0xc9a2cc98
0x36c88 N 0x36c8c
0xdc88 T 0x98565a60
0x10d0 N 0x10d4
0x36c88 N 0x36c8c
0x5234 N 0x5238
0x5234 T 0xf54
0x5234 T 0xf54
0x10d0 N 0x10d4
0x5234 N 0x5238
0x36c88 N 0x36c8c
0x36c88 T 0x98565a60
0x5234 N 0x5238
0xdc88 N 0xdc8c
0x5234 N 0x5238
0x5234 T 0xf54
0xc9a2cc94 T 0xf54
0x36c88 N 0x36c8c
0xdc88 T 0x98565a60
0x5234 N 0x5238
0xdc88 N 0xdc8c
0x5234 N 0x5238
0x10d0 N 0x10d4
0x36c88 N 0x36c8c
0xdc88 T 0x98565a60
0xf56c5c0 N 0xf56c5c4
0x36c88 N 0x36c8c
0xdc88 T 0x98565a60
0x5234 N 0x5238
0xc9a2cc94 T 0xf54
0x10d0 N 0x10d4
0xdc88 N 0xdc8c
0x5234 N 0x5238
0x5234 T 0xf54
0xc9a2cc94 T 0xf54
0x10d0 N 0x10d4
0xdc88 N 0xdc8c
0x5234 N 0x5238
0x36c88 N 0x36c8c
0xc9a2cc94 N 0xc9a2cc98
0xf56c5c0 N 0xf56c5c4
0xdc88 N 0xdc8c
0xc9a2cc94 N 0xc9a2cc98
0x5234 T 0x46e7728
0x5234 T 0xf54
0xf56c5c0 N 0xf56c5c4
0x36c88 N 0x36c8c
0xc9a2cc94 N 0xc9a2cc98
0xc9a2cc94 T 0x46e7728
0xc9a2cc94 T 0x46e7728
0xc9a2cc94 T 0x46e7728
0xdc88 N 0xdc8c
0xdc88 T 0x707af4
0xf56c5c0 N 0xf56c5c4
0xdc88 N 0xdc8c
0x36c88 T 0x707af4
0xdc88 T 0x98565a60
0x36c88 T 0x707af4
0x10d0 N 0x10d4
0xf56c5c0 N 0xf56c5c4
0x10d0 N 0x10d4
0x10d0 T 0xfe4
0x5234 N 0x5238
0x36c88 N 0x36c8c
0xdc88 T 0x98565a60
0x10d0 N 0x10d4
0xc9a2cc94 N 0xc9a2cc98
0xc9a2cc94 T 0x46e7728
0x5234 T 0x46e7728
0x10d0 N 0x10d4
0xdc88 N 0xdc8c
0x10d0 N 0x10d4
0xdc88 N 0xdc8c
0x10d0 N 0x10d4
0xf56c5c0 N 0xf56c5c4
0x10d0 N 0x10d4
0x5234 N 0x5238
0xdc88 N 0xdc8c
0x5234 N 0x5238
0xdc88 N 0xdc8c
0x36c88 T 0x707af4
0xf56c5c0 N 0xf56c5c4
0x10d0 N 0x10d4
0x10d0 T 0xfe4
0x36c88 N 0x36c8c
0x10d0 N 0x10d4
0x10d0 T 0xfe4
0xdc88 N 0xdc8c
0x36c88 T 0x707af4
0xf56c5c0 N 0xf56c5c4
0xf56c5c0 T 0x6c528
0xc9a2cc94 N 0xc9a2cc98
0x5234 T 0x46e7728
0x5234 T 0xf54
0xc9a2cc94 T 0xf54
0x10d0 N 0x10d4
0x5234 N 0x5238
0xf56c5c0 N 0xf56c5c4
0xf56c5c0 T 0x6c528
0xf56c5c0 T 0x6c528
0x36c88 N 0x36c8c
0x10d0 N 0x10d4
0x5234 N 0x5238
0x10d0 N 0x10d4
0x10d0 T 0xfe4
0xc9a2cc94 N 0xc9a2cc98
0xc9a2cc94 T 0x46e7728
0x10d0 N 0x10d4
0x36c88 N 0x36c8c
0xdc88 T 0x98565a60
0x5234 N 0x5238
0xc9a2cc94 T 0xf54
0x5234 T 0x46e7728
0xf56c5c0 N 0xf56c5c4
0x10d0 N 0x10d4
0xc9a2cc94 N 0xc9a2cc98
0xdc88 N 0xdc8c
0xdc88 T 0x707af4
0xf56c5c0 N 0xf56c5c4
0x36c88 N 0x36c8c
0xf56c5c0 N 0xf56c5c4
0xc9a2cc94 N 0xc9a2cc98
0x36c88 N 0x36c8c
0xc9a2cc94 N 0xc9a2cc98
0x10d0 N 0x10d4
0xdc88 N 0xdc8c
0xf56c5c0 N 0xf56c5c4
0xdc88 N 0xdc8c
0xdc88 T 0x707af4
0xc9a2cc94 N 0xc9a2cc98
0xc9a2cc94 T 0x46e7728
0xc9a2cc94 T 0x46e7728
0xc9a2cc94 T 0x46e7728
0xdc88 N 0xdc8c
0x5234 N 0x5238
0xdc88 N 0xdc8c
0x36c88 N 0x36c8c
0xc9a2cc94 N 0xc9a2cc98
0xdc88 N 0xdc8c
0x10d0 N 0x10d4
0xc9a2cc94 N 0xc9a2cc98
0x36c88 N 0x36c8c
0xc9a2cc94 N 0xc9a2cc98
0x10d0 N 0x10d4
0x5234 N 0x5238
0xdc88 N 0xdc8c
0x5234 N 0x5238
0x36c88 N 0x36c8c
0xc9a2cc94 N 0xc9a2cc98
0x10d0 N 0x10d4
0xf56c5c0 N 0xf56c5c4
0x36c88 N 0x36c8c
0x10d0 N 0x10d4
0x10d0 T 0xfe4
0xf56c5c0 N 0xf56c5c4
0xdc88 N 0xdc8c
0xdc88 T 0x707af4
0xdc88 T 0x707af4
0xc9a2cc94 N 0xc9a2cc98
0xf56c5c0 N 0xf56c5c4
0xf56c5c0 T 0x6c528
0x5234 N 0x5238
0x36c88 N 0x36c8c
0xf56c5c0 N 0xf56c5c4
0x36c88 N 0x36c8c
0xc9a2cc94 N 0xc9a2cc98
0xc9a2cc94 T 0x46e7728
0xdc88 N 0xdc8c
0x10d0 N 0x10d4
0x5234 N 0x5238
0xf56c5c0 N 0xf56c5c4
0x10d0 N 0x10d4
0x36c88 N 0x36c8c
0xdc88 T 0x98565a60
0xdc88 T 0x707af4
0x36c88 N 0x36c8c
0xdc88 T 0x98565a60
0x36c88 T 0x707af4
0x10d0 N 0x10d4
0xc9a2cc94 N 0xc9a2cc98
0x5234 T 0x46e7728
0xdc88 N 0xdc8c
0x5234 N 0x5238
0x36c88 N 0x36c8c
0xdc88 N 0xdc8c
0x5234 N 0x5238
0x36c88 N 0x36c8c
0xf56c5c0 N 0xf56c5c4
0xdc88 N 0xdc8c
0xc9a2cc94 N 0xc9a2cc98
0xdc88 N 0xdc8c
0xc9a2cc94 N 0xc9a2cc98
0x36c88 N 0x36c8c
0xdc88 T 0x98565a60
0x36c88 T 0x707af4
0xf56c5c0 N 0xf56c5c4
0xc9a2cc94 N 0xc9a2cc98
0x10d0 N 0x10d4
0xdc88 N 0xdc8c
0xc9a2cc94 N 0xc9a2cc98
0xdc88 N 0xdc8c
0x10d0 N 0x10d4
0x10d0 T 0xfe4
0xf56c5c0 N 0xf56c5c4
0x36c88 N 0x36c8c
0x36c88 T 0x98565a60
0x10d0 N 0x10d4
0xc9a2cc94 N 0xc9a2cc98
0xdc88 N 0xdc8c
0xf56c5c0 N 0xf56c5c4
0xf56c5c0 T 0x6c528
0xf56c5c0 T 0x6c528
0x36c88 N 0x36c8c
0xf56c5c0 N 0xf56c5c4
0x36c88 N 0x36c8c
0x10d0 N 0x10d4
0x10d0 T 0xfe4
0xf56c5c0 N 0xf56c5c4
0x5234 N 0x5238
0x10d0 N 0x10d4
0xc9a2cc94 N 0xc9a2cc98
0xdc88 N 0xdc8c
0xf56c5c0 N 0xf56c5c4
0xc9a2cc94 N 0xc9a2cc98
0x5234 T 0x46e7728
0x5234 T 0xf54
0xdc88 N 0xdc8c
0x10d0 N 0x10d4
0xdc88 N 0xdc8c
0xf56c5c0 N 0xf56c5c4
0xf56c5c0 T 0x6c528
0xf56c5c0 T 0x6c528
0xc9a2cc94 N 0xc9a2cc98
0x5234 T 0x46e7728
0xc9a2cc94 T 0xf54
0x10d0 N 0x10d4
0xf56c5c0 N 0xf56c5c4
0x36c88 N 0x36c8c
0xdc88 T 0x98565a60
0xdc88 T 0x707af4
0xc9a2cc94 N 0xc9a2cc98
0x36c88 N 0x36c8c
0xf56c5c0 N 0xf56c5c4
0x36c88 N 0x36c8c
0x36c88 T 0x98565a60
0xc9a2cc94 N 0xc9a2cc98
0x5234 T 0x46e7728
0xc9a2cc94 T 0xf54
0xc9a2cc94 T 0x46e7728
0x36c88 N 0x36c8c
0xc9a2cc94 N 0xc9a2cc98
0xc9a2cc94 T 0x46e7728
0x36c88 N 0x36c8c
0x10d0 N 0x10d4
0xf56c5c0 N 0xf56c5c4
0xf56c5c0 T 0x6c528
0x5234 N 0x5238
0x10d0 N 0x10d4
0x36c88 N 0x36c8c
0xf56c5c0 N 0xf56c5c4
0xdc88 N 0xdc8c
0x5234 N 0x5238
0xdc88 N 0xdc8c
0xf56c5c0 N 0xf56c5c4
0x5234 N 0x5238
0xdc88 N 0xdc8c
0x5234 N 0x5238
0xc9a2cc94 T 0xf54
0xc9a2cc94 T 0x46e7728
0x10d0 N 0x10d4
0x36c88 N 0x36c8c
0x10d0 N 0x10d4
0x5234 N 0x5238
0x10d0 N 0x10d4
0xf56c5c0 N 0xf56c5c4
0xdc88 N 0xdc8c
0xc9a2cc94 N 0xc9a2cc98
0xdc88 N 0xdc8c
0xf56c5c0 N 0xf56c5c4
0xc9a2cc94 N 0xc9a2cc98
0x10d0 N 0x10d4
0x36c88 N 0x36c8c
0xc9a2cc94 N 0xc9a2cc98
0x5234 T 0x46e7728
0x5234 T 0xf54
0xdc88 N 0xdc8c
0xf56c5c0 N 0xf56c5c4
0xdc88 N 0xdc8c
0xf56c5c0 N 0xf56c5c4
0x5234 N 0x5238
0xc9a2cc94 T 0xf54
0x10d0 N 0x10d4
0xc9a2cc94 N 0xc9a2cc98
0x36c88 N 0x36c8c
0xdc88 T 0x98565a60
0x36c88 T 0x707af4
0xdc88 T 0x98565a60
0xdc88 T 0x707af4
0x5234 N 0x5238
0xf56c5c0 N 0xf56c5c4
0xdc88 N 0xdc8c
0xc9a2cc94 N 0xc9a2cc98
0x36c88 N 0x36c8c
0x10d0 N 0x10d4
0xdc88 N 0xdc8c
0xdc88 T 0x707af4
0xdc88 N 0xdc8c
0x36c88 N 0x36c8c
0xdc88 T 0x98565a60
0x10d0 N 0x10d4
0x36c88 N 0x36c8c
0x5234 N 0x5238
0x5234 T 0xf54
0x5234 T 0xf54
0xc9a2cc94 T 0xf54
0x5234 T 0x46e7728
0x10d0 N 0x10d4
0xdc88 N 0xdc8c
0x5234 N 0x5238
0xdc88 N 0xdc8c
0x5234 N 0x5238
0xdc88 N 0xdc8c
0x10d0 N 0x10d4
0x10d0 T 0xfe4
0x10d0 T 0xfe4
0xf56c5c0 N 0xf56c5c4
0xf56c5c0 T 0x6c528
0x10d0 N 0x10d4
0xc9a2cc94 N 0xc9a2cc98
0x5234 T 0x46e7728
0x36c88 N 0x36c8c
0xc9a2cc94 N 0xc9a2cc98
0xdc88 N 0xdc8c
0xdc88 N 0xdc8c
0x36c88 N 0x36c8c
0x5234 N 0x5238
0xdc88 N 0xdc8c
0xc9a2cc94 N 0xc9a2cc98
0x10d0 N 0x10d4
0xf56c5c0 N 0xf56c5c4
0xc9a2cc94 N 0xc9a2cc98
0x10d0 N 0x10d4
0xdc88 N 0xdc8c
0xdc88 N 0xdc8c
0xdc88 N 0xdc8c
0xc9a2cc94 N 0xc9a2cc98
0x36c88 N 0x36c8c
0xdc88 T 0x98565a60
0x36c88 T 0x707af4
0x5234 N 0x5238
0xdc88 N 0xdc8c
0x10d0 N 0x10d4
0x36c88 N 0x36c8c
0xdc88 N 0xdc8c
0xc9a2cc94 N 0xc9a2cc98
0x10d0 N 0x10d4
0xf56c5c0 N 0xf56c5c4
0xdc88 N 0xdc8c
0xf56c5c0 N 0xf56c5c4
0x5234 N 0x5238
0x10d0 N 0x10d4
0x10d0 T 0xfe4
0x36c88 N 0x36c8c
0xc9a2cc94 N 0xc9a2cc98
0x5234 T 0x46e7728
0x5234 N 0x5238
0x10d0 N 0x10d4
0x36c88 N 0x36c8c
0x5234 N 0x5238
0x5234 T 0xf54
0xc9a2cc94 T 0xf54
0x10d0 N 0x10d4
0x5234 N 0x5238
0xf56c5c0 N 0xf56c5c4
0xf56c5c0 T 0x6c528
0x10d0 N 0x10d4
0xc9a2cc94 N 0xc9a2cc98
0xf56c5c0 N 0xf56c5c4
0xf56c5c0 T 0x6c528
0x36c88 N 0x36c8c
0xc9a2cc94 N 0xc9a2cc98
0xdc88 N 0xdc8c
0xf56c5c0 N 0xf56c5c4
0x36c88 N 0x36c8c
0x10d0 N 0x10d4
0x5234 N 0x5238
0x5234 T 0xf54
0xc9a2cc94 T 0xf54
0xdc88 N 0xdc8c
0x36c88 T 0x707af4
0x36c88 T 0x98565a60
0x5234 N 0x5238
0x5234 T 0xf54
0x10d0 N 0x10d4
0x36c88 N 0x36c8c
0x36c88 N 0x36c8c
0x36c88 N 0x36c8c
0x36c88 T 0x98565a60
0x36c88 T 0x98565a60
0x36c88 T 0x98565a60
0x5234 N 0x5238
0xc9a2cc94 T 0xf54
0x10d0 N 0x10d4
0x5234 N 0x5238
0x36c88 N 0x36c8c
0x5234 N 0x5238
0xc9a2cc94 T 0xf54
0x5234 T 0x46e7728
0xdc88 N 0xdc8c
0xc9a2cc94 N 0xc9a2cc98
0x10d0 N 0x10d4
0x36c88 N 0x36c8c
0xf56c5c0 N 0xf56c5c4
0x10d0 N 0x10d4
0xdc88 N 0xdc8c
0xdc88 T 0x707af4
0x10d0 N 0x10d4
0xdc88 N 0xdc8c
0xdc88 T 0x707af4
0xf56c5c0 N 0xf56c5c4
0x36c88 N 0x36c8c
0x36c88 T 0x98565a60
0x36c88 T 0x98565a60
0xc9a2cc94 N 0xc9a2cc98
0xf56c5c0 N 0xf56c5c4
0x10d0 N 0x10d4
0x5234 N 0x5238
0xf56c5c0 N 0xf56c5c4
0x5234 N 0x5238
0xdc88 N 0xdc8c
0x5234 N 0x5238
0xc9a2cc94 N 0xc9a2cc98
0x36c88 N 0x36c8c
0xf56c5c0 N 0xf56c5c4
0x5234 N 0x5238
0xf56c5c0 N 0xf56c5c4
0xdc88 N 0xdc8c
0xdc88 T 0x707af4
0xf56c5c0 N 0xf56c5c4
0xdc88 N 0xdc8c
0xf56c5c0 N 0xf56c5c4
0xf56c5c0 T 0x6c528
0xdc88 N 0xdc8c
0x36c88 T 0x707af4
0x10d0 N 0x10d4
0x10d0 T 0xfe4
0x36c88 N 0x36c8c
0x36c88 T 0x98565a60
0x5234 N 0x5238
0xc9a2cc94 T 0xf54
0x5234 T 0x46e7728
0xf56c5c0 N 0xf56c5c4
0xdc88 N 0xdc8c
0x36c88 T 0x707af4
0x10d0 N 0x10d4
0x5234 N 0x5238
0xdc88 N 0xdc8c
0x36c88 T 0x707af4
0x5234 N 0x5238
0x10d0 N 0x10d4
0x5234 N 0x5238
0xf56c5c0 N 0xf56c5c4
0x36c88 N 0x36c8c
0xf56c5c0 N 0xf56c5c4
0x10d0 N 0x10d4
0xf56c5c0 N 0xf56c5c4
0xdc88 N 0xdc8c
0xdc88 T 0x707af4
0x10d0 N 0x10d4
0x36c88 N 0x36c8c
0xf56c5c0 N 0xf56c5c4
0xdc88 N 0xdc8c
0x10d0 N 0x10d4
0xf56c5c0 N 0xf56c5c4
0x5234 N 0x5238
0xc9a2cc94 T 0xf54
0x10d0 N 0x10d4
0xf56c5c0 N 0xf56c5c4
0x36c88 N 0x36c8c
0x5234 N 0x5238
0x10d0 N 0x10d4
0xdc88 N 0xdc8c
0x5234 N 0x5238
0xc9a2cc94 T 0xf54
0xf56c5c0 N 0xf56c5c4
0xf56c5c0 T 0x6c528
0x5234 N 0x5238
0xdc88 N 0xdc8c
0xc9a2cc94 N 0xc9a2cc98
0xf56c5c0 N 0xf56c5c4
0xc9a2cc94 N 0xc9a2cc98
0xc9a2cc94 T 0x46e7728
0x5234 T 0x46e7728
0xf56c5c0 N 0xf56c5c4
0xc9a2cc94 N 0xc9a2cc98
0x10d0 N 0x10d4
0xc9a2cc94 N 0xc9a2cc98
0x5234 T 0x46e7728
0x5234 T 0xf54
0xc9a2cc94 T 0xf54
0x5234 T 0x46e7728
0x5234 T 0xf54
0x10d0 N 0x10d4
0xdc88 N 0xdc8c
0x5234 N 0x5238
0x36c88 N 0x36c8c
0x36c88 T 0x98565a60
0xf56c5c0 N 0xf56c5c4
0x5234 N 0x5238
0x10d0 N 0x10d4
0x5234 N 0x5238
0x36c88 N 0x36c8c
0xf56c5c0 N 0xf56c5c4
0x10d0 N 0x10d4
0x10d0 T 0xfe4
0x10d0 T 0xfe4
0x5234 N 0x5238
0x10d0 N 0x10d4
0x10d0 T 0xfe4
0x5234 N 0x5238
0x10d0 N 0x10d4
0x10d0 T 0xfe4
0x36c88 N 0x36c8c
0xdc88 T 0x98565a60
0xdc88 T 0x707af4
0xdc88 T 0x707af4
0x5234 N 0x5238
0x10d0 N 0x10d4
0xc9a2cc94 N 0xc9a2cc98
0x10d0 N 0x10d4
0x5234 N 0x5238
0x5234 T 0xf54
0x10d0 N 0x10d4
0x10d0 T 0xfe4
0x10d0 T 0xfe4
0x36c88 N 0x36c8c
0x5234 N 0x5238
0x5234 T 0xf54
0xc9a2cc94 T 0xf54
0x36c88 N 0x36c8c
0x10d0 N 0x10d4
0xf56c5c0 N 0xf56c5c4
0x36c88 N 0x36c8c
0xc9a2cc94 N 0xc9a2cc98
0x10d0 N 0x10d4
0xc9a2cc94 N 0xc9a2cc98
0xdc88 N 0xdc8c
0xdc88 T 0x707af4
0x36c88 T 0x707af4
0xf56c5c0 N 0xf56c5c4
0x5234 N 0x5238
0xc9a2cc94 T 0xf54
0xf56c5c0 N 0xf56c5c4
0x5234 N 0x5238
0xc9a2cc94 T 0xf54
0x36c88 N 0x36c8c
0x10d0 N 0x10d4
0x10d0 T 0xfe4
0xc9a2cc94 N 0xc9a2cc98
0xdc88 N 0xdc8c
0xdc88 T 0x707af4
0xf56c5c0 N 0xf56c5c4
0xf56c5c0 T 0x6c528
0xdc88 N 0xdc8c
0xf56c5c0 N 0xf56c5c4
0x5234 N 0x5238
0xf56c5c0 N 0xf56c5c4
0x10d0 N 0x10d4
0xdc88 N 0xdc8c
0xdc88 T 0x707af4
0x36c88 T 0x707af4
0xc9a2cc94 N 0xc9a2cc98
0x5234 T 0x46e7728
0x10d0 N 0x10d4
0xc9a2cc94 N 0xc9a2cc98
0x5234 N 0x5238
0x5234 N 0x5238
0x5234 N 0x5238
0x10d0 N 0x10d4
0x5234 N 0x5238
0xc9a2cc94 T 0xf54
0xc9a2cc94 T 0x46e7728
0xdc88 N 0xdc8c
0x36c88 T 0x707af4
0x10d0 N 0x10d4
0x5234 N 0x5238
0x36c88 N 0x36c8c
0x36c88 T 0x98565a60
0x36c88 T 0x98565a60
0xdc88 T 0x98565a60
0xdc88 N 0xdc8c
0xc9a2cc94 N 0xc9a2cc98
0xdc88 N 0xdc8c
0x5234 N 0x5238
0xf56c5c0 N 0xf56c5c4
0x36c88 N 0x36c8c
0xc9a2cc94 N 0xc9a2cc98
0xc9a2cc94 T 0x46e7728
0xf56c5c0 N 0xf56c5c4
0x10d0 N 0x10d4
0x5234 N 0x5238
0x36c88 N 0x36c8c
0x5234 N 0x5238
0xc9a2cc94 T 0xf54
0x10d0 N 0x10d4
0xdc88 N 0xdc8c
0x5234 N 0x5238
0xf56c5c0 N 0xf56c5c4
0xc9a2cc94 N 0xc9a2cc98
0xf56c5c0 N 0xf56c5c4
0x10d0 N 0x10d4
0x36c88 N 0x36c8c
0xdc88 T 0x98565a60
0xf56c5c0 N 0xf56c5c4
0xc9a2cc94 N 0xc9a2cc98
0xdc88 N 0xdc8c
0x10d0 N 0x10d4
0xdc88 N 0xdc8c
0xf56c5c0 N 0xf56c5c4
0xf56c5c0 T 0x6c528
0xdc88 N 0xdc8c
0x5234 N 0x5238
0xc9a2cc94 T 0xf54
0xf56c5c0 N 0xf56c5c4
0xc9a2cc94 N 0xc9a2cc98
0xf56c5c0 N 0xf56c5c4
0xf56c5c0 T 0x6c528
0xf56c5c0 T 0x6c528
0xc9a2cc94 N 0xc9a2cc98
0xc9a2cc94 T 0x46e7728
0x36c88 N 0x36c8c
0xc9a2cc94 N 0xc9a2cc98
0xc9a2cc94 T 0x46e7728
0x5234 T 0x46e7728
0x5234 T 0xf54
0x36c88 N 0x36c8c
0x5234 N 0x5238
0xf56c5c0 N 0xf56c5c4
0x5234 N 0x5238
0x5234 T 0xf54
0xf56c5c0 N 0xf56c5c4
0xc9a2cc94 N 0xc9a2cc98
0xc9a2cc94 T 0x46e7728
0xf56c5c0 N 0xf56c5c4
0x36c88 N 0x36c8c
0x5234 N 0x5238
0x10d0 N 0x10d4
0xf56c5c0 N 0xf56c5c4
0x36c88 N 0x36c8c
0xf56c5c0 N 0xf56c5c4
0xc9a2cc94 N 0xc9a2cc98
0xdc88 N 0xdc8c
0xf56c5c0 N 0xf56c5c4
0x10d0 N 0x10d4
0x10d0 T 0xfe4
0xc9a2cc94 N 0xc9a2cc98
0xf56c5c0 N 0xf56c5c4
0x10d0 N 0x10d4
0x36c88 N 0x36c8c
0x36c88 T 0x98565a60
0x36c88 T 0x98565a60
0xc9a2cc94 N 0xc9a2cc98
0xf56c5c0 N 0xf56c5c4
0xf56c5c0 T 0x6c528
0xf56c5c0 T 0x6c528
0xf56c5c0 T 0x6c528
0xc9a2cc94 N 0xc9a2cc98
0x5234 T 0x46e7728
0x5234 T 0xf54
0xdc88 N 0xdc8c
0x36c88 T 0x707af4
0x5234 N 0x5238
0x10d0 N 0x10d4
0x5234 N 0x5238
0x5234 T 0xf54
0xdc88 N 0xdc8c
0xdc88 T 0x707af4
0x10d0 N 0x10d4
0xc9a2cc94 N 0xc9a2cc98
0x10d0 N 0x10d4
0xc9a2cc94 N 0xc9a2cc98
0xc9a2cc94 T 0x46e7728
0xdc88 N 0xdc8c
0xf56c5c0 N 0xf56c5c4
0xdc88 N 0xdc8c
0xdc88 T 0x707af4
0xf56c5c0 N 0xf56c5c4
0xf56c5c0 T 0x6c528
0xdc88 N 0xdc8c
0xf56c5c0 N 0xf56c5c4
0x5234 N 0x5238
0x5234 T 0xf54
0x10d0 N 0x10d4
0x36c88 N 0x36c8c
0xdc88 T 0x98565a60
0x36c88 N 0x36c8c
0xc9a2cc94 N 0xc9a2cc98
0x36c88 N 0x36c8c
0xc9a2cc94 N 0xc9a2cc98
0x36c88 N 0x36c8c
0x10d0 N 0x10d4
0x10d0 T 0xfe4
0x5234 N 0x5238
0x10d0 N 0x10d4
0xdc88 N 0xdc8c
0xc9a2cc94 N 0xc9a2cc98
0x10d0 N 0x10d4
0x10d0 T 0xfe4
0x5234 N 0x5238
0x36c88 N 0x36c8c
0xc9a2cc94 N 0xc9a2cc98
0xf56c5c0 N 0xf56c5c4
0xdc88 N 0xdc8c
0x36c88 T 0x707af4
0x10d0 N 0x10d4
0xc9a2cc94 N 0xc9a2cc98
0xf56c5c0 N 0xf56c5c4
0x5234 N 0x5238
0x5234 T 0xf54
0x10d0 N 0x10d4
0x5234 N 0x5238
0x10d0 N 0x10d4
0x5234 N 0x5238
0xdc88 N 0xdc8c
0x36c88 T 0x707af4
0xf56c5c0 N 0xf56c5c4
0x5234 N 0x5238
0x10d0 N 0x10d4
0xc9a2cc94 N 0xc9a2cc98
0xf56c5c0 N 0xf56c5c4
0x36c88 N 0x36c8c
0xf56c5c0 N 0xf56c5c4
0xc9a2cc94 N 0xc9a2cc98
0xdc88 N 0xdc8c
0xdc88 T 0x707af4
0xdc88 T 0x707af4
0xf56c5c0 N 0xf56c5c4
0x5234 N 0x5238
0xf56c5c0 N 0xf56c5c4
0x36c88 N 0x36c8c
0x10d0 N 0x10d4
0x36c88 N 0x36c8c
0xf56c5c0 N 0xf56c5c4
0xc9a2cc94 N 0xc9a2cc98
0x5234 T 0x46e7728
0xf56c5c0 N 0xf56c5c4
0x10d0 N 0x10d4
0xf56c5c0 N 0xf56c5c4
0x5234 N 0x5238
0x36c88 N 0x36c8c
0xc9a2cc94 N 0xc9a2cc98
0xdc88 N 0xdc8c
0xdc88 N 0xdc8c
0x36c88 T 0x707af4
0xc9a2cc94 N 0xc9a2cc98
0x36c88 N 0x36c8c
0x10d0 N 0x10d4
0xf56c5c0 N 0xf56c5c4
0xc9a2cc94 N 0xc9a2cc98
0xf56c5c0 N 0xf56c5c4
0xf56c5c0 T 0x6c528
0xdc88 N 0xdc8c
0x36c88 T 0x707af4
0x5234 N 0x5238
0xdc88 N 0xdc8c
0x5234 N 0x5238
0xdc88 N 0xdc8c
0x36c88 T 0x707af4
0xdc88 T 0x98565a60
0x36c88 T 0x707af4
0x5234 N 0x5238
0x10d0 N 0x10d4
0xdc88 N 0xdc8c
0xdc88 T 0x707af4
0x36c88 T 0x707af4
0xf56c5c0 N 0xf56c5c4
0x36c88 N 0x36c8c
0xf56c5c0 N 0xf56c5c4
0xdc88 N 0xdc8c
0xc9a2cc94 N 0xc9a2cc98
0xc9a2cc94 T 0x46e7728
0x36c88 N 0x36c8c
0xf56c5c0 N 0xf56c5c4
0xdc88 N 0xdc8c
0x10d0 N 0x10d4
0x10d0 T 0xfe4
0x10d0 T 0xfe4
0x5234 N 0x5238
0xf56c5c0 N 0xf56c5c4
0xdc88 N 0xdc8c
0xdc88 T 0x707af4
0xf56c5c0 N 0xf56c5c4
0x10d0 N 0x10d4
0xdc88 N 0xdc8c
0x10d0 N 0x10d4
0x10d0 T 0xfe4
0xdc88 N 0xdc8c
0xdc88 N 0xdc8c
0xc9a2cc94 N 0xc9a2cc98
0xdc88 N 0xdc8c
0x5234 N 0x5238
0x10d0 N 0x10d4
0xf56c5c0 N 0xf56c5c4
0xdc88 N 0xdc8c
0xdc88 T 0x707af4
0x36c88 T 0x707af4
0x36c88 N 0x36c8c
0x5234 N 0x5238
0x10d0 N 0x10d4
0xdc88 N 0xdc8c
0x5234 N 0x5238
0xdc88 N 0xdc8c
0x5234 N 0x5238
0xf56c5c0 N 0xf56c5c4
0x5234 N 0x5238
0xf56c5c0 N 0xf56c5c4
0x36c88 N 0x36c8c
0x10d0 N 0x10d4
0xf56c5c0 N 0xf56c5c4
0xf56c5c0 T 0x6c528
0x5234 N 0x5238
0xf56c5c0 N 0xf56c5c4
0xf56c5c0 T 0x6c528
0x5234 N 0x5238
0x10d0 N 0x10d4
0x36c88 N 0x36c8c
0xf56c5c0 N 0xf56c5c4
0x36c88 N 0x36c8c
0xc9a2cc94 N 0xc9a2cc98
0xdc88 N 0xdc8c
0x5234 N 0x5238
0xdc88 N 0xdc8c
0x5234 N 0x5238
0x10d0 N 0x10d4
0x10d0 T 0xfe4
0xdc88 N 0xdc8c
0x36c88 T 0x707af4
0xc9a2cc94 N 0xc9a2cc98
0x36c88 N 0x36c8c
0x10d0 N 0x10d4
0x36c88 N 0x36c8c
0xc9a2cc94 N 0xc9a2cc98
0x10d0 N 0x10d4
0x5234 N 0x5238
0x10d0 N 0x10d4
0xf56c5c0 N 0xf56c5c4
0x10d0 N 0x10d4
0x5234 N 0x5238
0xc9a2cc94 T 0xf54
0x10d0 N 0x10d4
0xdc88 N 0xdc8c
0x5234 N 0x5238
0xc9a2cc94 N 0xc9a2cc98
0x10d0 N 0x10d4
0xdc88 N 0xdc8c
0x36c88 T 0x707af4
0xdc88 T 0x98565a60
0xf56c5c0 N 0xf56c5c4
0xdc88 N 0xdc8c
0xf56c5c0 N 0xf56c5c4
0xf56c5c0 T 0x6c528
0x36c88 N 0x36c8c
0x36c88 T 0x98565a60
0xf56c5c0 N 0xf56c5c4
0xdc88 N 0xdc8c
0x5234 N 0x5238
0x10d0 N 0x10d4
0x5234 N 0x5238
0xf56c5c0 N 0xf56c5c4
0x10d0 N 0x10d4
0x10d0 T 0xfe4
0x36c88 N 0x36c8c
0xc9a2cc94 N 0xc9a2cc98
0x5234 T 0x46e7728
0x10d0 N 0x10d4
0xc9a2cc94 N 0xc9a2cc98
0xdc88 N 0xdc8c
0x36c88 T 0x707af4
0xf56c5c0 N 0xf56c5c4
0xc9a2cc94 N 0xc9a2cc98
0xf56c5c0 N 0xf56c5c4
0x36c88 N 0x36c8c
0xdc88 T 0x98565a60
flush_num: 501, br_num: 921, size: 53b
