0xc00 N 0xc04
0x6f90 N 0x6f94
0x744 N 0x748
0xdd4 N 0xdd8
0xa5cc N 0xa5d0
0xdd4 T 0xf3380
0x18f8 N 0x18fc
0x6737cd0 N 0x6737cd4
0x700708 N 0x70070c
0x109664 N 0x109668
0x744 N 0x748
0x241887a0 N 0x241887a4
0x6737cd0 N 0x6737cd4
0x740 N 0x744
0x85195954 N 0x85195958
0xb690 N 0xb694
0xc7dc N 0xc7e0
0x744 N 0x748
0x11c N 0x120
0x22a50 N 0x22a54
0x1e495c N 0x1e4960
0xa220a640 N 0xa220a644
0x783c N 0x7840
0x6f90 N 0x6f94
0xd7f8 N 0xd7fc
0x700708 N 0x70070c
0xab7c N 0xab80
0x1b0e14 N 0x1b0e18
0x109664 N 0x109668
0xa5cc N 0xa5d0
0x2c0878 N 0x2c087c
0xf160 N 0xf164
0x1ac0 N 0x1ac4
0x740 N 0x744
0x700708 N 0x70070c
0xab1314 N 0xab1318
0xa220a640 N 0xa220a644
0x6f90 N 0x6f94
0xb690 N 0xb694
0x671cd980 N 0x671cd984
0x45048 N 0x4504c
0xd027c N 0xd0280
0xcba7d1c N 0xcba7d20
0x744 N 0x748
0x8f8c51ac N 0x8f8c51b0
0x85195954 N 0x85195958
0x241887a0 N 0x241887a4
0x85195954 T 0xea20
0x700708 N 0x70070c
0x8f8c51ac N 0x8f8c51b0
0xab7c N 0xab80
0xb3640 N 0xb3644
0x744 N 0x748
0xc7dc N 0xc7e0
0xd027c N 0xd0280
0x671cd980 N 0x671cd984
0xc7dc N 0xc7e0
0xc00 N 0xc04
0xab1314 N 0xab1318
0xd7f8 N 0xd7fc
0x1ac0 N 0x1ac4
0x6737cd0 N 0x6737cd4
0xe28 N 0xe2c
0x45e0 N 0x45e4
0xe28 N 0xe2c
0x8094f4 N 0x8094f8
0x2c0878 N 0x2c087c
0x2c0878 T 0xa0e0
0x8d957b00 N 0x8d957b04
0xcba7d1c N 0xcba7d20
0xdd4 N 0xdd8
0x744 N 0x748
0x45e0 N 0x45e4
0x783c N 0x7840
0xa5cc N 0xa5d0
0x45e0 N 0x45e4
0x744 T 0x1c4
0x744 T 0x1c4
0x22a50 N 0x22a54
0xa5cc T 0x15f0
0xe28 N 0xe2c
0x6f90 N 0x6f94
0xa5cc T 0x15f0
0x783c N 0x7840
0x6f90 T 0x7f7792a0
0xd027c N 0xd0280
0x241887a0 N 0x241887a4
0x22a50 N 0x22a54
0x671cd980 N 0x671cd984
0x6737cd0 N 0x6737cd4
0xc00 N 0xc04
0x9a4 N 0x9a8
0xb3640 N 0xb3644
0x18f8 N 0x18fc
0xf160 N 0xf164
0x744 N 0x748
0x783c N 0x7840
0x109664 N 0x109668
0xdd4 N 0xdd8
0x700708 N 0x70070c
0xa220a640 N 0xa220a644
0x45048 N 0x4504c
0x9a4 N 0x9a8
0x700708 N 0x70070c
0x45048 N 0x4504c
0x11c N 0x120
0x1e495c N 0x1e4960
0x31e7f29c N 0x31e7f2a0
0xa5cc N 0xa5d0
0x6f90 N 0x6f94
0x8f8c51ac N 0x8f8c51b0
0x1b0e14 N 0x1b0e18
0x85195954 N 0x85195958
0x1e495c N 0x1e4960
0x791d6e4 N 0x791d6e8
0x6737cd0 N 0x6737cd4
0x6737cd0 T 0xde568e0
0xf160 N 0xf164
0x109664 N 0x109668
0x1ac0 N 0x1ac4
0x45e0 N 0x45e4
0x18f8 N 0x18fc
0x740 N 0x744
0x109664 T 0x97c6d800
0x11c N 0x120
0x9a4 N 0x9a8
0xd7f8 N 0xd7fc
0xb690 N 0xb694
0x9a4 N 0x9a8
0xf160 N 0xf164
0x22a50 N 0x22a54
0x31e7f29c N 0x31e7f2a0
0xdd4 N 0xdd8
0x8d957b00 N 0x8d957b04
0xb690 N 0xb694
0x18f8 N 0x18fc
0x8f8c51ac N 0x8f8c51b0
0x700708 N 0x70070c
0xd027c N 0xd0280
0x8d957b00 N 0x8d957b04
0xd027c T 0x335adcbc
0x8f8c51ac N 0x8f8c51b0
0xab7c N 0xab80
0x1b0e14 N 0x1b0e18
0xab7c N 0xab80
0x2c0878 N 0x2c087c
0xc00 N 0xc04
0xab1314 N 0xab1318
0x744 N 0x748
0x6f90 N 0x6f94
0xdd4 N 0xdd8
0x8f8c51ac N 0x8f8c51b0
0x45e0 N 0x45e4
0x783c N 0x7840
0xa220a640 N 0xa220a644
0xc00 N 0xc04
0xd7f8 N 0xd7fc
0xc7dc N 0xc7e0
0xcba7d1c N 0xcba7d20
0xdd4 N 0xdd8
0xc00 N 0xc04
0x18f8 N 0x18fc
0x783c N 0x7840
0xa5cc N 0xa5d0
0xe28 N 0xe2c
0x11c N 0x120
0x8f8c51ac N 0x8f8c51b0
0xa5cc N 0xa5d0
0x1e495c N 0x1e4960
0x1ac0 N 0x1ac4
0x1b0e14 N 0x1b0e18
0x791d6e4 N 0x791d6e8
0x791d6e4 N 0x791d6e8
0x740 N 0x744
0x109664 N 0x109668
0x791d6e4 N 0x791d6e8
0xa5cc N 0xa5d0
0xb690 N 0xb694
0xc7dc N 0xc7e0
0x791d6e4 T 0xbb4
0xa5cc N 0xa5d0
0x8d957b00 N 0x8d957b04
0x11c N 0x120
0xab7c N 0xab80
0x6737cd0 N 0x6737cd4
0x791d6e4 T 0xbb4
0x11c N 0x120
0x85195954 N 0x85195958
0x8094f4 N 0x8094f8
0xd7f8 N 0xd7fc
0x85195954 N 0x85195958
0xab7c N 0xab80
0x109664 N 0x109668
0x671cd980 N 0x671cd984
0x109664 T 0x97c6d800
0xa220a640 N 0xa220a644
0x45e0 N 0x45e4
0x241887a0 N 0x241887a4
0xb690 N 0xb694
0xf160 N 0xf164
0x31e7f29c N 0x31e7f2a0
0x85195954 N 0x85195958
0xc00 N 0xc04
0x671cd980 N 0x671cd984
0x109664 N 0x109668
0x8094f4 N 0x8094f8
0x1ac0 N 0x1ac4
0xa5cc N 0xa5d0
0x85195954 N 0x85195958
0x1ac0 N 0x1ac4
0xc7dc N 0xc7e0
0xc00 N 0xc04
0xcba7d1c N 0xcba7d20
0xab1314 N 0xab1318
0x8f8c51ac N 0x8f8c51b0
0xb3640 N 0xb3644
0xa5cc N 0xa5d0
0x2c0878 N 0x2c087c
0xd027c N 0xd0280
0xc7dc N 0xc7e0
0x11c N 0x120
0x740 N 0x744
0xc00 N 0xc04
0x31e7f29c N 0x31e7f2a0
0x783c N 0x7840
0xb690 N 0xb694
0xd7f8 N 0xd7fc
0x8f8c51ac N 0x8f8c51b0
0x1e495c N 0x1e4960
0x45e0 N 0x45e4
0xb3640 N 0xb3644
0xc00 N 0xc04
0x45e0 N 0x45e4
0xab1314 N 0xab1318
0x671cd980 N 0x671cd984
0x109664 N 0x109668
0x18f8 N 0x18fc
0x1e495c N 0x1e4960
0xc00 N 0xc04
0xf160 N 0xf164
0x22a50 N 0x22a54
0x85195954 N 0x85195958
0x1e495c T 0xdf2a9014
0x740 N 0x744
0xdd4 N 0xdd8
0xd7f8 N 0xd7fc
0xab7c N 0xab80
0x740 N 0x744
0xc7dc N 0xc7e0
0xc00 N 0xc04
0xcba7d1c N 0xcba7d20
0x740 N 0x744
0xd027c N 0xd0280
0x241887a0 N 0x241887a4
0x109664 N 0x109668
0x8d957b00 N 0x8d957b04
0x1ac0 N 0x1ac4
0x1b0e14 N 0x1b0e18
0x85195954 N 0x85195958
0x671cd980 N 0x671cd984
0x8d957b00 N 0x8d957b04
0xa220a640 N 0xa220a644
0xc00 N 0xc04
0x783c N 0x7840
0x671cd980 N 0x671cd984
0xc00 N 0xc04
0x6f90 N 0x6f94
0xdd4 N 0xdd8
0x8d957b00 N 0x8d957b04
0x6737cd0 N 0x6737cd4
0x740 N 0x744
0xb690 N 0xb694
0xd027c N 0xd0280
0x1e495c N 0x1e4960
0x9a4 N 0x9a8
0x671cd980 N 0x671cd984
0xab1314 N 0xab1318
0x2c0878 N 0x2c087c
0x6f90 N 0x6f94
0xe28 N 0xe2c
0x1ac0 N 0x1ac4
0xd7f8 N 0xd7fc
0x8d957b00 N 0x8d957b04
0x2c0878 N 0x2c087c
0x8094f4 N 0x8094f8
0x31e7f29c N 0x31e7f2a0
0xe28 N 0xe2c
0x8d957b00 T 0x898
0x22a50 N 0x22a54
0xc00 N 0xc04
0x8094f4 N 0x8094f8
0x45e0 N 0x45e4
0x22a50 N 0x22a54
0x8094f4 T 0x96c
0x6737cd0 N 0x6737cd4
0x2c0878 N 0x2c087c
0x241887a0 N 0x241887a4
0xe8eb4 N 0xe8eb8
0xb690 N 0xb694
0x1ac0 N 0x1ac4
0xe28 N 0xe2c
0x783c N 0x7840
0xb3640 N 0xb3644
0xdd4 N 0xdd8
0xab7c N 0xab80
0xb690 N 0xb694
0xab1314 N 0xab1318
0xdd4 N 0xdd8
0x18f8 N 0x18fc
0xd7f8 N 0xd7fc
0xd027c N 0xd0280
0xe28 N 0xe2c
0x85195954 N 0x85195958
0x18f8 N 0x18fc
0xc7dc N 0xc7e0
0xa220a640 N 0xa220a644
0x22a50 N 0x22a54
0x8f8c51ac N 0x8f8c51b0
0xf160 N 0xf164
0x2c0878 N 0x2c087c
0x22a50 N 0x22a54
0x8094f4 N 0x8094f8
0x740 N 0x744
0x31e7f29c N 0x31e7f2a0
0x22a50 N 0x22a54
0x1ac0 N 0x1ac4
0x1ac0 T 0xa00314
0x45048 N 0x4504c
0x8094f4 T 0x96c
0x45e0 N 0x45e4
0xb690 N 0xb694
0x85195954 N 0x85195958
0xf160 N 0xf164
0xab7c N 0xab80
0xab1314 N 0xab1318
0x45048 N 0x4504c
0x671cd980 N 0x671cd984
0x241887a0 N 0x241887a4
0xa5cc N 0xa5d0
0x744 N 0x748
0x11c N 0x120
0xa220a640 N 0xa220a644
0x791d6e4 N 0x791d6e8
0x45048 T 0x639808
0xb3640 N 0xb3644
0x6737cd0 N 0x6737cd4
0x22a50 N 0x22a54
0x45e0 N 0x45e4
0x85195954 N 0x85195958
0x6737cd0 N 0x6737cd4
0x109664 N 0x109668
0xab1314 N 0xab1318
0xcba7d1c N 0xcba7d20
0xab7c N 0xab80
0xd7f8 N 0xd7fc
0x700708 N 0x70070c
0x8d957b00 N 0x8d957b04
0x740 N 0x744
0xc7dc N 0xc7e0
0x6737cd0 N 0x6737cd4
0xdd4 N 0xdd8
0x9a4 N 0x9a8
0xd027c N 0xd0280
0x45048 N 0x4504c
0xdd4 N 0xdd8
0xcba7d1c N 0xcba7d20
0x6737cd0 T 0xde568e0
0x45e0 N 0x45e4
0xb690 N 0xb694
0xdd4 N 0xdd8
0xb3640 N 0xb3644
0x11c N 0x120
0x6737cd0 N 0x6737cd4
0xa5cc N 0xa5d0
0x45e0 N 0x45e4
0x700708 N 0x70070c
0x18f8 N 0x18fc
0x783c N 0x7840
0xc00 N 0xc04
0x2c0878 N 0x2c087c
0xc00 N 0xc04
0xf160 N 0xf164
0xb690 N 0xb694
0x700708 N 0x70070c
0x2c0878 N 0x2c087c
0x1ac0 N 0x1ac4
0x1b0e14 N 0x1b0e18
0x6737cd0 N 0x6737cd4
0x109664 N 0x109668
0xb3640 N 0xb3644
0xd7f8 N 0xd7fc
0xb690 N 0xb694
0x6737cd0 N 0x6737cd4
0xdd4 N 0xdd8
0x700708 N 0x70070c
0xe28 N 0xe2c
0x1ac0 N 0x1ac4
0x744 N 0x748
0xa220a640 N 0xa220a644
0x8094f4 N 0x8094f8
0xab1314 N 0xab1318
0x791d6e4 N 0x791d6e8
0xcba7d1c N 0xcba7d20
0x18f8 N 0x18fc
0x2c0878 N 0x2c087c
0x18f8 N 0x18fc
0x1b0e14 N 0x1b0e18
0x700708 N 0x70070c
0xb690 N 0xb694
0xc00 N 0xc04
0x740 N 0x744
0xd7f8 N 0xd7fc
0xb690 N 0xb694
0xe28 N 0xe2c
0x740 N 0x744
0xf160 N 0xf164
0x9a4 N 0x9a8
0x740 N 0x744
0x783c N 0x7840
0xa220a640 N 0xa220a644
0xab7c N 0xab80
0x1e495c N 0x1e4960
0x6737cd0 N 0x6737cd4
0x791d6e4 N 0x791d6e8
0x1ac0 N 0x1ac4
0x1ac0 T 0xa00314
0xe28 N 0xe2c
0x671cd980 N 0x671cd984
0xc00 N 0xc04
0x1e495c T 0xdf2a9014
0xf160 N 0xf164
0x22a50 N 0x22a54
0xd027c N 0xd0280
0x8d957b00 N 0x8d957b04
0x1ac0 N 0x1ac4
0x6737cd0 N 0x6737cd4
0x6f90 N 0x6f94
0x740 N 0x744
0x22a50 N 0x22a54
0xe28 T 0xf6124
0xcba7d1c N 0xcba7d20
0x9a4 N 0x9a8
0x241887a0 N 0x241887a4
0x2c0878 N 0x2c087c
0x241887a0 N 0x241887a4
0xe28 N 0xe2c
0x85195954 N 0x85195958
0x85195954 N 0x85195958
0x671cd980 N 0x671cd984
0x1b0e14 N 0x1b0e18
0x700708 N 0x70070c
0x8f8c51ac N 0x8f8c51b0
0x8d957b00 N 0x8d957b04
0x6737cd0 N 0x6737cd4
0x700708 T 0x7a0
0xe28 N 0xe2c
0x6f90 N 0x6f94
0x18f8 N 0x18fc
0xab7c N 0xab80
0x791d6e4 N 0x791d6e8
0xc00 N 0xc04
0xb3640 N 0xb3644
0xcba7d1c N 0xcba7d20
0x783c N 0x7840
0x740 N 0x744
0xd027c N 0xd0280
0xd027c T 0x335adcbc
0xd027c T 0x335adcbc
0xa5cc N 0xa5d0
0x2c0878 N 0x2c087c
0x1ac0 N 0x1ac4
0x8f8c51ac N 0x8f8c51b0
0xa220a640 N 0xa220a644
0xab7c N 0xab80
0x1e495c N 0x1e4960
0xc7dc N 0xc7e0
0xd7f8 N 0xd7fc
0x791d6e4 T 0xbb4
0x783c N 0x7840
0x31e7f29c N 0x31e7f2a0
0xab7c N 0xab80
0x744 N 0x748
0x8d957b00 N 0x8d957b04
0xb3640 N 0xb3644
0xab7c T 0x41677428
0xcba7d1c N 0xcba7d20
0xb3640 T 0xdd08
0x8094f4 N 0x8094f8
0x783c N 0x7840
0x1ac0 N 0x1ac4
0x1e495c N 0x1e4960
0xc00 N 0xc04
0x744 N 0x748
0x740 N 0x744
0xab7c N 0xab80
0xdd4 N 0xdd8
0x740 T 0x3f48
0xa5cc N 0xa5d0
0x8094f4 N 0x8094f8
0x6737cd0 N 0x6737cd4
0x1ac0 N 0x1ac4
0x22a50 N 0x22a54
0x6f90 N 0x6f94
0x8f8c51ac N 0x8f8c51b0
0x22a50 N 0x22a54
0xb3640 N 0xb3644
0xe28 N 0xe2c
0xd027c N 0xd0280
0x22a50 N 0x22a54
0x783c N 0x7840
0x744 N 0x748
0xb3640 N 0xb3644
0x6737cd0 N 0x6737cd4
0x8f8c51ac N 0x8f8c51b0
0x1b0e14 N 0x1b0e18
0x1e495c N 0x1e4960
0x8d957b00 N 0x8d957b04
0x8f8c51ac N 0x8f8c51b0
0xd7f8 N 0xd7fc
0x8f8c51ac N 0x8f8c51b0
0x45e0 N 0x45e4
0xcba7d1c N 0xcba7d20
0x783c N 0x7840
0xe8eb4 N 0xe8eb8
0x8f8c51ac N 0x8f8c51b0
0xc00 N 0xc04
0xb690 N 0xb694
0x22a50 N 0x22a54
0x671cd980 N 0x671cd984
0x1e495c N 0x1e4960
0x8d957b00 N 0x8d957b04
0xd027c N 0xd0280
0x740 N 0x744
0x1e495c N 0x1e4960
0x9a4 N 0x9a8
0x2c0878 N 0x2c087c
0x18f8 N 0x18fc
0x783c N 0x7840
0x2c0878 N 0x2c087c
0xb690 N 0xb694
0xd027c N 0xd0280
0x31e7f29c N 0x31e7f2a0
0xc00 N 0xc04
0x109664 N 0x109668
0xc7dc N 0xc7e0
0xa220a640 N 0xa220a644
0x2c0878 N 0x2c087c
0xab7c N 0xab80
0x6f90 N 0x6f94
0x700708 N 0x70070c
0x8f8c51ac N 0x8f8c51b0
0x1b0e14 N 0x1b0e18
0x740 N 0x744
0x45e0 N 0x45e4
0xab1314 N 0xab1318
0xcba7d1c N 0xcba7d20
0x1b0e14 N 0x1b0e18
0x1b0e14 T 0x38179d70
0xb3640 N 0xb3644
0x45048 N 0x4504c
0xa220a640 N 0xa220a644
0x6737cd0 N 0x6737cd4
0x45e0 N 0x45e4
0x8f8c51ac N 0x8f8c51b0
0x241887a0 N 0x241887a4
0xd027c N 0xd0280
0xdd4 N 0xdd8
0x18f8 N 0x18fc
0x8d957b00 N 0x8d957b04
0x791d6e4 N 0x791d6e8
0x6f90 N 0x6f94
0xe28 N 0xe2c
0x241887a0 N 0x241887a4
0xcba7d1c N 0xcba7d20
0xab7c N 0xab80
0x8d957b00 N 0x8d957b04
0x2c0878 N 0x2c087c
0x791d6e4 N 0x791d6e8
0xe28 N 0xe2c
0x45e0 N 0x45e4
0xe8eb4 N 0xe8eb8
0x2c0878 N 0x2c087c
0xe28 N 0xe2c
0xa220a640 N 0xa220a644
0x8f8c51ac N 0x8f8c51b0
0x45e0 N 0x45e4
0x8d957b00 N 0x8d957b04
0x11c N 0x120
0x700708 N 0x70070c
0xe28 N 0xe2c
0xc00 N 0xc04
0x740 N 0x744
0x45048 N 0x4504c
0x744 N 0x748
0xab7c N 0xab80
0x241887a0 N 0x241887a4
0x8f8c51ac N 0x8f8c51b0
0x6737cd0 N 0x6737cd4
0xdd4 N 0xdd8
0xd027c N 0xd0280
0x109664 N 0x109668
0x1ac0 N 0x1ac4
0xb690 N 0xb694
0xe28 N 0xe2c
0xe8eb4 N 0xe8eb8
0x22a50 N 0x22a54
0x22a50 T 0x58717680
0x791d6e4 N 0x791d6e8
0x6f90 N 0x6f94
0x740 N 0x744
0x8094f4 N 0x8094f8
0xd7f8 N 0xd7fc
0x11c N 0x120
0xcba7d1c N 0xcba7d20
0xcba7d1c N 0xcba7d20
0x109664 N 0x109668
0xa220a640 N 0xa220a644
0xa220a640 T 0xfaa9070
0x6f90 N 0x6f94
0x31e7f29c N 0x31e7f2a0
0x8f8c51ac N 0x8f8c51b0
0x109664 N 0x109668
0xb3640 N 0xb3644
0xe8eb4 N 0xe8eb8
0x671cd980 N 0x671cd984
0xdd4 N 0xdd8
0x8f8c51ac T 0x8b70
0x700708 N 0x70070c
0xcba7d1c N 0xcba7d20
0xb690 N 0xb694
0xa220a640 N 0xa220a644
0xab1314 N 0xab1318
0x8d957b00 N 0x8d957b04
0x31e7f29c N 0x31e7f2a0
0x22a50 N 0x22a54
0x45048 N 0x4504c
0xab1314 N 0xab1318
0xf160 N 0xf164
0x241887a0 N 0x241887a4
0x241887a0 N 0x241887a4
0xa220a640 N 0xa220a644
0x22a50 N 0x22a54
0xf160 N 0xf164
0x109664 N 0x109668
0x6737cd0 N 0x6737cd4
0x22a50 N 0x22a54
0xd7f8 N 0xd7fc
0x783c N 0x7840
0xcba7d1c N 0xcba7d20
0x45048 N 0x4504c
0xf160 N 0xf164
0x791d6e4 N 0x791d6e8
0x9a4 N 0x9a8
0x700708 N 0x70070c
0xf160 N 0xf164
0x18f8 N 0x18fc
0xa220a640 N 0xa220a644
0x8094f4 N 0x8094f8
0x85195954 N 0x85195958
0xf160 N 0xf164
0xe28 N 0xe2c
0x6f90 N 0x6f94
0xc7dc N 0xc7e0
0x8094f4 N 0x8094f8
0x1b0e14 N 0x1b0e18
0xa220a640 N 0xa220a644
0x671cd980 N 0x671cd984
0xb690 N 0xb694
0xdd4 N 0xdd8
0xe8eb4 N 0xe8eb8
0x791d6e4 N 0x791d6e8
0x45e0 N 0x45e4
0x671cd980 N 0x671cd984
0xd027c N 0xd0280
0x6737cd0 N 0x6737cd4
0xc00 N 0xc04
0x6737cd0 N 0x6737cd4
0x45048 N 0x4504c
0xdd4 N 0xdd8
0x22a50 N 0x22a54
0xab1314 N 0xab1318
0x8094f4 N 0x8094f8
0x11c N 0x120
0x11c N 0x120
0xab7c N 0xab80
0x9a4 N 0x9a8
0x109664 N 0x109668
0x45e0 N 0x45e4
0x744 N 0x748
0xf160 N 0xf164
0x9a4 N 0x9a8
0x8d957b00 N 0x8d957b04
0x45e0 N 0x45e4
0x6737cd0 N 0x6737cd4
0x11c N 0x120
0x1e495c N 0x1e4960
0x2c0878 N 0x2c087c
0xdd4 N 0xdd8
0xcba7d1c N 0xcba7d20
0x8f8c51ac N 0x8f8c51b0
0x45e0 N 0x45e4
0x18f8 N 0x18fc
0x6737cd0 N 0x6737cd4
0x85195954 N 0x85195958
0x109664 N 0x109668
0xc7dc N 0xc7e0
0x1b0e14 N 0x1b0e18
0xb690 N 0xb694
0x744 N 0x748
0x744 N 0x748
0x1e495c N 0x1e4960
0x85195954 N 0x85195958
0x45048 N 0x4504c
0x791d6e4 N 0x791d6e8
0x241887a0 N 0x241887a4
0x31e7f29c N 0x31e7f2a0
0xa220a640 N 0xa220a644
0x783c N 0x7840
0xa5cc N 0xa5d0
0xc7dc N 0xc7e0
0x18f8 N 0x18fc
0x109664 N 0x109668
0xa5cc N 0xa5d0
0xb3640 N 0xb3644
0x1e495c N 0x1e4960
0x9a4 N 0x9a8
0xdd4 N 0xdd8
0xab7c N 0xab80
0xc00 N 0xc04
0xa220a640 N 0xa220a644
0xe8eb4 N 0xe8eb8
0xd7f8 N 0xd7fc
0x45048 N 0x4504c
0x1ac0 N 0x1ac4
0x6f90 N 0x6f94
0x8d957b00 N 0x8d957b04
0x11c N 0x120
0x8d957b00 N 0x8d957b04
0x783c N 0x7840
0x740 N 0x744
0xab1314 N 0xab1318
0x1e495c N 0x1e4960
0xf160 N 0xf164
0x671cd980 N 0x671cd984
0x791d6e4 N 0x791d6e8
0xb690 N 0xb694
0xab1314 N 0xab1318
0x22a50 N 0x22a54
0x671cd980 N 0x671cd984
0x109664 N 0x109668
0xdd4 N 0xdd8
0xb3640 N 0xb3644
0x6f90 N 0x6f94
0x1b0e14 N 0x1b0e18
0xe28 N 0xe2c
0x1b0e14 T 0x38179d70
0x22a50 N 0x22a54
0xe28 T 0xf6124
0x1e495c N 0x1e4960
0xc7dc N 0xc7e0
0x1e495c N 0x1e4960
0x2c0878 N 0x2c087c
0xcba7d1c N 0xcba7d20
0xd027c N 0xd0280
0x6737cd0 N 0x6737cd4
0x6737cd0 N 0x6737cd4
0xc00 N 0xc04
0x1ac0 N 0x1ac4
0xe8eb4 N 0xe8eb8
0x8094f4 N 0x8094f8
0x1e495c N 0x1e4960
0x109664 N 0x109668
0x11c N 0x120
0xe28 N 0xe2c
0x2c0878 N 0x2c087c
0x18f8 N 0x18fc
0xb3640 N 0xb3644
0xc7dc N 0xc7e0
0x1ac0 N 0x1ac4
0x1b0e14 N 0x1b0e18
0x8d957b00 N 0x8d957b04
0x8f8c51ac N 0x8f8c51b0
0x8094f4 N 0x8094f8
0xb3640 N 0xb3644
0xab7c N 0xab80
0x31e7f29c N 0x31e7f2a0
0x45e0 N 0x45e4
0x6f90 N 0x6f94
0x11c N 0x120
0x18f8 T 0x958
0xb3640 N 0xb3644
0xc7dc N 0xc7e0
0xd027c N 0xd0280
0xd027c T 0x335adcbc
0x109664 N 0x109668
0xd7f8 N 0xd7fc
0x8d957b00 N 0x8d957b04
0x744 N 0x748
0x700708 N 0x70070c
0x45048 N 0x4504c
0xc00 N 0xc04
0xf160 N 0xf164
0x11c N 0x120
0xab1314 N 0xab1318
0x6f90 N 0x6f94
0x22a50 N 0x22a54
0xd027c N 0xd0280
0x8f8c51ac N 0x8f8c51b0
0x22a50 T 0x58717680
0xdd4 N 0xdd8
0xdd4 N 0xdd8
0xab7c N 0xab80
0xd027c N 0xd0280
0x1b0e14 N 0x1b0e18
0x791d6e4 N 0x791d6e8
0x11c N 0x120
0x11c N 0x120
0x1b0e14 N 0x1b0e18
0xb690 N 0xb694
0x241887a0 N 0x241887a4
0xc00 N 0xc04
0x8094f4 N 0x8094f8
0x8094f4 N 0x8094f8
0x700708 N 0x70070c
0x700708 N 0x70070c
0x109664 N 0x109668
0x6737cd0 N 0x6737cd4
0xdd4 N 0xdd8
0xe8eb4 N 0xe8eb8
0x109664 N 0x109668
0xab7c N 0xab80
0xe28 N 0xe2c
0x783c N 0x7840
0xdd4 N 0xdd8
0x45048 N 0x4504c
0x241887a0 N 0x241887a4
0xab7c N 0xab80
0x700708 N 0x70070c
0x8f8c51ac N 0x8f8c51b0
0xcba7d1c N 0xcba7d20
0x8094f4 N 0x8094f8
0xa5cc N 0xa5d0
0xa220a640 N 0xa220a644
0x45e0 N 0x45e4
0xb3640 N 0xb3644
0x671cd980 N 0x671cd984
0x241887a0 N 0x241887a4
0x241887a0 N 0x241887a4
0x783c N 0x7840
0xa5cc N 0xa5d0
0xdd4 N 0xdd8
0xc7dc N 0xc7e0
0xa5cc N 0xa5d0
0x744 N 0x748
0x9a4 N 0x9a8
0xdd4 N 0xdd8
0x744 N 0x748
0x6737cd0 N 0x6737cd4
0x671cd980 N 0x671cd984
0xc7dc N 0xc7e0
0xd7f8 N 0xd7fc
0xab1314 N 0xab1318
0x8d957b00 N 0x8d957b04
0xa220a640 N 0xa220a644
0x109664 N 0x109668
0x671cd980 N 0x671cd984
0x18f8 N 0x18fc
0xc7dc N 0xc7e0
0xd7f8 N 0xd7fc
0x1e495c N 0x1e4960
0xd027c N 0xd0280
0x1e495c N 0x1e4960
0xa220a640 N 0xa220a644
flush_num: 435, br_num: 873, size: 2300b
