0xa77d24 N 0xa77d28
0xa77d24 N 0xa77d28
0x6f0d47c N 0x6f0d480
0xa77d24 T 0x87ba4
0x6f0d47c N 0x6f0d480
0xa77d24 T 0x87ba4
0x7bed2dc N 0x7bed2e0
0x6f0d47c N 0x6f0d480
0x6f0d47c N 0x6f0d480
0xa77d24 T 0x87ba4
0xa77d24 N 0xa77d28
0x6f0d47c T 0x9af90c08
0xa77d24 T 0x87ba4
0x6f0d47c T 0x9af90c08
0xa77d24 T 0x87ba4
0x7bed2dc N 0x7bed2e0
0xa77d24 T 0x87ba4
0x6f0d47c N 0x6f0d480
0xa77d24 N 0xa77d28
0x6f0d47c N 0x6f0d480
0x6f0d47c T 0x9af90c08
0x6f0d47c N 0x6f0d480
0xa77d24 N 0xa77d28
0x6f0d47c T 0x9af90c08
0x6f0d47c N 0x6f0d480
0x7bed2dc N 0x7bed2e0
0x6f0d47c N 0x6f0d480
0xa77d24 T 0x87ba4
0xa77d24 N 0xa77d28
0xa77d24 N 0xa77d28
0x7bed2dc N 0x7bed2e0
0x7bed2dc T 0x480
0x7bed2dc N 0x7bed2e0
0x7bed2dc T 0x480
0x6f0d47c N 0x6f0d480
0x7bed2dc N 0x7bed2e0
0xa77d24 N 0xa77d28
0x7bed2dc N 0x7bed2e0
0x6f0d47c N 0x6f0d480
0xa77d24 N 0xa77d28
0xa77d24 N 0xa77d28
0xa77d24 N 0xa77d28
0x7bed2dc N 0x7bed2e0
0x7bed2dc N 0x7bed2e0
0x6f0d47c N 0x6f0d480
0x7bed2dc N 0x7bed2e0
0x6f0d47c N 0x6f0d480
0x7bed2dc N 0x7bed2e0
0xa77d24 N 0xa77d28
0x6f0d47c N 0x6f0d480
0xa77d24 T 0x87ba4
0x7bed2dc N 0x7bed2e0
0x6f0d47c N 0x6f0d480
0xa77d24 T 0x87ba4
0xa77d24 N 0xa77d28
0xa77d24 N 0xa77d28
0xa77d24 T 0x87ba4
0x6f0d47c T 0x9af90c08
0x7bed2dc N 0x7bed2e0
0x7bed2dc T 0x480
0x6f0d47c N 0x6f0d480
0x7bed2dc N 0x7bed2e0
0x7bed2dc N 0x7bed2e0
0x7bed2dc N 0x7bed2e0
0x7bed2dc T 0x480
0x7bed2dc T 0x480
0xa77d24 N 0xa77d28
0x7bed2dc N 0x7bed2e0
0x6f0d47c N 0x6f0d480
0xa77d24 T 0x87ba4
0x6f0d47c N 0x6f0d480
0x7bed2dc N 0x7bed2e0
0x7bed2dc N 0x7bed2e0
0xa77d24 N 0xa77d28
0xa77d24 N 0xa77d28
0xa77d24 N 0xa77d28
0x6f0d47c N 0x6f0d480
0x6f0d47c N 0x6f0d480
0x6f0d47c N 0x6f0d480
0x6f0d47c N 0x6f0d480
0x6f0d47c N 0x6f0d480
0x6f0d47c N 0x6f0d480
0xa77d24 T 0x87ba4
0x6f0d47c T 0x9af90c08
0xa77d24 T 0x87ba4
0xa77d24 N 0xa77d28
0xa77d24 T 0x87ba4
0x7bed2dc N 0x7bed2e0
0x6f0d47c N 0x6f0d480
0x6f0d47c N 0x6f0d480
0x6f0d47c T 0x9af90c08
0xa77d24 N 0xa77d28
0x6f0d47c N 0x6f0d480
0xa77d24 T 0x87ba4
0xa77d24 N 0xa77d28
0x6f0d47c N 0x6f0d480
0xa77d24 N 0xa77d28
0xa77d24 N 0xa77d28
0x6f0d47c N 0x6f0d480
0x6f0d47c N 0x6f0d480
0x7bed2dc N 0x7bed2e0
0x7bed2dc N 0x7bed2e0
0x7bed2dc N 0x7bed2e0
0xa77d24 N 0xa77d28
0xa77d24 N 0xa77d28
0x6f0d47c N 0x6f0d480
0x6f0d47c N 0x6f0d480
0x7bed2dc N 0x7bed2e0
0xa77d24 N 0xa77d28
0x6f0d47c N 0x6f0d480
0x7bed2dc N 0x7bed2e0
0x6f0d47c N 0x6f0d480
0x7bed2dc N 0x7bed2e0
0xa77d24 N 0xa77d28
0x7bed2dc N 0x7bed2e0
0xa77d24 N 0xa77d28
0x7bed2dc N 0x7bed2e0
0x6f0d47c N 0x6f0d480
0x6f0d47c N 0x6f0d480
0x7bed2dc N 0x7bed2e0
0x6f0d47c N 0x6f0d480
0x6f0d47c N 0x6f0d480
0x7bed2dc N 0x7bed2e0
0x7bed2dc N 0x7bed2e0
0x7bed2dc N 0x7bed2e0
0xa77d24 N 0xa77d28
0xa77d24 T 0x87ba4
0xa77d24 N 0xa77d28
0x6f0d47c N 0x6f0d480
0x6f0d47c N 0x6f0d480
0x6f0d47c N 0x6f0d480
0x7bed2dc N 0x7bed2e0
0xa77d24 T 0x87ba4
0xa77d24 T 0x87ba4
0x7bed2dc T 0x480
0x7bed2dc T 0x480
0xa77d24 T 0x87ba4
0x7bed2dc N 0x7bed2e0
0x6f0d47c N 0x6f0d480
0x6f0d47c T 0x9af90c08
0x7bed2dc N 0x7bed2e0
0xa77d24 N 0xa77d28
0xa77d24 T 0x87ba4
0x7bed2dc N 0x7bed2e0
0xa77d24 T 0x87ba4
0xa77d24 T 0x87ba4
0x6f0d47c N 0x6f0d480
0xa77d24 N 0xa77d28
0x6f0d47c N 0x6f0d480
0x7bed2dc N 0x7bed2e0
0x6f0d47c N 0x6f0d480
0x7bed2dc N 0x7bed2e0
0xa77d24 N 0xa77d28
0x6f0d47c N 0x6f0d480
0x7bed2dc N 0x7bed2e0
0x7bed2dc N 0x7bed2e0
0x6f0d47c N 0x6f0d480
0x6f0d47c N 0x6f0d480
0xa77d24 N 0xa77d28
0xa77d24 T 0x87ba4
0x6f0d47c N 0x6f0d480
0x6f0d47c N 0x6f0d480
0xa77d24 N 0xa77d28
0x6f0d47c T 0x9af90c08
0x7bed2dc N 0x7bed2e0
0xa77d24 N 0xa77d28
0xa77d24 T 0x87ba4
0x7bed2dc N 0x7bed2e0
0x7bed2dc T 0x480
0x6f0d47c N 0x6f0d480
0xa77d24 T 0x87ba4
0xa77d24 T 0x87ba4
0x7bed2dc N 0x7bed2e0
0xa77d24 T 0x87ba4
0x6f0d47c N 0x6f0d480
0xa77d24 N 0xa77d28
0xa77d24 N 0xa77d28
0x6f0d47c N 0x6f0d480
0x7bed2dc N 0x7bed2e0
0x6f0d47c N 0x6f0d480
0xa77d24 N 0xa77d28
0xa77d24 T 0x87ba4
0xa77d24 T 0x87ba4
0x7bed2dc N 0x7bed2e0
0xa77d24 N 0xa77d28
0xa77d24 T 0x87ba4
0xa77d24 N 0xa77d28
0x7bed2dc T 0x480
0xa77d24 N 0xa77d28
0x6f0d47c N 0x6f0d480
0xa77d24 N 0xa77d28
0x7bed2dc N 0x7bed2e0
0xa77d24 T 0x87ba4
0x6f0d47c N 0x6f0d480
0x7bed2dc N 0x7bed2e0
0xa77d24 N 0xa77d28
0x6f0d47c N 0x6f0d480
0xa77d24 N 0xa77d28
0xa77d24 T 0x87ba4
0x6f0d47c N 0x6f0d480
0xa77d24 T 0x87ba4
0x7bed2dc N 0x7bed2e0
0xa77d24 N 0xa77d28
0x7bed2dc T 0x480
0x7bed2dc T 0x480
0x7bed2dc T 0x480
0x6f0d47c N 0x6f0d480
0x6f0d47c N 0x6f0d480
0x6f0d47c T 0x9af90c08
0x6f0d47c T 0x9af90c08
0xa77d24 T 0x87ba4
0x6f0d47c T 0x9af90c08
0x6f0d47c N 0x6f0d480
0x6f0d47c T 0x9af90c08
0x7bed2dc N 0x7bed2e0
0x6f0d47c N 0x6f0d480
0x7bed2dc N 0x7bed2e0
0x7bed2dc T 0x480
0xa77d24 T 0x87ba4
0x6f0d47c N 0x6f0d480
0xa77d24 T 0x87ba4
0x6f0d47c T 0x9af90c08
0x6f0d47c T 0x9af90c08
0xa77d24 T 0x87ba4
0x7bed2dc N 0x7bed2e0
0x6f0d47c N 0x6f0d480
0xa77d24 T 0x87ba4
0x7bed2dc N 0x7bed2e0
0x6f0d47c N 0x6f0d480
0x7bed2dc N 0x7bed2e0
0x7bed2dc N 0x7bed2e0
0x7bed2dc N 0x7bed2e0
0x6f0d47c N 0x6f0d480
0x7bed2dc N 0x7bed2e0
0x7bed2dc T 0x480
0xa77d24 T 0x87ba4
0xa77d24 N 0xa77d28
0xa77d24 T 0x87ba4
0xa77d24 T 0x87ba4
0xa77d24 N 0xa77d28
0x6f0d47c N 0x6f0d480
0xa77d24 T 0x87ba4
0x6f0d47c N 0x6f0d480
0x6f0d47c N 0x6f0d480
0x6f0d47c N 0x6f0d480
0x6f0d47c N 0x6f0d480
0x7bed2dc N 0x7bed2e0
0xa77d24 T 0x87ba4
0xa77d24 N 0xa77d28
0x7bed2dc N 0x7bed2e0
0xa77d24 T 0x87ba4
0x6f0d47c N 0x6f0d480
0xa77d24 T 0x87ba4
0x7bed2dc N 0x7bed2e0
0x6f0d47c N 0x6f0d480
0x7bed2dc N 0x7bed2e0
0x6f0d47c N 0x6f0d480
0x6f0d47c N 0x6f0d480
0xa77d24 T 0x87ba4
0x6f0d47c T 0x9af90c08
0xa77d24 T 0x87ba4
0x7bed2dc N 0x7bed2e0
0x7bed2dc T 0x480
0xa77d24 T 0x87ba4
0x7bed2dc T 0x480
0x7bed2dc T 0x480
0x6f0d47c N 0x6f0d480
0x6f0d47c T 0x9af90c08
0xa77d24 T 0x87ba4
0xa77d24 T 0x87ba4
0x7bed2dc N 0x7bed2e0
0x7bed2dc T 0x480
0x6f0d47c N 0x6f0d480
0xa77d24 N 0xa77d28
0x6f0d47c N 0x6f0d480
0x7bed2dc N 0x7bed2e0
0x7bed2dc N 0x7bed2e0
0xa77d24 N 0xa77d28
0x7bed2dc T 0x480
0x7bed2dc N 0x7bed2e0
0x6f0d47c N 0x6f0d480
0x7bed2dc N 0x7bed2e0
0x7bed2dc N 0x7bed2e0
0xa77d24 N 0xa77d28
0xa77d24 T 0x87ba4
0xa77d24 T 0x87ba4
0xa77d24 N 0xa77d28
0x7bed2dc N 0x7bed2e0
0xa77d24 N 0xa77d28
0x7bed2dc T 0x480
0xa77d24 N 0xa77d28
0x6f0d47c N 0x6f0d480
0x6f0d47c N 0x6f0d480
0xa77d24 T 0x87ba4
0x6f0d47c N 0x6f0d480
0xa77d24 T 0x87ba4
0x7bed2dc N 0x7bed2e0
0xa77d24 N 0xa77d28
0x6f0d47c N 0x6f0d480
0x6f0d47c T 0x9af90c08
0x6f0d47c N 0x6f0d480
0x6f0d47c T 0x9af90c08
0x6f0d47c N 0x6f0d480
0x7bed2dc N 0x7bed2e0
0x6f0d47c N 0x6f0d480
0xa77d24 N 0xa77d28
0xa77d24 N 0xa77d28
0x6f0d47c N 0x6f0d480
0x6f0d47c N 0x6f0d480
0xa77d24 N 0xa77d28
0x6f0d47c N 0x6f0d480
0xa77d24 T 0x87ba4
0xa77d24 N 0xa77d28
0xa77d24 N 0xa77d28
0xa77d24 N 0xa77d28
0x7bed2dc N 0x7bed2e0
0x7bed2dc N 0x7bed2e0
0x6f0d47c N 0x6f0d480
0xa77d24 N 0xa77d28
0xa77d24 T 0x87ba4
0xa77d24 N 0xa77d28
0x6f0d47c N 0x6f0d480
0x7bed2dc N 0x7bed2e0
0xa77d24 N 0xa77d28
0xa77d24 T 0x87ba4
0xa77d24 T 0x87ba4
0xa77d24 N 0xa77d28
0x6f0d47c N 0x6f0d480
0x6f0d47c N 0x6f0d480
0xa77d24 N 0xa77d28
0x6f0d47c T 0x9af90c08
0x7bed2dc N 0x7bed2e0
0x6f0d47c N 0x6f0d480
0xa77d24 N 0xa77d28
0xa77d24 N 0xa77d28
0xa77d24 T 0x87ba4
0x6f0d47c T 0x9af90c08
0xa77d24 T 0x87ba4
0xa77d24 T 0x87ba4
0x6f0d47c T 0x9af90c08
0xa77d24 T 0x87ba4
0x6f0d47c N 0x6f0d480
0xa77d24 N 0xa77d28
0x6f0d47c T 0x9af90c08
0x6f0d47c N 0x6f0d480
0x7bed2dc N 0x7bed2e0
0x6f0d47c N 0x6f0d480
0x6f0d47c N 0x6f0d480
0x6f0d47c N 0x6f0d480
0x6f0d47c N 0x6f0d480
0x6f0d47c T 0x9af90c08
0x7bed2dc N 0x7bed2e0
0x6f0d47c N 0x6f0d480
0xa77d24 N 0xa77d28
0xa77d24 N 0xa77d28
0xa77d24 N 0xa77d28
0x7bed2dc N 0x7bed2e0
0x7bed2dc N 0x7bed2e0
0x7bed2dc T 0x480
0x6f0d47c N 0x6f0d480
0x6f0d47c N 0x6f0d480
0x7bed2dc N 0x7bed2e0
0x7bed2dc T 0x480
0x6f0d47c N 0x6f0d480
0x7bed2dc N 0x7bed2e0
0x7bed2dc N 0x7bed2e0
0xa77d24 T 0x87ba4
0x6f0d47c N 0x6f0d480
0xa77d24 T 0x87ba4
0x7bed2dc N 0x7bed2e0
0x7bed2dc N 0x7bed2e0
0x6f0d47c N 0x6f0d480
0x7bed2dc N 0x7bed2e0
0xa77d24 N 0xa77d28
0x7bed2dc N 0x7bed2e0
0x7bed2dc N 0x7bed2e0
0x6f0d47c N 0x6f0d480
0xa77d24 N 0xa77d28
0x7bed2dc N 0x7bed2e0
0x7bed2dc N 0x7bed2e0
0x6f0d47c N 0x6f0d480
0xa77d24 T 0x87ba4
0x6f0d47c N 0x6f0d480
0xa77d24 T 0x87ba4
0x6f0d47c T 0x9af90c08
0x6f0d47c T 0x9af90c08
0x7bed2dc N 0x7bed2e0
0x6f0d47c N 0x6f0d480
0xa77d24 T 0x87ba4
0x7bed2dc N 0x7bed2e0
0xa77d24 N 0xa77d28
0xa77d24 T 0x87ba4
0x6f0d47c N 0x6f0d480
0x6f0d47c T 0x9af90c08
0xa77d24 T 0x87ba4
0xa77d24 T 0x87ba4
0x6f0d47c N 0x6f0d480
0x6f0d47c T 0x9af90c08
0xa77d24 T 0x87ba4
0xa77d24 T 0x87ba4
0x7bed2dc N 0x7bed2e0
0x6f0d47c N 0x6f0d480
0x6f0d47c T 0x9af90c08
0x7bed2dc N 0x7bed2e0
0x7bed2dc T 0x480
0x6f0d47c N 0x6f0d480
0x6f0d47c T 0x9af90c08
0x7bed2dc N 0x7bed2e0
0x7bed2dc N 0x7bed2e0
0x6f0d47c N 0x6f0d480
0x6f0d47c T 0x9af90c08
0x6f0d47c N 0x6f0d480
0xa77d24 T 0x87ba4
0x6f0d47c N 0x6f0d480
0x7bed2dc N 0x7bed2e0
0xa77d24 T 0x87ba4
0x7bed2dc N 0x7bed2e0
0x6f0d47c N 0x6f0d480
0x6f0d47c N 0x6f0d480
0x6f0d47c N 0x6f0d480
0xa77d24 N 0xa77d28
0x7bed2dc N 0x7bed2e0
0xa77d24 T 0x87ba4
0x7bed2dc N 0x7bed2e0
0x7bed2dc N 0x7bed2e0
0xa77d24 N 0xa77d28
0x6f0d47c N 0x6f0d480
0xa77d24 T 0x87ba4
0x6f0d47c T 0x9af90c08
0xa77d24 T 0x87ba4
0xa77d24 T 0x87ba4
0x7bed2dc N 0x7bed2e0
0x6f0d47c N 0x6f0d480
0xa77d24 T 0x87ba4
0x6f0d47c T 0x9af90c08
0x7bed2dc N 0x7bed2e0
0x6f0d47c N 0x6f0d480
0x7bed2dc N 0x7bed2e0
0x7bed2dc T 0x480
0x6f0d47c N 0x6f0d480
0x6f0d47c T 0x9af90c08
0x6f0d47c N 0x6f0d480
0x7bed2dc N 0x7bed2e0
0xa77d24 T 0x87ba4
0xa77d24 T 0x87ba4
0x6f0d47c N 0x6f0d480
0x6f0d47c T 0x9af90c08
0x7bed2dc N 0x7bed2e0
0x7bed2dc T 0x480
0x7bed2dc N 0x7bed2e0
0x6f0d47c N 0x6f0d480
0xa77d24 T 0x87ba4
0x7bed2dc N 0x7bed2e0
0x6f0d47c N 0x6f0d480
0x6f0d47c N 0x6f0d480
0x7bed2dc N 0x7bed2e0
0x7bed2dc T 0x480
0xa77d24 T 0x87ba4
0x6f0d47c N 0x6f0d480
0x7bed2dc N 0x7bed2e0
0xa77d24 T 0x87ba4
0xa77d24 N 0xa77d28
0x6f0d47c N 0x6f0d480
0x6f0d47c T 0x9af90c08
0x6f0d47c N 0x6f0d480
0x7bed2dc N 0x7bed2e0
0x6f0d47c N 0x6f0d480
0xa77d24 N 0xa77d28
0x7bed2dc N 0x7bed2e0
0x7bed2dc N 0x7bed2e0
0x7bed2dc T 0x480
0x7bed2dc T 0x480
0x6f0d47c N 0x6f0d480
0x7bed2dc N 0x7bed2e0
0xa77d24 N 0xa77d28
0xa77d24 T 0x87ba4
0xa77d24 N 0xa77d28
0x6f0d47c N 0x6f0d480
0x7bed2dc N 0x7bed2e0
0x7bed2dc T 0x480
0x6f0d47c N 0x6f0d480
0x7bed2dc N 0x7bed2e0
0x6f0d47c N 0x6f0d480
0xa77d24 N 0xa77d28
0x7bed2dc N 0x7bed2e0
0xa77d24 N 0xa77d28
0x6f0d47c N 0x6f0d480
0xa77d24 N 0xa77d28
0xa77d24 N 0xa77d28
0xa77d24 N 0xa77d28
0x7bed2dc N 0x7bed2e0
0x7bed2dc N 0x7bed2e0
0x7bed2dc N 0x7bed2e0
0xa77d24 T 0x87ba4
0x7bed2dc N 0x7bed2e0
0xa77d24 N 0xa77d28
0xa77d24 N 0xa77d28
0x7bed2dc N 0x7bed2e0
0x6f0d47c N 0x6f0d480
0x6f0d47c N 0x6f0d480
0x7bed2dc N 0x7bed2e0
0x7bed2dc N 0x7bed2e0
0x6f0d47c N 0x6f0d480
0x6f0d47c N 0x6f0d480
0x7bed2dc N 0x7bed2e0
0x7bed2dc T 0x480
0x7bed2dc N 0x7bed2e0
0xa77d24 N 0xa77d28
0x7bed2dc N 0x7bed2e0
0x7bed2dc N 0x7bed2e0
0xa77d24 T 0x87ba4
0x7bed2dc N 0x7bed2e0
0x7bed2dc N 0x7bed2e0
0xa77d24 N 0xa77d28
0x7bed2dc N 0x7bed2e0
0x7bed2dc N 0x7bed2e0
0xa77d24 T 0x87ba4
0xa77d24 N 0xa77d28
0x7bed2dc T 0x480
0x6f0d47c N 0x6f0d480
0x6f0d47c T 0x9af90c08
0x7bed2dc N 0x7bed2e0
0x7bed2dc N 0x7bed2e0
0x6f0d47c N 0x6f0d480
0xa77d24 T 0x87ba4
0xa77d24 T 0x87ba4
0x7bed2dc N 0x7bed2e0
0xa77d24 T 0x87ba4
0x7bed2dc T 0x480
0x6f0d47c N 0x6f0d480
0xa77d24 T 0x87ba4
0x7bed2dc N 0x7bed2e0
0x7bed2dc N 0x7bed2e0
0x6f0d47c N 0x6f0d480
0x6f0d47c N 0x6f0d480
0xa77d24 T 0x87ba4
0xa77d24 T 0x87ba4
0x7bed2dc N 0x7bed2e0
0x7bed2dc N 0x7bed2e0
0xa77d24 T 0x87ba4
0xa77d24 T 0x87ba4
0x6f0d47c N 0x6f0d480
0xa77d24 N 0xa77d28
0x7bed2dc N 0x7bed2e0
0x6f0d47c N 0x6f0d480
0x7bed2dc N 0x7bed2e0
0x6f0d47c N 0x6f0d480
0x7bed2dc N 0x7bed2e0
0xa77d24 N 0xa77d28
0xa77d24 T 0x87ba4
0x7bed2dc T 0x480
0xa77d24 T 0x87ba4
0xa77d24 T 0x87ba4
0xa77d24 T 0x87ba4
0x6f0d47c N 0x6f0d480
0xa77d24 T 0x87ba4
0x6f0d47c T 0x9af90c08
0x6f0d47c N 0x6f0d480
0xa77d24 N 0xa77d28
0xa77d24 T 0x87ba4
0x6f0d47c N 0x6f0d480
0x6f0d47c N 0x6f0d480
0x6f0d47c T 0x9af90c08
0xa77d24 N 0xa77d28
0xa77d24 N 0xa77d28
0x7bed2dc N 0x7bed2e0
0x6f0d47c N 0x6f0d480
0x6f0d47c T 0x9af90c08
0xa77d24 N 0xa77d28
0x7bed2dc N 0x7bed2e0
0x7bed2dc N 0x7bed2e0
0xa77d24 N 0xa77d28
0x6f0d47c N 0x6f0d480
0x6f0d47c N 0x6f0d480
0xa77d24 T 0x87ba4
0xa77d24 T 0x87ba4
0xa77d24 N 0xa77d28
0xa77d24 N 0xa77d28
0x6f0d47c T 0x9af90c08
0xa77d24 N 0xa77d28
0x6f0d47c T 0x9af90c08
0x7bed2dc N 0x7bed2e0
0x6f0d47c N 0x6f0d480
0x6f0d47c N 0x6f0d480
0x7bed2dc N 0x7bed2e0
0x6f0d47c N 0x6f0d480
0x6f0d47c N 0x6f0d480
0x6f0d47c N 0x6f0d480
0x7bed2dc N 0x7bed2e0
0x7bed2dc N 0x7bed2e0
0xa77d24 N 0xa77d28
0xa77d24 N 0xa77d28
0xa77d24 N 0xa77d28
0x7bed2dc N 0x7bed2e0
0x7bed2dc N 0x7bed2e0
0x6f0d47c N 0x6f0d480
0xa77d24 N 0xa77d28
0x6f0d47c N 0x6f0d480
0xa77d24 T 0x87ba4
0x6f0d47c N 0x6f0d480
0x6f0d47c T 0x9af90c08
0x6f0d47c T 0x9af90c08
0xa77d24 N 0xa77d28
0x6f0d47c N 0x6f0d480
0xa77d24 N 0xa77d28
0xa77d24 N 0xa77d28
0xa77d24 N 0xa77d28
0xa77d24 N 0xa77d28
0x6f0d47c N 0x6f0d480
0x7bed2dc N 0x7bed2e0
0xa77d24 N 0xa77d28
0xa77d24 T 0x87ba4
0xa77d24 T 0x87ba4
0x7bed2dc N 0x7bed2e0
0x6f0d47c N 0x6f0d480
0x6f0d47c N 0x6f0d480
0xa77d24 N 0xa77d28
0xa77d24 N 0xa77d28
0x7bed2dc N 0x7bed2e0
0x6f0d47c N 0x6f0d480
0xa77d24 T 0x87ba4
0x7bed2dc N 0x7bed2e0
0x7bed2dc N 0x7bed2e0
0xa77d24 T 0x87ba4
0x6f0d47c N 0x6f0d480
0xa77d24 T 0x87ba4
0x7bed2dc N 0x7bed2e0
0x6f0d47c N 0x6f0d480
0x6f0d47c T 0x9af90c08
0x6f0d47c N 0x6f0d480
0xa77d24 T 0x87ba4
0x7bed2dc N 0x7bed2e0
0x6f0d47c N 0x6f0d480
0x6f0d47c N 0x6f0d480
0x7bed2dc N 0x7bed2e0
0x7bed2dc N 0x7bed2e0
0x7bed2dc N 0x7bed2e0
0xa77d24 T 0x87ba4
0x7bed2dc N 0x7bed2e0
0x7bed2dc T 0x480
0x6f0d47c N 0x6f0d480
0xa77d24 T 0x87ba4
0x6f0d47c T 0x9af90c08
0xa77d24 T 0x87ba4
0x6f0d47c N 0x6f0d480
0xa77d24 T 0x87ba4
0x7bed2dc N 0x7bed2e0
0x6f0d47c N 0x6f0d480
0x6f0d47c T 0x9af90c08
0x7bed2dc N 0x7bed2e0
0xa77d24 T 0x87ba4
0x6f0d47c N 0x6f0d480
0x6f0d47c N 0x6f0d480
0x7bed2dc N 0x7bed2e0
0x7bed2dc N 0x7bed2e0
0x6f0d47c N 0x6f0d480
0x6f0d47c N 0x6f0d480
0x7bed2dc N 0x7bed2e0
0x7bed2dc T 0x480
0x7bed2dc T 0x480
0xa77d24 T 0x87ba4
0xa77d24 T 0x87ba4
0x6f0d47c N 0x6f0d480
0xa77d24 N 0xa77d28
0x7bed2dc N 0x7bed2e0
0x6f0d47c N 0x6f0d480
0x6f0d47c T 0x9af90c08
0x6f0d47c T 0x9af90c08
0x7bed2dc N 0x7bed2e0
0xa77d24 N 0xa77d28
0x7bed2dc T 0x480
0x6f0d47c N 0x6f0d480
0x6f0d47c T 0x9af90c08
0x7bed2dc N 0x7bed2e0
0x6f0d47c N 0x6f0d480
0x7bed2dc N 0x7bed2e0
0xa77d24 T 0x87ba4
0x7bed2dc N 0x7bed2e0
0xa77d24 T 0x87ba4
0x6f0d47c N 0x6f0d480
0x6f0d47c T 0x9af90c08
0x7bed2dc N 0x7bed2e0
0x7bed2dc N 0x7bed2e0
0x6f0d47c N 0x6f0d480
0x7bed2dc N 0x7bed2e0
0xa77d24 T 0x87ba4
0x6f0d47c N 0x6f0d480
0xa77d24 T 0x87ba4
0x6f0d47c N 0x6f0d480
0xa77d24 T 0x87ba4
0x6f0d47c N 0x6f0d480
0xa77d24 N 0xa77d28
0x6f0d47c T 0x9af90c08
0x6f0d47c N 0x6f0d480
0x7bed2dc N 0x7bed2e0
0xa77d24 N 0xa77d28
0x6f0d47c N 0x6f0d480
0xa77d24 T 0x87ba4
0xa77d24 N 0xa77d28
0xa77d24 N 0xa77d28
0x6f0d47c N 0x6f0d480
0x7bed2dc N 0x7bed2e0
0x7bed2dc N 0x7bed2e0
0x6f0d47c N 0x6f0d480
0xa77d24 N 0xa77d28
0x7bed2dc N 0x7bed2e0
0x7bed2dc N 0x7bed2e0
0x6f0d47c N 0x6f0d480
0x7bed2dc N 0x7bed2e0
0x6f0d47c N 0x6f0d480
0xa77d24 T 0x87ba4
0x6f0d47c T 0x9af90c08
0x6f0d47c N 0x6f0d480
0x7bed2dc N 0x7bed2e0
0xa77d24 T 0x87ba4
0x6f0d47c N 0x6f0d480
0xa77d24 N 0xa77d28
0xa77d24 N 0xa77d28
0x7bed2dc N 0x7bed2e0
0x6f0d47c N 0x6f0d480
0x6f0d47c T 0x9af90c08
0x7bed2dc N 0x7bed2e0
0x6f0d47c N 0x6f0d480
0xa77d24 N 0xa77d28
0x6f0d47c T 0x9af90c08
0xa77d24 T 0x87ba4
0x7bed2dc N 0x7bed2e0
0xa77d24 N 0xa77d28
0x7bed2dc T 0x480
0xa77d24 N 0xa77d28
0x6f0d47c N 0x6f0d480
0xa77d24 N 0xa77d28
0x6f0d47c N 0x6f0d480
0x7bed2dc N 0x7bed2e0
0x7bed2dc T 0x480
0x7bed2dc T 0x480
0x6f0d47c N 0x6f0d480
0x7bed2dc N 0x7bed2e0
0x6f0d47c N 0x6f0d480
0x7bed2dc N 0x7bed2e0
0x6f0d47c N 0x6f0d480
0x7bed2dc N 0x7bed2e0
0xa77d24 N 0xa77d28
0xa77d24 N 0xa77d28
0x7bed2dc N 0x7bed2e0
0x6f0d47c N 0x6f0d480
0xa77d24 T 0x87ba4
0x7bed2dc N 0x7bed2e0
0x6f0d47c N 0x6f0d480
0x7bed2dc N 0x7bed2e0
0xa77d24 N 0xa77d28
0x7bed2dc N 0x7bed2e0
0xa77d24 N 0xa77d28
0x6f0d47c N 0x6f0d480
0x7bed2dc N 0x7bed2e0
0x6f0d47c N 0x6f0d480
0xa77d24 N 0xa77d28
0x7bed2dc N 0x7bed2e0
0xa77d24 N 0xa77d28
0x6f0d47c N 0x6f0d480
0x7bed2dc N 0x7bed2e0
0x7bed2dc N 0x7bed2e0
0x6f0d47c N 0x6f0d480
0x6f0d47c N 0x6f0d480
0x7bed2dc N 0x7bed2e0
0x6f0d47c N 0x6f0d480
0xa77d24 N 0xa77d28
0xa77d24 N 0xa77d28
0x7bed2dc N 0x7bed2e0
0x6f0d47c N 0x6f0d480
0x7bed2dc N 0x7bed2e0
0xa77d24 N 0xa77d28
0xa77d24 T 0x87ba4
0x7bed2dc N 0x7bed2e0
0x6f0d47c N 0x6f0d480
0x7bed2dc N 0x7bed2e0
0xa77d24 N 0xa77d28
0x6f0d47c N 0x6f0d480
0xa77d24 T 0x87ba4
0x7bed2dc N 0x7bed2e0
0xa77d24 N 0xa77d28
0x7bed2dc T 0x480
0x7bed2dc T 0x480
0x7bed2dc T 0x480
0x6f0d47c N 0x6f0d480
0xa77d24 T 0x87ba4
0x7bed2dc N 0x7bed2e0
0xa77d24 N 0xa77d28
0x7bed2dc N 0x7bed2e0
0xa77d24 T 0x87ba4
0xa77d24 T 0x87ba4
0x7bed2dc T 0x480
0x6f0d47c N 0x6f0d480
0xa77d24 T 0x87ba4
0x6f0d47c N 0x6f0d480
0x6f0d47c N 0x6f0d480
0xa77d24 T 0x87ba4
0x6f0d47c N 0x6f0d480
0x7bed2dc N 0x7bed2e0
0x6f0d47c N 0x6f0d480
0x6f0d47c N 0x6f0d480
0xa77d24 N 0xa77d28
0xa77d24 N 0xa77d28
0x7bed2dc N 0x7bed2e0
0x6f0d47c N 0x6f0d480
0xa77d24 N 0xa77d28
0x6f0d47c N 0x6f0d480
0x7bed2dc N 0x7bed2e0
0xa77d24 T 0x87ba4
0x6f0d47c N 0x6f0d480
0xa77d24 N 0xa77d28
0x7bed2dc N 0x7bed2e0
0xa77d24 N 0xa77d28
0xa77d24 T 0x87ba4
0xa77d24 N 0xa77d28
0xa77d24 N 0xa77d28
0x7bed2dc N 0x7bed2e0
0xa77d24 T 0x87ba4
0x6f0d47c N 0x6f0d480
0x6f0d47c N 0x6f0d480
0x6f0d47c N 0x6f0d480
0xa77d24 N 0xa77d28
0xa77d24 N 0xa77d28
0xa77d24 N 0xa77d28
0x6f0d47c T 0x9af90c08
0x7bed2dc N 0x7bed2e0
0x6f0d47c N 0x6f0d480
0x7bed2dc N 0x7bed2e0
0xa77d24 N 0xa77d28
0x6f0d47c N 0x6f0d480
0x6f0d47c T 0x9af90c08
0x7bed2dc N 0x7bed2e0
0x7bed2dc T 0x480
0x6f0d47c N 0x6f0d480
0x7bed2dc N 0x7bed2e0
0xa77d24 N 0xa77d28
0xa77d24 T 0x87ba4
0x7bed2dc N 0x7bed2e0
0xa77d24 T 0x87ba4
0x6f0d47c N 0x6f0d480
0x7bed2dc N 0x7bed2e0
0x7bed2dc N 0x7bed2e0
0xa77d24 T 0x87ba4
0x6f0d47c N 0x6f0d480
0x7bed2dc N 0x7bed2e0
0x7bed2dc T 0x480
0xa77d24 T 0x87ba4
0x6f0d47c N 0x6f0d480
0x7bed2dc N 0x7bed2e0
0xa77d24 N 0xa77d28
0xa77d24 N 0xa77d28
0xa77d24 T 0x87ba4
0x6f0d47c N 0x6f0d480
0x7bed2dc N 0x7bed2e0
0xa77d24 T 0x87ba4
0x7bed2dc N 0x7bed2e0
0x7bed2dc T 0x480
0x7bed2dc N 0x7bed2e0
0xa77d24 T 0x87ba4
0xa77d24 T 0x87ba4
0x7bed2dc N 0x7bed2e0
0x7bed2dc N 0x7bed2e0
0x6f0d47c N 0x6f0d480
0x6f0d47c N 0x6f0d480
0x7bed2dc N 0x7bed2e0
0x7bed2dc N 0x7bed2e0
0xa77d24 N 0xa77d28
0x7bed2dc T 0x480
0x6f0d47c N 0x6f0d480
0x6f0d47c N 0x6f0d480
0x6f0d47c N 0x6f0d480
0xa77d24 N 0xa77d28
0x6f0d47c T 0x9af90c08
0xa77d24 N 0xa77d28
0xa77d24 T 0x87ba4
0x6f0d47c T 0x9af90c08
0xa77d24 N 0xa77d28
0x7bed2dc N 0x7bed2e0
0x6f0d47c N 0x6f0d480
0x7bed2dc N 0x7bed2e0
0x7bed2dc T 0x480
0x7bed2dc N 0x7bed2e0
0xa77d24 T 0x87ba4
0xa77d24 N 0xa77d28
0xa77d24 T 0x87ba4
0xa77d24 N 0xa77d28
0xa77d24 N 0xa77d28
0x7bed2dc N 0x7bed2e0
0x7bed2dc T 0x480
0x7bed2dc T 0x480
0x6f0d47c N 0x6f0d480
0x7bed2dc N 0x7bed2e0
0x7bed2dc N 0x7bed2e0
0x7bed2dc T 0x480
0xa77d24 T 0x87ba4
0x6f0d47c N 0x6f0d480
0x7bed2dc N 0x7bed2e0
0x7bed2dc N 0x7bed2e0
0x7bed2dc N 0x7bed2e0
0xa77d24 T 0x87ba4
0x6f0d47c N 0x6f0d480
0x6f0d47c N 0x6f0d480
0x7bed2dc N 0x7bed2e0
0xa77d24 T 0x87ba4
0x6f0d47c N 0x6f0d480
0x7bed2dc N 0x7bed2e0
0x7bed2dc N 0x7bed2e0
0xa77d24 T 0x87ba4
0x6f0d47c N 0x6f0d480
0xa77d24 T 0x87ba4
0xa77d24 T 0x87ba4
0x7bed2dc N 0x7bed2e0
0x6f0d47c N 0x6f0d480
0x6f0d47c T 0x9af90c08
0x7bed2dc N 0x7bed2e0
0xa77d24 T 0x87ba4
0x7bed2dc N 0x7bed2e0
0x7bed2dc T 0x480
0x7bed2dc T 0x480
0xa77d24 T 0x87ba4
0x7bed2dc T 0x480
0x6f0d47c N 0x6f0d480
0x6f0d47c N 0x6f0d480
0x7bed2dc N 0x7bed2e0
0x6f0d47c N 0x6f0d480
0x7bed2dc N 0x7bed2e0
0x6f0d47c N 0x6f0d480
0xa77d24 N 0xa77d28
0x6f0d47c N 0x6f0d480
0x6f0d47c N 0x6f0d480
0x7bed2dc N 0x7bed2e0
0x6f0d47c N 0x6f0d480
0x7bed2dc N 0x7bed2e0
0x7bed2dc T 0x480
0x7bed2dc T 0x480
0x6f0d47c N 0x6f0d480
0xa77d24 T 0x87ba4
0x6f0d47c N 0x6f0d480
0x7bed2dc N 0x7bed2e0
0xa77d24 T 0x87ba4
0xa77d24 N 0xa77d28
0x6f0d47c N 0x6f0d480
0x7bed2dc N 0x7bed2e0
0xa77d24 N 0xa77d28
0x6f0d47c N 0x6f0d480
0x6f0d47c N 0x6f0d480
0x6f0d47c N 0x6f0d480
0xa77d24 T 0x87ba4
0xa77d24 T 0x87ba4
0x7bed2dc N 0x7bed2e0
0xa77d24 T 0x87ba4
0xa77d24 T 0x87ba4
0xa77d24 N 0xa77d28
0xa77d24 T 0x87ba4
0xa77d24 T 0x87ba4
0x6f0d47c N 0x6f0d480
0x6f0d47c T 0x9af90c08
0x7bed2dc N 0x7bed2e0
0x7bed2dc N 0x7bed2e0
0x7bed2dc T 0x480
0xa77d24 N 0xa77d28
0xa77d24 T 0x87ba4
0x6f0d47c N 0x6f0d480
0x7bed2dc N 0x7bed2e0
0x7bed2dc T 0x480
0x6f0d47c N 0x6f0d480
0xa77d24 T 0x87ba4
0x7bed2dc N 0x7bed2e0
0x7bed2dc N 0x7bed2e0
0x6f0d47c N 0x6f0d480
0xa77d24 T 0x87ba4
0xa77d24 T 0x87ba4
0x7bed2dc N 0x7bed2e0
0x7bed2dc N 0x7bed2e0
0xa77d24 N 0xa77d28
0x6f0d47c N 0x6f0d480
0xa77d24 N 0xa77d28
0x7bed2dc N 0x7bed2e0
0xa77d24 T 0x87ba4
0xa77d24 T 0x87ba4
0x6f0d47c N 0x6f0d480
0xa77d24 N 0xa77d28
0x7bed2dc N 0x7bed2e0
0xa77d24 T 0x87ba4
0xa77d24 T 0x87ba4
0x7bed2dc N 0x7bed2e0
0x7bed2dc N 0x7bed2e0
0xa77d24 T 0x87ba4
0x7bed2dc N 0x7bed2e0
0x7bed2dc T 0x480
0xa77d24 N 0xa77d28
0x7bed2dc T 0x480
0x7bed2dc N 0x7bed2e0
0x7bed2dc N 0x7bed2e0
0x6f0d47c N 0x6f0d480
0xa77d24 T 0x87ba4
0x6f0d47c N 0x6f0d480
0x7bed2dc N 0x7bed2e0
0xa77d24 T 0x87ba4
0x6f0d47c N 0x6f0d480
0x7bed2dc N 0x7bed2e0
0xa77d24 T 0x87ba4
0x6f0d47c N 0x6f0d480
0x6f0d47c N 0x6f0d480
0xa77d24 N 0xa77d28
0xa77d24 T 0x87ba4
0x7bed2dc N 0x7bed2e0
0x6f0d47c N 0x6f0d480
0x6f0d47c N 0x6f0d480
0xa77d24 T 0x87ba4
0xa77d24 N 0xa77d28
0xa77d24 T 0x87ba4
0xa77d24 N 0xa77d28
0x6f0d47c N 0x6f0d480
0x6f0d47c T 0x9af90c08
0x6f0d47c T 0x9af90c08
0x7bed2dc N 0x7bed2e0
0x7bed2dc N 0x7bed2e0
0xa77d24 T 0x87ba4
0x7bed2dc N 0x7bed2e0
0x7bed2dc N 0x7bed2e0
0x6f0d47c N 0x6f0d480
0x6f0d47c N 0x6f0d480
0x7bed2dc N 0x7bed2e0
0xa77d24 N 0xa77d28
0xa77d24 N 0xa77d28
0xa77d24 N 0xa77d28
0x6f0d47c N 0x6f0d480
0x7bed2dc N 0x7bed2e0
0x7bed2dc T 0x480
0xa77d24 N 0xa77d28
0x6f0d47c N 0x6f0d480
0x7bed2dc N 0x7bed2e0
0xa77d24 T 0x87ba4
0x7bed2dc N 0x7bed2e0
0xa77d24 N 0xa77d28
0xa77d24 T 0x87ba4
0xa77d24 T 0x87ba4
0x7bed2dc N 0x7bed2e0
0xa77d24 T 0x87ba4
0xa77d24 T 0x87ba4
0xa77d24 N 0xa77d28
0x7bed2dc T 0x480
0xa77d24 N 0xa77d28
0xa77d24 T 0x87ba4
0x7bed2dc T 0x480
0x6f0d47c N 0x6f0d480
0xa77d24 N 0xa77d28
0xa77d24 N 0xa77d28
0xa77d24 T 0x87ba4
0x7bed2dc N 0x7bed2e0
0x7bed2dc N 0x7bed2e0
0x7bed2dc N 0x7bed2e0
0x7bed2dc N 0x7bed2e0
0x7bed2dc N 0x7bed2e0
0xa77d24 N 0xa77d28
0x6f0d47c N 0x6f0d480
0xa77d24 T 0x87ba4
0x7bed2dc N 0x7bed2e0
0xa77d24 N 0xa77d28
0xa77d24 N 0xa77d28
0x7bed2dc N 0x7bed2e0
0x6f0d47c N 0x6f0d480
0x6f0d47c T 0x9af90c08
0x7bed2dc N 0x7bed2e0
0x7bed2dc N 0x7bed2e0
0xa77d24 T 0x87ba4
0x6f0d47c N 0x6f0d480
0xa77d24 T 0x87ba4
0xa77d24 T 0x87ba4
0x6f0d47c T 0x9af90c08
0xa77d24 N 0xa77d28
0xa77d24 T 0x87ba4
0x6f0d47c T 0x9af90c08
0xa77d24 T 0x87ba4
0x6f0d47c T 0x9af90c08
0x6f0d47c T 0x9af90c08
0x7bed2dc N 0x7bed2e0
0x7bed2dc N 0x7bed2e0
0xa77d24 N 0xa77d28
0x6f0d47c N 0x6f0d480
0x7bed2dc N 0x7bed2e0
0x6f0d47c N 0x6f0d480
0x7bed2dc N 0x7bed2e0
0x6f0d47c N 0x6f0d480
0x6f0d47c N 0x6f0d480
0x7bed2dc N 0x7bed2e0
0x6f0d47c N 0x6f0d480
0x6f0d47c N 0x6f0d480
0xa77d24 T 0x87ba4
0x6f0d47c T 0x9af90c08
0xa77d24 T 0x87ba4
0xa77d24 N 0xa77d28
0x6f0d47c N 0x6f0d480
0xa77d24 N 0xa77d28
0x7bed2dc N 0x7bed2e0
0xa77d24 N 0xa77d28
0xa77d24 T 0x87ba4
0x7bed2dc N 0x7bed2e0
0xa77d24 T 0x87ba4
0x7bed2dc N 0x7bed2e0
0x7bed2dc N 0x7bed2e0
0x7bed2dc N 0x7bed2e0
0x7bed2dc T 0x480
0x6f0d47c N 0x6f0d480
0xa77d24 N 0xa77d28
0x6f0d47c T 0x9af90c08
0x6f0d47c N 0x6f0d480
0xa77d24 T 0x87ba4
0x7bed2dc N 0x7bed2e0
0x7bed2dc T 0x480
0xa77d24 T 0x87ba4
0xa77d24 T 0x87ba4
0x7bed2dc N 0x7bed2e0
0xa77d24 N 0xa77d28
0x6f0d47c N 0x6f0d480
0xa77d24 N 0xa77d28
0x6f0d47c T 0x9af90c08
0x7bed2dc N 0x7bed2e0
0x6f0d47c N 0x6f0d480
0x6f0d47c N 0x6f0d480
0x6f0d47c T 0x9af90c08
0x7bed2dc N 0x7bed2e0
0xa77d24 N 0xa77d28
0x7bed2dc T 0x480
0x6f0d47c N 0x6f0d480
0x7bed2dc N 0x7bed2e0
0x6f0d47c N 0x6f0d480
0xa77d24 N 0xa77d28
0x7bed2dc N 0x7bed2e0
0x7bed2dc N 0x7bed2e0
0x7bed2dc N 0x7bed2e0
0x6f0d47c N 0x6f0d480
0x7bed2dc N 0x7bed2e0
0xa77d24 T 0x87ba4
0xa77d24 T 0x87ba4
0x7bed2dc N 0x7bed2e0
0xa77d24 N 0xa77d28
0x6f0d47c N 0x6f0d480
0xa77d24 N 0xa77d28
0x6f0d47c N 0x6f0d480
0x7bed2dc N 0x7bed2e0
0x6f0d47c N 0x6f0d480
0x7bed2dc N 0x7bed2e0
0xa77d24 T 0x87ba4
0x6f0d47c N 0x6f0d480
0xa77d24 T 0x87ba4
0x7bed2dc N 0x7bed2e0
0xa77d24 N 0xa77d28
0x6f0d47c N 0x6f0d480
0x6f0d47c T 0x9af90c08
0x7bed2dc N 0x7bed2e0
0x7bed2dc N 0x7bed2e0
0xa77d24 N 0xa77d28
0xa77d24 N 0xa77d28
0xa77d24 N 0xa77d28
0x7bed2dc N 0x7bed2e0
0xa77d24 N 0xa77d28
0x7bed2dc T 0x480
0xa77d24 N 0xa77d28
0x7bed2dc N 0x7bed2e0
0x7bed2dc N 0x7bed2e0
0x7bed2dc N 0x7bed2e0
0xa77d24 N 0xa77d28
0xa77d24 N 0xa77d28
0xa77d24 N 0xa77d28
0x6f0d47c N 0x6f0d480
0x7bed2dc N 0x7bed2e0
0x6f0d47c N 0x6f0d480
0x7bed2dc N 0x7bed2e0
0xa77d24 N 0xa77d28
0x6f0d47c N 0x6f0d480
0xa77d24 N 0xa77d28
0x7bed2dc N 0x7bed2e0
0xa77d24 N 0xa77d28
0xa77d24 N 0xa77d28
0xa77d24 T 0x87ba4
0xa77d24 N 0xa77d28
0x7bed2dc N 0x7bed2e0
0x6f0d47c N 0x6f0d480
0x6f0d47c T 0x9af90c08
0xa77d24 N 0xa77d28
0x7bed2dc N 0x7bed2e0
0x6f0d47c N 0x6f0d480
0x7bed2dc N 0x7bed2e0
0xa77d24 N 0xa77d28
0x6f0d47c N 0x6f0d480
0x6f0d47c T 0x9af90c08
0x6f0d47c N 0x6f0d480
0xa77d24 T 0x87ba4
0x7bed2dc N 0x7bed2e0
0x6f0d47c N 0x6f0d480
0x6f0d47c T 0x9af90c08
0xa77d24 N 0xa77d28
0x7bed2dc N 0x7bed2e0
0xa77d24 T 0x87ba4
0x7bed2dc N 0x7bed2e0
0x6f0d47c N 0x6f0d480
0x7bed2dc N 0x7bed2e0
0x6f0d47c N 0x6f0d480
0x7bed2dc N 0x7bed2e0
0xa77d24 N 0xa77d28
0x7bed2dc N 0x7bed2e0
0xa77d24 T 0x87ba4
0x6f0d47c N 0x6f0d480
0x7bed2dc N 0x7bed2e0
0xa77d24 T 0x87ba4
0xa77d24 T 0x87ba4
0x7bed2dc N 0x7bed2e0
0x6f0d47c N 0x6f0d480
0x7bed2dc N 0x7bed2e0
0x7bed2dc T 0x480
0x6f0d47c N 0x6f0d480
0x7bed2dc N 0x7bed2e0
0xa77d24 N 0xa77d28
0x7bed2dc N 0x7bed2e0
0x7bed2dc N 0x7bed2e0
0x6f0d47c N 0x6f0d480
0xa77d24 N 0xa77d28
0xa77d24 N 0xa77d28
0x7bed2dc N 0x7bed2e0
0x7bed2dc T 0x480
0xa77d24 T 0x87ba4
0xa77d24 T 0x87ba4
0x6f0d47c N 0x6f0d480
0x6f0d47c N 0x6f0d480
0x6f0d47c N 0x6f0d480
0xa77d24 T 0x87ba4
0x6f0d47c T 0x9af90c08
0xa77d24 N 0xa77d28
0x6f0d47c N 0x6f0d480
0xa77d24 T 0x87ba4
0xa77d24 T 0x87ba4
0x7bed2dc N 0x7bed2e0
0x7bed2dc T 0x480
0x7bed2dc N 0x7bed2e0
0x7bed2dc T 0x480
0x7bed2dc T 0x480
0x6f0d47c N 0x6f0d480
0xa77d24 T 0x87ba4
0x6f0d47c T 0x9af90c08
0x6f0d47c T 0x9af90c08
0x6f0d47c N 0x6f0d480
0x7bed2dc N 0x7bed2e0
0x7bed2dc N 0x7bed2e0
0x6f0d47c N 0x6f0d480
0x6f0d47c N 0x6f0d480
0x7bed2dc N 0x7bed2e0
0xa77d24 T 0x87ba4
0xa77d24 T 0x87ba4
0xa77d24 N 0xa77d28
0xa77d24 N 0xa77d28
0x7bed2dc N 0x7bed2e0
0x7bed2dc N 0x7bed2e0
0x6f0d47c N 0x6f0d480
0x7bed2dc N 0x7bed2e0
0x6f0d47c N 0x6f0d480
0x6f0d47c N 0x6f0d480
0xa77d24 T 0x87ba4
0x7bed2dc N 0x7bed2e0
0xa77d24 N 0xa77d28
0x7bed2dc N 0x7bed2e0
0xa77d24 N 0xa77d28
0xa77d24 N 0xa77d28
0x7bed2dc N 0x7bed2e0
0x7bed2dc N 0x7bed2e0
0xa77d24 T 0x87ba4
0x7bed2dc N 0x7bed2e0
0x6f0d47c N 0x6f0d480
0x6f0d47c N 0x6f0d480
0x7bed2dc N 0x7bed2e0
0x6f0d47c N 0x6f0d480
0x7bed2dc N 0x7bed2e0
0x7bed2dc N 0x7bed2e0
0x7bed2dc T 0x480
0x6f0d47c N 0x6f0d480
0xa77d24 N 0xa77d28
0x6f0d47c N 0x6f0d480
0x7bed2dc N 0x7bed2e0
0xa77d24 T 0x87ba4
0xa77d24 T 0x87ba4
0xa77d24 T 0x87ba4
0xa77d24 N 0xa77d28
0x6f0d47c N 0x6f0d480
0x6f0d47c N 0x6f0d480
0xa77d24 N 0xa77d28
0x6f0d47c T 0x9af90c08
0x6f0d47c N 0x6f0d480
0xa77d24 T 0x87ba4
0xa77d24 T 0x87ba4
0xa77d24 T 0x87ba4
0xa77d24 N 0xa77d28
0x7bed2dc N 0x7bed2e0
0x7bed2dc N 0x7bed2e0
0xa77d24 T 0x87ba4
0x7bed2dc N 0x7bed2e0
0x7bed2dc T 0x480
0xa77d24 T 0x87ba4
0x7bed2dc N 0x7bed2e0
0x6f0d47c N 0x6f0d480
0x7bed2dc N 0x7bed2e0
0x7bed2dc N 0x7bed2e0
0x7bed2dc T 0x480
0xa77d24 T 0x87ba4
0x6f0d47c N 0x6f0d480
0x7bed2dc N 0x7bed2e0
0x6f0d47c N 0x6f0d480
0xa77d24 N 0xa77d28
0xa77d24 T 0x87ba4
0x7bed2dc N 0x7bed2e0
0x6f0d47c N 0x6f0d480
0x6f0d47c N 0x6f0d480
0x6f0d47c N 0x6f0d480
0x7bed2dc N 0x7bed2e0
0x7bed2dc N 0x7bed2e0
0x7bed2dc T 0x480
0xa77d24 T 0x87ba4
0x7bed2dc T 0x480
0xa77d24 N 0xa77d28
0xa77d24 N 0xa77d28
0xa77d24 N 0xa77d28
0xa77d24 T 0x87ba4
0x6f0d47c N 0x6f0d480
0x7bed2dc N 0x7bed2e0
0x7bed2dc N 0x7bed2e0
0x7bed2dc N 0x7bed2e0
0xa77d24 N 0xa77d28
0x6f0d47c N 0x6f0d480
0x7bed2dc N 0x7bed2e0
0xa77d24 N 0xa77d28
0x6f0d47c N 0x6f0d480
0xa77d24 N 0xa77d28
0x7bed2dc N 0x7bed2e0
0x7bed2dc N 0x7bed2e0
0x6f0d47c N 0x6f0d480
0xa77d24 N 0xa77d28
0x6f0d47c N 0x6f0d480
0x6f0d47c N 0x6f0d480
0xa77d24 T 0x87ba4
0x7bed2dc N 0x7bed2e0
0x7bed2dc N 0x7bed2e0
0xa77d24 N 0xa77d28
0x6f0d47c N 0x6f0d480
0x7bed2dc N 0x7bed2e0
0x6f0d47c N 0x6f0d480
0x7bed2dc N 0x7bed2e0
0x6f0d47c N 0x6f0d480
0x7bed2dc N 0x7bed2e0
0x6f0d47c N 0x6f0d480
0xa77d24 T 0x87ba4
0xa77d24 T 0x87ba4
0x6f0d47c N 0x6f0d480
0x6f0d47c T 0x9af90c08
0xa77d24 T 0x87ba4
0xa77d24 T 0x87ba4
0x7bed2dc N 0x7bed2e0
0x7bed2dc N 0x7bed2e0
0xa77d24 T 0x87ba4
0xa77d24 T 0x87ba4
0x6f0d47c N 0x6f0d480
0x7bed2dc N 0x7bed2e0
0x7bed2dc N 0x7bed2e0
0x6f0d47c N 0x6f0d480
0xa77d24 N 0xa77d28
0x7bed2dc N 0x7bed2e0
0x7bed2dc T 0x480
0xa77d24 T 0x87ba4
0xa77d24 N 0xa77d28
0x6f0d47c N 0x6f0d480
0x7bed2dc N 0x7bed2e0
0x6f0d47c N 0x6f0d480
0x6f0d47c N 0x6f0d480
0x7bed2dc N 0x7bed2e0
0xa77d24 T 0x87ba4
0x6f0d47c N 0x6f0d480
0xa77d24 T 0x87ba4
0x6f0d47c T 0x9af90c08
0x7bed2dc N 0x7bed2e0
0x6f0d47c N 0x6f0d480
0xa77d24 N 0xa77d28
0x6f0d47c T 0x9af90c08
0x7bed2dc N 0x7bed2e0
0xa77d24 T 0x87ba4
0x7bed2dc N 0x7bed2e0
0x6f0d47c N 0x6f0d480
0x7bed2dc N 0x7bed2e0
0x7bed2dc T 0x480
0xa77d24 T 0x87ba4
0xa77d24 N 0xa77d28
0xa77d24 N 0xa77d28
0x7bed2dc N 0x7bed2e0
0x6f0d47c N 0x6f0d480
0xa77d24 T 0x87ba4
0x6f0d47c N 0x6f0d480
0xa77d24 T 0x87ba4
0x7bed2dc N 0x7bed2e0
0xa77d24 N 0xa77d28
0x7bed2dc T 0x480
0x6f0d47c N 0x6f0d480
0x6f0d47c N 0x6f0d480
0x6f0d47c T 0x9af90c08
0x7bed2dc N 0x7bed2e0
0xa77d24 T 0x87ba4
0x6f0d47c N 0x6f0d480
0x6f0d47c N 0x6f0d480
0xa77d24 N 0xa77d28
0x6f0d47c N 0x6f0d480
0x7bed2dc N 0x7bed2e0
0xa77d24 T 0x87ba4
0xa77d24 N 0xa77d28
0x6f0d47c N 0x6f0d480
0x7bed2dc N 0x7bed2e0
0x7bed2dc N 0x7bed2e0
0x7bed2dc T 0x480
0xa77d24 T 0x87ba4
0x6f0d47c N 0x6f0d480
0x6f0d47c N 0x6f0d480
0x7bed2dc N 0x7bed2e0
0x6f0d47c N 0x6f0d480
0x6f0d47c T 0x9af90c08
0xa77d24 N 0xa77d28
0x6f0d47c N 0x6f0d480
0x7bed2dc N 0x7bed2e0
0xa77d24 N 0xa77d28
0x6f0d47c N 0x6f0d480
0xa77d24 N 0xa77d28
0x6f0d47c T 0x9af90c08
0x7bed2dc N 0x7bed2e0
0x6f0d47c N 0x6f0d480
0x7bed2dc N 0x7bed2e0
0xa77d24 T 0x87ba4
0x6f0d47c N 0x6f0d480
0x7bed2dc N 0x7bed2e0
0xa77d24 T 0x87ba4
0xa77d24 N 0xa77d28
0x7bed2dc N 0x7bed2e0
0xa77d24 T 0x87ba4
0x6f0d47c N 0x6f0d480
0xa77d24 T 0x87ba4
0x7bed2dc N 0x7bed2e0
0xa77d24 N 0xa77d28
0x6f0d47c N 0x6f0d480
0x7bed2dc N 0x7bed2e0
0x6f0d47c N 0x6f0d480
0x7bed2dc N 0x7bed2e0
0x6f0d47c N 0x6f0d480
0x6f0d47c T 0x9af90c08
0x6f0d47c N 0x6f0d480
0xa77d24 T 0x87ba4
0x7bed2dc N 0x7bed2e0
0x7bed2dc T 0x480
0x7bed2dc N 0x7bed2e0
0x7bed2dc T 0x480
0xa77d24 T 0x87ba4
0x7bed2dc T 0x480
0xa77d24 T 0x87ba4
0x6f0d47c N 0x6f0d480
0x6f0d47c T 0x9af90c08
0x7bed2dc N 0x7bed2e0
0xa77d24 N 0xa77d28
0x6f0d47c N 0x6f0d480
0x7bed2dc N 0x7bed2e0
0xa77d24 N 0xa77d28
0x6f0d47c N 0x6f0d480
0xa77d24 N 0xa77d28
0x6f0d47c T 0x9af90c08
0x7bed2dc N 0x7bed2e0
0x6f0d47c N 0x6f0d480
0x6f0d47c T 0x9af90c08
0x7bed2dc N 0x7bed2e0
0xa77d24 N 0xa77d28
0x7bed2dc N 0x7bed2e0
0x6f0d47c N 0x6f0d480
0x6f0d47c N 0x6f0d480
0x6f0d47c N 0x6f0d480
0xa77d24 T 0x87ba4
0x6f0d47c T 0x9af90c08
0x7bed2dc N 0x7bed2e0
0x7bed2dc T 0x480
0x6f0d47c N 0x6f0d480
0x7bed2dc N 0x7bed2e0
0xa77d24 T 0x87ba4
0x7bed2dc T 0x480
0xa77d24 T 0x87ba4
0x7bed2dc N 0x7bed2e0
0x6f0d47c N 0x6f0d480
0x7bed2dc N 0x7bed2e0
0x7bed2dc T 0x480
0x6f0d47c N 0x6f0d480
0x7bed2dc N 0x7bed2e0
0xa77d24 T 0x87ba4
0x6f0d47c N 0x6f0d480
0xa77d24 T 0x87ba4
0xa77d24 N 0xa77d28
0xa77d24 T 0x87ba4
0x7bed2dc N 0x7bed2e0
0x6f0d47c N 0x6f0d480
0x6f0d47c T 0x9af90c08
0x7bed2dc N 0x7bed2e0
0x6f0d47c N 0x6f0d480
0x6f0d47c T 0x9af90c08
0xa77d24 T 0x87ba4
0x6f0d47c N 0x6f0d480
0x6f0d47c N 0x6f0d480
0xa77d24 T 0x87ba4
0x7bed2dc N 0x7bed2e0
0xa77d24 T 0x87ba4
0x7bed2dc T 0x480
0x7bed2dc T 0x480
0x7bed2dc T 0x480
0x6f0d47c N 0x6f0d480
0x6f0d47c N 0x6f0d480
0xa77d24 N 0xa77d28
0x6f0d47c T 0x9af90c08
0x7bed2dc N 0x7bed2e0
0x6f0d47c N 0x6f0d480
0x6f0d47c N 0x6f0d480
0x6f0d47c N 0x6f0d480
0x7bed2dc N 0x7bed2e0
0xa77d24 T 0x87ba4
0x6f0d47c N 0x6f0d480
0x6f0d47c T 0x9af90c08
0x6f0d47c N 0x6f0d480
0x6f0d47c N 0x6f0d480
0x7bed2dc N 0x7bed2e0
0xa77d24 N 0xa77d28
0x6f0d47c N 0x6f0d480
0xa77d24 N 0xa77d28
0xa77d24 T 0x87ba4
0x6f0d47c T 0x9af90c08
0xa77d24 T 0x87ba4
0x6f0d47c T 0x9af90c08
0x6f0d47c T 0x9af90c08
0x6f0d47c T 0x9af90c08
0x7bed2dc N 0x7bed2e0
0x6f0d47c N 0x6f0d480
0x6f0d47c T 0x9af90c08
0xa77d24 T 0x87ba4
0xa77d24 N 0xa77d28
0x6f0d47c T 0x9af90c08
0x7bed2dc N 0x7bed2e0
0x6f0d47c N 0x6f0d480
0x6f0d47c T 0x9af90c08
0xa77d24 T 0x87ba4
0x7bed2dc N 0x7bed2e0
0xa77d24 T 0x87ba4
0xa77d24 N 0xa77d28
0x6f0d47c N 0x6f0d480
0x6f0d47c N 0x6f0d480
0x7bed2dc N 0x7bed2e0
0x7bed2dc N 0x7bed2e0
0xa77d24 N 0xa77d28
0x7bed2dc N 0x7bed2e0
0x6f0d47c N 0x6f0d480
0xa77d24 N 0xa77d28
0x6f0d47c N 0x6f0d480
0x7bed2dc N 0x7bed2e0
0x6f0d47c N 0x6f0d480
0x7bed2dc N 0x7bed2e0
0x7bed2dc N 0x7bed2e0
0x7bed2dc N 0x7bed2e0
0xa77d24 T 0x87ba4
0x6f0d47c N 0x6f0d480
0x6f0d47c N 0x6f0d480
0x7bed2dc N 0x7bed2e0
0x7bed2dc N 0x7bed2e0
0x6f0d47c N 0x6f0d480
0x6f0d47c T 0x9af90c08
0x7bed2dc N 0x7bed2e0
0x6f0d47c N 0x6f0d480
0x7bed2dc N 0x7bed2e0
0x7bed2dc N 0x7bed2e0
0x6f0d47c N 0x6f0d480
0x7bed2dc N 0x7bed2e0
0x7bed2dc N 0x7bed2e0
0xa77d24 N 0xa77d28
0xa77d24 T 0x87ba4
0x6f0d47c N 0x6f0d480
0xa77d24 T 0x87ba4
0xa77d24 T 0x87ba4
0x7bed2dc N 0x7bed2e0
0x6f0d47c N 0x6f0d480
0xa77d24 N 0xa77d28
0xa77d24 N 0xa77d28
0x7bed2dc N 0x7bed2e0
0x7bed2dc N 0x7bed2e0
0x6f0d47c N 0x6f0d480
0xa77d24 T 0x87ba4
0x6f0d47c N 0x6f0d480
0xa77d24 N 0xa77d28
0x7bed2dc N 0x7bed2e0
0xa77d24 N 0xa77d28
0x7bed2dc N 0x7bed2e0
0xa77d24 T 0x87ba4
0x6f0d47c N 0x6f0d480
0x7bed2dc N 0x7bed2e0
0xa77d24 T 0x87ba4
0x6f0d47c N 0x6f0d480
0x7bed2dc N 0x7bed2e0
0x7bed2dc N 0x7bed2e0
0xa77d24 N 0xa77d28
0x7bed2dc T 0x480
0x7bed2dc T 0x480
0x7bed2dc N 0x7bed2e0
0x7bed2dc N 0x7bed2e0
0x6f0d47c N 0x6f0d480
0x7bed2dc N 0x7bed2e0
0x6f0d47c N 0x6f0d480
0x7bed2dc N 0x7bed2e0
0x7bed2dc N 0x7bed2e0
flush_num: 836, br_num: 1610, size: 344b
