0x544d4744 N 0x544d4748
0x3d018 N 0x3d01c
0xd959c N 0xd95a0
0x788 N 0x78c
0x3d018 N 0x3d01c
0x3d018 N 0x3d01c
0x8d4 N 0x8d8
0x3d018 N 0x3d01c
0xd959c N 0xd95a0
0xc7f8 N 0xc7fc
0xd959c N 0xd95a0
0x544d4744 N 0x544d4748
0x2026a10 N 0x2026a14
0x2026a10 N 0x2026a14
0x2fc N 0x300
0x2fc N 0x300
0xc7f8 N 0xc7fc
0x2026a10 N 0x2026a14
0xd959c N 0xd95a0
0x2026a10 N 0x2026a14
0x8d4 N 0x8d8
0x3d018 N 0x3d01c
0x2026a10 N 0x2026a14
0xd959c N 0xd95a0
0x8d4 N 0x8d8
0x2026a10 N 0x2026a14
0xd959c N 0xd95a0
0xd959c T 0xb80
0x2fc N 0x300
0x2fc T 0xabf8
0x3d018 N 0x3d01c
0x2026a10 N 0x2026a14
0x544d4744 N 0x544d4748
0x2026a10 N 0x2026a14
0xc7f8 N 0xc7fc
0x4978 N 0x497c
0xc7f8 N 0xc7fc
0x788 N 0x78c
0xc7f8 N 0xc7fc
0xd959c N 0xd95a0
0x544d4744 N 0x544d4748
0x8d4 N 0x8d8
0x3d018 N 0x3d01c
0x8d4 N 0x8d8
0xd959c N 0xd95a0
0x8d4 N 0x8d8
0xd959c N 0xd95a0
0x2026a10 N 0x2026a14
0x3d018 N 0x3d01c
0x788 N 0x78c
0x8d4 N 0x8d8
0x2026a10 N 0x2026a14
0x788 N 0x78c
0x3d018 N 0x3d01c
0xd959c N 0xd95a0
0xc7f8 N 0xc7fc
0x2026a10 N 0x2026a14
0x3d018 N 0x3d01c
0xc7f8 N 0xc7fc
0x3d018 N 0x3d01c
0xc7f8 N 0xc7fc
0x8d4 N 0x8d8
0x8d4 T 0x5a0
0x4978 N 0x497c
0x2026a10 N 0x2026a14
0x788 N 0x78c
0xc7f8 N 0xc7fc
0xc7f8 N 0xc7fc
0x4978 N 0x497c
0x788 N 0x78c
0x788 N 0x78c
0x2026a10 N 0x2026a14
0x2fc N 0x300
0x8d4 N 0x8d8
0x2026a10 N 0x2026a14
0xc7f8 N 0xc7fc
0x3d018 N 0x3d01c
0x2026a10 N 0x2026a14
0x2026a10 N 0x2026a14
0x788 N 0x78c
0xc7f8 N 0xc7fc
0x8d4 N 0x8d8
0x544d4744 N 0x544d4748
0xc7f8 N 0xc7fc
0xd959c N 0xd95a0
0x2026a10 N 0x2026a14
0x4978 N 0x497c
0x788 N 0x78c
0x2026a10 N 0x2026a14
0x2fc N 0x300
0x3d018 N 0x3d01c
0x788 N 0x78c
0x2026a10 N 0x2026a14
0x2026a10 N 0x2026a14
0x8d4 N 0x8d8
0x788 N 0x78c
0xd959c N 0xd95a0
0x2fc N 0x300
0xc7f8 N 0xc7fc
0x544d4744 N 0x544d4748
0x3d018 N 0x3d01c
0x8d4 N 0x8d8
0xd959c N 0xd95a0
0x4978 N 0x497c
0x788 N 0x78c
0x544d4744 N 0x544d4748
0xc7f8 N 0xc7fc
0x2026a10 N 0x2026a14
0x2fc N 0x300
0x544d4744 N 0x544d4748
0xc7f8 N 0xc7fc
0xc7f8 N 0xc7fc
0xd959c N 0xd95a0
0x2fc N 0x300
0x3d018 N 0x3d01c
0x788 N 0x78c
0xc7f8 N 0xc7fc
0xc7f8 N 0xc7fc
0xd959c N 0xd95a0
0x3d018 N 0x3d01c
0x8d4 N 0x8d8
0x3d018 N 0x3d01c
0x3d018 N 0x3d01c
0x4978 N 0x497c
0xd959c N 0xd95a0
0x2026a10 N 0x2026a14
0x544d4744 N 0x544d4748
0x2fc N 0x300
0x544d4744 N 0x544d4748
0x3d018 N 0x3d01c
0x4978 N 0x497c
0x3d018 N 0x3d01c
0x2026a10 N 0x2026a14
0x788 N 0x78c
0x2fc N 0x300
0x544d4744 N 0x544d4748
0x4978 N 0x497c
0x4978 N 0x497c
0x4978 N 0x497c
0x3d018 N 0x3d01c
0xd959c N 0xd95a0
0x544d4744 N 0x544d4748
0x3d018 N 0x3d01c
0x2026a10 N 0x2026a14
0x2026a10 N 0x2026a14
0xc7f8 N 0xc7fc
0x544d4744 N 0x544d4748
0xd959c N 0xd95a0
0x2026a10 N 0x2026a14
0xc7f8 N 0xc7fc
0xc7f8 T 0x7bc
0x8d4 N 0x8d8
0x2026a10 N 0x2026a14
0x2026a10 N 0x2026a14
0x8d4 N 0x8d8
0x544d4744 N 0x544d4748
0x2fc N 0x300
0x2fc N 0x300
0xd959c N 0xd95a0
0x3d018 N 0x3d01c
0x4978 N 0x497c
0x788 N 0x78c
0xc7f8 N 0xc7fc
0x8d4 N 0x8d8
0x788 N 0x78c
0x544d4744 N 0x544d4748
0x8d4 N 0x8d8
0xd959c N 0xd95a0
0xc7f8 N 0xc7fc
0x4978 N 0x497c
0x2fc N 0x300
0x3d018 N 0x3d01c
0x4978 N 0x497c
0xd959c N 0xd95a0
0x3d018 N 0x3d01c
0x4978 N 0x497c
0x2fc N 0x300
0xc7f8 N 0xc7fc
0x2fc N 0x300
0xc7f8 N 0xc7fc
0x3d018 N 0x3d01c
0x2fc N 0x300
0x4978 N 0x497c
0xc7f8 N 0xc7fc
0x3d018 N 0x3d01c
0xd959c N 0xd95a0
0x788 N 0x78c
0x4978 N 0x497c
0xd959c N 0xd95a0
0x3d018 N 0x3d01c
0x544d4744 N 0x544d4748
0xd959c N 0xd95a0
0x788 N 0x78c
0x544d4744 N 0x544d4748
0x8d4 N 0x8d8
0x788 N 0x78c
0x2fc N 0x300
0x3d018 N 0x3d01c
0x4978 N 0x497c
0x2fc N 0x300
0x544d4744 N 0x544d4748
0x8d4 N 0x8d8
0xd959c N 0xd95a0
0xc7f8 N 0xc7fc
0x8d4 N 0x8d8
0x8d4 N 0x8d8
0x4978 N 0x497c
0xc7f8 N 0xc7fc
0x3d018 N 0x3d01c
0x3d018 N 0x3d01c
0xc7f8 N 0xc7fc
0x788 N 0x78c
0x2fc N 0x300
0x2026a10 N 0x2026a14
0x3d018 N 0x3d01c
0x2fc N 0x300
0x2fc N 0x300
0xc7f8 N 0xc7fc
0x3d018 N 0x3d01c
0x2fc N 0x300
0x3d018 N 0x3d01c
0x788 N 0x78c
0x2fc N 0x300
0xc7f8 N 0xc7fc
0xd959c N 0xd95a0
0xc7f8 N 0xc7fc
0xd959c N 0xd95a0
0xd959c N 0xd95a0
0x544d4744 N 0x544d4748
0xc7f8 N 0xc7fc
0x788 N 0x78c
0x788 N 0x78c
0x2fc N 0x300
0x8d4 N 0x8d8
0x4978 N 0x497c
0x2fc N 0x300
0xd959c N 0xd95a0
0x788 N 0x78c
0x2fc N 0x300
0x544d4744 N 0x544d4748
0x8d4 N 0x8d8
0xd959c N 0xd95a0
0x8d4 N 0x8d8
0x3d018 N 0x3d01c
0x788 N 0x78c
0x788 N 0x78c
0x2026a10 N 0x2026a14
0x2026a10 N 0x2026a14
0x8d4 N 0x8d8
0x2026a10 N 0x2026a14
0x2fc N 0x300
0x2fc N 0x300
0x8d4 N 0x8d8
0x3d018 N 0x3d01c
0x8d4 N 0x8d8
0x2026a10 N 0x2026a14
0x544d4744 N 0x544d4748
0x788 N 0x78c
0x788 N 0x78c
0xc7f8 N 0xc7fc
0xd959c N 0xd95a0
0x4978 N 0x497c
0xd959c N 0xd95a0
0xc7f8 N 0xc7fc
0x8d4 N 0x8d8
0x8d4 N 0x8d8
0x3d018 N 0x3d01c
0x4978 N 0x497c
0x8d4 N 0x8d8
0x544d4744 N 0x544d4748
0xd959c N 0xd95a0
0x2026a10 N 0x2026a14
0xc7f8 N 0xc7fc
0x788 N 0x78c
0xd959c N 0xd95a0
0x8d4 N 0x8d8
0x3d018 N 0x3d01c
0x4978 N 0x497c
0x2fc N 0x300
0x4978 N 0x497c
0x2fc N 0x300
0xd959c N 0xd95a0
0x788 N 0x78c
0x788 T 0x18c6e0
0x788 T 0x18c6e0
0x2fc N 0x300
0x8d4 N 0x8d8
0x4978 N 0x497c
0x8d4 N 0x8d8
0x788 N 0x78c
0x4978 N 0x497c
0xd959c N 0xd95a0
0x3d018 N 0x3d01c
0xd959c N 0xd95a0
0xc7f8 N 0xc7fc
0x8d4 N 0x8d8
0xd959c N 0xd95a0
0x3d018 N 0x3d01c
0x4978 N 0x497c
0x2026a10 N 0x2026a14
0x788 N 0x78c
0x2026a10 N 0x2026a14
0x2fc N 0x300
0x788 N 0x78c
0x2fc N 0x300
0xd959c N 0xd95a0
0xc7f8 N 0xc7fc
0x788 N 0x78c
0x8d4 N 0x8d8
0xc7f8 N 0xc7fc
0x544d4744 N 0x544d4748
0x3d018 N 0x3d01c
0x4978 N 0x497c
0x8d4 N 0x8d8
0x2fc N 0x300
0x788 N 0x78c
0x2026a10 N 0x2026a14
0x544d4744 N 0x544d4748
0x8d4 N 0x8d8
0xc7f8 N 0xc7fc
0x544d4744 N 0x544d4748
0x544d4744 N 0x544d4748
0x544d4744 N 0x544d4748
0x544d4744 N 0x544d4748
0x2fc N 0x300
0x544d4744 N 0x544d4748
0x3d018 N 0x3d01c
0x4978 N 0x497c
0x2026a10 N 0x2026a14
0x788 N 0x78c
0x788 N 0x78c
0x2026a10 N 0x2026a14
0x544d4744 N 0x544d4748
0x788 N 0x78c
0xc7f8 N 0xc7fc
0x544d4744 N 0x544d4748
0x4978 N 0x497c
0x2fc N 0x300
0x4978 N 0x497c
0x544d4744 N 0x544d4748
0xd959c N 0xd95a0
0x8d4 N 0x8d8
0x4978 N 0x497c
0x8d4 N 0x8d8
0x544d4744 N 0x544d4748
0x2026a10 N 0x2026a14
0x2fc N 0x300
0x2fc N 0x300
0x788 N 0x78c
0x3d018 N 0x3d01c
0x2026a10 N 0x2026a14
0x544d4744 N 0x544d4748
0x2026a10 N 0x2026a14
0x2026a10 N 0x2026a14
0xd959c N 0xd95a0
0xd959c T 0xb80
0x2026a10 N 0x2026a14
0x4978 N 0x497c
0x8d4 N 0x8d8
0x8d4 N 0x8d8
0x3d018 N 0x3d01c
0x2026a10 N 0x2026a14
0x3d018 N 0x3d01c
0xc7f8 N 0xc7fc
0x788 N 0x78c
0xc7f8 N 0xc7fc
0x788 N 0x78c
0x2026a10 N 0x2026a14
0x4978 N 0x497c
0x3d018 N 0x3d01c
0x2026a10 N 0x2026a14
0x3d018 N 0x3d01c
0x8d4 N 0x8d8
0x3d018 N 0x3d01c
0x4978 N 0x497c
0x4978 N 0x497c
0x4978 N 0x497c
0xc7f8 N 0xc7fc
0x788 N 0x78c
0x3d018 N 0x3d01c
0xc7f8 N 0xc7fc
0x3d018 N 0x3d01c
0x2fc N 0x300
0x2026a10 N 0x2026a14
0xd959c N 0xd95a0
0x2026a10 N 0x2026a14
0x4978 N 0x497c
0x3d018 N 0x3d01c
0x8d4 N 0x8d8
0x3d018 N 0x3d01c
0x544d4744 N 0x544d4748
0x8d4 N 0x8d8
0x788 N 0x78c
0x788 N 0x78c
0x544d4744 N 0x544d4748
0xd959c N 0xd95a0
0xd959c T 0xb80
0x2026a10 N 0x2026a14
0x4978 N 0x497c
0x544d4744 N 0x544d4748
0xd959c N 0xd95a0
0x788 N 0x78c
0x2026a10 N 0x2026a14
0x4978 N 0x497c
0x4978 N 0x497c
0x788 N 0x78c
0x2fc N 0x300
0x8d4 N 0x8d8
0xd959c N 0xd95a0
0x2026a10 N 0x2026a14
0x544d4744 N 0x544d4748
0xc7f8 N 0xc7fc
0xc7f8 N 0xc7fc
0x3d018 N 0x3d01c
0x544d4744 N 0x544d4748
0x544d4744 N 0x544d4748
0x8d4 N 0x8d8
0xd959c N 0xd95a0
0xc7f8 N 0xc7fc
0x2fc N 0x300
0x2026a10 N 0x2026a14
0x788 N 0x78c
0x4978 N 0x497c
0x544d4744 N 0x544d4748
0x4978 N 0x497c
0x8d4 N 0x8d8
0x2026a10 N 0x2026a14
0xc7f8 N 0xc7fc
0x8d4 N 0x8d8
0xd959c N 0xd95a0
0x2026a10 N 0x2026a14
0x2fc N 0x300
0x788 N 0x78c
0x2026a10 N 0x2026a14
0x2fc N 0x300
0x2fc N 0x300
0x544d4744 N 0x544d4748
0x4978 N 0x497c
0xd959c N 0xd95a0
0x4978 N 0x497c
0x2fc N 0x300
0x788 N 0x78c
0xd959c N 0xd95a0
0xc7f8 N 0xc7fc
0x2fc N 0x300
0x2026a10 N 0x2026a14
0x3d018 N 0x3d01c
0x8d4 N 0x8d8
0x8d4 T 0x5a0
0x544d4744 N 0x544d4748
0x2026a10 N 0x2026a14
0x4978 N 0x497c
0x3d018 N 0x3d01c
0x8d4 N 0x8d8
0x8d4 N 0x8d8
0x2026a10 N 0x2026a14
0x788 N 0x78c
0x3d018 N 0x3d01c
0x8d4 N 0x8d8
0xd959c N 0xd95a0
0x788 N 0x78c
0x4978 N 0x497c
0x2026a10 N 0x2026a14
0x2026a10 N 0x2026a14
0xd959c N 0xd95a0
0x2026a10 N 0x2026a14
0xc7f8 N 0xc7fc
0xd959c N 0xd95a0
0x2fc N 0x300
0x8d4 N 0x8d8
0x8d4 N 0x8d8
0x788 N 0x78c
0xd959c N 0xd95a0
0x2026a10 N 0x2026a14
0x544d4744 N 0x544d4748
0xd959c N 0xd95a0
0xd959c N 0xd95a0
0x2fc N 0x300
0xd959c N 0xd95a0
0x3d018 N 0x3d01c
0x2fc N 0x300
0x8d4 N 0x8d8
0x2026a10 N 0x2026a14
0x2fc N 0x300
0xc7f8 N 0xc7fc
0x544d4744 N 0x544d4748
0x8d4 N 0x8d8
0xc7f8 N 0xc7fc
0x4978 N 0x497c
0x2fc N 0x300
0x2026a10 N 0x2026a14
0xc7f8 N 0xc7fc
0xc7f8 N 0xc7fc
0xc7f8 N 0xc7fc
0x2026a10 N 0x2026a14
0x8d4 N 0x8d8
0x2fc N 0x300
0xc7f8 N 0xc7fc
0x788 N 0x78c
0x4978 N 0x497c
0xc7f8 N 0xc7fc
0xc7f8 N 0xc7fc
0xd959c N 0xd95a0
0xd959c N 0xd95a0
0x8d4 N 0x8d8
0x8d4 N 0x8d8
0x544d4744 N 0x544d4748
0x2026a10 N 0x2026a14
0x2026a10 N 0x2026a14
0x4978 N 0x497c
0x3d018 N 0x3d01c
0xc7f8 N 0xc7fc
0x2026a10 N 0x2026a14
0x544d4744 N 0x544d4748
0x3d018 N 0x3d01c
0xd959c N 0xd95a0
0x3d018 N 0x3d01c
0x4978 N 0x497c
0xc7f8 N 0xc7fc
0x2fc N 0x300
0x544d4744 N 0x544d4748
0x544d4744 N 0x544d4748
0x544d4744 N 0x544d4748
0x544d4744 T 0x7ec7c
0xc7f8 N 0xc7fc
0xd959c N 0xd95a0
0x8d4 N 0x8d8
0x544d4744 N 0x544d4748
0xd959c N 0xd95a0
0x2fc N 0x300
0x8d4 N 0x8d8
0xc7f8 N 0xc7fc
0xc7f8 N 0xc7fc
0x4978 N 0x497c
0x8d4 N 0x8d8
0x2fc N 0x300
0x788 N 0x78c
0x8d4 N 0x8d8
0xd959c N 0xd95a0
0x3d018 N 0x3d01c
0xc7f8 N 0xc7fc
0xc7f8 N 0xc7fc
0x2fc N 0x300
0xd959c N 0xd95a0
0xc7f8 N 0xc7fc
0x788 N 0x78c
0x544d4744 N 0x544d4748
0x2026a10 N 0x2026a14
0xd959c N 0xd95a0
0x2026a10 N 0x2026a14
0xd959c N 0xd95a0
0x8d4 N 0x8d8
0xd959c N 0xd95a0
0x544d4744 N 0x544d4748
0x2026a10 N 0x2026a14
0x8d4 N 0x8d8
0x8d4 N 0x8d8
0xc7f8 N 0xc7fc
0xc7f8 N 0xc7fc
0x3d018 N 0x3d01c
0x2026a10 N 0x2026a14
0x788 N 0x78c
0x544d4744 N 0x544d4748
0x3d018 N 0x3d01c
0x4978 N 0x497c
0xd959c N 0xd95a0
0x2fc N 0x300
0x2026a10 N 0x2026a14
0x3d018 N 0x3d01c
0x788 N 0x78c
0x3d018 N 0x3d01c
0xc7f8 N 0xc7fc
0x2fc N 0x300
0x544d4744 N 0x544d4748
0x2026a10 N 0x2026a14
0x2fc N 0x300
0x8d4 N 0x8d8
0x8d4 T 0x5a0
0x8d4 N 0x8d8
0x3d018 N 0x3d01c
0x544d4744 N 0x544d4748
0x2026a10 N 0x2026a14
0x544d4744 N 0x544d4748
0xc7f8 N 0xc7fc
0x788 N 0x78c
0x3d018 N 0x3d01c
0x3d018 N 0x3d01c
0x8d4 N 0x8d8
0xd959c N 0xd95a0
0xc7f8 N 0xc7fc
0x2026a10 N 0x2026a14
0x3d018 N 0x3d01c
0x2fc N 0x300
0x788 N 0x78c
0x2fc N 0x300
0x4978 N 0x497c
0x3d018 N 0x3d01c
0xc7f8 N 0xc7fc
0x4978 N 0x497c
0xd959c N 0xd95a0
0x8d4 N 0x8d8
0x2fc N 0x300
0x2026a10 N 0x2026a14
0x544d4744 N 0x544d4748
0x2026a10 N 0x2026a14
0xc7f8 N 0xc7fc
0x8d4 N 0x8d8
0xc7f8 N 0xc7fc
0x788 N 0x78c
0x3d018 N 0x3d01c
0x2026a10 N 0x2026a14
0x8d4 N 0x8d8
0x788 N 0x78c
0xd959c N 0xd95a0
0x4978 N 0x497c
0x8d4 N 0x8d8
0x3d018 N 0x3d01c
0x3d018 N 0x3d01c
0x544d4744 N 0x544d4748
0x4978 N 0x497c
0x2026a10 N 0x2026a14
0x2026a10 N 0x2026a14
0x544d4744 N 0x544d4748
0xd959c N 0xd95a0
0x4978 N 0x497c
0x788 N 0x78c
0xd959c N 0xd95a0
0x2026a10 N 0x2026a14
0x788 N 0x78c
0x2026a10 N 0x2026a14
0xd959c N 0xd95a0
0x8d4 N 0x8d8
0x8d4 N 0x8d8
0x788 N 0x78c
0x2fc N 0x300
0x3d018 N 0x3d01c
0x4978 N 0x497c
0x2026a10 N 0x2026a14
0x2fc N 0x300
0x788 N 0x78c
0x4978 N 0x497c
0x4978 N 0x497c
0xc7f8 N 0xc7fc
0x3d018 N 0x3d01c
0x3d018 N 0x3d01c
0x4978 N 0x497c
0x4978 N 0x497c
0x2fc N 0x300
0xc7f8 N 0xc7fc
0x3d018 N 0x3d01c
0x2fc N 0x300
0x4978 N 0x497c
0x4978 N 0x497c
0xc7f8 N 0xc7fc
0x3d018 N 0x3d01c
0x2fc N 0x300
0x544d4744 N 0x544d4748
0x8d4 N 0x8d8
0x2026a10 N 0x2026a14
0x2026a10 N 0x2026a14
0x3d018 N 0x3d01c
0xd959c N 0xd95a0
0xd959c N 0xd95a0
0xc7f8 N 0xc7fc
0x788 N 0x78c
0x544d4744 N 0x544d4748
0xc7f8 N 0xc7fc
0x4978 N 0x497c
0x8d4 N 0x8d8
0x544d4744 N 0x544d4748
0xd959c N 0xd95a0
0x544d4744 N 0x544d4748
0x2026a10 N 0x2026a14
0x3d018 N 0x3d01c
0x8d4 N 0x8d8
0x2fc N 0x300
0xc7f8 N 0xc7fc
0x2026a10 N 0x2026a14
0x788 N 0x78c
0x2fc N 0x300
0x788 N 0x78c
0x3d018 N 0x3d01c
0x2026a10 N 0x2026a14
0xc7f8 N 0xc7fc
0x8d4 N 0x8d8
0x544d4744 N 0x544d4748
0x2026a10 N 0x2026a14
0x544d4744 N 0x544d4748
0x8d4 N 0x8d8
0x8d4 N 0x8d8
0x544d4744 N 0x544d4748
0x4978 N 0x497c
0x2026a10 N 0x2026a14
0xd959c N 0xd95a0
0x8d4 N 0x8d8
0x544d4744 N 0x544d4748
0xd959c N 0xd95a0
0x2026a10 N 0x2026a14
0x544d4744 N 0x544d4748
0x788 N 0x78c
0x788 T 0x18c6e0
0x3d018 N 0x3d01c
0xc7f8 N 0xc7fc
0x788 N 0x78c
0x2fc N 0x300
0xd959c N 0xd95a0
0x2fc N 0x300
0x544d4744 N 0x544d4748
0xc7f8 N 0xc7fc
0xd959c N 0xd95a0
0xd959c N 0xd95a0
0xc7f8 N 0xc7fc
0x2026a10 N 0x2026a14
0x4978 N 0x497c
0x8d4 N 0x8d8
0x8d4 N 0x8d8
0x788 N 0x78c
0x544d4744 N 0x544d4748
0xc7f8 N 0xc7fc
0xc7f8 N 0xc7fc
0xd959c N 0xd95a0
0x544d4744 N 0x544d4748
0x3d018 N 0x3d01c
0x788 N 0x78c
0xc7f8 N 0xc7fc
0xd959c N 0xd95a0
0x544d4744 N 0x544d4748
0x544d4744 N 0x544d4748
0x8d4 N 0x8d8
0x4978 N 0x497c
0x3d018 N 0x3d01c
0xc7f8 N 0xc7fc
0x788 N 0x78c
0x8d4 N 0x8d8
0x4978 N 0x497c
0x4978 N 0x497c
0x4978 N 0x497c
0xd959c N 0xd95a0
0x2026a10 N 0x2026a14
0x8d4 N 0x8d8
0x544d4744 N 0x544d4748
0xd959c N 0xd95a0
0xc7f8 N 0xc7fc
0x8d4 N 0x8d8
0xc7f8 N 0xc7fc
0x4978 N 0x497c
0x788 N 0x78c
0x3d018 N 0x3d01c
0x2026a10 N 0x2026a14
0x2fc N 0x300
0x2026a10 N 0x2026a14
0x3d018 N 0x3d01c
0x4978 N 0x497c
0xd959c N 0xd95a0
0x544d4744 N 0x544d4748
0x8d4 N 0x8d8
0x2fc N 0x300
0x3d018 N 0x3d01c
0x2026a10 N 0x2026a14
0x788 N 0x78c
0x8d4 N 0x8d8
0xc7f8 N 0xc7fc
0x2026a10 N 0x2026a14
0x788 N 0x78c
0x2fc N 0x300
0x788 N 0x78c
0x8d4 N 0x8d8
0x4978 N 0x497c
0x3d018 N 0x3d01c
0x8d4 N 0x8d8
0xc7f8 N 0xc7fc
0x544d4744 N 0x544d4748
0x544d4744 T 0x7ec7c
0xd959c N 0xd95a0
0x4978 N 0x497c
0x2026a10 N 0x2026a14
0x4978 N 0x497c
0x3d018 N 0x3d01c
0x788 N 0x78c
0x788 N 0x78c
0xc7f8 N 0xc7fc
0x2fc N 0x300
0x2fc T 0xabf8
0x3d018 N 0x3d01c
0x788 N 0x78c
0x544d4744 N 0x544d4748
0x3d018 N 0x3d01c
0x2fc N 0x300
0x4978 N 0x497c
0xd959c N 0xd95a0
0x8d4 N 0x8d8
0xd959c N 0xd95a0
0x2fc N 0x300
0x2026a10 N 0x2026a14
0x788 N 0x78c
0xc7f8 N 0xc7fc
0x2026a10 N 0x2026a14
0x2fc N 0x300
0x4978 N 0x497c
0x8d4 N 0x8d8
0x3d018 N 0x3d01c
0xc7f8 N 0xc7fc
0x544d4744 N 0x544d4748
0xd959c N 0xd95a0
0xd959c T 0xb80
0x788 N 0x78c
0x4978 N 0x497c
0x788 N 0x78c
0x788 N 0x78c
0x788 N 0x78c
0xd959c N 0xd95a0
0xd959c T 0xb80
0x4978 N 0x497c
0x2fc N 0x300
0x544d4744 N 0x544d4748
0x788 N 0x78c
0xc7f8 N 0xc7fc
0x8d4 N 0x8d8
0xd959c N 0xd95a0
0x2026a10 N 0x2026a14
0x544d4744 N 0x544d4748
0xc7f8 N 0xc7fc
0x2fc N 0x300
0x8d4 N 0x8d8
0x2fc N 0x300
0xd959c N 0xd95a0
0x788 N 0x78c
0x4978 N 0x497c
0x2026a10 N 0x2026a14
0x2026a10 N 0x2026a14
0x8d4 N 0x8d8
0x788 N 0x78c
0x2fc N 0x300
0x4978 N 0x497c
0x4978 T 0xe3c
0x3d018 N 0x3d01c
0xc7f8 N 0xc7fc
0x788 N 0x78c
0xd959c N 0xd95a0
0xd959c N 0xd95a0
0x2026a10 N 0x2026a14
0x788 N 0x78c
0xc7f8 N 0xc7fc
0x4978 N 0x497c
0x8d4 N 0x8d8
0xd959c N 0xd95a0
0x2fc N 0x300
0x2fc N 0x300
0x3d018 N 0x3d01c
0xd959c N 0xd95a0
0xd959c N 0xd95a0
0x788 N 0x78c
0x788 N 0x78c
0x2026a10 N 0x2026a14
0x4978 N 0x497c
0x8d4 N 0x8d8
0x2fc N 0x300
0x3d018 N 0x3d01c
0x4978 N 0x497c
0x4978 N 0x497c
0xc7f8 N 0xc7fc
0x8d4 N 0x8d8
0x544d4744 N 0x544d4748
0x8d4 N 0x8d8
0xc7f8 N 0xc7fc
0x2fc N 0x300
0x3d018 N 0x3d01c
0x3d018 N 0x3d01c
0x3d018 N 0x3d01c
0x2fc N 0x300
0x2fc N 0x300
0xd959c N 0xd95a0
0x2fc N 0x300
0x544d4744 N 0x544d4748
0x544d4744 N 0x544d4748
0x3d018 N 0x3d01c
0x2026a10 N 0x2026a14
0x788 N 0x78c
0x4978 N 0x497c
0x4978 N 0x497c
0x2026a10 N 0x2026a14
0x8d4 N 0x8d8
0x3d018 N 0x3d01c
0xc7f8 N 0xc7fc
0x2026a10 N 0x2026a14
0x544d4744 N 0x544d4748
0x2fc N 0x300
0x2fc N 0x300
0x2026a10 N 0x2026a14
0xd959c N 0xd95a0
0xd959c N 0xd95a0
0x4978 N 0x497c
0x4978 T 0xe3c
0x4978 N 0x497c
0x4978 N 0x497c
0xd959c N 0xd95a0
0x2fc N 0x300
0x3d018 N 0x3d01c
0x2026a10 N 0x2026a14
0x3d018 N 0x3d01c
0x3d018 N 0x3d01c
0x2026a10 N 0x2026a14
0x3d018 N 0x3d01c
0x2026a10 N 0x2026a14
0x4978 N 0x497c
0x544d4744 N 0x544d4748
0x2fc N 0x300
0x2fc T 0xabf8
0x8d4 N 0x8d8
0x4978 N 0x497c
0x8d4 N 0x8d8
0x2fc N 0x300
0x3d018 N 0x3d01c
0x3d018 N 0x3d01c
0x8d4 N 0x8d8
0x2026a10 N 0x2026a14
0x3d018 N 0x3d01c
0x4978 N 0x497c
0x2fc N 0x300
0x2fc N 0x300
0x544d4744 N 0x544d4748
0xc7f8 N 0xc7fc
0x3d018 N 0x3d01c
0xc7f8 N 0xc7fc
0x3d018 N 0x3d01c
0x2fc N 0x300
0x2026a10 N 0x2026a14
0x8d4 N 0x8d8
0xd959c N 0xd95a0
0x4978 N 0x497c
0x8d4 N 0x8d8
0xc7f8 N 0xc7fc
0x544d4744 N 0x544d4748
0xd959c N 0xd95a0
0x544d4744 N 0x544d4748
0x2fc N 0x300
0x3d018 N 0x3d01c
0x3d018 N 0x3d01c
0x2026a10 N 0x2026a14
0x8d4 N 0x8d8
0x2026a10 N 0x2026a14
0xd959c N 0xd95a0
0x2fc N 0x300
0x8d4 N 0x8d8
0x788 N 0x78c
0x788 N 0x78c
0x544d4744 N 0x544d4748
0x4978 N 0x497c
0xd959c N 0xd95a0
0x2026a10 N 0x2026a14
0x4978 N 0x497c
0xc7f8 N 0xc7fc
0x4978 N 0x497c
0x788 N 0x78c
0x4978 N 0x497c
0x2fc N 0x300
0xc7f8 N 0xc7fc
0xc7f8 N 0xc7fc
0x3d018 N 0x3d01c
0xc7f8 N 0xc7fc
0x544d4744 N 0x544d4748
0x8d4 N 0x8d8
0xc7f8 N 0xc7fc
0x544d4744 N 0x544d4748
0x2026a10 N 0x2026a14
0x2026a10 T 0x3286c0
0x788 N 0x78c
0x788 T 0x18c6e0
0x3d018 N 0x3d01c
0x8d4 N 0x8d8
0x3d018 N 0x3d01c
0x2026a10 N 0x2026a14
0x788 N 0x78c
0x2026a10 N 0x2026a14
0x544d4744 N 0x544d4748
0x4978 N 0x497c
0x2026a10 N 0x2026a14
0x2fc N 0x300
0x4978 N 0x497c
0x788 N 0x78c
0xd959c N 0xd95a0
0x4978 N 0x497c
0x3d018 N 0x3d01c
0x788 N 0x78c
0x2026a10 N 0x2026a14
0x544d4744 N 0x544d4748
0xd959c N 0xd95a0
0x2026a10 N 0x2026a14
0x3d018 N 0x3d01c
0x8d4 N 0x8d8
0xc7f8 N 0xc7fc
0xc7f8 N 0xc7fc
0x8d4 N 0x8d8
0x2026a10 N 0x2026a14
0xd959c N 0xd95a0
0x3d018 N 0x3d01c
0xd959c N 0xd95a0
0x8d4 N 0x8d8
0x2026a10 N 0x2026a14
0xd959c N 0xd95a0
0x2fc N 0x300
0x3d018 N 0x3d01c
0xd959c N 0xd95a0
0x4978 N 0x497c
0x2026a10 N 0x2026a14
0x544d4744 N 0x544d4748
0x788 N 0x78c
0x4978 N 0x497c
0xd959c N 0xd95a0
0x3d018 N 0x3d01c
0x2026a10 N 0x2026a14
0x3d018 N 0x3d01c
0xc7f8 N 0xc7fc
0xd959c N 0xd95a0
0x8d4 N 0x8d8
0x2fc N 0x300
0x8d4 N 0x8d8
0x4978 N 0x497c
0xc7f8 N 0xc7fc
0xd959c N 0xd95a0
0x4978 N 0x497c
0x4978 N 0x497c
0xd959c N 0xd95a0
0x4978 N 0x497c
0xc7f8 N 0xc7fc
0x3d018 N 0x3d01c
0x8d4 N 0x8d8
0xd959c N 0xd95a0
0x3d018 N 0x3d01c
0x4978 N 0x497c
0x3d018 N 0x3d01c
0x4978 N 0x497c
0xc7f8 N 0xc7fc
0x4978 N 0x497c
0x2026a10 N 0x2026a14
0x4978 N 0x497c
0x544d4744 N 0x544d4748
0x2fc N 0x300
0x3d018 N 0x3d01c
flush_num: 515, br_num: 1039, size: 55b
