0x143b120 N 0x143b124
0x53e0 N 0x53e4
0x143b120 N 0x143b124
0x143b120 T 0xbdc940e8
0x281e0 N 0x281e4
0x281e0 T 0xbebc
0x4a2ffd80 N 0x4a2ffd84
0x281e0 N 0x281e4
0x281e0 T 0xbebc
0x143b120 N 0x143b124
0x4a2ffd80 N 0x4a2ffd84
0x281e0 N 0x281e4
0x143b120 N 0x143b124
0x4a2ffd80 N 0x4a2ffd84
0x281e0 N 0x281e4
0x53e0 N 0x53e4
0x53e0 T 0xe68
0x281e0 N 0x281e4
0x143b120 N 0x143b124
0x281e0 N 0x281e4
0x143b120 N 0x143b124
0x143b120 T 0xbdc940e8
0x143b120 T 0xbdc940e8
0x4a2ffd80 N 0x4a2ffd84
0x281e0 N 0x281e4
0x4a2ffd80 N 0x4a2ffd84
0x4a2ffd80 T 0xfb2ae0ec
0x4a2ffd80 T 0xfb2ae0ec
0x4a2ffd80 T 0xfb2ae0ec
0x143b120 N 0x143b124
0x281e0 N 0x281e4
0x281e0 T 0xbebc
0x281e0 T 0xbebc
0x143b120 N 0x143b124
0x4a2ffd80 N 0x4a2ffd84
0x4a2ffd80 T 0xfb2ae0ec
0x281e0 N 0x281e4
0x143b120 N 0x143b124
0x281e0 N 0x281e4
0x53e0 N 0x53e4
0x143b120 N 0x143b124
0x143b120 T 0xbdc940e8
0x53e0 N 0x53e4
0x53e0 T 0xe68
0x143b120 N 0x143b124
0x281e0 N 0x281e4
0x143b120 N 0x143b124
0x281e0 N 0x281e4
0x281e0 T 0xbebc
0x143b120 N 0x143b124
0x4a2ffd80 N 0x4a2ffd84
0x53e0 N 0x53e4
0x143b120 N 0x143b124
0x53e0 N 0x53e4
0x143b120 N 0x143b124
0x281e0 N 0x281e4
0x53e0 N 0x53e4
0x281e0 N 0x281e4
0x4a2ffd80 N 0x4a2ffd84
0x281e0 N 0x281e4
0x53e0 N 0x53e4
0x53e0 T 0xe68
0x53e0 T 0xe68
0x53e0 T 0xe68
0x281e0 N 0x281e4
0x53e0 N 0x53e4
0x143b120 N 0x143b124
0x4a2ffd80 N 0x4a2ffd84
0x4a2ffd80 T 0xfb2ae0ec
0x281e0 N 0x281e4
0x143b120 N 0x143b124
0x281e0 N 0x281e4
0x281e0 T 0xbebc
0x53e0 N 0x53e4
0x4a2ffd80 N 0x4a2ffd84
0x4a2ffd80 T 0xfb2ae0ec
0x281e0 N 0x281e4
0x281e0 T 0xbebc
0x143b120 N 0x143b124
0x281e0 N 0x281e4
0x53e0 N 0x53e4
0x281e0 N 0x281e4
0x281e0 T 0xbebc
0x53e0 N 0x53e4
0x281e0 N 0x281e4
0x4a2ffd80 N 0x4a2ffd84
0x281e0 N 0x281e4
0x53e0 N 0x53e4
0x143b120 N 0x143b124
0x53e0 N 0x53e4
0x4a2ffd80 N 0x4a2ffd84
0x143b120 N 0x143b124
0x4a2ffd80 N 0x4a2ffd84
0x4a2ffd80 T 0xfb2ae0ec
0x4a2ffd80 T 0xfb2ae0ec
0x4a2ffd80 T 0xfb2ae0ec
0x143b120 N 0x143b124
0x143b120 T 0xbdc940e8
0x143b120 T 0xbdc940e8
0x53e0 N 0x53e4
0x4a2ffd80 N 0x4a2ffd84
0x143b120 N 0x143b124
0x281e0 N 0x281e4
0x143b120 N 0x143b124
0x4a2ffd80 N 0x4a2ffd84
0x4a2ffd80 N 0x4a2ffd84
0x4a2ffd80 T 0xfb2ae0ec
0x4a2ffd80 T 0xfb2ae0ec
0x53e0 N 0x53e4
0x4a2ffd80 N 0x4a2ffd84
0x281e0 N 0x281e4
0x4a2ffd80 N 0x4a2ffd84
0x143b120 N 0x143b124
0x281e0 N 0x281e4
0x4a2ffd80 N 0x4a2ffd84
0x281e0 N 0x281e4
0x143b120 N 0x143b124
0x53e0 N 0x53e4
0x143b120 N 0x143b124
0x143b120 T 0xbdc940e8
0x281e0 N 0x281e4
0x143b120 N 0x143b124
0x281e0 N 0x281e4
0x281e0 N 0x281e4
0x281e0 T 0xbebc
0x4a2ffd80 N 0x4a2ffd84
0x143b120 N 0x143b124
0x143b120 T 0xbdc940e8
0x53e0 N 0x53e4
0x4a2ffd80 N 0x4a2ffd84
0x4a2ffd80 T 0xfb2ae0ec
0x4a2ffd80 T 0xfb2ae0ec
0x4a2ffd80 N 0x4a2ffd84
0x4a2ffd80 T 0xfb2ae0ec
0x4a2ffd80 N 0x4a2ffd84
0x143b120 N 0x143b124
0x281e0 N 0x281e4
0x143b120 N 0x143b124
0x53e0 N 0x53e4
0x143b120 N 0x143b124
0x143b120 T 0xbdc940e8
0x143b120 T 0xbdc940e8
0x143b120 T 0xbdc940e8
0x281e0 N 0x281e4
0x4a2ffd80 N 0x4a2ffd84
0x4a2ffd80 T 0xfb2ae0ec
0x4a2ffd80 N 0x4a2ffd84
0x4a2ffd80 T 0xfb2ae0ec
0x281e0 N 0x281e4
0x4a2ffd80 N 0x4a2ffd84
0x53e0 N 0x53e4
0x53e0 N 0x53e4
0x4a2ffd80 N 0x4a2ffd84
0x4a2ffd80 T 0xfb2ae0ec
0x53e0 N 0x53e4
0x53e0 N 0x53e4
0x143b120 N 0x143b124
0x281e0 N 0x281e4
0x143b120 N 0x143b124
0x281e0 N 0x281e4
0x53e0 N 0x53e4
0x53e0 T 0xe68
0x143b120 N 0x143b124
0x53e0 N 0x53e4
0x53e0 T 0xe68
0x4a2ffd80 N 0x4a2ffd84
0x53e0 N 0x53e4
0x4a2ffd80 N 0x4a2ffd84
0x143b120 N 0x143b124
0x53e0 N 0x53e4
0x143b120 N 0x143b124
0x4a2ffd80 N 0x4a2ffd84
0x53e0 N 0x53e4
0x143b120 N 0x143b124
0x4a2ffd80 N 0x4a2ffd84
0x281e0 N 0x281e4
0x281e0 T 0xbebc
0x53e0 N 0x53e4
0x4a2ffd80 N 0x4a2ffd84
0x4a2ffd80 T 0xfb2ae0ec
0x143b120 N 0x143b124
0x281e0 N 0x281e4
0x4a2ffd80 N 0x4a2ffd84
0x53e0 N 0x53e4
0x281e0 N 0x281e4
0x143b120 N 0x143b124
0x281e0 N 0x281e4
0x143b120 N 0x143b124
0x281e0 N 0x281e4
0x4a2ffd80 N 0x4a2ffd84
0x281e0 N 0x281e4
0x281e0 N 0x281e4
0x53e0 N 0x53e4
0x143b120 N 0x143b124
0x143b120 T 0xbdc940e8
0x53e0 N 0x53e4
0x4a2ffd80 N 0x4a2ffd84
0x53e0 N 0x53e4
0x143b120 N 0x143b124
0x281e0 N 0x281e4
0x143b120 N 0x143b124
0x143b120 T 0xbdc940e8
0x53e0 N 0x53e4
0x281e0 N 0x281e4
0x281e0 T 0xbebc
0x53e0 N 0x53e4
0x143b120 N 0x143b124
0x281e0 N 0x281e4
0x53e0 N 0x53e4
0x53e0 T 0xe68
0x281e0 N 0x281e4
0x53e0 N 0x53e4
0x281e0 N 0x281e4
0x4a2ffd80 N 0x4a2ffd84
0x281e0 N 0x281e4
0x53e0 N 0x53e4
0x53e0 T 0xe68
0x53e0 N 0x53e4
0x53e0 T 0xe68
flush_num: 107, br_num: 219, size: 179b
