0x4f60e388 N 0x4f60e38c
0x71569b0 N 0x71569b4
0xe1c N 0xe20
0x6b51e90 N 0x6b51e94
0x71569b0 N 0x71569b4
0xe1c T 0x18
0x4f60e388 T 0xf5a90
0x6b51e90 N 0x6b51e94
0x71569b0 N 0x71569b4
0x4f60e388 T 0xf5a90
0x71569b0 T 0x3ff7f0
0x6b51e90 N 0x6b51e94
0x4f60e388 T 0xf5a90
0x4f60e388 T 0xf5a90
0x4f60e388 T 0xf5a90
0x4f60e388 T 0xf5a90
0x6b51e90 N 0x6b51e94
0x71569b0 N 0x71569b4
0x71569b0 N 0x71569b4
0x4f60e388 T 0xf5a90
0x6b51e90 N 0x6b51e94
0x71569b0 N 0x71569b4
0x4f60e388 T 0xf5a90
0x6b51e90 N 0x6b51e94
0x71569b0 N 0x71569b4
0x4f60e388 N 0x4f60e38c
0x6b51e90 N 0x6b51e94
0x6b51e90 T 0x15edcd70
0xe1c T 0x18
0x4f60e388 N 0x4f60e38c
0x71569b0 N 0x71569b4
0x4f60e388 T 0xf5a90
0x4f60e388 N 0x4f60e38c
0x6b51e90 N 0x6b51e94
0x71569b0 N 0x71569b4
0x4f60e388 N 0x4f60e38c
0xe1c T 0x18
0xe1c N 0xe20
0x71569b0 N 0x71569b4
0xe1c T 0x18
0xe1c N 0xe20
0x6b51e90 N 0x6b51e94
0x71569b0 N 0x71569b4
0x4f60e388 T 0xf5a90
0xe1c N 0xe20
0x71569b0 T 0x3ff7f0
0x6b51e90 N 0x6b51e94
0x71569b0 N 0x71569b4
0x4f60e388 N 0x4f60e38c
0xe1c T 0x18
0xe1c T 0x18
0x71569b0 T 0x3ff7f0
0x71569b0 T 0x3ff7f0
0xe1c T 0x18
0xe1c N 0xe20
0x71569b0 N 0x71569b4
0xe1c T 0x18
0xe1c T 0x18
0x71569b0 T 0x3ff7f0
0x4f60e388 N 0x4f60e38c
0x4f60e388 N 0x4f60e38c
0x71569b0 T 0x3ff7f0
0x71569b0 T 0x3ff7f0
0xe1c T 0x18
0xe1c T 0x18
0x6b51e90 N 0x6b51e94
0xe1c T 0x18
0x4f60e388 N 0x4f60e38c
0xe1c T 0x18
0x6b51e90 T 0x15edcd70
0xe1c T 0x18
0x6b51e90 T 0x15edcd70
0xe1c T 0x18
0xe1c T 0x18
0x6b51e90 N 0x6b51e94
0x6b51e90 T 0x15edcd70
0x71569b0 N 0x71569b4
0x4f60e388 N 0x4f60e38c
0x71569b0 N 0x71569b4
0x4f60e388 N 0x4f60e38c
0x4f60e388 N 0x4f60e38c
0x6b51e90 N 0x6b51e94
0x6b51e90 N 0x6b51e94
0x4f60e388 N 0x4f60e38c
0x6b51e90 N 0x6b51e94
0x4f60e388 N 0x4f60e38c
0x4f60e388 N 0x4f60e38c
0x4f60e388 T 0xf5a90
0xe1c T 0x18
0x4f60e388 N 0x4f60e38c
0x6b51e90 T 0x15edcd70
0x6b51e90 N 0x6b51e94
0x4f60e388 T 0xf5a90
0x4f60e388 T 0xf5a90
0x71569b0 N 0x71569b4
0x4f60e388 N 0x4f60e38c
0xe1c N 0xe20
0x71569b0 T 0x3ff7f0
0x71569b0 T 0x3ff7f0
0x6b51e90 N 0x6b51e94
0x71569b0 N 0x71569b4
0xe1c T 0x18
0x6b51e90 N 0x6b51e94
0x6b51e90 T 0x15edcd70
0x6b51e90 T 0x15edcd70
0x71569b0 N 0x71569b4
0x71569b0 T 0x3ff7f0
0x4f60e388 N 0x4f60e38c
0x4f60e388 T 0xf5a90
0x71569b0 T 0x3ff7f0
0x71569b0 N 0x71569b4
0x71569b0 T 0x3ff7f0
0x71569b0 N 0x71569b4
0x71569b0 T 0x3ff7f0
0xe1c T 0x18
0xe1c T 0x18
0x6b51e90 N 0x6b51e94
0xe1c T 0x18
0x6b51e90 N 0x6b51e94
0x6b51e90 T 0x15edcd70
0x71569b0 N 0x71569b4
0xe1c T 0x18
0xe1c N 0xe20
0x4f60e388 N 0x4f60e38c
0x71569b0 T 0x3ff7f0
0x71569b0 T 0x3ff7f0
0x6b51e90 N 0x6b51e94
0x71569b0 N 0x71569b4
0xe1c N 0xe20
0x71569b0 N 0x71569b4
0x4f60e388 T 0xf5a90
0x4f60e388 T 0xf5a90
0xe1c T 0x18
0xe1c N 0xe20
0x6b51e90 N 0x6b51e94
0x71569b0 N 0x71569b4
0x6b51e90 N 0x6b51e94
0x4f60e388 N 0x4f60e38c
0x71569b0 N 0x71569b4
0xe1c N 0xe20
0xe1c N 0xe20
0x71569b0 T 0x3ff7f0
0x6b51e90 N 0x6b51e94
0xe1c N 0xe20
0xe1c N 0xe20
0x4f60e388 N 0x4f60e38c
0x71569b0 N 0x71569b4
0x4f60e388 N 0x4f60e38c
0xe1c N 0xe20
0xe1c N 0xe20
0xe1c N 0xe20
0x71569b0 T 0x3ff7f0
0x6b51e90 N 0x6b51e94
0x71569b0 N 0x71569b4
0x4f60e388 T 0xf5a90
0x71569b0 N 0x71569b4
0x4f60e388 T 0xf5a90
0xe1c N 0xe20
0x6b51e90 N 0x6b51e94
0x71569b0 N 0x71569b4
0x71569b0 T 0x3ff7f0
0xe1c T 0x18
0xe1c T 0x18
0x6b51e90 N 0x6b51e94
0x71569b0 N 0x71569b4
0x71569b0 N 0x71569b4
0x4f60e388 N 0x4f60e38c
0x6b51e90 N 0x6b51e94
0x4f60e388 N 0x4f60e38c
0x4f60e388 T 0xf5a90
0x71569b0 N 0x71569b4
0x4f60e388 T 0xf5a90
0x71569b0 N 0x71569b4
0x6b51e90 N 0x6b51e94
0x4f60e388 N 0x4f60e38c
0x6b51e90 T 0x15edcd70
0x71569b0 N 0x71569b4
0x6b51e90 N 0x6b51e94
0x4f60e388 N 0x4f60e38c
0xe1c T 0x18
0xe1c N 0xe20
0x6b51e90 T 0x15edcd70
0x71569b0 N 0x71569b4
0x6b51e90 N 0x6b51e94
0xe1c T 0x18
0x71569b0 N 0x71569b4
0x4f60e388 N 0x4f60e38c
0x71569b0 N 0x71569b4
0xe1c T 0x18
0x4f60e388 N 0x4f60e38c
0x6b51e90 N 0x6b51e94
0x71569b0 N 0x71569b4
0x4f60e388 T 0xf5a90
0x71569b0 N 0x71569b4
0x6b51e90 N 0x6b51e94
0xe1c T 0x18
0xe1c T 0x18
0x71569b0 N 0x71569b4
0x6b51e90 N 0x6b51e94
0x4f60e388 T 0xf5a90
0x71569b0 N 0x71569b4
0xe1c N 0xe20
0x71569b0 N 0x71569b4
0x6b51e90 N 0x6b51e94
0xe1c N 0xe20
0xe1c N 0xe20
0xe1c T 0x18
0x4f60e388 T 0xf5a90
0x71569b0 N 0x71569b4
0x6b51e90 N 0x6b51e94
0xe1c N 0xe20
0xe1c N 0xe20
0xe1c T 0x18
0xe1c T 0x18
0x71569b0 N 0x71569b4
0x4f60e388 N 0x4f60e38c
0xe1c T 0x18
0xe1c T 0x18
0xe1c T 0x18
0x71569b0 N 0x71569b4
0x71569b0 N 0x71569b4
0xe1c N 0xe20
0xe1c T 0x18
0x4f60e388 T 0xf5a90
0x4f60e388 T 0xf5a90
0x6b51e90 N 0x6b51e94
0x4f60e388 T 0xf5a90
0x4f60e388 N 0x4f60e38c
0x6b51e90 T 0x15edcd70
0x4f60e388 T 0xf5a90
0x4f60e388 T 0xf5a90
0x4f60e388 N 0x4f60e38c
0xe1c T 0x18
0x71569b0 N 0x71569b4
0x4f60e388 T 0xf5a90
0x4f60e388 T 0xf5a90
0x4f60e388 T 0xf5a90
0xe1c T 0x18
0xe1c T 0x18
0xe1c T 0x18
0x71569b0 T 0x3ff7f0
0x4f60e388 T 0xf5a90
0x6b51e90 N 0x6b51e94
0xe1c T 0x18
0x6b51e90 T 0x15edcd70
0x71569b0 N 0x71569b4
0x6b51e90 N 0x6b51e94
0x6b51e90 T 0x15edcd70
0xe1c T 0x18
0x4f60e388 N 0x4f60e38c
0x6b51e90 T 0x15edcd70
0x71569b0 N 0x71569b4
0x6b51e90 N 0x6b51e94
0x6b51e90 T 0x15edcd70
0xe1c N 0xe20
0x6b51e90 T 0x15edcd70
0x71569b0 N 0x71569b4
0x4f60e388 N 0x4f60e38c
0x4f60e388 N 0x4f60e38c
0x4f60e388 N 0x4f60e38c
0x4f60e388 T 0xf5a90
0x71569b0 N 0x71569b4
0x71569b0 T 0x3ff7f0
0x71569b0 T 0x3ff7f0
0x4f60e388 N 0x4f60e38c
0xe1c N 0xe20
0x6b51e90 N 0x6b51e94
0x6b51e90 N 0x6b51e94
0xe1c T 0x18
0xe1c T 0x18
0x71569b0 N 0x71569b4
0x71569b0 N 0x71569b4
0x6b51e90 N 0x6b51e94
0x6b51e90 N 0x6b51e94
0x4f60e388 N 0x4f60e38c
0x6b51e90 N 0x6b51e94
0xe1c N 0xe20
0x4f60e388 T 0xf5a90
0x6b51e90 N 0x6b51e94
0x71569b0 N 0x71569b4
0xe1c N 0xe20
0xe1c T 0x18
0x4f60e388 N 0x4f60e38c
0x4f60e388 N 0x4f60e38c
0xe1c T 0x18
0x6b51e90 N 0x6b51e94
0xe1c N 0xe20
0x4f60e388 N 0x4f60e38c
0x71569b0 N 0x71569b4
0x71569b0 N 0x71569b4
0x71569b0 N 0x71569b4
0x4f60e388 N 0x4f60e38c
0x71569b0 N 0x71569b4
0x71569b0 T 0x3ff7f0
0xe1c N 0xe20
0x71569b0 T 0x3ff7f0
0x71569b0 T 0x3ff7f0
0x4f60e388 N 0x4f60e38c
0xe1c N 0xe20
0x4f60e388 T 0xf5a90
0x4f60e388 N 0x4f60e38c
0xe1c N 0xe20
0x6b51e90 N 0x6b51e94
0xe1c T 0x18
0xe1c N 0xe20
0x6b51e90 T 0x15edcd70
0x4f60e388 N 0x4f60e38c
0xe1c N 0xe20
0xe1c N 0xe20
0xe1c N 0xe20
0xe1c N 0xe20
0xe1c N 0xe20
0x71569b0 N 0x71569b4
0x4f60e388 N 0x4f60e38c
0x71569b0 N 0x71569b4
0xe1c T 0x18
0x4f60e388 N 0x4f60e38c
0x6b51e90 N 0x6b51e94
0x6b51e90 T 0x15edcd70
0x4f60e388 N 0x4f60e38c
0x6b51e90 T 0x15edcd70
0x4f60e388 N 0x4f60e38c
0xe1c T 0x18
0x4f60e388 N 0x4f60e38c
0x71569b0 N 0x71569b4
0x6b51e90 N 0x6b51e94
0x71569b0 N 0x71569b4
0xe1c T 0x18
0xe1c T 0x18
0x6b51e90 N 0x6b51e94
0x71569b0 N 0x71569b4
0x71569b0 T 0x3ff7f0
0xe1c T 0x18
0xe1c T 0x18
0x4f60e388 T 0xf5a90
0x6b51e90 N 0x6b51e94
0xe1c N 0xe20
0xe1c N 0xe20
0xe1c T 0x18
0xe1c T 0x18
0x6b51e90 N 0x6b51e94
0x71569b0 N 0x71569b4
0xe1c T 0x18
0x6b51e90 N 0x6b51e94
0x4f60e388 N 0x4f60e38c
0x6b51e90 T 0x15edcd70
0xe1c T 0x18
0x6b51e90 T 0x15edcd70
0x4f60e388 N 0x4f60e38c
0x4f60e388 N 0x4f60e38c
0x4f60e388 N 0x4f60e38c
0xe1c N 0xe20
0x71569b0 N 0x71569b4
0x6b51e90 N 0x6b51e94
0x71569b0 N 0x71569b4
0x71569b0 N 0x71569b4
0xe1c T 0x18
0xe1c T 0x18
0x4f60e388 T 0xf5a90
0x71569b0 N 0x71569b4
0x71569b0 T 0x3ff7f0
0x4f60e388 N 0x4f60e38c
0x6b51e90 N 0x6b51e94
0x71569b0 N 0x71569b4
0x4f60e388 N 0x4f60e38c
0x6b51e90 N 0x6b51e94
0x4f60e388 T 0xf5a90
0x4f60e388 T 0xf5a90
0x6b51e90 N 0x6b51e94
0xe1c N 0xe20
0x4f60e388 T 0xf5a90
0x6b51e90 N 0x6b51e94
0x6b51e90 T 0x15edcd70
0xe1c N 0xe20
0xe1c T 0x18
0x6b51e90 T 0x15edcd70
0x6b51e90 T 0x15edcd70
0x6b51e90 N 0x6b51e94
0xe1c N 0xe20
0x6b51e90 N 0x6b51e94
0x6b51e90 N 0x6b51e94
0x71569b0 N 0x71569b4
0x4f60e388 T 0xf5a90
0x6b51e90 N 0x6b51e94
0x4f60e388 T 0xf5a90
0x6b51e90 T 0x15edcd70
0x4f60e388 T 0xf5a90
0xe1c N 0xe20
0xe1c N 0xe20
0x4f60e388 T 0xf5a90
0x6b51e90 T 0x15edcd70
0x4f60e388 T 0xf5a90
0x6b51e90 T 0x15edcd70
0x71569b0 N 0x71569b4
0x71569b0 T 0x3ff7f0
0xe1c N 0xe20
0x71569b0 T 0x3ff7f0
0x71569b0 T 0x3ff7f0
0x71569b0 N 0x71569b4
0x4f60e388 T 0xf5a90
0xe1c N 0xe20
0x6b51e90 N 0x6b51e94
0xe1c N 0xe20
0x6b51e90 N 0x6b51e94
0x4f60e388 T 0xf5a90
0x71569b0 N 0x71569b4
0x6b51e90 N 0x6b51e94
0x4f60e388 T 0xf5a90
0x4f60e388 T 0xf5a90
0xe1c N 0xe20
0x6b51e90 N 0x6b51e94
0x6b51e90 T 0x15edcd70
0x6b51e90 T 0x15edcd70
0x4f60e388 T 0xf5a90
0x71569b0 N 0x71569b4
0xe1c N 0xe20
0xe1c N 0xe20
0x6b51e90 N 0x6b51e94
0x6b51e90 N 0x6b51e94
0x4f60e388 N 0x4f60e38c
0xe1c N 0xe20
0x6b51e90 T 0x15edcd70
0x6b51e90 T 0x15edcd70
0x4f60e388 T 0xf5a90
0x6b51e90 N 0x6b51e94
0x6b51e90 N 0x6b51e94
0x71569b0 N 0x71569b4
0xe1c N 0xe20
0x71569b0 T 0x3ff7f0
0x71569b0 T 0x3ff7f0
0x6b51e90 N 0x6b51e94
0x4f60e388 T 0xf5a90
0xe1c N 0xe20
0xe1c N 0xe20
0x4f60e388 T 0xf5a90
0x71569b0 N 0x71569b4
0x6b51e90 N 0x6b51e94
0xe1c N 0xe20
0x6b51e90 T 0x15edcd70
0xe1c N 0xe20
0x4f60e388 T 0xf5a90
0x4f60e388 T 0xf5a90
0xe1c N 0xe20
0x4f60e388 N 0x4f60e38c
0x6b51e90 T 0x15edcd70
0xe1c N 0xe20
0x4f60e388 T 0xf5a90
0x71569b0 N 0x71569b4
0x4f60e388 T 0xf5a90
0x4f60e388 N 0x4f60e38c
0xe1c N 0xe20
0x6b51e90 N 0x6b51e94
0x71569b0 N 0x71569b4
0x71569b0 T 0x3ff7f0
0xe1c N 0xe20
0x71569b0 T 0x3ff7f0
0x71569b0 T 0x3ff7f0
0xe1c N 0xe20
0x6b51e90 N 0x6b51e94
0x6b51e90 N 0x6b51e94
0x4f60e388 T 0xf5a90
0xe1c N 0xe20
0x4f60e388 T 0xf5a90
0x6b51e90 N 0x6b51e94
0xe1c N 0xe20
0x6b51e90 T 0x15edcd70
0x4f60e388 N 0x4f60e38c
0xe1c N 0xe20
0x6b51e90 T 0x15edcd70
0x6b51e90 N 0x6b51e94
0x71569b0 N 0x71569b4
0xe1c T 0x18
0xe1c N 0xe20
0x71569b0 T 0x3ff7f0
0x71569b0 T 0x3ff7f0
0x6b51e90 N 0x6b51e94
0x71569b0 N 0x71569b4
0xe1c N 0xe20
0x71569b0 N 0x71569b4
0x6b51e90 N 0x6b51e94
0xe1c N 0xe20
0xe1c N 0xe20
0x6b51e90 N 0x6b51e94
0xe1c N 0xe20
0xe1c N 0xe20
0xe1c N 0xe20
0x4f60e388 N 0x4f60e38c
0xe1c N 0xe20
0x6b51e90 N 0x6b51e94
0xe1c T 0x18
0x71569b0 N 0x71569b4
0x71569b0 N 0x71569b4
0x71569b0 T 0x3ff7f0
0x6b51e90 N 0x6b51e94
0x4f60e388 N 0x4f60e38c
0x71569b0 N 0x71569b4
0x71569b0 N 0x71569b4
0xe1c N 0xe20
0xe1c N 0xe20
0x71569b0 N 0x71569b4
0x6b51e90 N 0x6b51e94
0x71569b0 N 0x71569b4
0x71569b0 N 0x71569b4
0x4f60e388 N 0x4f60e38c
0x6b51e90 N 0x6b51e94
0xe1c N 0xe20
0x6b51e90 T 0x15edcd70
0x71569b0 N 0x71569b4
0x6b51e90 N 0x6b51e94
0xe1c N 0xe20
0x4f60e388 N 0x4f60e38c
0x4f60e388 N 0x4f60e38c
0xe1c N 0xe20
0xe1c T 0x18
0x4f60e388 N 0x4f60e38c
0xe1c N 0xe20
0x6b51e90 T 0x15edcd70
0x4f60e388 N 0x4f60e38c
0x6b51e90 T 0x15edcd70
0x71569b0 N 0x71569b4
0x6b51e90 N 0x6b51e94
0xe1c N 0xe20
0xe1c T 0x18
0x6b51e90 N 0x6b51e94
0x6b51e90 N 0x6b51e94
0xe1c N 0xe20
0x71569b0 N 0x71569b4
0x6b51e90 N 0x6b51e94
0x6b51e90 T 0x15edcd70
0x6b51e90 T 0x15edcd70
0x71569b0 N 0x71569b4
0x6b51e90 N 0x6b51e94
0x6b51e90 N 0x6b51e94
0x6b51e90 N 0x6b51e94
0x6b51e90 T 0x15edcd70
0xe1c N 0xe20
0x71569b0 N 0x71569b4
0x6b51e90 N 0x6b51e94
0xe1c N 0xe20
0x71569b0 N 0x71569b4
0xe1c T 0x18
0xe1c N 0xe20
0x71569b0 T 0x3ff7f0
0xe1c N 0xe20
0xe1c N 0xe20
0xe1c T 0x18
0x71569b0 T 0x3ff7f0
0x6b51e90 N 0x6b51e94
0xe1c T 0x18
0xe1c N 0xe20
0xe1c T 0x18
0x71569b0 N 0x71569b4
0x6b51e90 N 0x6b51e94
0x4f60e388 N 0x4f60e38c
0x4f60e388 T 0xf5a90
0x71569b0 N 0x71569b4
0xe1c T 0x18
0x4f60e388 T 0xf5a90
0x71569b0 N 0x71569b4
0x4f60e388 T 0xf5a90
0x4f60e388 T 0xf5a90
0x6b51e90 N 0x6b51e94
0xe1c N 0xe20
0x6b51e90 N 0x6b51e94
0x6b51e90 T 0x15edcd70
0xe1c T 0x18
0xe1c T 0x18
0x71569b0 N 0x71569b4
0x71569b0 N 0x71569b4
0x71569b0 N 0x71569b4
0x4f60e388 T 0xf5a90
0x71569b0 N 0x71569b4
0x6b51e90 N 0x6b51e94
0x4f60e388 T 0xf5a90
0x71569b0 N 0x71569b4
0x71569b0 T 0x3ff7f0
0x6b51e90 N 0x6b51e94
0xe1c T 0x18
0xe1c T 0x18
0x4f60e388 N 0x4f60e38c
0x6b51e90 T 0x15edcd70
0x6b51e90 T 0x15edcd70
0x4f60e388 T 0xf5a90
0x6b51e90 T 0x15edcd70
0x71569b0 N 0x71569b4
0x71569b0 T 0x3ff7f0
0x71569b0 T 0x3ff7f0
0x6b51e90 N 0x6b51e94
0xe1c T 0x18
0x6b51e90 T 0x15edcd70
0x6b51e90 T 0x15edcd70
0x4f60e388 T 0xf5a90
0x4f60e388 N 0x4f60e38c
0x4f60e388 N 0x4f60e38c
0x4f60e388 N 0x4f60e38c
0x71569b0 N 0x71569b4
0x6b51e90 N 0x6b51e94
0x4f60e388 N 0x4f60e38c
0xe1c T 0x18
0x4f60e388 N 0x4f60e38c
0x4f60e388 N 0x4f60e38c
0x4f60e388 N 0x4f60e38c
0x71569b0 N 0x71569b4
0x6b51e90 N 0x6b51e94
0x71569b0 N 0x71569b4
0xe1c N 0xe20
0x6b51e90 N 0x6b51e94
0x4f60e388 T 0xf5a90
0xe1c T 0x18
0x6b51e90 N 0x6b51e94
0x6b51e90 N 0x6b51e94
0x71569b0 N 0x71569b4
0x6b51e90 N 0x6b51e94
0x6b51e90 T 0x15edcd70
0x71569b0 N 0x71569b4
0x6b51e90 N 0x6b51e94
0x71569b0 N 0x71569b4
0x71569b0 N 0x71569b4
0x6b51e90 N 0x6b51e94
0xe1c T 0x18
0x71569b0 N 0x71569b4
0x4f60e388 N 0x4f60e38c
0x6b51e90 N 0x6b51e94
0xe1c T 0x18
0x6b51e90 T 0x15edcd70
0x71569b0 N 0x71569b4
0xe1c T 0x18
0x71569b0 N 0x71569b4
0xe1c T 0x18
0x71569b0 N 0x71569b4
0xe1c T 0x18
0x71569b0 T 0x3ff7f0
0x6b51e90 N 0x6b51e94
0x71569b0 N 0x71569b4
0x4f60e388 N 0x4f60e38c
0x71569b0 T 0x3ff7f0
0x4f60e388 T 0xf5a90
0x71569b0 T 0x3ff7f0
0x4f60e388 N 0x4f60e38c
0x4f60e388 N 0x4f60e38c
0xe1c T 0x18
0x4f60e388 T 0xf5a90
0x71569b0 T 0x3ff7f0
0xe1c T 0x18
0x6b51e90 N 0x6b51e94
0xe1c T 0x18
0xe1c T 0x18
0x4f60e388 T 0xf5a90
0xe1c T 0x18
0x4f60e388 N 0x4f60e38c
0xe1c T 0x18
0x71569b0 N 0x71569b4
0x6b51e90 N 0x6b51e94
0xe1c T 0x18
0x4f60e388 N 0x4f60e38c
0x4f60e388 T 0xf5a90
0x4f60e388 N 0x4f60e38c
0x6b51e90 N 0x6b51e94
0xe1c T 0x18
0xe1c T 0x18
0xe1c T 0x18
0x71569b0 N 0x71569b4
0x4f60e388 N 0x4f60e38c
0x6b51e90 N 0x6b51e94
0x4f60e388 N 0x4f60e38c
0x4f60e388 T 0xf5a90
0xe1c T 0x18
0xe1c T 0x18
0x4f60e388 T 0xf5a90
0x4f60e388 T 0xf5a90
0x4f60e388 N 0x4f60e38c
0x71569b0 N 0x71569b4
0x71569b0 N 0x71569b4
0x6b51e90 N 0x6b51e94
0x71569b0 N 0x71569b4
0x6b51e90 N 0x6b51e94
0x4f60e388 N 0x4f60e38c
0x4f60e388 N 0x4f60e38c
0xe1c N 0xe20
0x4f60e388 N 0x4f60e38c
0x6b51e90 T 0x15edcd70
0xe1c N 0xe20
0xe1c T 0x18
0x6b51e90 T 0x15edcd70
0x6b51e90 N 0x6b51e94
0x6b51e90 T 0x15edcd70
0x6b51e90 T 0x15edcd70
0x71569b0 N 0x71569b4
0xe1c T 0x18
0x6b51e90 N 0x6b51e94
0x71569b0 N 0x71569b4
0x6b51e90 N 0x6b51e94
0x6b51e90 T 0x15edcd70
0x4f60e388 N 0x4f60e38c
0x4f60e388 N 0x4f60e38c
0x6b51e90 T 0x15edcd70
0x6b51e90 T 0x15edcd70
0x6b51e90 T 0x15edcd70
0x71569b0 N 0x71569b4
0x6b51e90 N 0x6b51e94
0x4f60e388 N 0x4f60e38c
0x4f60e388 T 0xf5a90
0x71569b0 N 0x71569b4
0xe1c T 0x18
0x6b51e90 N 0x6b51e94
0x6b51e90 T 0x15edcd70
0x4f60e388 T 0xf5a90
0xe1c N 0xe20
0x71569b0 N 0x71569b4
0x71569b0 T 0x3ff7f0
0x4f60e388 N 0x4f60e38c
0xe1c N 0xe20
0x4f60e388 N 0x4f60e38c
0x6b51e90 N 0x6b51e94
0x6b51e90 T 0x15edcd70
0x71569b0 N 0x71569b4
0x71569b0 N 0x71569b4
0x71569b0 N 0x71569b4
0xe1c T 0x18
0x71569b0 N 0x71569b4
0x6b51e90 N 0x6b51e94
0x71569b0 N 0x71569b4
0xe1c T 0x18
0x71569b0 N 0x71569b4
0x6b51e90 N 0x6b51e94
0x71569b0 N 0x71569b4
0x6b51e90 N 0x6b51e94
0x71569b0 N 0x71569b4
0x71569b0 N 0x71569b4
0x71569b0 N 0x71569b4
0x71569b0 N 0x71569b4
0xe1c N 0xe20
0x4f60e388 N 0x4f60e38c
0x6b51e90 N 0x6b51e94
0x71569b0 N 0x71569b4
0x4f60e388 T 0xf5a90
0x6b51e90 N 0x6b51e94
0xe1c T 0x18
0xe1c T 0x18
0xe1c T 0x18
0x71569b0 N 0x71569b4
0x4f60e388 N 0x4f60e38c
0x71569b0 T 0x3ff7f0
0x4f60e388 N 0x4f60e38c
0xe1c T 0x18
0x4f60e388 N 0x4f60e38c
0x6b51e90 N 0x6b51e94
0x71569b0 N 0x71569b4
0xe1c T 0x18
0x4f60e388 N 0x4f60e38c
0x4f60e388 N 0x4f60e38c
0xe1c T 0x18
0xe1c T 0x18
0x4f60e388 T 0xf5a90
0x71569b0 T 0x3ff7f0
0x4f60e388 N 0x4f60e38c
0x6b51e90 N 0x6b51e94
0x6b51e90 T 0x15edcd70
0x6b51e90 T 0x15edcd70
0xe1c T 0x18
0x4f60e388 N 0x4f60e38c
0x4f60e388 T 0xf5a90
0x71569b0 N 0x71569b4
0x6b51e90 N 0x6b51e94
0x4f60e388 T 0xf5a90
0xe1c T 0x18
0x71569b0 N 0x71569b4
0x71569b0 T 0x3ff7f0
0xe1c T 0x18
0x6b51e90 N 0x6b51e94
0x4f60e388 T 0xf5a90
0xe1c N 0xe20
0x71569b0 N 0x71569b4
0x6b51e90 N 0x6b51e94
0x6b51e90 T 0x15edcd70
0x4f60e388 T 0xf5a90
0x71569b0 N 0x71569b4
0xe1c N 0xe20
0x4f60e388 T 0xf5a90
0x6b51e90 N 0x6b51e94
0xe1c T 0x18
0x4f60e388 T 0xf5a90
0xe1c N 0xe20
0xe1c N 0xe20
0x71569b0 N 0x71569b4
0x6b51e90 N 0x6b51e94
0xe1c T 0x18
0x71569b0 N 0x71569b4
0x4f60e388 N 0x4f60e38c
0xe1c N 0xe20
0x71569b0 T 0x3ff7f0
0xe1c N 0xe20
0x6b51e90 N 0x6b51e94
0xe1c T 0x18
0x71569b0 N 0x71569b4
0x71569b0 T 0x3ff7f0
0xe1c T 0x18
0x71569b0 T 0x3ff7f0
0x4f60e388 N 0x4f60e38c
0x71569b0 T 0x3ff7f0
0x4f60e388 N 0x4f60e38c
0x4f60e388 T 0xf5a90
0x4f60e388 N 0x4f60e38c
0x71569b0 T 0x3ff7f0
0x71569b0 T 0x3ff7f0
0x71569b0 T 0x3ff7f0
0x4f60e388 N 0x4f60e38c
0xe1c T 0x18
0x4f60e388 T 0xf5a90
0x6b51e90 N 0x6b51e94
0x4f60e388 T 0xf5a90
0x6b51e90 N 0x6b51e94
0x6b51e90 T 0x15edcd70
0x6b51e90 T 0x15edcd70
0x71569b0 N 0x71569b4
0x6b51e90 N 0x6b51e94
0x4f60e388 N 0x4f60e38c
0x4f60e388 N 0x4f60e38c
0x71569b0 N 0x71569b4
0x6b51e90 N 0x6b51e94
0x71569b0 N 0x71569b4
0x71569b0 N 0x71569b4
0xe1c N 0xe20
0x71569b0 N 0x71569b4
0xe1c T 0x18
0x4f60e388 T 0xf5a90
0xe1c T 0x18
0xe1c T 0x18
0x71569b0 N 0x71569b4
0x71569b0 N 0x71569b4
0x71569b0 T 0x3ff7f0
0x4f60e388 T 0xf5a90
0xe1c T 0x18
0x6b51e90 N 0x6b51e94
0x4f60e388 N 0x4f60e38c
0x4f60e388 N 0x4f60e38c
flush_num: 430, br_num: 836, size: 228b
