0x62c N 0x630
0x5f2b30c4 N 0x5f2b30c8
0x62c N 0x630
0x62c T 0x62a1d870
0x5f2b30c4 N 0x5f2b30c8
0x5f2b30c4 T 0x8b5b5a9c
0x5f2b30c4 T 0x8b5b5a9c
0x5f2b30c4 T 0x8b5b5a9c
0x5f2b30c4 T 0x8b5b5a9c
0xb379c20 N 0xb379c24
0xb379c20 T 0x41fb4
0x5f2b30c4 N 0x5f2b30c8
0x62c N 0x630
0xb379c20 N 0xb379c24
0x62c N 0x630
0x5f2b30c4 N 0x5f2b30c8
0x5f2b30c4 N 0x5f2b30c8
0x62c N 0x630
0x62c T 0x62a1d870
0x62c T 0x62a1d870
0xb379c20 N 0xb379c24
0x62c N 0x630
0x5f2b30c4 N 0x5f2b30c8
0x62c N 0x630
0xb379c20 N 0xb379c24
0x62c N 0x630
0x62c N 0x630
0x62c N 0x630
0xb379c20 N 0xb379c24
0x62c N 0x630
0x5f2b30c4 N 0x5f2b30c8
0x5f2b30c4 N 0x5f2b30c8
0x5f2b30c4 T 0x8b5b5a9c
0x62c N 0x630
0xb379c20 N 0xb379c24
0xb379c20 T 0x41fb4
0xb379c20 T 0x41fb4
0x5f2b30c4 N 0x5f2b30c8
0x5f2b30c4 N 0x5f2b30c8
0xb379c20 N 0xb379c24
0x5f2b30c4 N 0x5f2b30c8
0x5f2b30c4 N 0x5f2b30c8
0xb379c20 N 0xb379c24
0xb379c20 T 0x41fb4
0x5f2b30c4 N 0x5f2b30c8
0x62c N 0x630
0x62c T 0x62a1d870
0x62c T 0x62a1d870
0xb379c20 N 0xb379c24
0x62c N 0x630
0xb379c20 N 0xb379c24
0xb379c20 T 0x41fb4
0xb379c20 T 0x41fb4
0xb379c20 T 0x41fb4
0x5f2b30c4 N 0x5f2b30c8
0x62c N 0x630
0xb379c20 N 0xb379c24
0x5f2b30c4 N 0x5f2b30c8
0xb379c20 N 0xb379c24
0xb379c20 T 0x41fb4
0xb379c20 T 0x41fb4
0x5f2b30c4 N 0x5f2b30c8
0x5f2b30c4 T 0x8b5b5a9c
0x5f2b30c4 N 0x5f2b30c8
0x62c N 0x630
0xb379c20 N 0xb379c24
0xb379c20 T 0x41fb4
0xb379c20 T 0x41fb4
0x62c N 0x630
0x5f2b30c4 N 0x5f2b30c8
0x5f2b30c4 T 0x8b5b5a9c
0x62c N 0x630
0x62c N 0x630
0x5f2b30c4 N 0x5f2b30c8
0xb379c20 N 0xb379c24
0x5f2b30c4 N 0x5f2b30c8
0xb379c20 N 0xb379c24
0x62c N 0x630
0xb379c20 N 0xb379c24
0x62c N 0x630
0x62c T 0x62a1d870
0x62c N 0x630
0x62c N 0x630
0xb379c20 N 0xb379c24
0xb379c20 N 0xb379c24
0x5f2b30c4 N 0x5f2b30c8
0x62c N 0x630
0x5f2b30c4 N 0x5f2b30c8
0xb379c20 N 0xb379c24
0x5f2b30c4 N 0x5f2b30c8
0xb379c20 N 0xb379c24
0x5f2b30c4 N 0x5f2b30c8
0x5f2b30c4 T 0x8b5b5a9c
0x5f2b30c4 N 0x5f2b30c8
0x62c N 0x630
0x5f2b30c4 N 0x5f2b30c8
0x5f2b30c4 T 0x8b5b5a9c
0x5f2b30c4 T 0x8b5b5a9c
0xb379c20 N 0xb379c24
0x62c N 0x630
0x5f2b30c4 N 0x5f2b30c8
0xb379c20 N 0xb379c24
0xb379c20 N 0xb379c24
0x62c N 0x630
0x5f2b30c4 N 0x5f2b30c8
0x5f2b30c4 N 0x5f2b30c8
0xb379c20 N 0xb379c24
0x62c N 0x630
0xb379c20 N 0xb379c24
0x5f2b30c4 N 0x5f2b30c8
0xb379c20 N 0xb379c24
0xb379c20 N 0xb379c24
0x5f2b30c4 N 0x5f2b30c8
0xb379c20 N 0xb379c24
0xb379c20 N 0xb379c24
0xb379c20 T 0x41fb4
0xb379c20 T 0x41fb4
0xb379c20 T 0x41fb4
0xb379c20 N 0xb379c24
0xb379c20 T 0x41fb4
0x62c N 0x630
0x5f2b30c4 N 0x5f2b30c8
0x62c N 0x630
0x5f2b30c4 N 0x5f2b30c8
0xb379c20 N 0xb379c24
0xb379c20 T 0x41fb4
0xb379c20 N 0xb379c24
0xb379c20 T 0x41fb4
0x62c N 0x630
0x62c N 0x630
0x5f2b30c4 N 0x5f2b30c8
0xb379c20 N 0xb379c24
0xb379c20 N 0xb379c24
0x62c N 0x630
0x5f2b30c4 N 0x5f2b30c8
0x5f2b30c4 T 0x8b5b5a9c
0x62c N 0x630
0x5f2b30c4 N 0x5f2b30c8
0x5f2b30c4 T 0x8b5b5a9c
0xb379c20 N 0xb379c24
0x5f2b30c4 N 0x5f2b30c8
0x5f2b30c4 N 0x5f2b30c8
0x5f2b30c4 N 0x5f2b30c8
0xb379c20 N 0xb379c24
0x62c N 0x630
0x62c N 0x630
0xb379c20 N 0xb379c24
0x5f2b30c4 N 0x5f2b30c8
0x62c N 0x630
0x62c N 0x630
0x5f2b30c4 N 0x5f2b30c8
0x62c N 0x630
0x5f2b30c4 N 0x5f2b30c8
0x62c N 0x630
0xb379c20 N 0xb379c24
0x62c N 0x630
0x62c N 0x630
0x62c N 0x630
0xb379c20 N 0xb379c24
0xb379c20 T 0x41fb4
0x5f2b30c4 N 0x5f2b30c8
0xb379c20 N 0xb379c24
0xb379c20 N 0xb379c24
0xb379c20 T 0x41fb4
0x62c N 0x630
0x5f2b30c4 N 0x5f2b30c8
0x5f2b30c4 N 0x5f2b30c8
0x62c N 0x630
0x62c T 0x62a1d870
0xb379c20 N 0xb379c24
0x5f2b30c4 N 0x5f2b30c8
0xb379c20 N 0xb379c24
0x5f2b30c4 N 0x5f2b30c8
0x5f2b30c4 T 0x8b5b5a9c
0x62c N 0x630
0x62c T 0x62a1d870
0x62c T 0x62a1d870
0x62c N 0x630
0x62c N 0x630
0x62c T 0x62a1d870
0x5f2b30c4 N 0x5f2b30c8
0x62c N 0x630
0x5f2b30c4 N 0x5f2b30c8
0x5f2b30c4 N 0x5f2b30c8
0x62c N 0x630
0x62c T 0x62a1d870
0x62c T 0x62a1d870
0x5f2b30c4 N 0x5f2b30c8
0x62c N 0x630
0xb379c20 N 0xb379c24
0x5f2b30c4 N 0x5f2b30c8
0x5f2b30c4 N 0x5f2b30c8
0x62c N 0x630
0x5f2b30c4 N 0x5f2b30c8
0xb379c20 N 0xb379c24
0x5f2b30c4 N 0x5f2b30c8
0x62c N 0x630
0x5f2b30c4 N 0x5f2b30c8
0x62c N 0x630
0x62c T 0x62a1d870
0x62c N 0x630
0xb379c20 N 0xb379c24
0xb379c20 N 0xb379c24
0xb379c20 T 0x41fb4
0xb379c20 T 0x41fb4
0x62c N 0x630
0x62c N 0x630
0x62c T 0x62a1d870
0xb379c20 N 0xb379c24
0x5f2b30c4 N 0x5f2b30c8
0x5f2b30c4 N 0x5f2b30c8
0x62c N 0x630
0xb379c20 N 0xb379c24
0xb379c20 T 0x41fb4
0x5f2b30c4 N 0x5f2b30c8
0x5f2b30c4 N 0x5f2b30c8
0x5f2b30c4 N 0x5f2b30c8
0x5f2b30c4 T 0x8b5b5a9c
0xb379c20 N 0xb379c24
0xb379c20 T 0x41fb4
0x62c N 0x630
0xb379c20 N 0xb379c24
0x62c N 0x630
0x62c N 0x630
0xb379c20 N 0xb379c24
0x5f2b30c4 N 0x5f2b30c8
0x62c N 0x630
0x62c T 0x62a1d870
0x62c N 0x630
0x5f2b30c4 N 0x5f2b30c8
0xb379c20 N 0xb379c24
0x62c N 0x630
0x62c T 0x62a1d870
0x62c N 0x630
0x5f2b30c4 N 0x5f2b30c8
0x62c N 0x630
0xb379c20 N 0xb379c24
0x5f2b30c4 N 0x5f2b30c8
0x62c N 0x630
0xb379c20 N 0xb379c24
0xb379c20 N 0xb379c24
0x5f2b30c4 N 0x5f2b30c8
0xb379c20 N 0xb379c24
0x62c N 0x630
0xb379c20 N 0xb379c24
0x5f2b30c4 N 0x5f2b30c8
0xb379c20 N 0xb379c24
0x5f2b30c4 N 0x5f2b30c8
0x62c N 0x630
0x5f2b30c4 N 0x5f2b30c8
0x5f2b30c4 N 0x5f2b30c8
0xb379c20 N 0xb379c24
0x62c N 0x630
0x62c T 0x62a1d870
0xb379c20 N 0xb379c24
0x62c N 0x630
0x62c N 0x630
0x5f2b30c4 N 0x5f2b30c8
0x62c N 0x630
0x5f2b30c4 N 0x5f2b30c8
0x5f2b30c4 N 0x5f2b30c8
0x5f2b30c4 N 0x5f2b30c8
0x5f2b30c4 N 0x5f2b30c8
0x62c N 0x630
0x62c T 0x62a1d870
0xb379c20 N 0xb379c24
0xb379c20 N 0xb379c24
0x62c N 0x630
0x5f2b30c4 N 0x5f2b30c8
0x5f2b30c4 N 0x5f2b30c8
0xb379c20 N 0xb379c24
0xb379c20 T 0x41fb4
0x62c N 0x630
0x62c N 0x630
0x5f2b30c4 N 0x5f2b30c8
0x62c N 0x630
0x62c N 0x630
0xb379c20 N 0xb379c24
0x5f2b30c4 N 0x5f2b30c8
0xb379c20 N 0xb379c24
0xb379c20 T 0x41fb4
0x62c N 0x630
0x62c N 0x630
0x5f2b30c4 N 0x5f2b30c8
0x62c N 0x630
0x5f2b30c4 N 0x5f2b30c8
0x62c N 0x630
0x62c T 0x62a1d870
0xb379c20 N 0xb379c24
0xb379c20 T 0x41fb4
0x5f2b30c4 N 0x5f2b30c8
0xb379c20 N 0xb379c24
0xb379c20 T 0x41fb4
0xb379c20 T 0x41fb4
0x5f2b30c4 N 0x5f2b30c8
0xb379c20 N 0xb379c24
0x5f2b30c4 N 0x5f2b30c8
0x62c N 0x630
0xb379c20 N 0xb379c24
0xb379c20 N 0xb379c24
0x5f2b30c4 N 0x5f2b30c8
0xb379c20 N 0xb379c24
0xb379c20 N 0xb379c24
0xb379c20 T 0x41fb4
0x62c N 0x630
0x5f2b30c4 N 0x5f2b30c8
0x5f2b30c4 N 0x5f2b30c8
0x62c N 0x630
0x62c N 0x630
0x62c N 0x630
0x62c N 0x630
0xb379c20 N 0xb379c24
0x5f2b30c4 N 0x5f2b30c8
0x5f2b30c4 T 0x8b5b5a9c
0xb379c20 N 0xb379c24
0xb379c20 N 0xb379c24
0x62c N 0x630
0x62c N 0x630
0x62c T 0x62a1d870
0x5f2b30c4 N 0x5f2b30c8
0x62c N 0x630
0xb379c20 N 0xb379c24
0x5f2b30c4 N 0x5f2b30c8
0x5f2b30c4 T 0x8b5b5a9c
0x62c N 0x630
0xb379c20 N 0xb379c24
0x5f2b30c4 N 0x5f2b30c8
0xb379c20 N 0xb379c24
0xb379c20 N 0xb379c24
0xb379c20 N 0xb379c24
0x62c N 0x630
0x62c N 0x630
0x62c T 0x62a1d870
0xb379c20 N 0xb379c24
0x5f2b30c4 N 0x5f2b30c8
0xb379c20 N 0xb379c24
0xb379c20 N 0xb379c24
0xb379c20 N 0xb379c24
0x5f2b30c4 N 0x5f2b30c8
0x62c N 0x630
0x5f2b30c4 N 0x5f2b30c8
0x5f2b30c4 T 0x8b5b5a9c
0x62c N 0x630
0xb379c20 N 0xb379c24
0x62c N 0x630
0x62c N 0x630
0xb379c20 N 0xb379c24
0x5f2b30c4 N 0x5f2b30c8
0x62c N 0x630
0xb379c20 N 0xb379c24
0xb379c20 N 0xb379c24
0x62c N 0x630
0xb379c20 N 0xb379c24
0x5f2b30c4 N 0x5f2b30c8
0x5f2b30c4 N 0x5f2b30c8
0x62c N 0x630
0x5f2b30c4 N 0x5f2b30c8
0x62c N 0x630
0x5f2b30c4 N 0x5f2b30c8
0xb379c20 N 0xb379c24
0x5f2b30c4 N 0x5f2b30c8
0xb379c20 N 0xb379c24
0xb379c20 T 0x41fb4
0x62c N 0x630
0x5f2b30c4 N 0x5f2b30c8
0xb379c20 N 0xb379c24
0x5f2b30c4 N 0x5f2b30c8
0xb379c20 N 0xb379c24
0xb379c20 T 0x41fb4
0xb379c20 T 0x41fb4
0xb379c20 T 0x41fb4
0x5f2b30c4 N 0x5f2b30c8
0x5f2b30c4 N 0x5f2b30c8
0x5f2b30c4 N 0x5f2b30c8
0x5f2b30c4 T 0x8b5b5a9c
0x5f2b30c4 T 0x8b5b5a9c
0xb379c20 N 0xb379c24
0xb379c20 T 0x41fb4
0x62c N 0x630
0xb379c20 N 0xb379c24
0xb379c20 T 0x41fb4
0xb379c20 T 0x41fb4
0x62c N 0x630
0x5f2b30c4 N 0x5f2b30c8
0x62c N 0x630
0x5f2b30c4 N 0x5f2b30c8
0xb379c20 N 0xb379c24
0x62c N 0x630
0xb379c20 N 0xb379c24
0x5f2b30c4 N 0x5f2b30c8
0xb379c20 N 0xb379c24
0x5f2b30c4 N 0x5f2b30c8
0xb379c20 N 0xb379c24
0xb379c20 N 0xb379c24
0x5f2b30c4 N 0x5f2b30c8
0x62c N 0x630
0x5f2b30c4 N 0x5f2b30c8
0xb379c20 N 0xb379c24
0x5f2b30c4 N 0x5f2b30c8
0x5f2b30c4 N 0x5f2b30c8
0x62c N 0x630
0x5f2b30c4 N 0x5f2b30c8
0xb379c20 N 0xb379c24
0x5f2b30c4 N 0x5f2b30c8
0xb379c20 N 0xb379c24
0x62c N 0x630
0x5f2b30c4 N 0x5f2b30c8
0xb379c20 N 0xb379c24
0x5f2b30c4 N 0x5f2b30c8
0x5f2b30c4 N 0x5f2b30c8
0x5f2b30c4 T 0x8b5b5a9c
0xb379c20 N 0xb379c24
0x62c N 0x630
0xb379c20 N 0xb379c24
0x62c N 0x630
0xb379c20 N 0xb379c24
0x62c N 0x630
0xb379c20 N 0xb379c24
0x62c N 0x630
0x5f2b30c4 N 0x5f2b30c8
0xb379c20 N 0xb379c24
0xb379c20 N 0xb379c24
0xb379c20 N 0xb379c24
0x62c N 0x630
0x62c N 0x630
0xb379c20 N 0xb379c24
0xb379c20 N 0xb379c24
0xb379c20 T 0x41fb4
0xb379c20 T 0x41fb4
0x62c N 0x630
0xb379c20 N 0xb379c24
0x5f2b30c4 N 0x5f2b30c8
0x62c N 0x630
0xb379c20 N 0xb379c24
0x5f2b30c4 N 0x5f2b30c8
0x62c N 0x630
0x5f2b30c4 N 0x5f2b30c8
0x5f2b30c4 N 0x5f2b30c8
0x5f2b30c4 T 0x8b5b5a9c
0x62c N 0x630
0xb379c20 N 0xb379c24
0x5f2b30c4 N 0x5f2b30c8
0xb379c20 N 0xb379c24
0x5f2b30c4 N 0x5f2b30c8
0x5f2b30c4 N 0x5f2b30c8
0xb379c20 N 0xb379c24
0x5f2b30c4 N 0x5f2b30c8
0xb379c20 N 0xb379c24
0x5f2b30c4 N 0x5f2b30c8
0xb379c20 N 0xb379c24
0xb379c20 N 0xb379c24
0x62c N 0x630
0xb379c20 N 0xb379c24
0xb379c20 T 0x41fb4
0xb379c20 N 0xb379c24
0x5f2b30c4 N 0x5f2b30c8
0x5f2b30c4 N 0x5f2b30c8
0xb379c20 N 0xb379c24
0x5f2b30c4 N 0x5f2b30c8
0x5f2b30c4 N 0x5f2b30c8
0xb379c20 N 0xb379c24
0x62c N 0x630
0x62c T 0x62a1d870
0x62c N 0x630
0x62c T 0x62a1d870
0x62c T 0x62a1d870
0x5f2b30c4 N 0x5f2b30c8
0x62c N 0x630
0x5f2b30c4 N 0x5f2b30c8
0xb379c20 N 0xb379c24
0xb379c20 N 0xb379c24
0xb379c20 N 0xb379c24
0x5f2b30c4 N 0x5f2b30c8
flush_num: 228, br_num: 473, size: 60b
