0xe79b9a4 N 0xe79b9a8
0x8270 N 0x8274
0xe79b9a4 N 0xe79b9a8
0xb82f4c N 0xb82f50
0xb82f4c N 0xb82f50
0xe79b9a4 N 0xe79b9a8
0xe79b9a4 N 0xe79b9a8
0xd94 N 0xd98
0x5c0 N 0x5c4
0xb82f4c N 0xb82f50
0x8270 N 0x8274
0x8270 N 0x8274
0x3130d11c N 0x3130d120
0xe79b9a4 N 0xe79b9a8
0x3130d11c N 0x3130d120
0xd94 N 0xd98
0xb82f4c N 0xb82f50
0x5c0 N 0x5c4
0xb82f4c N 0xb82f50
0x5c0 N 0x5c4
0xe79b9a4 N 0xe79b9a8
0xd94 N 0xd98
0x3130d11c N 0x3130d120
0xd94 N 0xd98
0xe79b9a4 N 0xe79b9a8
0xb82f4c N 0xb82f50
0xe79b9a4 N 0xe79b9a8
0xe79b9a4 N 0xe79b9a8
0xd94 N 0xd98
0xd94 N 0xd98
0x3130d11c N 0x3130d120
0x5c0 N 0x5c4
0x3130d11c N 0x3130d120
0xe79b9a4 N 0xe79b9a8
0xd94 N 0xd98
0x5c0 N 0x5c4
0x5c0 T 0xfde2d8
0x3130d11c N 0x3130d120
0x8270 N 0x8274
0xd94 N 0xd98
0x3130d11c N 0x3130d120
0x3130d11c N 0x3130d120
0x5c0 N 0x5c4
0x5c0 N 0x5c4
0xb82f4c N 0xb82f50
0x8270 N 0x8274
0x5c0 N 0x5c4
0xd94 N 0xd98
0x5c0 N 0x5c4
0x8270 N 0x8274
0xb82f4c N 0xb82f50
0xd94 N 0xd98
0xb82f4c N 0xb82f50
0x8270 N 0x8274
0xd94 N 0xd98
0xb82f4c N 0xb82f50
0xe79b9a4 N 0xe79b9a8
0x5c0 N 0x5c4
0xd94 N 0xd98
0xe79b9a4 N 0xe79b9a8
0xb82f4c N 0xb82f50
0xd94 N 0xd98
0x5c0 N 0x5c4
0x8270 N 0x8274
0x5c0 N 0x5c4
0x3130d11c N 0x3130d120
0xe79b9a4 N 0xe79b9a8
0x3130d11c N 0x3130d120
0x3130d11c T 0x80c
0xb82f4c N 0xb82f50
0xb82f4c N 0xb82f50
0x5c0 N 0x5c4
0xd94 N 0xd98
0xe79b9a4 N 0xe79b9a8
0x5c0 N 0x5c4
0xb82f4c N 0xb82f50
0x8270 N 0x8274
0x3130d11c N 0x3130d120
0xd94 N 0xd98
0xe79b9a4 N 0xe79b9a8
0x8270 N 0x8274
0xe79b9a4 N 0xe79b9a8
0x8270 N 0x8274
0x8270 N 0x8274
0x8270 N 0x8274
0xe79b9a4 N 0xe79b9a8
0xd94 N 0xd98
0x8270 N 0x8274
0xe79b9a4 N 0xe79b9a8
0xb82f4c N 0xb82f50
0xb82f4c N 0xb82f50
0xd94 N 0xd98
0x3130d11c N 0x3130d120
0x5c0 N 0x5c4
0x5c0 N 0x5c4
0xb82f4c N 0xb82f50
0xd94 N 0xd98
0x5c0 N 0x5c4
0x8270 N 0x8274
0x8270 N 0x8274
0x8270 N 0x8274
0x3130d11c N 0x3130d120
0x8270 T 0x9c8
0x5c0 N 0x5c4
0x3130d11c N 0x3130d120
0xd94 N 0xd98
0xb82f4c N 0xb82f50
0x5c0 N 0x5c4
0x5c0 N 0x5c4
0x5c0 N 0x5c4
0x3130d11c N 0x3130d120
0x5c0 T 0xfde2d8
0x8270 N 0x8274
0xd94 N 0xd98
0x3130d11c N 0x3130d120
0x8270 N 0x8274
0xb82f4c N 0xb82f50
0xb82f4c N 0xb82f50
0x3130d11c N 0x3130d120
0xb82f4c N 0xb82f50
0x3130d11c N 0x3130d120
0xe79b9a4 N 0xe79b9a8
0xe79b9a4 N 0xe79b9a8
0xb82f4c N 0xb82f50
0x5c0 N 0x5c4
0x5c0 N 0x5c4
0x5c0 N 0x5c4
0x3130d11c N 0x3130d120
0xe79b9a4 N 0xe79b9a8
0xb82f4c N 0xb82f50
0x5c0 N 0x5c4
0xb82f4c N 0xb82f50
0xe79b9a4 N 0xe79b9a8
0xd94 N 0xd98
0x3130d11c N 0x3130d120
0x3130d11c N 0x3130d120
0x8270 N 0x8274
0x8270 N 0x8274
0xb82f4c N 0xb82f50
0xe79b9a4 N 0xe79b9a8
0xd94 N 0xd98
0x3130d11c N 0x3130d120
0xd94 N 0xd98
0xd94 N 0xd98
0x3130d11c N 0x3130d120
0xd94 N 0xd98
0xd94 N 0xd98
0x8270 N 0x8274
0xd94 N 0xd98
0x8270 N 0x8274
0xb82f4c N 0xb82f50
0xe79b9a4 N 0xe79b9a8
0xb82f4c N 0xb82f50
0x5c0 N 0x5c4
0xd94 N 0xd98
0xd94 N 0xd98
0x8270 N 0x8274
0xe79b9a4 N 0xe79b9a8
0x5c0 N 0x5c4
0xe79b9a4 N 0xe79b9a8
0x3130d11c N 0x3130d120
0x3130d11c N 0x3130d120
0xd94 N 0xd98
0xb82f4c N 0xb82f50
0xd94 N 0xd98
0x8270 N 0x8274
0xb82f4c N 0xb82f50
0xb82f4c N 0xb82f50
0xd94 N 0xd98
0xb82f4c N 0xb82f50
0x8270 N 0x8274
0x8270 N 0x8274
0xe79b9a4 N 0xe79b9a8
0xb82f4c N 0xb82f50
0x5c0 N 0x5c4
0x3130d11c N 0x3130d120
0x8270 N 0x8274
0xd94 N 0xd98
0x8270 N 0x8274
0x5c0 N 0x5c4
0x5c0 N 0x5c4
0xd94 N 0xd98
0x8270 N 0x8274
0x3130d11c N 0x3130d120
0x3130d11c N 0x3130d120
0xe79b9a4 N 0xe79b9a8
0x5c0 N 0x5c4
0xe79b9a4 N 0xe79b9a8
0xd94 N 0xd98
0xd94 N 0xd98
0xe79b9a4 N 0xe79b9a8
0x3130d11c N 0x3130d120
0xb82f4c N 0xb82f50
0x3130d11c N 0x3130d120
0x5c0 N 0x5c4
0xe79b9a4 N 0xe79b9a8
0x5c0 N 0x5c4
0xd94 N 0xd98
0x3130d11c N 0x3130d120
0x3130d11c N 0x3130d120
0xb82f4c N 0xb82f50
0xd94 N 0xd98
0x8270 N 0x8274
0xb82f4c N 0xb82f50
0x5c0 N 0x5c4
0xe79b9a4 N 0xe79b9a8
0xb82f4c N 0xb82f50
0xe79b9a4 N 0xe79b9a8
0x8270 N 0x8274
0x8270 N 0x8274
0x3130d11c N 0x3130d120
0xd94 N 0xd98
0xe79b9a4 N 0xe79b9a8
0xb82f4c N 0xb82f50
0xb82f4c N 0xb82f50
0xe79b9a4 N 0xe79b9a8
0x5c0 N 0x5c4
0x8270 N 0x8274
0xb82f4c N 0xb82f50
0xb82f4c N 0xb82f50
0x8270 N 0x8274
0x3130d11c N 0x3130d120
0xe79b9a4 N 0xe79b9a8
0x3130d11c N 0x3130d120
0x3130d11c N 0x3130d120
0x5c0 N 0x5c4
0x5c0 T 0xfde2d8
0x8270 N 0x8274
0xb82f4c N 0xb82f50
0xb82f4c N 0xb82f50
0xe79b9a4 N 0xe79b9a8
0xd94 N 0xd98
0x3130d11c N 0x3130d120
0x8270 N 0x8274
0xb82f4c N 0xb82f50
0x3130d11c N 0x3130d120
0x5c0 N 0x5c4
0xd94 N 0xd98
0xe79b9a4 N 0xe79b9a8
0xb82f4c N 0xb82f50
0x8270 N 0x8274
0x3130d11c N 0x3130d120
0x3130d11c N 0x3130d120
0xb82f4c N 0xb82f50
0xe79b9a4 N 0xe79b9a8
0x3130d11c N 0x3130d120
0x5c0 N 0x5c4
0x3130d11c N 0x3130d120
0x5c0 N 0x5c4
0xd94 N 0xd98
0x5c0 N 0x5c4
0xe79b9a4 N 0xe79b9a8
0xe79b9a4 N 0xe79b9a8
0x8270 N 0x8274
0xd94 N 0xd98
0x3130d11c N 0x3130d120
0x8270 N 0x8274
0x5c0 N 0x5c4
0x3130d11c N 0x3130d120
0x3130d11c N 0x3130d120
0x3130d11c N 0x3130d120
0x8270 N 0x8274
0x8270 N 0x8274
0x3130d11c T 0x80c
0xd94 N 0xd98
0xd94 N 0xd98
0x3130d11c N 0x3130d120
0xe79b9a4 N 0xe79b9a8
0xe79b9a4 N 0xe79b9a8
0xd94 N 0xd98
0x3130d11c N 0x3130d120
0xe79b9a4 N 0xe79b9a8
0xe79b9a4 T 0x3228
0x8270 N 0x8274
0x5c0 N 0x5c4
0x8270 N 0x8274
0xd94 N 0xd98
0x8270 N 0x8274
0xe79b9a4 N 0xe79b9a8
0xb82f4c N 0xb82f50
0x3130d11c N 0x3130d120
0x5c0 N 0x5c4
0x5c0 N 0x5c4
0x5c0 N 0x5c4
0x8270 N 0x8274
0x8270 N 0x8274
0x5c0 N 0x5c4
0xd94 N 0xd98
0x3130d11c N 0x3130d120
0xb82f4c N 0xb82f50
0x5c0 N 0x5c4
0xe79b9a4 N 0xe79b9a8
0x5c0 N 0x5c4
0xb82f4c N 0xb82f50
0xd94 N 0xd98
0xd94 N 0xd98
0xe79b9a4 N 0xe79b9a8
0xe79b9a4 N 0xe79b9a8
0x8270 N 0x8274
0xb82f4c N 0xb82f50
0xd94 N 0xd98
0xd94 N 0xd98
0x8270 N 0x8274
0xb82f4c N 0xb82f50
0xe79b9a4 N 0xe79b9a8
0xb82f4c N 0xb82f50
0x5c0 N 0x5c4
0xe79b9a4 N 0xe79b9a8
0x5c0 N 0x5c4
0x3130d11c N 0x3130d120
0x8270 N 0x8274
0x3130d11c N 0x3130d120
0xe79b9a4 N 0xe79b9a8
0x3130d11c N 0x3130d120
0x5c0 N 0x5c4
0x3130d11c N 0x3130d120
0xb82f4c N 0xb82f50
0xd94 N 0xd98
0xe79b9a4 N 0xe79b9a8
0xb82f4c N 0xb82f50
0xe79b9a4 N 0xe79b9a8
0xb82f4c N 0xb82f50
0xe79b9a4 N 0xe79b9a8
0x5c0 N 0x5c4
0x5c0 N 0x5c4
0x8270 N 0x8274
0xb82f4c N 0xb82f50
0x5c0 N 0x5c4
0xe79b9a4 N 0xe79b9a8
0xd94 N 0xd98
0xd94 N 0xd98
0x5c0 N 0x5c4
0xb82f4c N 0xb82f50
0x8270 N 0x8274
0x3130d11c N 0x3130d120
0xe79b9a4 N 0xe79b9a8
0xd94 N 0xd98
0xe79b9a4 N 0xe79b9a8
0xe79b9a4 N 0xe79b9a8
0x5c0 N 0x5c4
0x8270 N 0x8274
0xb82f4c N 0xb82f50
0x8270 N 0x8274
0xd94 N 0xd98
0xe79b9a4 N 0xe79b9a8
0x8270 N 0x8274
0xd94 N 0xd98
0xe79b9a4 N 0xe79b9a8
0x8270 N 0x8274
0x3130d11c N 0x3130d120
0x3130d11c N 0x3130d120
0x3130d11c N 0x3130d120
0xd94 N 0xd98
0xe79b9a4 N 0xe79b9a8
0xd94 N 0xd98
0xb82f4c N 0xb82f50
0x5c0 N 0x5c4
0xe79b9a4 N 0xe79b9a8
0x5c0 N 0x5c4
0xe79b9a4 N 0xe79b9a8
0xe79b9a4 N 0xe79b9a8
0xe79b9a4 T 0x3228
0xd94 N 0xd98
0x3130d11c N 0x3130d120
0xb82f4c N 0xb82f50
0xe79b9a4 N 0xe79b9a8
0x5c0 N 0x5c4
0x8270 N 0x8274
0xe79b9a4 N 0xe79b9a8
0xe79b9a4 N 0xe79b9a8
0x5c0 N 0x5c4
0x3130d11c N 0x3130d120
0x5c0 N 0x5c4
0xe79b9a4 N 0xe79b9a8
0xb82f4c N 0xb82f50
0x3130d11c N 0x3130d120
0xd94 N 0xd98
0xd94 N 0xd98
0xe79b9a4 N 0xe79b9a8
0xe79b9a4 N 0xe79b9a8
0xb82f4c N 0xb82f50
0xe79b9a4 N 0xe79b9a8
0x5c0 T 0xfde2d8
0xd94 N 0xd98
0xb82f4c N 0xb82f50
0xb82f4c N 0xb82f50
0x3130d11c N 0x3130d120
0x8270 N 0x8274
0xb82f4c N 0xb82f50
0x5c0 N 0x5c4
0x8270 N 0x8274
0x5c0 N 0x5c4
0x8270 N 0x8274
0x3130d11c N 0x3130d120
0xe79b9a4 N 0xe79b9a8
0x3130d11c N 0x3130d120
0xd94 N 0xd98
0xd94 N 0xd98
0xe79b9a4 N 0xe79b9a8
0xb82f4c N 0xb82f50
0x5c0 N 0x5c4
0x5c0 N 0x5c4
0xe79b9a4 N 0xe79b9a8
0x5c0 N 0x5c4
0xd94 N 0xd98
0xe79b9a4 N 0xe79b9a8
0x3130d11c N 0x3130d120
0xd94 N 0xd98
0x5c0 N 0x5c4
0xe79b9a4 N 0xe79b9a8
0x5c0 T 0xfde2d8
0xd94 N 0xd98
0xb82f4c N 0xb82f50
0x5c0 N 0x5c4
0xb82f4c N 0xb82f50
0xd94 N 0xd98
0x8270 N 0x8274
0xe79b9a4 N 0xe79b9a8
0x3130d11c N 0x3130d120
0x8270 N 0x8274
0x8270 N 0x8274
0x5c0 N 0x5c4
0xe79b9a4 N 0xe79b9a8
0xd94 N 0xd98
0x5c0 N 0x5c4
0xd94 N 0xd98
0x8270 N 0x8274
0x8270 N 0x8274
0xe79b9a4 N 0xe79b9a8
0x5c0 N 0x5c4
0x3130d11c N 0x3130d120
0xe79b9a4 N 0xe79b9a8
0x5c0 N 0x5c4
0x8270 N 0x8274
0x8270 N 0x8274
0xd94 N 0xd98
0xe79b9a4 N 0xe79b9a8
0xe79b9a4 N 0xe79b9a8
0x3130d11c N 0x3130d120
0x3130d11c N 0x3130d120
0xd94 N 0xd98
0xd94 N 0xd98
0xd94 N 0xd98
0x8270 N 0x8274
0xd94 N 0xd98
0xe79b9a4 N 0xe79b9a8
0xd94 N 0xd98
0x3130d11c N 0x3130d120
0x5c0 N 0x5c4
0xd94 N 0xd98
0xe79b9a4 N 0xe79b9a8
0x8270 N 0x8274
0x5c0 N 0x5c4
0xd94 N 0xd98
0x5c0 N 0x5c4
0x5c0 N 0x5c4
0x8270 N 0x8274
0xe79b9a4 N 0xe79b9a8
0x3130d11c N 0x3130d120
0xd94 N 0xd98
0xd94 N 0xd98
0x8270 N 0x8274
0xd94 N 0xd98
0xd94 N 0xd98
0x5c0 N 0x5c4
0xd94 N 0xd98
0xb82f4c N 0xb82f50
0x8270 N 0x8274
0xd94 N 0xd98
0x3130d11c N 0x3130d120
0x3130d11c N 0x3130d120
0xb82f4c N 0xb82f50
0x8270 N 0x8274
0xe79b9a4 N 0xe79b9a8
0xe79b9a4 N 0xe79b9a8
0xb82f4c N 0xb82f50
0x8270 N 0x8274
0xe79b9a4 N 0xe79b9a8
0x3130d11c N 0x3130d120
0x8270 N 0x8274
0x3130d11c T 0x80c
0xb82f4c N 0xb82f50
0xd94 N 0xd98
0x8270 N 0x8274
0xe79b9a4 N 0xe79b9a8
0xe79b9a4 N 0xe79b9a8
0xe79b9a4 N 0xe79b9a8
0x8270 N 0x8274
0x5c0 N 0x5c4
0xd94 N 0xd98
0xe79b9a4 N 0xe79b9a8
0x3130d11c N 0x3130d120
0xb82f4c N 0xb82f50
0x5c0 N 0x5c4
0x3130d11c N 0x3130d120
0x5c0 N 0x5c4
0xb82f4c N 0xb82f50
0xe79b9a4 N 0xe79b9a8
0x3130d11c N 0x3130d120
0x5c0 N 0x5c4
0xd94 N 0xd98
0x3130d11c N 0x3130d120
0xe79b9a4 N 0xe79b9a8
0xe79b9a4 N 0xe79b9a8
0xe79b9a4 N 0xe79b9a8
0x8270 N 0x8274
0x5c0 N 0x5c4
0xd94 N 0xd98
0xd94 N 0xd98
0xd94 N 0xd98
0xb82f4c N 0xb82f50
0xe79b9a4 N 0xe79b9a8
0x3130d11c N 0x3130d120
0xe79b9a4 N 0xe79b9a8
0xb82f4c N 0xb82f50
0x5c0 N 0x5c4
0xe79b9a4 N 0xe79b9a8
0xd94 N 0xd98
0xd94 T 0xcd375458
0xe79b9a4 N 0xe79b9a8
0xe79b9a4 N 0xe79b9a8
0xd94 N 0xd98
0xe79b9a4 N 0xe79b9a8
0x5c0 T 0xfde2d8
0xb82f4c N 0xb82f50
0x8270 N 0x8274
0x5c0 N 0x5c4
0x8270 N 0x8274
0xb82f4c N 0xb82f50
0xb82f4c N 0xb82f50
0x3130d11c N 0x3130d120
0xd94 N 0xd98
0x3130d11c N 0x3130d120
0xd94 N 0xd98
0x5c0 N 0x5c4
0xd94 N 0xd98
0xb82f4c N 0xb82f50
0x8270 N 0x8274
0xb82f4c N 0xb82f50
0x3130d11c N 0x3130d120
0x5c0 N 0x5c4
0xe79b9a4 N 0xe79b9a8
0x3130d11c N 0x3130d120
0xb82f4c N 0xb82f50
0x8270 N 0x8274
0x3130d11c N 0x3130d120
0xb82f4c N 0xb82f50
0xe79b9a4 N 0xe79b9a8
0x8270 N 0x8274
0xd94 N 0xd98
0xd94 N 0xd98
0xe79b9a4 N 0xe79b9a8
0xb82f4c N 0xb82f50
0xd94 N 0xd98
0xe79b9a4 N 0xe79b9a8
0xd94 N 0xd98
0x3130d11c N 0x3130d120
0xd94 N 0xd98
0xd94 N 0xd98
0xe79b9a4 N 0xe79b9a8
0xe79b9a4 N 0xe79b9a8
0x3130d11c N 0x3130d120
0x5c0 N 0x5c4
0x3130d11c N 0x3130d120
0x5c0 N 0x5c4
0xb82f4c N 0xb82f50
0x3130d11c N 0x3130d120
0x5c0 N 0x5c4
0x5c0 N 0x5c4
0xd94 N 0xd98
0xd94 N 0xd98
0xb82f4c N 0xb82f50
0x8270 N 0x8274
0x5c0 N 0x5c4
0x5c0 N 0x5c4
0xd94 N 0xd98
0x3130d11c N 0x3130d120
0x5c0 N 0x5c4
0xe79b9a4 N 0xe79b9a8
0x3130d11c N 0x3130d120
0x5c0 T 0xfde2d8
0x5c0 T 0xfde2d8
0x8270 N 0x8274
0x3130d11c N 0x3130d120
0xd94 N 0xd98
0x5c0 N 0x5c4
0x8270 N 0x8274
0x8270 N 0x8274
0xd94 N 0xd98
0xd94 N 0xd98
0x3130d11c N 0x3130d120
0x3130d11c N 0x3130d120
0xb82f4c N 0xb82f50
0xb82f4c N 0xb82f50
0xd94 N 0xd98
0xd94 N 0xd98
0x3130d11c N 0x3130d120
0x8270 N 0x8274
0xb82f4c N 0xb82f50
0xd94 N 0xd98
0xe79b9a4 N 0xe79b9a8
0xd94 N 0xd98
0xe79b9a4 N 0xe79b9a8
0x5c0 N 0x5c4
0x5c0 N 0x5c4
0x5c0 N 0x5c4
0x3130d11c N 0x3130d120
0xd94 N 0xd98
0x5c0 N 0x5c4
0x8270 N 0x8274
0xd94 N 0xd98
0xe79b9a4 N 0xe79b9a8
0xb82f4c N 0xb82f50
0xd94 N 0xd98
0xb82f4c N 0xb82f50
0x5c0 N 0x5c4
0x5c0 N 0x5c4
0x5c0 N 0x5c4
0x3130d11c N 0x3130d120
0xb82f4c N 0xb82f50
0xe79b9a4 N 0xe79b9a8
0x8270 N 0x8274
0xe79b9a4 N 0xe79b9a8
0x3130d11c N 0x3130d120
0x5c0 N 0x5c4
0x8270 N 0x8274
0x5c0 N 0x5c4
0x5c0 N 0x5c4
0x3130d11c N 0x3130d120
0x8270 N 0x8274
0x5c0 N 0x5c4
0x8270 N 0x8274
0xb82f4c N 0xb82f50
0x3130d11c N 0x3130d120
0xd94 N 0xd98
0xe79b9a4 N 0xe79b9a8
0x8270 T 0x9c8
0x5c0 N 0x5c4
0xb82f4c N 0xb82f50
0xb82f4c N 0xb82f50
0x3130d11c N 0x3130d120
0xd94 N 0xd98
0x8270 N 0x8274
0x8270 N 0x8274
0xd94 N 0xd98
0xd94 N 0xd98
0x5c0 N 0x5c4
0xb82f4c N 0xb82f50
0xb82f4c N 0xb82f50
0xe79b9a4 N 0xe79b9a8
0x5c0 N 0x5c4
0x8270 N 0x8274
0x8270 N 0x8274
0x8270 N 0x8274
0xe79b9a4 N 0xe79b9a8
0x8270 T 0x9c8
0xe79b9a4 N 0xe79b9a8
0xd94 N 0xd98
0x8270 N 0x8274
0xd94 N 0xd98
0x3130d11c N 0x3130d120
0x3130d11c T 0x80c
0xd94 N 0xd98
0xd94 N 0xd98
0xe79b9a4 N 0xe79b9a8
0x5c0 N 0x5c4
0x3130d11c N 0x3130d120
0xb82f4c N 0xb82f50
0x3130d11c N 0x3130d120
0x3130d11c T 0x80c
0x3130d11c N 0x3130d120
0x8270 N 0x8274
0xb82f4c N 0xb82f50
0x8270 N 0x8274
0x5c0 N 0x5c4
0x3130d11c N 0x3130d120
0x3130d11c N 0x3130d120
0xe79b9a4 N 0xe79b9a8
0xe79b9a4 N 0xe79b9a8
0xe79b9a4 N 0xe79b9a8
0x8270 N 0x8274
0xd94 N 0xd98
0xb82f4c N 0xb82f50
0x3130d11c N 0x3130d120
0x8270 N 0x8274
0x5c0 N 0x5c4
0xe79b9a4 N 0xe79b9a8
0xe79b9a4 N 0xe79b9a8
0xb82f4c N 0xb82f50
0x8270 N 0x8274
0xe79b9a4 N 0xe79b9a8
0xd94 N 0xd98
0xb82f4c N 0xb82f50
0xe79b9a4 N 0xe79b9a8
0xd94 N 0xd98
0x8270 N 0x8274
0x5c0 N 0x5c4
0xb82f4c N 0xb82f50
0x8270 N 0x8274
0x3130d11c N 0x3130d120
0xe79b9a4 N 0xe79b9a8
0x8270 N 0x8274
0xe79b9a4 N 0xe79b9a8
0x5c0 N 0x5c4
0xd94 N 0xd98
0xd94 N 0xd98
0x5c0 T 0xfde2d8
0x5c0 N 0x5c4
0xe79b9a4 N 0xe79b9a8
0x5c0 N 0x5c4
0x5c0 N 0x5c4
0x5c0 N 0x5c4
0xe79b9a4 N 0xe79b9a8
0x8270 N 0x8274
0x8270 N 0x8274
0x3130d11c N 0x3130d120
0xd94 N 0xd98
0x5c0 N 0x5c4
0x8270 N 0x8274
0xd94 N 0xd98
0x3130d11c N 0x3130d120
0x5c0 N 0x5c4
0x3130d11c N 0x3130d120
0xb82f4c N 0xb82f50
0xb82f4c N 0xb82f50
0x5c0 N 0x5c4
0x5c0 N 0x5c4
0xe79b9a4 N 0xe79b9a8
0xe79b9a4 N 0xe79b9a8
0xe79b9a4 N 0xe79b9a8
0x8270 N 0x8274
0x8270 N 0x8274
0x3130d11c N 0x3130d120
0x5c0 N 0x5c4
0xb82f4c N 0xb82f50
0x5c0 N 0x5c4
0xb82f4c N 0xb82f50
0x3130d11c N 0x3130d120
0xe79b9a4 N 0xe79b9a8
0xd94 N 0xd98
0xe79b9a4 N 0xe79b9a8
0x3130d11c N 0x3130d120
0xe79b9a4 N 0xe79b9a8
0x5c0 T 0xfde2d8
0x5c0 N 0x5c4
0x8270 N 0x8274
0x3130d11c N 0x3130d120
0xd94 N 0xd98
0x8270 N 0x8274
0xb82f4c N 0xb82f50
0xd94 N 0xd98
0xe79b9a4 N 0xe79b9a8
0x5c0 N 0x5c4
0x5c0 N 0x5c4
0x3130d11c N 0x3130d120
0xb82f4c N 0xb82f50
0xd94 N 0xd98
0x5c0 N 0x5c4
0x8270 N 0x8274
0x3130d11c N 0x3130d120
0x8270 N 0x8274
0x3130d11c N 0x3130d120
0xd94 N 0xd98
0x8270 N 0x8274
0x5c0 N 0x5c4
0xb82f4c N 0xb82f50
0x3130d11c N 0x3130d120
0x5c0 N 0x5c4
0x3130d11c N 0x3130d120
0x8270 N 0x8274
0x8270 N 0x8274
0x3130d11c N 0x3130d120
0x5c0 N 0x5c4
0xb82f4c N 0xb82f50
0xd94 N 0xd98
0x5c0 N 0x5c4
0xd94 N 0xd98
0x8270 N 0x8274
0x5c0 N 0x5c4
0x5c0 N 0x5c4
0x8270 N 0x8274
0x3130d11c N 0x3130d120
0xb82f4c N 0xb82f50
0xd94 N 0xd98
0x3130d11c N 0x3130d120
0xd94 N 0xd98
0x8270 N 0x8274
0xe79b9a4 N 0xe79b9a8
0xd94 N 0xd98
0xd94 N 0xd98
0x8270 T 0x9c8
0xb82f4c N 0xb82f50
0x8270 N 0x8274
0xe79b9a4 N 0xe79b9a8
0xe79b9a4 N 0xe79b9a8
0xb82f4c N 0xb82f50
0x3130d11c N 0x3130d120
0x8270 N 0x8274
0xd94 N 0xd98
0xb82f4c N 0xb82f50
0x5c0 N 0x5c4
0x5c0 N 0x5c4
0x5c0 N 0x5c4
0xe79b9a4 N 0xe79b9a8
0x3130d11c N 0x3130d120
0x5c0 N 0x5c4
0xd94 N 0xd98
0xe79b9a4 N 0xe79b9a8
0xe79b9a4 N 0xe79b9a8
0xb82f4c N 0xb82f50
0x3130d11c N 0x3130d120
0x3130d11c N 0x3130d120
0xe79b9a4 N 0xe79b9a8
0xd94 N 0xd98
0x8270 N 0x8274
0x8270 N 0x8274
0xd94 N 0xd98
0x8270 N 0x8274
0x3130d11c N 0x3130d120
0x3130d11c N 0x3130d120
0x8270 N 0x8274
0xd94 N 0xd98
0xd94 N 0xd98
0xd94 N 0xd98
0x8270 N 0x8274
0x8270 N 0x8274
0xb82f4c N 0xb82f50
0xe79b9a4 N 0xe79b9a8
0x3130d11c N 0x3130d120
0xd94 N 0xd98
0xb82f4c N 0xb82f50
0xe79b9a4 N 0xe79b9a8
0x3130d11c N 0x3130d120
0xb82f4c N 0xb82f50
0xd94 N 0xd98
0x3130d11c N 0x3130d120
0x5c0 N 0x5c4
0x8270 N 0x8274
0x5c0 N 0x5c4
0x8270 N 0x8274
0xe79b9a4 N 0xe79b9a8
0x8270 N 0x8274
0x5c0 N 0x5c4
0x3130d11c N 0x3130d120
0xd94 N 0xd98
0xd94 N 0xd98
0x5c0 N 0x5c4
0xb82f4c N 0xb82f50
0xd94 N 0xd98
0xe79b9a4 N 0xe79b9a8
0xb82f4c N 0xb82f50
0x5c0 N 0x5c4
0x5c0 N 0x5c4
0x8270 N 0x8274
0x5c0 N 0x5c4
0xb82f4c N 0xb82f50
0xe79b9a4 N 0xe79b9a8
0xe79b9a4 N 0xe79b9a8
0xb82f4c N 0xb82f50
0x3130d11c N 0x3130d120
0xd94 N 0xd98
0xe79b9a4 N 0xe79b9a8
0xd94 N 0xd98
0x5c0 N 0x5c4
0x3130d11c N 0x3130d120
0x8270 N 0x8274
0x8270 N 0x8274
0x8270 N 0x8274
0xb82f4c N 0xb82f50
0x3130d11c N 0x3130d120
0xb82f4c N 0xb82f50
0xd94 N 0xd98
0xd94 N 0xd98
0xb82f4c N 0xb82f50
0xe79b9a4 N 0xe79b9a8
0xe79b9a4 N 0xe79b9a8
0x5c0 N 0x5c4
0xe79b9a4 N 0xe79b9a8
0x5c0 N 0x5c4
0x5c0 N 0x5c4
0xd94 N 0xd98
0x5c0 N 0x5c4
0x5c0 N 0x5c4
0xe79b9a4 N 0xe79b9a8
0xd94 N 0xd98
0xd94 N 0xd98
0xd94 N 0xd98
0xb82f4c N 0xb82f50
0x3130d11c N 0x3130d120
0x3130d11c N 0x3130d120
0xb82f4c N 0xb82f50
0xd94 N 0xd98
0x5c0 N 0x5c4
0x8270 N 0x8274
0xd94 N 0xd98
0x3130d11c N 0x3130d120
0x3130d11c N 0x3130d120
0xd94 N 0xd98
0xd94 N 0xd98
0xd94 T 0xcd375458
0x3130d11c N 0x3130d120
0xe79b9a4 N 0xe79b9a8
0x3130d11c N 0x3130d120
0x5c0 N 0x5c4
0xe79b9a4 N 0xe79b9a8
0xd94 N 0xd98
0xb82f4c N 0xb82f50
0x5c0 N 0x5c4
0x3130d11c N 0x3130d120
0xe79b9a4 N 0xe79b9a8
0x3130d11c N 0x3130d120
0xe79b9a4 N 0xe79b9a8
0x5c0 N 0x5c4
0x3130d11c N 0x3130d120
0xb82f4c N 0xb82f50
0x3130d11c N 0x3130d120
0x3130d11c N 0x3130d120
0xb82f4c N 0xb82f50
0xd94 N 0xd98
0xe79b9a4 N 0xe79b9a8
0xe79b9a4 N 0xe79b9a8
0x5c0 T 0xfde2d8
0xd94 N 0xd98
0x5c0 N 0x5c4
0x3130d11c N 0x3130d120
0x8270 N 0x8274
0x8270 N 0x8274
0xd94 N 0xd98
0xb82f4c N 0xb82f50
0xb82f4c N 0xb82f50
0xe79b9a4 N 0xe79b9a8
0xb82f4c N 0xb82f50
0xd94 N 0xd98
0x5c0 N 0x5c4
0xd94 N 0xd98
0x3130d11c N 0x3130d120
0x8270 N 0x8274
0x8270 N 0x8274
0x3130d11c N 0x3130d120
0x8270 N 0x8274
0x8270 N 0x8274
0xe79b9a4 N 0xe79b9a8
0x3130d11c N 0x3130d120
0xd94 N 0xd98
0xd94 N 0xd98
0xd94 N 0xd98
0x3130d11c N 0x3130d120
0xb82f4c N 0xb82f50
0x8270 T 0x9c8
0x5c0 N 0x5c4
0xd94 N 0xd98
0x8270 N 0x8274
0x5c0 N 0x5c4
0x8270 N 0x8274
0xd94 N 0xd98
0xe79b9a4 N 0xe79b9a8
0xb82f4c N 0xb82f50
0xe79b9a4 N 0xe79b9a8
0x5c0 N 0x5c4
0x5c0 N 0x5c4
0x5c0 N 0x5c4
0xb82f4c N 0xb82f50
0x8270 N 0x8274
0x8270 N 0x8274
0xb82f4c N 0xb82f50
0x5c0 N 0x5c4
0xd94 N 0xd98
0xb82f4c N 0xb82f50
0x5c0 N 0x5c4
0x8270 N 0x8274
0x5c0 N 0x5c4
0xb82f4c N 0xb82f50
0xb82f4c N 0xb82f50
0x3130d11c N 0x3130d120
0xe79b9a4 N 0xe79b9a8
0x3130d11c N 0x3130d120
0xd94 N 0xd98
0xd94 N 0xd98
0xb82f4c N 0xb82f50
0xd94 N 0xd98
0xb82f4c N 0xb82f50
0xb82f4c N 0xb82f50
0xe79b9a4 N 0xe79b9a8
0x5c0 N 0x5c4
0xe79b9a4 N 0xe79b9a8
0xe79b9a4 N 0xe79b9a8
0x3130d11c N 0x3130d120
0xd94 N 0xd98
0xe79b9a4 N 0xe79b9a8
0xb82f4c N 0xb82f50
0xe79b9a4 N 0xe79b9a8
0xd94 N 0xd98
0x5c0 N 0x5c4
0x8270 N 0x8274
0x3130d11c N 0x3130d120
0x8270 N 0x8274
0xe79b9a4 N 0xe79b9a8
0x5c0 N 0x5c4
0xd94 N 0xd98
0xe79b9a4 N 0xe79b9a8
0xe79b9a4 N 0xe79b9a8
0xb82f4c N 0xb82f50
0xb82f4c N 0xb82f50
0xb82f4c N 0xb82f50
0x5c0 N 0x5c4
0xd94 N 0xd98
0xb82f4c N 0xb82f50
0x3130d11c N 0x3130d120
0x3130d11c N 0x3130d120
0xb82f4c N 0xb82f50
0x8270 N 0x8274
0xd94 N 0xd98
0xd94 N 0xd98
0xb82f4c N 0xb82f50
0x5c0 N 0x5c4
0xd94 N 0xd98
0xe79b9a4 N 0xe79b9a8
0x3130d11c N 0x3130d120
0x3130d11c N 0x3130d120
0xe79b9a4 N 0xe79b9a8
0xe79b9a4 N 0xe79b9a8
0x3130d11c N 0x3130d120
0xd94 N 0xd98
0xb82f4c N 0xb82f50
0x5c0 N 0x5c4
0xb82f4c N 0xb82f50
0xe79b9a4 N 0xe79b9a8
0x3130d11c N 0x3130d120
0x3130d11c N 0x3130d120
0xe79b9a4 N 0xe79b9a8
0xe79b9a4 N 0xe79b9a8
0x5c0 N 0x5c4
0x8270 N 0x8274
0xe79b9a4 N 0xe79b9a8
0xd94 N 0xd98
0x5c0 N 0x5c4
0xd94 N 0xd98
0x5c0 N 0x5c4
0xe79b9a4 N 0xe79b9a8
0xe79b9a4 N 0xe79b9a8
0x5c0 N 0x5c4
0xe79b9a4 N 0xe79b9a8
0xe79b9a4 N 0xe79b9a8
0x3130d11c N 0x3130d120
0x5c0 N 0x5c4
0xb82f4c N 0xb82f50
0x8270 N 0x8274
0xd94 N 0xd98
0x5c0 N 0x5c4
0xb82f4c N 0xb82f50
0x5c0 N 0x5c4
0xd94 N 0xd98
0xd94 N 0xd98
0x8270 N 0x8274
0x5c0 N 0x5c4
0x3130d11c N 0x3130d120
0x8270 N 0x8274
0xe79b9a4 N 0xe79b9a8
0xe79b9a4 N 0xe79b9a8
0x8270 T 0x9c8
0xd94 N 0xd98
0xb82f4c N 0xb82f50
0x8270 N 0x8274
0xd94 N 0xd98
0x8270 N 0x8274
0xe79b9a4 N 0xe79b9a8
0xb82f4c N 0xb82f50
0x3130d11c N 0x3130d120
0xb82f4c N 0xb82f50
0x5c0 N 0x5c4
0x3130d11c N 0x3130d120
0x3130d11c N 0x3130d120
0xe79b9a4 N 0xe79b9a8
0xe79b9a4 N 0xe79b9a8
0x5c0 T 0xfde2d8
0x3130d11c N 0x3130d120
0xe79b9a4 N 0xe79b9a8
0xe79b9a4 N 0xe79b9a8
0x3130d11c N 0x3130d120
0x5c0 N 0x5c4
0x5c0 N 0x5c4
0x5c0 N 0x5c4
0xe79b9a4 N 0xe79b9a8
0x3130d11c N 0x3130d120
0xd94 N 0xd98
0x5c0 N 0x5c4
0xe79b9a4 N 0xe79b9a8
0x8270 N 0x8274
0xd94 N 0xd98
0xd94 N 0xd98
0x5c0 N 0x5c4
0x3130d11c N 0x3130d120
0xd94 N 0xd98
0x8270 N 0x8274
0xe79b9a4 N 0xe79b9a8
0x3130d11c N 0x3130d120
0xd94 N 0xd98
0xe79b9a4 N 0xe79b9a8
0xd94 N 0xd98
0xb82f4c N 0xb82f50
0x8270 N 0x8274
0x3130d11c N 0x3130d120
0x3130d11c N 0x3130d120
0xb82f4c N 0xb82f50
0xe79b9a4 N 0xe79b9a8
0x3130d11c N 0x3130d120
0x8270 N 0x8274
0xb82f4c N 0xb82f50
0x5c0 N 0x5c4
0xe79b9a4 N 0xe79b9a8
0xd94 N 0xd98
0xe79b9a4 N 0xe79b9a8
0xd94 N 0xd98
0xe79b9a4 N 0xe79b9a8
0x5c0 T 0xfde2d8
0x8270 N 0x8274
0x8270 N 0x8274
0xb82f4c N 0xb82f50
0xb82f4c T 0x35fbcf0
0x5c0 N 0x5c4
0xd94 N 0xd98
0xb82f4c N 0xb82f50
0x3130d11c N 0x3130d120
0xd94 N 0xd98
0x5c0 N 0x5c4
0xd94 N 0xd98
0xe79b9a4 N 0xe79b9a8
0x3130d11c N 0x3130d120
0x5c0 N 0x5c4
0xe79b9a4 N 0xe79b9a8
0xb82f4c N 0xb82f50
0x8270 N 0x8274
0x8270 N 0x8274
0xe79b9a4 N 0xe79b9a8
0xb82f4c N 0xb82f50
0xe79b9a4 N 0xe79b9a8
0x5c0 N 0x5c4
0xb82f4c N 0xb82f50
0xb82f4c N 0xb82f50
0x5c0 N 0x5c4
0xd94 N 0xd98
0xe79b9a4 N 0xe79b9a8
0x8270 N 0x8274
0xd94 N 0xd98
0xb82f4c N 0xb82f50
0xe79b9a4 N 0xe79b9a8
0x8270 N 0x8274
0xe79b9a4 N 0xe79b9a8
0xd94 N 0xd98
0xd94 N 0xd98
0x5c0 N 0x5c4
0x3130d11c N 0x3130d120
0xb82f4c N 0xb82f50
0xb82f4c N 0xb82f50
0xb82f4c N 0xb82f50
0xb82f4c N 0xb82f50
0xd94 N 0xd98
0xe79b9a4 N 0xe79b9a8
0xb82f4c N 0xb82f50
0xe79b9a4 N 0xe79b9a8
0xd94 N 0xd98
0x8270 N 0x8274
0x5c0 N 0x5c4
0x5c0 N 0x5c4
0x5c0 N 0x5c4
0x3130d11c N 0x3130d120
0xd94 N 0xd98
0x8270 N 0x8274
0xd94 N 0xd98
0xe79b9a4 N 0xe79b9a8
0x5c0 N 0x5c4
0x5c0 N 0x5c4
0x5c0 T 0xfde2d8
0x3130d11c N 0x3130d120
0xb82f4c N 0xb82f50
0xe79b9a4 N 0xe79b9a8
0x3130d11c N 0x3130d120
0x5c0 T 0xfde2d8
0xb82f4c N 0xb82f50
0x8270 N 0x8274
0x8270 N 0x8274
0x3130d11c N 0x3130d120
0x3130d11c N 0x3130d120
0x8270 N 0x8274
0xb82f4c N 0xb82f50
0x3130d11c N 0x3130d120
0x5c0 N 0x5c4
0x8270 N 0x8274
0xe79b9a4 N 0xe79b9a8
0x5c0 N 0x5c4
0x8270 N 0x8274
0xe79b9a4 N 0xe79b9a8
0xe79b9a4 N 0xe79b9a8
0xb82f4c N 0xb82f50
0x5c0 N 0x5c4
0x3130d11c N 0x3130d120
0x5c0 N 0x5c4
0x8270 N 0x8274
0x8270 N 0x8274
0x8270 N 0x8274
0x5c0 N 0x5c4
0xb82f4c N 0xb82f50
0xd94 N 0xd98
0xe79b9a4 N 0xe79b9a8
0x8270 N 0x8274
0x8270 N 0x8274
0x8270 N 0x8274
0x5c0 N 0x5c4
0xd94 N 0xd98
0x5c0 N 0x5c4
0xe79b9a4 N 0xe79b9a8
0xb82f4c N 0xb82f50
0xd94 N 0xd98
0x3130d11c N 0x3130d120
0x3130d11c N 0x3130d120
0x3130d11c N 0x3130d120
0xd94 N 0xd98
0x5c0 N 0x5c4
0x5c0 N 0x5c4
0x3130d11c N 0x3130d120
0x3130d11c N 0x3130d120
0x3130d11c N 0x3130d120
0xb82f4c N 0xb82f50
0x5c0 T 0xfde2d8
0xd94 N 0xd98
0xd94 N 0xd98
0xe79b9a4 N 0xe79b9a8
0x5c0 T 0xfde2d8
0xb82f4c N 0xb82f50
0xd94 N 0xd98
0xe79b9a4 N 0xe79b9a8
0xe79b9a4 N 0xe79b9a8
0xd94 N 0xd98
0xb82f4c N 0xb82f50
0xe79b9a4 N 0xe79b9a8
0x5c0 N 0x5c4
0xb82f4c N 0xb82f50
0x8270 N 0x8274
0xe79b9a4 N 0xe79b9a8
0xd94 N 0xd98
0xb82f4c N 0xb82f50
0x5c0 N 0x5c4
0x8270 N 0x8274
0x8270 T 0x9c8
0xd94 N 0xd98
0x8270 N 0x8274
0xd94 N 0xd98
0xe79b9a4 N 0xe79b9a8
0x3130d11c N 0x3130d120
0xe79b9a4 N 0xe79b9a8
0x8270 N 0x8274
0xe79b9a4 N 0xe79b9a8
0xe79b9a4 N 0xe79b9a8
0xb82f4c N 0xb82f50
0xd94 N 0xd98
0xb82f4c N 0xb82f50
0x5c0 N 0x5c4
0xb82f4c N 0xb82f50
0x8270 N 0x8274
0x8270 T 0x9c8
0xd94 N 0xd98
0xd94 N 0xd98
0x5c0 N 0x5c4
0xb82f4c N 0xb82f50
0xe79b9a4 N 0xe79b9a8
0xb82f4c N 0xb82f50
0xe79b9a4 N 0xe79b9a8
0xb82f4c N 0xb82f50
0xd94 N 0xd98
0x3130d11c N 0x3130d120
0x3130d11c N 0x3130d120
0xb82f4c N 0xb82f50
0x5c0 N 0x5c4
0xb82f4c N 0xb82f50
0xd94 N 0xd98
0x5c0 N 0x5c4
0xe79b9a4 N 0xe79b9a8
0x3130d11c N 0x3130d120
0x5c0 N 0x5c4
0x8270 N 0x8274
0xb82f4c N 0xb82f50
0x5c0 N 0x5c4
0x3130d11c N 0x3130d120
0x5c0 N 0x5c4
0x8270 N 0x8274
0x5c0 N 0x5c4
0xe79b9a4 N 0xe79b9a8
0x3130d11c N 0x3130d120
0x3130d11c N 0x3130d120
0x5c0 N 0x5c4
0x3130d11c N 0x3130d120
0x3130d11c N 0x3130d120
0x3130d11c N 0x3130d120
0xd94 N 0xd98
0xd94 N 0xd98
0x5c0 N 0x5c4
0xd94 N 0xd98
0xb82f4c N 0xb82f50
0xb82f4c N 0xb82f50
0x5c0 N 0x5c4
0xd94 N 0xd98
0x3130d11c N 0x3130d120
0x5c0 T 0xfde2d8
0x3130d11c N 0x3130d120
0x5c0 N 0x5c4
0xe79b9a4 N 0xe79b9a8
0x3130d11c N 0x3130d120
0x5c0 N 0x5c4
0x5c0 T 0xfde2d8
0x5c0 N 0x5c4
0xe79b9a4 N 0xe79b9a8
0x5c0 N 0x5c4
0x5c0 T 0xfde2d8
0xe79b9a4 T 0x3228
0x5c0 N 0x5c4
0xe79b9a4 N 0xe79b9a8
0xb82f4c N 0xb82f50
0xe79b9a4 N 0xe79b9a8
0x5c0 N 0x5c4
0xd94 N 0xd98
0x5c0 T 0xfde2d8
0x8270 N 0x8274
0x8270 N 0x8274
0x3130d11c N 0x3130d120
0xe79b9a4 N 0xe79b9a8
0x3130d11c N 0x3130d120
0x5c0 N 0x5c4
0xe79b9a4 N 0xe79b9a8
0x5c0 N 0x5c4
0xd94 N 0xd98
0x3130d11c N 0x3130d120
0x8270 N 0x8274
0x5c0 N 0x5c4
0xe79b9a4 N 0xe79b9a8
0xd94 N 0xd98
0x8270 N 0x8274
0xd94 N 0xd98
0xd94 N 0xd98
0x5c0 N 0x5c4
0x5c0 N 0x5c4
0x5c0 N 0x5c4
0x3130d11c N 0x3130d120
0x5c0 N 0x5c4
0x3130d11c N 0x3130d120
0xe79b9a4 N 0xe79b9a8
0x5c0 N 0x5c4
0xb82f4c N 0xb82f50
0x3130d11c N 0x3130d120
0xd94 N 0xd98
0x5c0 N 0x5c4
0x5c0 N 0x5c4
0xe79b9a4 N 0xe79b9a8
0x8270 N 0x8274
0xb82f4c N 0xb82f50
0x3130d11c N 0x3130d120
0xb82f4c N 0xb82f50
0x8270 N 0x8274
0xd94 N 0xd98
0x3130d11c N 0x3130d120
0x3130d11c N 0x3130d120
0x8270 N 0x8274
0x8270 N 0x8274
0x8270 N 0x8274
0x8270 N 0x8274
0xb82f4c N 0xb82f50
0x8270 N 0x8274
0x3130d11c N 0x3130d120
0x8270 N 0x8274
0xb82f4c N 0xb82f50
0xb82f4c N 0xb82f50
0xb82f4c N 0xb82f50
0x5c0 N 0x5c4
0xd94 N 0xd98
0xe79b9a4 N 0xe79b9a8
0x5c0 N 0x5c4
0x3130d11c N 0x3130d120
0x8270 N 0x8274
0x3130d11c N 0x3130d120
0x3130d11c N 0x3130d120
0x8270 N 0x8274
0x3130d11c N 0x3130d120
0x3130d11c T 0x80c
0x3130d11c T 0x80c
0xd94 N 0xd98
0xd94 N 0xd98
0x8270 N 0x8274
0x5c0 N 0x5c4
0x8270 N 0x8274
0xd94 T 0xcd375458
0x3130d11c N 0x3130d120
0x5c0 N 0x5c4
0xe79b9a4 N 0xe79b9a8
0xb82f4c N 0xb82f50
0x5c0 N 0x5c4
0x3130d11c N 0x3130d120
0xe79b9a4 N 0xe79b9a8
0x8270 N 0x8274
0xe79b9a4 N 0xe79b9a8
0xd94 N 0xd98
0xe79b9a4 N 0xe79b9a8
0xb82f4c N 0xb82f50
0xd94 N 0xd98
0xe79b9a4 N 0xe79b9a8
0xb82f4c N 0xb82f50
0x5c0 N 0x5c4
0xe79b9a4 N 0xe79b9a8
0xb82f4c N 0xb82f50
0xe79b9a4 N 0xe79b9a8
0xe79b9a4 N 0xe79b9a8
0xb82f4c N 0xb82f50
0xb82f4c N 0xb82f50
0xd94 N 0xd98
0xb82f4c N 0xb82f50
0xe79b9a4 N 0xe79b9a8
0xb82f4c N 0xb82f50
0x3130d11c N 0x3130d120
0xe79b9a4 N 0xe79b9a8
0xb82f4c N 0xb82f50
0x5c0 N 0x5c4
0x8270 N 0x8274
0x8270 N 0x8274
0xe79b9a4 N 0xe79b9a8
0xe79b9a4 N 0xe79b9a8
0xd94 N 0xd98
0xd94 N 0xd98
0x3130d11c N 0x3130d120
0x5c0 N 0x5c4
0xd94 N 0xd98
0x3130d11c N 0x3130d120
0xb82f4c N 0xb82f50
0x5c0 N 0x5c4
0xe79b9a4 N 0xe79b9a8
0xb82f4c N 0xb82f50
0xb82f4c N 0xb82f50
0x3130d11c N 0x3130d120
0xd94 N 0xd98
0x8270 N 0x8274
0x8270 N 0x8274
0xd94 N 0xd98
0xe79b9a4 N 0xe79b9a8
0x5c0 N 0x5c4
0xe79b9a4 N 0xe79b9a8
0xe79b9a4 N 0xe79b9a8
0x5c0 N 0x5c4
0x5c0 N 0x5c4
0x3130d11c N 0x3130d120
0x5c0 N 0x5c4
0x3130d11c N 0x3130d120
0x8270 N 0x8274
0x8270 N 0x8274
0xd94 N 0xd98
0x8270 T 0x9c8
0xb82f4c N 0xb82f50
0xd94 N 0xd98
0xd94 N 0xd98
0xb82f4c N 0xb82f50
0x8270 N 0x8274
0x3130d11c N 0x3130d120
0xe79b9a4 N 0xe79b9a8
0xb82f4c N 0xb82f50
0xe79b9a4 N 0xe79b9a8
0x5c0 N 0x5c4
0x3130d11c N 0x3130d120
0x3130d11c N 0x3130d120
0x8270 N 0x8274
0xb82f4c N 0xb82f50
0xe79b9a4 N 0xe79b9a8
0xe79b9a4 N 0xe79b9a8
0x3130d11c N 0x3130d120
0x8270 N 0x8274
0x8270 N 0x8274
0xe79b9a4 N 0xe79b9a8
0x5c0 N 0x5c4
0xb82f4c N 0xb82f50
0x8270 N 0x8274
0xd94 N 0xd98
0xd94 N 0xd98
0x5c0 N 0x5c4
0xb82f4c N 0xb82f50
0xd94 N 0xd98
0xe79b9a4 N 0xe79b9a8
0x8270 N 0x8274
0x8270 N 0x8274
0x5c0 N 0x5c4
0xe79b9a4 N 0xe79b9a8
0x3130d11c N 0x3130d120
0x5c0 N 0x5c4
0xe79b9a4 N 0xe79b9a8
0xd94 N 0xd98
0x3130d11c N 0x3130d120
0xe79b9a4 N 0xe79b9a8
0x8270 N 0x8274
0xb82f4c N 0xb82f50
0xd94 N 0xd98
0xe79b9a4 N 0xe79b9a8
0x5c0 N 0x5c4
0x3130d11c N 0x3130d120
0x3130d11c N 0x3130d120
0x8270 N 0x8274
0x5c0 N 0x5c4
0x3130d11c N 0x3130d120
0xe79b9a4 N 0xe79b9a8
0x8270 N 0x8274
0x5c0 N 0x5c4
0xe79b9a4 N 0xe79b9a8
0xd94 N 0xd98
0xb82f4c N 0xb82f50
0x5c0 N 0x5c4
0x8270 N 0x8274
0x5c0 N 0x5c4
0x5c0 N 0x5c4
0x5c0 N 0x5c4
0xd94 N 0xd98
0x5c0 N 0x5c4
0x3130d11c N 0x3130d120
0xd94 N 0xd98
0x8270 N 0x8274
0xd94 N 0xd98
0xd94 N 0xd98
0x8270 N 0x8274
0x3130d11c N 0x3130d120
0xb82f4c N 0xb82f50
0xb82f4c N 0xb82f50
0x8270 N 0x8274
0xb82f4c N 0xb82f50
0xd94 N 0xd98
0xd94 N 0xd98
0x8270 N 0x8274
0x8270 N 0x8274
0x5c0 N 0x5c4
0x5c0 N 0x5c4
0x5c0 N 0x5c4
0xb82f4c N 0xb82f50
0x8270 N 0x8274
0x8270 N 0x8274
0x5c0 N 0x5c4
0xd94 N 0xd98
0x5c0 N 0x5c4
0xb82f4c N 0xb82f50
0x3130d11c N 0x3130d120
0x8270 N 0x8274
0x3130d11c N 0x3130d120
0xe79b9a4 N 0xe79b9a8
0x5c0 N 0x5c4
0x5c0 N 0x5c4
0xb82f4c N 0xb82f50
0xb82f4c N 0xb82f50
0x8270 N 0x8274
0xb82f4c N 0xb82f50
0xe79b9a4 N 0xe79b9a8
0x8270 N 0x8274
0xe79b9a4 N 0xe79b9a8
0xe79b9a4 N 0xe79b9a8
0xe79b9a4 N 0xe79b9a8
0x5c0 N 0x5c4
0xb82f4c N 0xb82f50
0x8270 N 0x8274
0xd94 N 0xd98
0x3130d11c N 0x3130d120
0xe79b9a4 N 0xe79b9a8
0xd94 N 0xd98
0xe79b9a4 N 0xe79b9a8
0xd94 N 0xd98
0x5c0 N 0x5c4
0xd94 N 0xd98
0x8270 N 0x8274
0xd94 N 0xd98
0xb82f4c N 0xb82f50
0x8270 N 0x8274
0xe79b9a4 N 0xe79b9a8
0x3130d11c N 0x3130d120
0x5c0 N 0x5c4
0x8270 N 0x8274
0x8270 N 0x8274
0x3130d11c N 0x3130d120
0x3130d11c N 0x3130d120
0x5c0 N 0x5c4
0x3130d11c N 0x3130d120
0xb82f4c N 0xb82f50
0xe79b9a4 N 0xe79b9a8
0xb82f4c N 0xb82f50
0xb82f4c N 0xb82f50
0xd94 N 0xd98
0x5c0 N 0x5c4
0x3130d11c N 0x3130d120
0x5c0 N 0x5c4
0xe79b9a4 N 0xe79b9a8
0xb82f4c N 0xb82f50
0xd94 N 0xd98
0x3130d11c N 0x3130d120
0x5c0 N 0x5c4
0x3130d11c N 0x3130d120
0xe79b9a4 N 0xe79b9a8
0x8270 N 0x8274
0xd94 N 0xd98
0x8270 N 0x8274
0x8270 N 0x8274
0x8270 N 0x8274
0x8270 N 0x8274
0xd94 N 0xd98
0x8270 N 0x8274
0xe79b9a4 N 0xe79b9a8
0xd94 N 0xd98
0x5c0 N 0x5c4
0xb82f4c N 0xb82f50
0xe79b9a4 N 0xe79b9a8
0xd94 N 0xd98
0x8270 N 0x8274
0xb82f4c N 0xb82f50
0xd94 N 0xd98
0xb82f4c N 0xb82f50
0xb82f4c N 0xb82f50
0x8270 N 0x8274
0xd94 N 0xd98
0x3130d11c N 0x3130d120
0xe79b9a4 N 0xe79b9a8
0xb82f4c N 0xb82f50
0x8270 N 0x8274
0xd94 N 0xd98
0x5c0 N 0x5c4
0x5c0 N 0x5c4
0xd94 N 0xd98
0xb82f4c N 0xb82f50
0xb82f4c N 0xb82f50
0x3130d11c N 0x3130d120
0xb82f4c N 0xb82f50
0x3130d11c N 0x3130d120
0x5c0 N 0x5c4
0x5c0 N 0x5c4
0x8270 N 0x8274
0x3130d11c N 0x3130d120
0x5c0 N 0x5c4
0xb82f4c N 0xb82f50
0x8270 N 0x8274
0xb82f4c T 0x35fbcf0
0x3130d11c N 0x3130d120
0xe79b9a4 N 0xe79b9a8
0x5c0 N 0x5c4
0x8270 N 0x8274
0xe79b9a4 N 0xe79b9a8
0xd94 N 0xd98
0x8270 N 0x8274
flush_num: 809, br_num: 1642, size: 121b
