0x8217be40 N 0x8217be44
0x8217be40 T 0x9273d0
0xdda4 N 0xdda8
0xc4 N 0xc8
0xe0a4 N 0xe0a8
0x4580 N 0x4584
0xe0a4 T 0xcdd0
0x8217be40 N 0x8217be44
0xb7e4 N 0xb7e8
0x475719c N 0x47571a0
0x475719c T 0x5fe60
0xe0a4 N 0xe0a8
0xb7e4 N 0xb7e8
0x8217be40 T 0x9273d0
0x8217be40 T 0x9273d0
0x4580 N 0x4584
0xe0a4 N 0xe0a8
0x8217be40 N 0x8217be44
0xb7e4 N 0xb7e8
0x8217be40 T 0x9273d0
0xc4 N 0xc8
0x475719c N 0x47571a0
0xb7e4 N 0xb7e8
0xe0a4 N 0xe0a8
0xb7e4 N 0xb7e8
0xe0a4 N 0xe0a8
0x4580 N 0x4584
0xc4 N 0xc8
0x4580 T 0x3588b18
0x4580 T 0x3588b18
0xc4 T 0x61c0568
0xdda4 N 0xdda8
0xe0a4 N 0xe0a8
0x4580 T 0x3588b18
0xed74c N 0xed750
0xdda4 N 0xdda8
0xb7e4 N 0xb7e8
0x475719c N 0x47571a0
0xe0a4 N 0xe0a8
0x475719c N 0x47571a0
0xc4 N 0xc8
0x475719c N 0x47571a0
0x8217be40 N 0x8217be44
0x475719c T 0x5fe60
0xdda4 N 0xdda8
0xdda4 T 0x298
0x4580 N 0x4584
0x8217be40 N 0x8217be44
0xdda4 T 0x298
0xdda4 T 0x298
0xc4 N 0xc8
0x4580 N 0x4584
0xc4 T 0x61c0568
0x4580 T 0x3588b18
0xe0a4 N 0xe0a8
0x4580 T 0x3588b18
0xb7e4 N 0xb7e8
0xdda4 N 0xdda8
0xe0a4 N 0xe0a8
0x8217be40 N 0x8217be44
0xe0a4 T 0xcdd0
0xed74c N 0xed750
0xb7e4 N 0xb7e8
0xb7e4 T 0x5ecfbd0
0xed74c N 0xed750
0xed74c T 0xab0196c
0xdda4 N 0xdda8
0xdda4 T 0x298
0xb7e4 N 0xb7e8
0xb7e4 T 0x5ecfbd0
0xe0a4 N 0xe0a8
0xc4 N 0xc8
0xed74c N 0xed750
0xe0a4 N 0xe0a8
0xdda4 N 0xdda8
0x8217be40 T 0x9273d0
0x475719c N 0x47571a0
0xdda4 N 0xdda8
0xc4 N 0xc8
0x4580 N 0x4584
0xe0a4 N 0xe0a8
0x4580 T 0x3588b18
0x475719c N 0x47571a0
0x475719c T 0x5fe60
0xdda4 N 0xdda8
0xe0a4 N 0xe0a8
0xed74c N 0xed750
0xc4 N 0xc8
0xe0a4 N 0xe0a8
0xb7e4 N 0xb7e8
0xe0a4 N 0xe0a8
0x8217be40 N 0x8217be44
0x4580 N 0x4584
0x4580 T 0x3588b18
0xdda4 N 0xdda8
0xb7e4 N 0xb7e8
0xe0a4 N 0xe0a8
0xb7e4 N 0xb7e8
0x8217be40 N 0x8217be44
0x8217be40 T 0x9273d0
0xed74c N 0xed750
0xe0a4 N 0xe0a8
0xdda4 N 0xdda8
0x8217be40 T 0x9273d0
0x475719c N 0x47571a0
0xb7e4 N 0xb7e8
0xdda4 N 0xdda8
0x4580 N 0x4584
0xdda4 T 0x298
0x475719c N 0x47571a0
0x8217be40 N 0x8217be44
0xe0a4 N 0xe0a8
0x4580 N 0x4584
0xb7e4 N 0xb7e8
0x8217be40 N 0x8217be44
0xed74c N 0xed750
0xdda4 N 0xdda8
0xdda4 T 0x298
0x475719c N 0x47571a0
0x8217be40 T 0x9273d0
0xc4 N 0xc8
0x4580 N 0x4584
0xed74c N 0xed750
0x8217be40 N 0x8217be44
0xdda4 N 0xdda8
0xe0a4 N 0xe0a8
0xe0a4 T 0xcdd0
0xed74c N 0xed750
0xb7e4 N 0xb7e8
0x475719c N 0x47571a0
0xe0a4 N 0xe0a8
flush_num: 57, br_num: 131, size: 144b
