0x3d8f4 N 0x3d8f8
0x3d8f4 N 0x3d8f8
0x3d8f4 N 0x3d8f8
0xc398f660 N 0xc398f664
0xc398f660 N 0xc398f664
0x3d8f4 N 0x3d8f8
0xc398f660 N 0xc398f664
0xfae2a0 N 0xfae2a4
0xfae2a0 N 0xfae2a4
0xfae2a0 N 0xfae2a4
0xc398f660 N 0xc398f664
0x3d8f4 N 0x3d8f8
0xfae2a0 N 0xfae2a4
0xfae2a0 N 0xfae2a4
0xc398f660 N 0xc398f664
0x3d8f4 N 0x3d8f8
0xc398f660 N 0xc398f664
0xfae2a0 N 0xfae2a4
0xfae2a0 N 0xfae2a4
0xfae2a0 N 0xfae2a4
0xfae2a0 N 0xfae2a4
0xfae2a0 N 0xfae2a4
0xfae2a0 N 0xfae2a4
0xfae2a0 N 0xfae2a4
0xc398f660 N 0xc398f664
0x3d8f4 N 0x3d8f8
0xc398f660 N 0xc398f664
0x3d8f4 N 0x3d8f8
0x3d8f4 N 0x3d8f8
0xfae2a0 N 0xfae2a4
0x3d8f4 N 0x3d8f8
0xc398f660 N 0xc398f664
0xc398f660 N 0xc398f664
0x3d8f4 N 0x3d8f8
0x3d8f4 N 0x3d8f8
0x3d8f4 T 0x1837a98
0xfae2a0 N 0xfae2a4
0xc398f660 N 0xc398f664
0xc398f660 N 0xc398f664
0xc398f660 N 0xc398f664
0xc398f660 N 0xc398f664
0xc398f660 N 0xc398f664
0xfae2a0 N 0xfae2a4
0xfae2a0 N 0xfae2a4
0xc398f660 N 0xc398f664
0xc398f660 T 0xa9e0
0xfae2a0 N 0xfae2a4
0xfae2a0 N 0xfae2a4
0x3d8f4 N 0x3d8f8
0xc398f660 N 0xc398f664
0x3d8f4 N 0x3d8f8
0xc398f660 N 0xc398f664
0x3d8f4 N 0x3d8f8
0xc398f660 N 0xc398f664
0x3d8f4 N 0x3d8f8
0xfae2a0 N 0xfae2a4
0xfae2a0 N 0xfae2a4
0x3d8f4 N 0x3d8f8
0x3d8f4 N 0x3d8f8
0xfae2a0 N 0xfae2a4
0xc398f660 N 0xc398f664
0xc398f660 N 0xc398f664
0xc398f660 T 0xa9e0
0xfae2a0 N 0xfae2a4
0x3d8f4 N 0x3d8f8
0x3d8f4 T 0x1837a98
0x3d8f4 N 0x3d8f8
0xc398f660 N 0xc398f664
0x3d8f4 N 0x3d8f8
0xfae2a0 N 0xfae2a4
0xfae2a0 N 0xfae2a4
0xfae2a0 N 0xfae2a4
0x3d8f4 N 0x3d8f8
0xfae2a0 N 0xfae2a4
0xfae2a0 N 0xfae2a4
0xfae2a0 T 0xc978
0x3d8f4 N 0x3d8f8
0x3d8f4 N 0x3d8f8
0xc398f660 N 0xc398f664
0xfae2a0 T 0xc978
0xfae2a0 N 0xfae2a4
0xc398f660 N 0xc398f664
0x3d8f4 N 0x3d8f8
0xfae2a0 N 0xfae2a4
0x3d8f4 N 0x3d8f8
0xc398f660 N 0xc398f664
0xc398f660 N 0xc398f664
0x3d8f4 N 0x3d8f8
0x3d8f4 N 0x3d8f8
0x3d8f4 T 0x1837a98
0xc398f660 N 0xc398f664
0xc398f660 N 0xc398f664
0x3d8f4 T 0x1837a98
0xfae2a0 N 0xfae2a4
0xfae2a0 T 0xc978
0xc398f660 T 0xa9e0
0xc398f660 N 0xc398f664
0xc398f660 N 0xc398f664
0x3d8f4 N 0x3d8f8
0xfae2a0 N 0xfae2a4
0xfae2a0 N 0xfae2a4
0xfae2a0 N 0xfae2a4
0x3d8f4 N 0x3d8f8
0xc398f660 N 0xc398f664
0xfae2a0 N 0xfae2a4
0x3d8f4 N 0x3d8f8
0xfae2a0 T 0xc978
0x3d8f4 N 0x3d8f8
0x3d8f4 T 0x1837a98
0x3d8f4 T 0x1837a98
0xc398f660 N 0xc398f664
0xc398f660 N 0xc398f664
0x3d8f4 N 0x3d8f8
0x3d8f4 N 0x3d8f8
0x3d8f4 T 0x1837a98
0xc398f660 N 0xc398f664
0xc398f660 N 0xc398f664
0xfae2a0 N 0xfae2a4
0x3d8f4 T 0x1837a98
0x3d8f4 N 0x3d8f8
0x3d8f4 N 0x3d8f8
0x3d8f4 N 0x3d8f8
0xfae2a0 N 0xfae2a4
0x3d8f4 N 0x3d8f8
0xc398f660 N 0xc398f664
0xc398f660 N 0xc398f664
0xfae2a0 N 0xfae2a4
0xc398f660 N 0xc398f664
0xfae2a0 N 0xfae2a4
0xfae2a0 N 0xfae2a4
0xc398f660 N 0xc398f664
0xc398f660 N 0xc398f664
0xc398f660 T 0xa9e0
0xc398f660 N 0xc398f664
0x3d8f4 N 0x3d8f8
0xc398f660 N 0xc398f664
0xc398f660 N 0xc398f664
0xfae2a0 N 0xfae2a4
0xc398f660 T 0xa9e0
0x3d8f4 N 0x3d8f8
0x3d8f4 N 0x3d8f8
0xfae2a0 N 0xfae2a4
0x3d8f4 N 0x3d8f8
0xc398f660 N 0xc398f664
0x3d8f4 N 0x3d8f8
0xfae2a0 N 0xfae2a4
0xfae2a0 N 0xfae2a4
0x3d8f4 T 0x1837a98
0xfae2a0 N 0xfae2a4
0xc398f660 N 0xc398f664
0x3d8f4 N 0x3d8f8
0xfae2a0 N 0xfae2a4
0x3d8f4 N 0x3d8f8
0xfae2a0 N 0xfae2a4
0x3d8f4 N 0x3d8f8
0xfae2a0 N 0xfae2a4
0x3d8f4 N 0x3d8f8
0xc398f660 N 0xc398f664
0xfae2a0 T 0xc978
0xfae2a0 N 0xfae2a4
0x3d8f4 T 0x1837a98
0xc398f660 N 0xc398f664
0xc398f660 N 0xc398f664
0xc398f660 N 0xc398f664
0xc398f660 T 0xa9e0
0x3d8f4 N 0x3d8f8
0xc398f660 N 0xc398f664
0xfae2a0 N 0xfae2a4
0xc398f660 N 0xc398f664
0xfae2a0 N 0xfae2a4
0xc398f660 N 0xc398f664
0xfae2a0 N 0xfae2a4
0xc398f660 T 0xa9e0
0x3d8f4 T 0x1837a98
0x3d8f4 N 0x3d8f8
0xc398f660 N 0xc398f664
0xc398f660 T 0xa9e0
0x3d8f4 N 0x3d8f8
0xfae2a0 T 0xc978
0x3d8f4 N 0x3d8f8
0xfae2a0 N 0xfae2a4
0x3d8f4 T 0x1837a98
0x3d8f4 N 0x3d8f8
0x3d8f4 N 0x3d8f8
0xc398f660 N 0xc398f664
0x3d8f4 N 0x3d8f8
0x3d8f4 N 0x3d8f8
0x3d8f4 T 0x1837a98
0xfae2a0 N 0xfae2a4
0xc398f660 T 0xa9e0
0xc398f660 T 0xa9e0
0x3d8f4 N 0x3d8f8
0x3d8f4 N 0x3d8f8
0xfae2a0 N 0xfae2a4
0x3d8f4 T 0x1837a98
0xfae2a0 N 0xfae2a4
0xc398f660 N 0xc398f664
0xc398f660 N 0xc398f664
0xc398f660 N 0xc398f664
0xfae2a0 N 0xfae2a4
0xfae2a0 N 0xfae2a4
0x3d8f4 N 0x3d8f8
0xc398f660 N 0xc398f664
0x3d8f4 N 0x3d8f8
0xfae2a0 N 0xfae2a4
0x3d8f4 T 0x1837a98
0xfae2a0 N 0xfae2a4
0xfae2a0 T 0xc978
0x3d8f4 T 0x1837a98
0xfae2a0 N 0xfae2a4
0xfae2a0 N 0xfae2a4
0xfae2a0 N 0xfae2a4
0xfae2a0 N 0xfae2a4
0x3d8f4 N 0x3d8f8
0x3d8f4 N 0x3d8f8
0xc398f660 N 0xc398f664
0xc398f660 N 0xc398f664
0xc398f660 T 0xa9e0
0x3d8f4 N 0x3d8f8
0x3d8f4 T 0x1837a98
0xc398f660 N 0xc398f664
0xc398f660 N 0xc398f664
0xc398f660 N 0xc398f664
0x3d8f4 N 0x3d8f8
0xc398f660 N 0xc398f664
0xc398f660 N 0xc398f664
0x3d8f4 T 0x1837a98
0xfae2a0 N 0xfae2a4
0xc398f660 N 0xc398f664
0xc398f660 T 0xa9e0
0xc398f660 N 0xc398f664
0xfae2a0 N 0xfae2a4
0x3d8f4 N 0x3d8f8
0xc398f660 T 0xa9e0
0x3d8f4 N 0x3d8f8
0x3d8f4 N 0x3d8f8
0xc398f660 N 0xc398f664
0xfae2a0 N 0xfae2a4
0x3d8f4 N 0x3d8f8
0xc398f660 N 0xc398f664
0xc398f660 N 0xc398f664
0x3d8f4 N 0x3d8f8
0x3d8f4 N 0x3d8f8
0xfae2a0 N 0xfae2a4
0xfae2a0 N 0xfae2a4
0xfae2a0 T 0xc978
0xc398f660 T 0xa9e0
0x3d8f4 T 0x1837a98
0xfae2a0 N 0xfae2a4
0x3d8f4 N 0x3d8f8
0xfae2a0 N 0xfae2a4
0xfae2a0 T 0xc978
0xc398f660 T 0xa9e0
0xc398f660 T 0xa9e0
0xfae2a0 N 0xfae2a4
0xc398f660 N 0xc398f664
0xfae2a0 T 0xc978
0x3d8f4 N 0x3d8f8
0xc398f660 N 0xc398f664
0xc398f660 N 0xc398f664
0xc398f660 N 0xc398f664
0x3d8f4 T 0x1837a98
0xfae2a0 N 0xfae2a4
0x3d8f4 N 0x3d8f8
0xfae2a0 T 0xc978
0xfae2a0 T 0xc978
0x3d8f4 N 0x3d8f8
0x3d8f4 N 0x3d8f8
0x3d8f4 T 0x1837a98
0x3d8f4 T 0x1837a98
0xc398f660 T 0xa9e0
0xc398f660 N 0xc398f664
0xfae2a0 N 0xfae2a4
0x3d8f4 T 0x1837a98
0x3d8f4 T 0x1837a98
0x3d8f4 N 0x3d8f8
0xfae2a0 T 0xc978
0xfae2a0 N 0xfae2a4
0x3d8f4 N 0x3d8f8
0xfae2a0 N 0xfae2a4
0xfae2a0 T 0xc978
0xfae2a0 T 0xc978
0xc398f660 T 0xa9e0
0xc398f660 T 0xa9e0
0xfae2a0 T 0xc978
0xc398f660 N 0xc398f664
0xc398f660 N 0xc398f664
0x3d8f4 T 0x1837a98
0xfae2a0 N 0xfae2a4
0xfae2a0 T 0xc978
0xc398f660 N 0xc398f664
0xfae2a0 N 0xfae2a4
0xc398f660 N 0xc398f664
0x3d8f4 N 0x3d8f8
0x3d8f4 T 0x1837a98
0xc398f660 N 0xc398f664
0x3d8f4 N 0x3d8f8
0xfae2a0 N 0xfae2a4
0xfae2a0 N 0xfae2a4
0x3d8f4 N 0x3d8f8
0x3d8f4 T 0x1837a98
0x3d8f4 N 0x3d8f8
0xfae2a0 N 0xfae2a4
0x3d8f4 T 0x1837a98
0xc398f660 T 0xa9e0
0xc398f660 T 0xa9e0
0xc398f660 T 0xa9e0
0xfae2a0 N 0xfae2a4
0xc398f660 N 0xc398f664
0xc398f660 N 0xc398f664
0xc398f660 N 0xc398f664
0xc398f660 T 0xa9e0
0x3d8f4 N 0x3d8f8
0x3d8f4 T 0x1837a98
0xc398f660 N 0xc398f664
0xfae2a0 N 0xfae2a4
0xfae2a0 N 0xfae2a4
0x3d8f4 N 0x3d8f8
0xfae2a0 T 0xc978
0xfae2a0 N 0xfae2a4
0xc398f660 N 0xc398f664
0xfae2a0 N 0xfae2a4
0xc398f660 T 0xa9e0
0x3d8f4 N 0x3d8f8
0xc398f660 T 0xa9e0
0x3d8f4 T 0x1837a98
0xfae2a0 N 0xfae2a4
0xc398f660 N 0xc398f664
0xc398f660 T 0xa9e0
0x3d8f4 T 0x1837a98
0xc398f660 T 0xa9e0
0xc398f660 N 0xc398f664
0x3d8f4 N 0x3d8f8
0xc398f660 T 0xa9e0
0xc398f660 T 0xa9e0
0x3d8f4 T 0x1837a98
0xfae2a0 N 0xfae2a4
0xc398f660 N 0xc398f664
0xc398f660 T 0xa9e0
0x3d8f4 T 0x1837a98
0xfae2a0 T 0xc978
0xc398f660 N 0xc398f664
0xc398f660 T 0xa9e0
0x3d8f4 N 0x3d8f8
0x3d8f4 N 0x3d8f8
0x3d8f4 T 0x1837a98
0xc398f660 N 0xc398f664
0xfae2a0 T 0xc978
0x3d8f4 T 0x1837a98
0xc398f660 N 0xc398f664
0x3d8f4 T 0x1837a98
0xc398f660 N 0xc398f664
0xfae2a0 T 0xc978
0xfae2a0 T 0xc978
0xc398f660 T 0xa9e0
0x3d8f4 N 0x3d8f8
0xfae2a0 N 0xfae2a4
0x3d8f4 N 0x3d8f8
0x3d8f4 T 0x1837a98
0xfae2a0 T 0xc978
0xc398f660 T 0xa9e0
0xfae2a0 T 0xc978
0xc398f660 T 0xa9e0
0xc398f660 N 0xc398f664
0xfae2a0 N 0xfae2a4
0x3d8f4 N 0x3d8f8
0x3d8f4 N 0x3d8f8
0x3d8f4 N 0x3d8f8
0x3d8f4 T 0x1837a98
0xfae2a0 T 0xc978
0xc398f660 N 0xc398f664
0x3d8f4 N 0x3d8f8
0xfae2a0 T 0xc978
0x3d8f4 T 0x1837a98
0x3d8f4 N 0x3d8f8
0xfae2a0 N 0xfae2a4
0xfae2a0 N 0xfae2a4
0xfae2a0 N 0xfae2a4
0xfae2a0 N 0xfae2a4
0x3d8f4 T 0x1837a98
0x3d8f4 N 0x3d8f8
0xc398f660 T 0xa9e0
0xfae2a0 N 0xfae2a4
0x3d8f4 N 0x3d8f8
0xfae2a0 N 0xfae2a4
0xc398f660 T 0xa9e0
0x3d8f4 N 0x3d8f8
0xc398f660 N 0xc398f664
0xc398f660 T 0xa9e0
0xc398f660 T 0xa9e0
0xc398f660 T 0xa9e0
0xc398f660 T 0xa9e0
0x3d8f4 N 0x3d8f8
0x3d8f4 N 0x3d8f8
0x3d8f4 N 0x3d8f8
0xfae2a0 N 0xfae2a4
0x3d8f4 N 0x3d8f8
0x3d8f4 T 0x1837a98
0xc398f660 T 0xa9e0
0xc398f660 N 0xc398f664
0xfae2a0 N 0xfae2a4
0x3d8f4 N 0x3d8f8
0x3d8f4 T 0x1837a98
0xc398f660 N 0xc398f664
0xc398f660 N 0xc398f664
0x3d8f4 N 0x3d8f8
0xc398f660 T 0xa9e0
0x3d8f4 N 0x3d8f8
0xfae2a0 N 0xfae2a4
0xfae2a0 N 0xfae2a4
0xfae2a0 N 0xfae2a4
0x3d8f4 T 0x1837a98
0xc398f660 T 0xa9e0
0xc398f660 T 0xa9e0
0xc398f660 T 0xa9e0
0xc398f660 T 0xa9e0
0x3d8f4 T 0x1837a98
0x3d8f4 N 0x3d8f8
0x3d8f4 T 0x1837a98
0xfae2a0 N 0xfae2a4
0xfae2a0 T 0xc978
0xc398f660 N 0xc398f664
0xfae2a0 T 0xc978
0xfae2a0 T 0xc978
0x3d8f4 N 0x3d8f8
0xc398f660 N 0xc398f664
0x3d8f4 N 0x3d8f8
0xfae2a0 T 0xc978
0xfae2a0 T 0xc978
0xc398f660 N 0xc398f664
0xc398f660 T 0xa9e0
0x3d8f4 T 0x1837a98
0x3d8f4 T 0x1837a98
0xfae2a0 N 0xfae2a4
0x3d8f4 T 0x1837a98
0x3d8f4 N 0x3d8f8
0xfae2a0 T 0xc978
0x3d8f4 T 0x1837a98
0xc398f660 N 0xc398f664
0xc398f660 T 0xa9e0
0xfae2a0 T 0xc978
0xfae2a0 N 0xfae2a4
0xfae2a0 T 0xc978
0x3d8f4 N 0x3d8f8
0xfae2a0 T 0xc978
0x3d8f4 N 0x3d8f8
0xc398f660 T 0xa9e0
0x3d8f4 N 0x3d8f8
0x3d8f4 T 0x1837a98
0xc398f660 T 0xa9e0
0xfae2a0 N 0xfae2a4
0xfae2a0 N 0xfae2a4
0xfae2a0 T 0xc978
0xfae2a0 N 0xfae2a4
0xc398f660 T 0xa9e0
0xc398f660 N 0xc398f664
0xc398f660 T 0xa9e0
0xc398f660 T 0xa9e0
0x3d8f4 T 0x1837a98
0xc398f660 N 0xc398f664
0xc398f660 T 0xa9e0
0x3d8f4 N 0x3d8f8
0x3d8f4 N 0x3d8f8
0xfae2a0 N 0xfae2a4
0x3d8f4 N 0x3d8f8
0xfae2a0 T 0xc978
0xc398f660 T 0xa9e0
0xc398f660 T 0xa9e0
0xfae2a0 N 0xfae2a4
0x3d8f4 T 0x1837a98
0xc398f660 N 0xc398f664
0xfae2a0 N 0xfae2a4
0x3d8f4 N 0x3d8f8
0x3d8f4 N 0x3d8f8
0x3d8f4 T 0x1837a98
0xfae2a0 N 0xfae2a4
0xc398f660 N 0xc398f664
0xc398f660 N 0xc398f664
0xc398f660 N 0xc398f664
0xc398f660 T 0xa9e0
0xc398f660 N 0xc398f664
0xfae2a0 T 0xc978
0xfae2a0 N 0xfae2a4
0xc398f660 T 0xa9e0
0xfae2a0 T 0xc978
0xc398f660 N 0xc398f664
0xfae2a0 T 0xc978
0x3d8f4 T 0x1837a98
0xc398f660 N 0xc398f664
0xc398f660 T 0xa9e0
0x3d8f4 T 0x1837a98
0xc398f660 T 0xa9e0
0x3d8f4 N 0x3d8f8
0xfae2a0 N 0xfae2a4
0x3d8f4 T 0x1837a98
0x3d8f4 N 0x3d8f8
0xfae2a0 N 0xfae2a4
0x3d8f4 T 0x1837a98
0x3d8f4 T 0x1837a98
0x3d8f4 N 0x3d8f8
0x3d8f4 T 0x1837a98
0xfae2a0 N 0xfae2a4
0xc398f660 N 0xc398f664
0x3d8f4 T 0x1837a98
0xfae2a0 T 0xc978
0xc398f660 N 0xc398f664
0x3d8f4 N 0x3d8f8
0xfae2a0 T 0xc978
0x3d8f4 T 0x1837a98
0xfae2a0 N 0xfae2a4
0xc398f660 N 0xc398f664
0xc398f660 T 0xa9e0
0x3d8f4 T 0x1837a98
0x3d8f4 N 0x3d8f8
0xfae2a0 N 0xfae2a4
0xc398f660 T 0xa9e0
0xc398f660 N 0xc398f664
0xfae2a0 N 0xfae2a4
0xc398f660 N 0xc398f664
0x3d8f4 N 0x3d8f8
0x3d8f4 N 0x3d8f8
0xfae2a0 T 0xc978
0xc398f660 N 0xc398f664
0xfae2a0 N 0xfae2a4
0x3d8f4 T 0x1837a98
0xfae2a0 T 0xc978
0xc398f660 T 0xa9e0
0xc398f660 N 0xc398f664
0x3d8f4 T 0x1837a98
0x3d8f4 T 0x1837a98
0xc398f660 N 0xc398f664
0xc398f660 N 0xc398f664
0xc398f660 N 0xc398f664
0xc398f660 T 0xa9e0
0xc398f660 N 0xc398f664
0x3d8f4 T 0x1837a98
0x3d8f4 T 0x1837a98
0xc398f660 N 0xc398f664
0xfae2a0 N 0xfae2a4
0xc398f660 N 0xc398f664
0xc398f660 N 0xc398f664
0xfae2a0 T 0xc978
0xc398f660 T 0xa9e0
0x3d8f4 T 0x1837a98
0xfae2a0 T 0xc978
0xc398f660 N 0xc398f664
0xfae2a0 N 0xfae2a4
0xc398f660 T 0xa9e0
0xfae2a0 T 0xc978
0xc398f660 N 0xc398f664
0xfae2a0 N 0xfae2a4
0xc398f660 T 0xa9e0
0xfae2a0 N 0xfae2a4
0xc398f660 T 0xa9e0
0xfae2a0 T 0xc978
0xc398f660 N 0xc398f664
0xfae2a0 T 0xc978
0xfae2a0 T 0xc978
0xc398f660 N 0xc398f664
0x3d8f4 T 0x1837a98
0x3d8f4 N 0x3d8f8
0x3d8f4 T 0x1837a98
0xc398f660 T 0xa9e0
0xc398f660 N 0xc398f664
0x3d8f4 N 0x3d8f8
0xc398f660 N 0xc398f664
0x3d8f4 T 0x1837a98
0xfae2a0 T 0xc978
0xfae2a0 N 0xfae2a4
0x3d8f4 T 0x1837a98
0xc398f660 N 0xc398f664
0xfae2a0 T 0xc978
0xfae2a0 N 0xfae2a4
0xc398f660 N 0xc398f664
0xc398f660 N 0xc398f664
0xc398f660 N 0xc398f664
0xc398f660 N 0xc398f664
0xfae2a0 T 0xc978
0x3d8f4 N 0x3d8f8
0xfae2a0 N 0xfae2a4
0xfae2a0 N 0xfae2a4
0xfae2a0 T 0xc978
0xfae2a0 N 0xfae2a4
0x3d8f4 T 0x1837a98
0x3d8f4 N 0x3d8f8
0x3d8f4 N 0x3d8f8
0xc398f660 N 0xc398f664
0xfae2a0 T 0xc978
0x3d8f4 T 0x1837a98
0xfae2a0 N 0xfae2a4
0xfae2a0 N 0xfae2a4
0xc398f660 T 0xa9e0
0x3d8f4 T 0x1837a98
0x3d8f4 T 0x1837a98
0xc398f660 N 0xc398f664
0xfae2a0 N 0xfae2a4
0x3d8f4 T 0x1837a98
0xc398f660 T 0xa9e0
0xc398f660 N 0xc398f664
0x3d8f4 T 0x1837a98
0xc398f660 T 0xa9e0
0xc398f660 N 0xc398f664
0xfae2a0 N 0xfae2a4
0xc398f660 N 0xc398f664
0xfae2a0 T 0xc978
0x3d8f4 N 0x3d8f8
0xfae2a0 T 0xc978
0xfae2a0 N 0xfae2a4
0xc398f660 N 0xc398f664
0xfae2a0 T 0xc978
0xc398f660 N 0xc398f664
0xc398f660 T 0xa9e0
0xc398f660 N 0xc398f664
0xc398f660 T 0xa9e0
0xfae2a0 N 0xfae2a4
0xfae2a0 T 0xc978
0xfae2a0 T 0xc978
0xc398f660 N 0xc398f664
0x3d8f4 N 0x3d8f8
0x3d8f4 N 0x3d8f8
0x3d8f4 T 0x1837a98
0xfae2a0 T 0xc978
0xfae2a0 T 0xc978
0xfae2a0 N 0xfae2a4
0xfae2a0 T 0xc978
0x3d8f4 T 0x1837a98
0x3d8f4 T 0x1837a98
0xc398f660 N 0xc398f664
0x3d8f4 T 0x1837a98
0x3d8f4 N 0x3d8f8
0x3d8f4 T 0x1837a98
0xfae2a0 N 0xfae2a4
0xc398f660 T 0xa9e0
0xfae2a0 T 0xc978
0xfae2a0 N 0xfae2a4
0xfae2a0 T 0xc978
0xfae2a0 T 0xc978
0xc398f660 T 0xa9e0
0x3d8f4 T 0x1837a98
0xfae2a0 N 0xfae2a4
0xc398f660 T 0xa9e0
0xfae2a0 N 0xfae2a4
0x3d8f4 N 0x3d8f8
0x3d8f4 T 0x1837a98
0xfae2a0 N 0xfae2a4
0x3d8f4 T 0x1837a98
0xc398f660 T 0xa9e0
0xfae2a0 N 0xfae2a4
0xfae2a0 N 0xfae2a4
0xc398f660 N 0xc398f664
0xfae2a0 T 0xc978
0xc398f660 N 0xc398f664
0xc398f660 T 0xa9e0
0xfae2a0 T 0xc978
0xc398f660 T 0xa9e0
0xc398f660 T 0xa9e0
0xc398f660 T 0xa9e0
0xfae2a0 T 0xc978
0x3d8f4 T 0x1837a98
0x3d8f4 T 0x1837a98
0x3d8f4 N 0x3d8f8
0xc398f660 T 0xa9e0
0x3d8f4 T 0x1837a98
0x3d8f4 T 0x1837a98
0xfae2a0 T 0xc978
0x3d8f4 N 0x3d8f8
0x3d8f4 T 0x1837a98
0xc398f660 T 0xa9e0
0xfae2a0 N 0xfae2a4
0x3d8f4 T 0x1837a98
0xfae2a0 N 0xfae2a4
0xfae2a0 N 0xfae2a4
0xfae2a0 N 0xfae2a4
0x3d8f4 N 0x3d8f8
0xfae2a0 T 0xc978
0xfae2a0 N 0xfae2a4
0xfae2a0 T 0xc978
0xfae2a0 T 0xc978
0x3d8f4 T 0x1837a98
0xfae2a0 N 0xfae2a4
0xc398f660 N 0xc398f664
0x3d8f4 N 0x3d8f8
0xc398f660 T 0xa9e0
0x3d8f4 T 0x1837a98
0x3d8f4 T 0x1837a98
0x3d8f4 T 0x1837a98
0xfae2a0 T 0xc978
0x3d8f4 N 0x3d8f8
0x3d8f4 N 0x3d8f8
0x3d8f4 N 0x3d8f8
0x3d8f4 N 0x3d8f8
0xfae2a0 N 0xfae2a4
0xfae2a0 T 0xc978
0x3d8f4 N 0x3d8f8
0xc398f660 T 0xa9e0
0x3d8f4 T 0x1837a98
0xc398f660 T 0xa9e0
0xfae2a0 T 0xc978
0x3d8f4 N 0x3d8f8
0xc398f660 N 0xc398f664
0x3d8f4 N 0x3d8f8
0xfae2a0 T 0xc978
0xc398f660 N 0xc398f664
0xc398f660 T 0xa9e0
0xfae2a0 T 0xc978
0xfae2a0 N 0xfae2a4
0x3d8f4 T 0x1837a98
0x3d8f4 T 0x1837a98
0xc398f660 T 0xa9e0
0x3d8f4 T 0x1837a98
0x3d8f4 T 0x1837a98
0xc398f660 T 0xa9e0
0xc398f660 T 0xa9e0
0xfae2a0 N 0xfae2a4
0x3d8f4 T 0x1837a98
0x3d8f4 T 0x1837a98
0xfae2a0 T 0xc978
0xfae2a0 N 0xfae2a4
0x3d8f4 N 0x3d8f8
0x3d8f4 T 0x1837a98
0xc398f660 T 0xa9e0
0xc398f660 T 0xa9e0
0x3d8f4 T 0x1837a98
0xc398f660 T 0xa9e0
0xfae2a0 N 0xfae2a4
0xc398f660 N 0xc398f664
0x3d8f4 N 0x3d8f8
0xc398f660 T 0xa9e0
0xfae2a0 T 0xc978
0xc398f660 N 0xc398f664
0x3d8f4 N 0x3d8f8
0xfae2a0 N 0xfae2a4
0x3d8f4 N 0x3d8f8
0xc398f660 T 0xa9e0
0xfae2a0 T 0xc978
0x3d8f4 T 0x1837a98
0xc398f660 T 0xa9e0
0xfae2a0 T 0xc978
0xfae2a0 N 0xfae2a4
0x3d8f4 T 0x1837a98
0xc398f660 N 0xc398f664
0x3d8f4 N 0x3d8f8
0xc398f660 N 0xc398f664
0xc398f660 T 0xa9e0
0xfae2a0 N 0xfae2a4
0x3d8f4 T 0x1837a98
0xfae2a0 T 0xc978
0xc398f660 N 0xc398f664
0xc398f660 T 0xa9e0
0xc398f660 T 0xa9e0
0xfae2a0 T 0xc978
0xfae2a0 N 0xfae2a4
0x3d8f4 N 0x3d8f8
0xc398f660 N 0xc398f664
0xfae2a0 T 0xc978
0x3d8f4 T 0x1837a98
0xfae2a0 N 0xfae2a4
0x3d8f4 T 0x1837a98
0x3d8f4 N 0x3d8f8
0xfae2a0 N 0xfae2a4
0x3d8f4 T 0x1837a98
0xc398f660 N 0xc398f664
0x3d8f4 N 0x3d8f8
0x3d8f4 N 0x3d8f8
0xc398f660 N 0xc398f664
0x3d8f4 T 0x1837a98
0xc398f660 T 0xa9e0
0xfae2a0 N 0xfae2a4
0xc398f660 T 0xa9e0
0x3d8f4 T 0x1837a98
0x3d8f4 T 0x1837a98
0xfae2a0 N 0xfae2a4
0xc398f660 N 0xc398f664
0xc398f660 T 0xa9e0
0xfae2a0 N 0xfae2a4
0xfae2a0 N 0xfae2a4
0xfae2a0 N 0xfae2a4
0xc398f660 T 0xa9e0
0xc398f660 T 0xa9e0
0x3d8f4 T 0x1837a98
0x3d8f4 N 0x3d8f8
0xfae2a0 N 0xfae2a4
0xfae2a0 N 0xfae2a4
0xfae2a0 T 0xc978
0x3d8f4 T 0x1837a98
0xfae2a0 T 0xc978
0xfae2a0 T 0xc978
0xc398f660 T 0xa9e0
0xc398f660 N 0xc398f664
0x3d8f4 T 0x1837a98
0x3d8f4 N 0x3d8f8
0xfae2a0 T 0xc978
0xc398f660 N 0xc398f664
0xfae2a0 N 0xfae2a4
0xc398f660 N 0xc398f664
0xc398f660 T 0xa9e0
0x3d8f4 T 0x1837a98
0xfae2a0 N 0xfae2a4
0xfae2a0 N 0xfae2a4
0x3d8f4 T 0x1837a98
0xc398f660 T 0xa9e0
0x3d8f4 N 0x3d8f8
0xc398f660 N 0xc398f664
0xfae2a0 T 0xc978
0x3d8f4 N 0x3d8f8
0x3d8f4 T 0x1837a98
0xfae2a0 N 0xfae2a4
0x3d8f4 N 0x3d8f8
0xc398f660 T 0xa9e0
0xc398f660 T 0xa9e0
0x3d8f4 N 0x3d8f8
0xc398f660 N 0xc398f664
0xfae2a0 T 0xc978
0xc398f660 N 0xc398f664
0xc398f660 N 0xc398f664
0xc398f660 T 0xa9e0
0xfae2a0 T 0xc978
0x3d8f4 T 0x1837a98
0x3d8f4 T 0x1837a98
0xc398f660 N 0xc398f664
0x3d8f4 T 0x1837a98
0xc398f660 T 0xa9e0
0xfae2a0 T 0xc978
0x3d8f4 T 0x1837a98
0xfae2a0 N 0xfae2a4
0xc398f660 T 0xa9e0
0xfae2a0 T 0xc978
0x3d8f4 T 0x1837a98
0x3d8f4 T 0x1837a98
0xfae2a0 T 0xc978
0xc398f660 T 0xa9e0
0xfae2a0 N 0xfae2a4
0x3d8f4 T 0x1837a98
0x3d8f4 N 0x3d8f8
0xc398f660 N 0xc398f664
0x3d8f4 T 0x1837a98
0xfae2a0 N 0xfae2a4
0xfae2a0 T 0xc978
0x3d8f4 N 0x3d8f8
0xc398f660 N 0xc398f664
0x3d8f4 T 0x1837a98
0xfae2a0 N 0xfae2a4
0xc398f660 N 0xc398f664
0xc398f660 T 0xa9e0
0xfae2a0 N 0xfae2a4
0xc398f660 N 0xc398f664
0x3d8f4 T 0x1837a98
0xfae2a0 N 0xfae2a4
0xc398f660 N 0xc398f664
0xfae2a0 N 0xfae2a4
0x3d8f4 T 0x1837a98
0xc398f660 T 0xa9e0
0xfae2a0 T 0xc978
0xfae2a0 T 0xc978
0xfae2a0 T 0xc978
0xfae2a0 N 0xfae2a4
0x3d8f4 T 0x1837a98
0xfae2a0 T 0xc978
0x3d8f4 T 0x1837a98
0x3d8f4 N 0x3d8f8
0xfae2a0 T 0xc978
0xc398f660 T 0xa9e0
0xfae2a0 N 0xfae2a4
0x3d8f4 N 0x3d8f8
0xc398f660 N 0xc398f664
0xc398f660 N 0xc398f664
0xfae2a0 T 0xc978
0x3d8f4 N 0x3d8f8
0x3d8f4 N 0x3d8f8
0xfae2a0 T 0xc978
0xc398f660 T 0xa9e0
0xc398f660 N 0xc398f664
0xfae2a0 N 0xfae2a4
0x3d8f4 N 0x3d8f8
0xfae2a0 N 0xfae2a4
0xfae2a0 N 0xfae2a4
0x3d8f4 T 0x1837a98
0xc398f660 N 0xc398f664
0xfae2a0 T 0xc978
0xc398f660 N 0xc398f664
0xc398f660 N 0xc398f664
0xc398f660 T 0xa9e0
0x3d8f4 N 0x3d8f8
0xc398f660 T 0xa9e0
0x3d8f4 N 0x3d8f8
0xfae2a0 T 0xc978
0xfae2a0 T 0xc978
0x3d8f4 N 0x3d8f8
0x3d8f4 T 0x1837a98
0x3d8f4 N 0x3d8f8
0x3d8f4 T 0x1837a98
0xfae2a0 T 0xc978
0xfae2a0 T 0xc978
0xc398f660 N 0xc398f664
0xc398f660 N 0xc398f664
0xfae2a0 T 0xc978
0xc398f660 N 0xc398f664
0xc398f660 N 0xc398f664
0x3d8f4 T 0x1837a98
0xc398f660 T 0xa9e0
0xfae2a0 N 0xfae2a4
0xc398f660 T 0xa9e0
0xfae2a0 N 0xfae2a4
0x3d8f4 N 0x3d8f8
0xfae2a0 T 0xc978
0x3d8f4 T 0x1837a98
0x3d8f4 N 0x3d8f8
0x3d8f4 T 0x1837a98
0xfae2a0 N 0xfae2a4
0x3d8f4 N 0x3d8f8
0x3d8f4 T 0x1837a98
0x3d8f4 T 0x1837a98
0x3d8f4 T 0x1837a98
0x3d8f4 N 0x3d8f8
0xc398f660 N 0xc398f664
0x3d8f4 N 0x3d8f8
0xc398f660 N 0xc398f664
0xfae2a0 T 0xc978
0xc398f660 N 0xc398f664
0xfae2a0 N 0xfae2a4
0xfae2a0 N 0xfae2a4
0xc398f660 T 0xa9e0
0xc398f660 N 0xc398f664
0xfae2a0 N 0xfae2a4
0xc398f660 T 0xa9e0
0xfae2a0 N 0xfae2a4
0x3d8f4 T 0x1837a98
0x3d8f4 T 0x1837a98
0xfae2a0 N 0xfae2a4
0x3d8f4 T 0x1837a98
0xfae2a0 T 0xc978
0xfae2a0 N 0xfae2a4
0xc398f660 N 0xc398f664
0xfae2a0 N 0xfae2a4
0xc398f660 T 0xa9e0
0x3d8f4 T 0x1837a98
0xfae2a0 N 0xfae2a4
0xc398f660 N 0xc398f664
0xfae2a0 T 0xc978
0xfae2a0 N 0xfae2a4
0x3d8f4 N 0x3d8f8
0x3d8f4 N 0x3d8f8
0xfae2a0 N 0xfae2a4
0x3d8f4 N 0x3d8f8
0x3d8f4 N 0x3d8f8
0xfae2a0 T 0xc978
0x3d8f4 T 0x1837a98
0xfae2a0 N 0xfae2a4
0xfae2a0 T 0xc978
0xfae2a0 N 0xfae2a4
0xc398f660 N 0xc398f664
0xc398f660 T 0xa9e0
0x3d8f4 T 0x1837a98
0x3d8f4 N 0x3d8f8
0xfae2a0 N 0xfae2a4
0x3d8f4 T 0x1837a98
0xfae2a0 N 0xfae2a4
0xfae2a0 N 0xfae2a4
0x3d8f4 T 0x1837a98
0xfae2a0 N 0xfae2a4
0xc398f660 N 0xc398f664
0xfae2a0 N 0xfae2a4
0xfae2a0 N 0xfae2a4
0x3d8f4 T 0x1837a98
0xfae2a0 T 0xc978
0x3d8f4 N 0x3d8f8
0xc398f660 N 0xc398f664
0x3d8f4 N 0x3d8f8
0x3d8f4 T 0x1837a98
0xfae2a0 T 0xc978
0xfae2a0 N 0xfae2a4
0x3d8f4 N 0x3d8f8
0xfae2a0 N 0xfae2a4
0xc398f660 N 0xc398f664
0xfae2a0 N 0xfae2a4
0xc398f660 N 0xc398f664
0xfae2a0 N 0xfae2a4
0xfae2a0 N 0xfae2a4
0xc398f660 N 0xc398f664
0x3d8f4 N 0x3d8f8
0xc398f660 N 0xc398f664
0x3d8f4 N 0x3d8f8
0xc398f660 N 0xc398f664
0xc398f660 N 0xc398f664
0x3d8f4 N 0x3d8f8
0xfae2a0 N 0xfae2a4
0xfae2a0 N 0xfae2a4
0xc398f660 T 0xa9e0
0x3d8f4 T 0x1837a98
0xc398f660 T 0xa9e0
0x3d8f4 N 0x3d8f8
0x3d8f4 T 0x1837a98
0x3d8f4 N 0x3d8f8
0xc398f660 N 0xc398f664
0xfae2a0 N 0xfae2a4
0xfae2a0 N 0xfae2a4
0xc398f660 N 0xc398f664
0xfae2a0 T 0xc978
0xc398f660 N 0xc398f664
0xc398f660 T 0xa9e0
0xfae2a0 N 0xfae2a4
0x3d8f4 T 0x1837a98
0xfae2a0 T 0xc978
0x3d8f4 T 0x1837a98
0x3d8f4 T 0x1837a98
0xfae2a0 T 0xc978
0xc398f660 N 0xc398f664
0x3d8f4 N 0x3d8f8
0x3d8f4 T 0x1837a98
0x3d8f4 N 0x3d8f8
0xfae2a0 N 0xfae2a4
0xc398f660 T 0xa9e0
0x3d8f4 N 0x3d8f8
0xc398f660 T 0xa9e0
0x3d8f4 N 0x3d8f8
0xc398f660 N 0xc398f664
0xc398f660 N 0xc398f664
0xfae2a0 N 0xfae2a4
0xfae2a0 N 0xfae2a4
0xfae2a0 N 0xfae2a4
0xc398f660 N 0xc398f664
0xc398f660 T 0xa9e0
0xc398f660 N 0xc398f664
0xc398f660 T 0xa9e0
0x3d8f4 T 0x1837a98
0xc398f660 N 0xc398f664
0xc398f660 T 0xa9e0
0xc398f660 N 0xc398f664
0xfae2a0 T 0xc978
0x3d8f4 T 0x1837a98
0xfae2a0 T 0xc978
0xfae2a0 N 0xfae2a4
0xfae2a0 T 0xc978
0x3d8f4 N 0x3d8f8
0xc398f660 N 0xc398f664
0xfae2a0 N 0xfae2a4
0xc398f660 T 0xa9e0
0x3d8f4 N 0x3d8f8
0xfae2a0 T 0xc978
0x3d8f4 N 0x3d8f8
0xc398f660 T 0xa9e0
0x3d8f4 T 0x1837a98
0xc398f660 N 0xc398f664
0x3d8f4 N 0x3d8f8
0x3d8f4 T 0x1837a98
0xc398f660 T 0xa9e0
0x3d8f4 N 0x3d8f8
0xc398f660 N 0xc398f664
0x3d8f4 N 0x3d8f8
0xfae2a0 N 0xfae2a4
0xfae2a0 T 0xc978
0xc398f660 N 0xc398f664
0x3d8f4 N 0x3d8f8
0xfae2a0 T 0xc978
0xc398f660 N 0xc398f664
0x3d8f4 N 0x3d8f8
0x3d8f4 T 0x1837a98
0xfae2a0 T 0xc978
0xfae2a0 N 0xfae2a4
0x3d8f4 T 0x1837a98
0xc398f660 N 0xc398f664
0xc398f660 T 0xa9e0
0xc398f660 N 0xc398f664
0x3d8f4 T 0x1837a98
0xfae2a0 N 0xfae2a4
0x3d8f4 N 0x3d8f8
0x3d8f4 N 0x3d8f8
0xfae2a0 T 0xc978
0xc398f660 T 0xa9e0
0x3d8f4 N 0x3d8f8
0xc398f660 N 0xc398f664
0xc398f660 N 0xc398f664
0xc398f660 N 0xc398f664
0x3d8f4 T 0x1837a98
0xfae2a0 T 0xc978
0xc398f660 N 0xc398f664
0xc398f660 N 0xc398f664
0x3d8f4 N 0x3d8f8
0xc398f660 T 0xa9e0
0xc398f660 N 0xc398f664
0xc398f660 T 0xa9e0
0xfae2a0 T 0xc978
0xc398f660 T 0xa9e0
0xfae2a0 N 0xfae2a4
0x3d8f4 N 0x3d8f8
0xfae2a0 N 0xfae2a4
0xc398f660 N 0xc398f664
0x3d8f4 N 0x3d8f8
0xfae2a0 T 0xc978
0x3d8f4 T 0x1837a98
0xc398f660 N 0xc398f664
0x3d8f4 N 0x3d8f8
0x3d8f4 T 0x1837a98
0xc398f660 N 0xc398f664
0x3d8f4 N 0x3d8f8
0x3d8f4 T 0x1837a98
0x3d8f4 T 0x1837a98
0xc398f660 N 0xc398f664
0xfae2a0 T 0xc978
0xfae2a0 N 0xfae2a4
0x3d8f4 T 0x1837a98
0x3d8f4 N 0x3d8f8
0xfae2a0 T 0xc978
0xc398f660 T 0xa9e0
0x3d8f4 T 0x1837a98
0xfae2a0 T 0xc978
0x3d8f4 N 0x3d8f8
0xc398f660 T 0xa9e0
0x3d8f4 N 0x3d8f8
0xfae2a0 N 0xfae2a4
0xfae2a0 T 0xc978
0x3d8f4 T 0x1837a98
0xc398f660 T 0xa9e0
0xfae2a0 T 0xc978
0xfae2a0 N 0xfae2a4
0xfae2a0 N 0xfae2a4
0xc398f660 N 0xc398f664
0x3d8f4 N 0x3d8f8
0xc398f660 N 0xc398f664
0x3d8f4 N 0x3d8f8
0xfae2a0 T 0xc978
0x3d8f4 N 0x3d8f8
0xfae2a0 N 0xfae2a4
0xc398f660 N 0xc398f664
0xc398f660 T 0xa9e0
0xc398f660 N 0xc398f664
0xfae2a0 T 0xc978
0xc398f660 T 0xa9e0
0xc398f660 N 0xc398f664
0xc398f660 N 0xc398f664
0xfae2a0 T 0xc978
0xc398f660 N 0xc398f664
0xfae2a0 N 0xfae2a4
0xfae2a0 T 0xc978
0xc398f660 N 0xc398f664
0x3d8f4 T 0x1837a98
0x3d8f4 T 0x1837a98
0xfae2a0 N 0xfae2a4
0x3d8f4 T 0x1837a98
0x3d8f4 N 0x3d8f8
0xc398f660 N 0xc398f664
0x3d8f4 N 0x3d8f8
0xc398f660 N 0xc398f664
0xc398f660 T 0xa9e0
0xc398f660 T 0xa9e0
0xfae2a0 N 0xfae2a4
0xc398f660 T 0xa9e0
0xc398f660 T 0xa9e0
0xfae2a0 N 0xfae2a4
0xfae2a0 N 0xfae2a4
0x3d8f4 T 0x1837a98
0xfae2a0 T 0xc978
0xc398f660 N 0xc398f664
0xc398f660 T 0xa9e0
0xc398f660 T 0xa9e0
0x3d8f4 T 0x1837a98
0x3d8f4 T 0x1837a98
0x3d8f4 T 0x1837a98
0xfae2a0 T 0xc978
0xc398f660 N 0xc398f664
0xc398f660 N 0xc398f664
0xfae2a0 T 0xc978
0xfae2a0 N 0xfae2a4
0xc398f660 N 0xc398f664
0xfae2a0 T 0xc978
0xc398f660 T 0xa9e0
0x3d8f4 T 0x1837a98
0x3d8f4 N 0x3d8f8
0xfae2a0 T 0xc978
0x3d8f4 T 0x1837a98
0xc398f660 T 0xa9e0
0xfae2a0 T 0xc978
0x3d8f4 T 0x1837a98
0xc398f660 N 0xc398f664
0xc398f660 N 0xc398f664
0xfae2a0 N 0xfae2a4
0xfae2a0 N 0xfae2a4
0x3d8f4 N 0x3d8f8
0x3d8f4 N 0x3d8f8
0x3d8f4 T 0x1837a98
0xfae2a0 N 0xfae2a4
0xfae2a0 T 0xc978
0xfae2a0 N 0xfae2a4
0xc398f660 N 0xc398f664
0x3d8f4 T 0x1837a98
0xfae2a0 T 0xc978
0x3d8f4 N 0x3d8f8
0xc398f660 T 0xa9e0
0x3d8f4 T 0x1837a98
0x3d8f4 N 0x3d8f8
0xfae2a0 T 0xc978
0x3d8f4 T 0x1837a98
0xc398f660 N 0xc398f664
0xfae2a0 T 0xc978
0x3d8f4 T 0x1837a98
0xc398f660 N 0xc398f664
0x3d8f4 T 0x1837a98
0xc398f660 T 0xa9e0
0xc398f660 N 0xc398f664
0xfae2a0 N 0xfae2a4
0xfae2a0 N 0xfae2a4
0xc398f660 N 0xc398f664
0xfae2a0 T 0xc978
0x3d8f4 N 0x3d8f8
0x3d8f4 N 0x3d8f8
0x3d8f4 T 0x1837a98
0xc398f660 N 0xc398f664
0xfae2a0 T 0xc978
0xc398f660 N 0xc398f664
0x3d8f4 N 0x3d8f8
0xc398f660 N 0xc398f664
0xfae2a0 N 0xfae2a4
0xc398f660 N 0xc398f664
0x3d8f4 T 0x1837a98
0xc398f660 N 0xc398f664
0xfae2a0 N 0xfae2a4
0xfae2a0 N 0xfae2a4
0x3d8f4 T 0x1837a98
0xfae2a0 N 0xfae2a4
0xc398f660 N 0xc398f664
0x3d8f4 T 0x1837a98
0xfae2a0 T 0xc978
0xc398f660 N 0xc398f664
0xfae2a0 T 0xc978
0xfae2a0 N 0xfae2a4
0xc398f660 N 0xc398f664
0xc398f660 N 0xc398f664
0xfae2a0 T 0xc978
0xfae2a0 T 0xc978
0x3d8f4 T 0x1837a98
0xfae2a0 N 0xfae2a4
0xc398f660 N 0xc398f664
0xfae2a0 T 0xc978
0xc398f660 N 0xc398f664
0xc398f660 T 0xa9e0
0x3d8f4 N 0x3d8f8
0xfae2a0 T 0xc978
0x3d8f4 T 0x1837a98
0xc398f660 N 0xc398f664
0xfae2a0 T 0xc978
0xfae2a0 T 0xc978
0xfae2a0 T 0xc978
0xfae2a0 N 0xfae2a4
0x3d8f4 N 0x3d8f8
0xc398f660 N 0xc398f664
0xc398f660 T 0xa9e0
0xfae2a0 N 0xfae2a4
0xfae2a0 T 0xc978
0xc398f660 N 0xc398f664
0xfae2a0 T 0xc978
0xc398f660 N 0xc398f664
0x3d8f4 N 0x3d8f8
0x3d8f4 N 0x3d8f8
0x3d8f4 N 0x3d8f8
0xc398f660 T 0xa9e0
flush_num: 645, br_num: 1255, size: 2628b
