0x4a57e8 N 0x4a57ec
0x9cb75c64 N 0x9cb75c68
0x3ded0a0 N 0x3ded0a4
0xe61414 N 0xe61418
0x2e30 N 0x2e34
0xa8 N 0xac
0xfe8 N 0xfec
0xb2ad770 N 0xb2ad774
0x58 N 0x5c
0x58 N 0x5c
0x7780 N 0x7784
0xfe8 N 0xfec
0xac468 N 0xac46c
0xed562a4 N 0xed562a8
0x90eb4 N 0x90eb8
0x8ac N 0x8b0
0xd3f394 N 0xd3f398
0x3ded0a0 N 0x3ded0a4
0x84d1c N 0x84d20
0x2b4 N 0x2b8
0x5a2101c N 0x5a21020
0x90e4 N 0x90e8
0x4a57e8 N 0x4a57ec
0x5233cc N 0x5233d0
0x58 T 0xcb0
0x9cb75c64 N 0x9cb75c68
0x2e30 N 0x2e34
0x9a8 N 0x9ac
0xc618 N 0xc61c
0x972c08 N 0x972c0c
0x87320c N 0x873210
0x784 N 0x788
0x3ded0a0 T 0x4bc
0x3ded0a0 T 0x4bc
0xef66fc N 0xef6700
0xebc N 0xec0
0xa8 N 0xac
0x3347f06c N 0x3347f070
0x5d00 N 0x5d04
0xfe8 N 0xfec
0xa8 N 0xac
0x90eb4 N 0x90eb8
0x9a8 N 0x9ac
0x78532c N 0x785330
0xbc4 N 0xbc8
0xac468 N 0xac46c
0x838 N 0x83c
0x8ff9769c N 0x8ff976a0
0xfe8 N 0xfec
0x9cb75c64 N 0x9cb75c68
0x58 N 0x5c
0x9cb75c64 T 0x10d78604
0x87320c N 0x873210
0x55870 N 0x55874
0x2b4 N 0x2b8
0x838 N 0x83c
0x838 N 0x83c
0x7780 N 0x7784
0x90eb4 N 0x90eb8
0x44435478 N 0x4443547c
0x972c08 N 0x972c0c
0x9cb75c64 T 0x10d78604
0xfe8 N 0xfec
0xa0c90ddc N 0xa0c90de0
0xa0c90ddc T 0x401b0c
0x7780 T 0xc94
0xfe8 N 0xfec
0x87320c N 0x873210
0x44435478 T 0xb3ec6e0
0xef66fc N 0xef6700
0x4a57e8 N 0x4a57ec
0x4a57e8 T 0x4994
0x5d00 N 0x5d04
0xed562a4 N 0xed562a8
0x90eb4 N 0x90eb8
0x5d00 N 0x5d04
0x98340c N 0x983410
0xc618 N 0xc61c
0x90e4 N 0x90e8
0x87320c N 0x873210
0x784 N 0x788
0x7780 N 0x7784
0x55870 N 0x55874
0x2e30 N 0x2e34
0xbc4 N 0xbc8
0xfe8 N 0xfec
0x2e30 N 0x2e34
0xa8 N 0xac
0x78532c N 0x785330
0x84d1c N 0x84d20
0x7780 N 0x7784
0xc618 T 0xbdc
0x972c08 N 0x972c0c
0x9a8 N 0x9ac
0x84d1c T 0x33caacdc
0xac468 N 0xac46c
0xac468 T 0xc554544
0x90e4 N 0x90e8
0xfe8 N 0xfec
0x44435478 N 0x4443547c
0x4a57e8 N 0x4a57ec
0x55870 N 0x55874
0x90e4 T 0xaf3c98
0x84d1c T 0x33caacdc
0xebc N 0xec0
0x3347f06c N 0x3347f070
0x5a2101c N 0x5a21020
0x9a8 N 0x9ac
0x80122a0 N 0x80122a4
0x5d00 N 0x5d04
0x9a8 N 0x9ac
0x87320c N 0x873210
0x87320c N 0x873210
0x58 N 0x5c
0xc618 N 0xc61c
0x5d00 N 0x5d04
0xb2ad770 N 0xb2ad774
0x9cb75c64 N 0x9cb75c68
0x838 N 0x83c
0x9cb75c64 N 0x9cb75c68
0x784 N 0x788
0x80122a0 N 0x80122a4
0x84d1c N 0x84d20
0x98340c N 0x983410
0x84d1c N 0x84d20
0xa8 N 0xac
0xac468 N 0xac46c
0x44435478 N 0x4443547c
0xebc N 0xec0
0xa8 N 0xac
0x80122a0 N 0x80122a4
0x784 N 0x788
0xebc N 0xec0
0x2e30 N 0x2e34
0x5233cc N 0x5233d0
0x8ac N 0x8b0
0xe422d4 N 0xe422d8
0x81dbace0 N 0x81dbace4
0x972c08 N 0x972c0c
0x838 N 0x83c
0xd3f394 N 0xd3f398
0x5a2101c N 0x5a21020
0x784 N 0x788
0x55870 N 0x55874
0x3347f06c N 0x3347f070
0xd018 N 0xd01c
0xc618 N 0xc61c
0xa8 N 0xac
0x5a2101c N 0x5a21020
0x84d1c N 0x84d20
0x9a8 N 0x9ac
0xa8 N 0xac
0xfe8 N 0xfec
0xb2ad770 N 0xb2ad774
0x90eb4 N 0x90eb8
0x80122a0 N 0x80122a4
0xc618 N 0xc61c
0xebc N 0xec0
0xfe8 T 0xa884a94
0x87320c N 0x873210
0x81dbace0 N 0x81dbace4
0xebc N 0xec0
0x2e30 N 0x2e34
0x3347f06c N 0x3347f070
0x8ac N 0x8b0
0x9cb75c64 N 0x9cb75c68
0x5a2101c N 0x5a21020
0xfe8 T 0xa884a94
0x55870 N 0x55874
0xbc4 N 0xbc8
0xed562a4 N 0xed562a8
0x44435478 N 0x4443547c
0xd3f394 N 0xd3f398
0x58 N 0x5c
0x90e4 N 0x90e8
0xed562a4 N 0xed562a8
0xac468 N 0xac46c
0xfe8 N 0xfec
0xa8 N 0xac
0xed562a4 N 0xed562a8
0x84d1c N 0x84d20
0xbc4 N 0xbc8
0x84d1c N 0x84d20
0x3ded0a0 N 0x3ded0a4
0x5d00 N 0x5d04
0xbc4 N 0xbc8
0xac468 N 0xac46c
0xfe8 N 0xfec
0xed562a4 N 0xed562a8
0xb2ad770 N 0xb2ad774
0x8ff9769c N 0x8ff976a0
0x90e4 N 0x90e8
0x87320c N 0x873210
0x55870 N 0x55874
0xe422d4 N 0xe422d8
0x972c08 N 0x972c0c
0xe61414 N 0xe61418
0x838 N 0x83c
0x58 N 0x5c
0xe422d4 N 0xe422d8
0x3ded0a0 N 0x3ded0a4
0x784 N 0x788
0x58 T 0xcb0
0x5233cc N 0x5233d0
0x5d00 N 0x5d04
0xe422d4 N 0xe422d8
0x47c6ec N 0x47c6f0
0x3ded0a0 N 0x3ded0a4
0x8ff9769c T 0x9ac3a5c
0x9a8 N 0x9ac
0x3ded0a0 N 0x3ded0a4
0x3347f06c N 0x3347f070
0x8ff9769c T 0x9ac3a5c
0x58 T 0xcb0
0x80122a0 N 0x80122a4
0xd3f394 N 0xd3f398
0x90e4 N 0x90e8
0x784 N 0x788
0x9cb75c64 N 0x9cb75c68
0x8ac N 0x8b0
0x5233cc N 0x5233d0
0x98340c N 0x983410
0xebc N 0xec0
0xbc4 N 0xbc8
0x81dbace0 N 0x81dbace4
0x5a2101c N 0x5a21020
0x5233cc N 0x5233d0
0x7780 N 0x7784
0xd018 N 0xd01c
0x84d1c N 0x84d20
0x78532c N 0x785330
0xed562a4 N 0xed562a8
0x8ff9769c N 0x8ff976a0
0x9cb75c64 N 0x9cb75c68
0xfe8 N 0xfec
0x47c6ec N 0x47c6f0
0x84d1c N 0x84d20
0x972c08 N 0x972c0c
0xc618 N 0xc61c
0x5233cc N 0x5233d0
0x58 N 0x5c
0xac468 N 0xac46c
0xa0c90ddc N 0xa0c90de0
0x44435478 N 0x4443547c
0xa8 N 0xac
0xef66fc N 0xef6700
0xc618 N 0xc61c
0xa8 N 0xac
0xe61414 N 0xe61418
0x4a57e8 N 0x4a57ec
0x98340c N 0x983410
0x90e4 N 0x90e8
0x44435478 N 0x4443547c
0x81dbace0 N 0x81dbace4
0xd3f394 N 0xd3f398
0xa0c90ddc N 0xa0c90de0
0xa8 N 0xac
0x81dbace0 T 0x51a19b5c
0xa8 N 0xac
0x80122a0 N 0x80122a4
0x838 N 0x83c
0x3ded0a0 N 0x3ded0a4
0xfe8 N 0xfec
0x9cb75c64 N 0x9cb75c68
0x8ac N 0x8b0
0xfe8 N 0xfec
0x80122a0 N 0x80122a4
0xa0c90ddc N 0xa0c90de0
0x80122a0 T 0x184
0x784 N 0x788
0xe422d4 N 0xe422d8
0x90e4 N 0x90e8
0x4a57e8 N 0x4a57ec
0xebc N 0xec0
0x3ded0a0 N 0x3ded0a4
0x3ded0a0 N 0x3ded0a4
0xfe8 N 0xfec
0x3347f06c N 0x3347f070
0x47c6ec N 0x47c6f0
0x55870 T 0x160
0xfe8 N 0xfec
0x44435478 N 0x4443547c
0x4a57e8 N 0x4a57ec
0x98340c N 0x983410
0x2e30 N 0x2e34
0x4a57e8 T 0x4994
0x84d1c N 0x84d20
0x9cb75c64 N 0x9cb75c68
0x78532c N 0x785330
0x2e30 N 0x2e34
0xa8 N 0xac
0xa0c90ddc N 0xa0c90de0
0xa0c90ddc N 0xa0c90de0
0xd3f394 N 0xd3f398
0x2e30 T 0xe9114
0x9cb75c64 T 0x10d78604
0x3ded0a0 T 0x4bc
0x8ac N 0x8b0
0x784 N 0x788
0x3ded0a0 N 0x3ded0a4
0x9a8 N 0x9ac
0x5233cc N 0x5233d0
0xb2ad770 N 0xb2ad774
0xd3f394 T 0xa702a8
0x81dbace0 N 0x81dbace4
0x90eb4 N 0x90eb8
0x5a2101c N 0x5a21020
0xe422d4 N 0xe422d8
0x47c6ec N 0x47c6f0
0xe422d4 T 0x26ec
0x3347f06c N 0x3347f070
0xa0c90ddc N 0xa0c90de0
0x3347f06c T 0xcd4753bc
0x9a8 T 0xb000
0x84d1c N 0x84d20
0xbc4 N 0xbc8
0x972c08 N 0x972c0c
0xd018 N 0xd01c
0x5d00 N 0x5d04
0x972c08 T 0xda578
0x44435478 N 0x4443547c
0x81dbace0 N 0x81dbace4
0x47c6ec N 0x47c6f0
0x2e30 N 0x2e34
0x7780 N 0x7784
0xa0c90ddc N 0xa0c90de0
0x838 N 0x83c
0x2b4 N 0x2b8
0x90e4 N 0x90e8
0x78532c N 0x785330
0xbc4 N 0xbc8
0x58 N 0x5c
0xc618 N 0xc61c
0x47c6ec N 0x47c6f0
0x8ff9769c N 0x8ff976a0
0x5233cc N 0x5233d0
0x5d00 N 0x5d04
0xed562a4 N 0xed562a8
0x7780 N 0x7784
0xd3f394 N 0xd3f398
0x44435478 N 0x4443547c
0x55870 N 0x55874
0x5233cc T 0x688eac
0x8ac N 0x8b0
0x7780 N 0x7784
0x9cb75c64 N 0x9cb75c68
0xa8 N 0xac
0x8ff9769c N 0x8ff976a0
0x5a2101c N 0x5a21020
0xd3f394 T 0xa702a8
0xac468 N 0xac46c
0x9cb75c64 T 0x10d78604
0xed562a4 N 0xed562a8
0xa0c90ddc N 0xa0c90de0
0x3347f06c N 0x3347f070
0x2b4 N 0x2b8
0x3347f06c N 0x3347f070
0x81dbace0 N 0x81dbace4
0x5a2101c N 0x5a21020
0x2e30 N 0x2e34
0x80122a0 N 0x80122a4
0x7780 N 0x7784
0xe61414 N 0xe61418
0x2e30 N 0x2e34
0xef66fc N 0xef6700
0x84d1c N 0x84d20
0xb2ad770 N 0xb2ad774
0x90eb4 N 0x90eb8
0xbc4 N 0xbc8
0xc618 N 0xc61c
0xc618 N 0xc61c
0x8ac N 0x8b0
0x90eb4 T 0x6d5894
0x3347f06c N 0x3347f070
0xef66fc N 0xef6700
0x90e4 N 0x90e8
0x58 N 0x5c
0x90eb4 N 0x90eb8
0x90eb4 N 0x90eb8
0x5a2101c N 0x5a21020
0x4a57e8 N 0x4a57ec
0x8ff9769c N 0x8ff976a0
0x5a2101c N 0x5a21020
0xa0c90ddc N 0xa0c90de0
0x55870 N 0x55874
0x58 T 0xcb0
0xe61414 N 0xe61418
0x78532c N 0x785330
0x5d00 N 0x5d04
0x80122a0 N 0x80122a4
0xe61414 T 0xac8
0x78532c N 0x785330
0x8ac N 0x8b0
0xed562a4 N 0xed562a8
0x84d1c N 0x84d20
0x80122a0 N 0x80122a4
0x972c08 N 0x972c0c
0x784 N 0x788
0xa0c90ddc N 0xa0c90de0
0x90e4 N 0x90e8
0x972c08 N 0x972c0c
0x3ded0a0 N 0x3ded0a4
0x5233cc N 0x5233d0
0x3347f06c N 0x3347f070
0x972c08 N 0x972c0c
0x9cb75c64 N 0x9cb75c68
0x9cb75c64 T 0x10d78604
0xfe8 N 0xfec
0x3ded0a0 N 0x3ded0a4
0x98340c N 0x983410
0x7780 N 0x7784
0x8ff9769c N 0x8ff976a0
0xac468 N 0xac46c
0xc618 N 0xc61c
0x98340c N 0x983410
0x784 N 0x788
0x80122a0 N 0x80122a4
0xbc4 N 0xbc8
0x3347f06c N 0x3347f070
0x5a2101c N 0x5a21020
0xe422d4 N 0xe422d8
0x81dbace0 N 0x81dbace4
0xb2ad770 N 0xb2ad774
0x972c08 N 0x972c0c
0x5d00 N 0x5d04
0xbc4 N 0xbc8
0xd018 N 0xd01c
0xb2ad770 T 0xc10
0x9cb75c64 N 0x9cb75c68
0x2e30 N 0x2e34
0xa0c90ddc N 0xa0c90de0
0x3347f06c T 0xcd4753bc
0xfe8 N 0xfec
0xac468 N 0xac46c
0x44435478 N 0x4443547c
0x84d1c N 0x84d20
0x3ded0a0 N 0x3ded0a4
0xd3f394 N 0xd3f398
0x87320c N 0x873210
0x2e30 N 0x2e34
0x81dbace0 N 0x81dbace4
0xd018 N 0xd01c
0xed562a4 N 0xed562a8
0x58 N 0x5c
0x2e30 T 0xe9114
0x9cb75c64 N 0x9cb75c68
0x4a57e8 N 0x4a57ec
0xbc4 N 0xbc8
0x78532c N 0x785330
0x8ff9769c N 0x8ff976a0
0xd3f394 T 0xa702a8
0xe61414 N 0xe61418
0x5d00 N 0x5d04
0x784 N 0x788
0xe61414 T 0xac8
0xb2ad770 N 0xb2ad774
0x84d1c N 0x84d20
0x90e4 N 0x90e8
0x972c08 N 0x972c0c
0x55870 N 0x55874
0xa8 N 0xac
0x80122a0 N 0x80122a4
0x55870 N 0x55874
0x3ded0a0 N 0x3ded0a4
0x3ded0a0 N 0x3ded0a4
0xbc4 N 0xbc8
0x84d1c T 0x33caacdc
0xfe8 N 0xfec
0x3347f06c N 0x3347f070
0xed562a4 N 0xed562a8
0x58 N 0x5c
0xebc N 0xec0
0x78532c N 0x785330
0xd3f394 N 0xd3f398
0xe61414 N 0xe61418
0x972c08 N 0x972c0c
0x8ac N 0x8b0
0xbc4 N 0xbc8
0x3ded0a0 T 0x4bc
0x78532c N 0x785330
0xb2ad770 N 0xb2ad774
0x2e30 N 0x2e34
0x78532c N 0x785330
0x5233cc N 0x5233d0
0x4a57e8 N 0x4a57ec
0x9a8 N 0x9ac
0x84d1c N 0x84d20
0x5a2101c N 0x5a21020
0xd018 N 0xd01c
0x55870 N 0x55874
0x3347f06c N 0x3347f070
0x47c6ec N 0x47c6f0
0xe61414 N 0xe61418
0x8ac N 0x8b0
0xc618 N 0xc61c
0x84d1c N 0x84d20
0x4a57e8 N 0x4a57ec
0x58 N 0x5c
0xe422d4 N 0xe422d8
0xef66fc N 0xef6700
0x84d1c N 0x84d20
0x90eb4 N 0x90eb8
0xa8 N 0xac
0x90e4 N 0x90e8
0x9a8 N 0x9ac
0xd3f394 N 0xd3f398
0x838 N 0x83c
0xef66fc N 0xef6700
0xd018 N 0xd01c
0x972c08 N 0x972c0c
0x80122a0 N 0x80122a4
0x2b4 N 0x2b8
0x90eb4 N 0x90eb8
0x838 N 0x83c
0xb2ad770 N 0xb2ad774
0x972c08 N 0x972c0c
0x972c08 T 0xda578
0x80122a0 T 0x184
0x9cb75c64 N 0x9cb75c68
0x2e30 N 0x2e34
0x78532c N 0x785330
0xb2ad770 N 0xb2ad774
0x87320c N 0x873210
0xb2ad770 T 0xc10
0x47c6ec N 0x47c6f0
0x5d00 N 0x5d04
0x9cb75c64 N 0x9cb75c68
0x90eb4 T 0x6d5894
0x9a8 N 0x9ac
0x2b4 N 0x2b8
0x81dbace0 N 0x81dbace4
0xebc N 0xec0
0xb2ad770 N 0xb2ad774
0x4a57e8 N 0x4a57ec
0x972c08 N 0x972c0c
0x838 N 0x83c
0x98340c N 0x983410
0xed562a4 N 0xed562a8
0xfe8 N 0xfec
0xed562a4 N 0xed562a8
0x5233cc N 0x5233d0
0xed562a4 N 0xed562a8
0x80122a0 N 0x80122a4
0x5233cc N 0x5233d0
0xa0c90ddc N 0xa0c90de0
0x2b4 T 0x8de00
0x2b4 T 0x8de00
0xa0c90ddc T 0x401b0c
0xa0c90ddc T 0x401b0c
0x4a57e8 N 0x4a57ec
0x9cb75c64 N 0x9cb75c68
0xc618 N 0xc61c
0x5d00 N 0x5d04
0x90eb4 N 0x90eb8
0x972c08 N 0x972c0c
0x8ff9769c N 0x8ff976a0
0x47c6ec N 0x47c6f0
0xebc N 0xec0
0x2e30 N 0x2e34
0x9a8 N 0x9ac
0x84d1c N 0x84d20
0x58 N 0x5c
0x58 T 0xcb0
0xed562a4 N 0xed562a8
0xb2ad770 N 0xb2ad774
0xa8 N 0xac
0x8ff9769c N 0x8ff976a0
0x98340c N 0x983410
0xebc N 0xec0
0xac468 N 0xac46c
0xe422d4 N 0xe422d8
0xbc4 N 0xbc8
0x80122a0 N 0x80122a4
0x90eb4 N 0x90eb8
0x90e4 N 0x90e8
0x90e4 N 0x90e8
0x2e30 N 0x2e34
0x9cb75c64 N 0x9cb75c68
0xed562a4 N 0xed562a8
0x8ac N 0x8b0
0x90e4 N 0x90e8
0x838 N 0x83c
0xfe8 N 0xfec
0xa8 N 0xac
0x44435478 N 0x4443547c
0x9cb75c64 N 0x9cb75c68
0xa0c90ddc N 0xa0c90de0
0x5a2101c N 0x5a21020
0x90eb4 T 0x6d5894
0xb2ad770 N 0xb2ad774
0x81dbace0 N 0x81dbace4
0x838 N 0x83c
0xebc N 0xec0
0x2b4 N 0x2b8
0xd018 N 0xd01c
0x58 N 0x5c
0x972c08 N 0x972c0c
0x98340c N 0x983410
0x7780 N 0x7784
0xe61414 N 0xe61418
0x78532c N 0x785330
0x55870 N 0x55874
0x47c6ec N 0x47c6f0
0x98340c N 0x983410
0x3ded0a0 N 0x3ded0a4
0xe61414 N 0xe61418
0x90e4 N 0x90e8
0x58 T 0xcb0
0x9a8 N 0x9ac
0x55870 N 0x55874
0x3ded0a0 N 0x3ded0a4
0x84d1c N 0x84d20
0x5233cc N 0x5233d0
0xac468 N 0xac46c
0x78532c N 0x785330
0x8ac N 0x8b0
0x84d1c N 0x84d20
0x3ded0a0 T 0x4bc
0x4a57e8 N 0x4a57ec
0x5233cc N 0x5233d0
0x47c6ec N 0x47c6f0
0x90e4 N 0x90e8
0x98340c N 0x983410
0x58 T 0xcb0
0x98340c T 0xce781e8
0x58 N 0x5c
0x87320c N 0x873210
0x5a2101c N 0x5a21020
0x7780 N 0x7784
0x58 N 0x5c
0x9cb75c64 N 0x9cb75c68
0xfe8 N 0xfec
0x972c08 N 0x972c0c
0xbc4 N 0xbc8
0xd018 N 0xd01c
0x90eb4 N 0x90eb8
0xef66fc N 0xef6700
0x90eb4 N 0x90eb8
0x90e4 N 0x90e8
0x9a8 N 0x9ac
0x5d00 N 0x5d04
0x2b4 N 0x2b8
0xe61414 N 0xe61418
0xef66fc N 0xef6700
0x87320c N 0x873210
0x5a2101c N 0x5a21020
0xe422d4 N 0xe422d8
0xef66fc N 0xef6700
0x3ded0a0 N 0x3ded0a4
0xac468 N 0xac46c
0xac468 N 0xac46c
0xfe8 N 0xfec
0x78532c N 0x785330
0x90e4 T 0xaf3c98
0x47c6ec N 0x47c6f0
0xef66fc T 0x2f68d0
0x84d1c N 0x84d20
0x3347f06c N 0x3347f070
0x5a2101c N 0x5a21020
0x78532c N 0x785330
0x4a57e8 N 0x4a57ec
0x5d00 N 0x5d04
0xac468 N 0xac46c
0x2e30 N 0x2e34
0xd3f394 N 0xd3f398
0xd018 N 0xd01c
0x9cb75c64 N 0x9cb75c68
0x78532c T 0x418
0xac468 N 0xac46c
0x2e30 N 0x2e34
0x78532c N 0x785330
0xef66fc N 0xef6700
0x2e30 N 0x2e34
0x3ded0a0 N 0x3ded0a4
0x8ff9769c N 0x8ff976a0
0x8ff9769c T 0x9ac3a5c
0xef66fc N 0xef6700
0xfe8 N 0xfec
0x58 N 0x5c
0x44435478 N 0x4443547c
0x44435478 T 0xb3ec6e0
0x44435478 N 0x4443547c
0x972c08 N 0x972c0c
0x5d00 N 0x5d04
0xa8 N 0xac
0x47c6ec N 0x47c6f0
0xac468 N 0xac46c
0x3ded0a0 N 0x3ded0a4
0x90eb4 N 0x90eb8
0x2b4 N 0x2b8
0xe422d4 N 0xe422d8
0xed562a4 N 0xed562a8
0x80122a0 N 0x80122a4
0xa8 N 0xac
0xbc4 N 0xbc8
0xc618 N 0xc61c
0xd018 N 0xd01c
0x47c6ec N 0x47c6f0
0x838 N 0x83c
0x81dbace0 N 0x81dbace4
0x78532c N 0x785330
0x58 N 0x5c
0xa0c90ddc N 0xa0c90de0
0x81dbace0 N 0x81dbace4
0x5a2101c N 0x5a21020
0xfe8 N 0xfec
0x2e30 N 0x2e34
0x4a57e8 N 0x4a57ec
0x84d1c N 0x84d20
0x9a8 N 0x9ac
0xc618 N 0xc61c
0x3347f06c N 0x3347f070
0x58 N 0x5c
0xe422d4 N 0xe422d8
0xa8 N 0xac
0xd018 N 0xd01c
0x2b4 N 0x2b8
0x98340c N 0x983410
0xfe8 N 0xfec
0xef66fc N 0xef6700
0x98340c T 0xce781e8
0x5233cc N 0x5233d0
0xc618 N 0xc61c
0xbc4 N 0xbc8
0x2b4 N 0x2b8
0x58 N 0x5c
0x90e4 N 0x90e8
0xb2ad770 N 0xb2ad774
0x9cb75c64 N 0x9cb75c68
0x9cb75c64 N 0x9cb75c68
0x55870 N 0x55874
0x2b4 T 0x8de00
0xebc N 0xec0
0x98340c N 0x983410
0xed562a4 N 0xed562a8
0x55870 N 0x55874
0x784 N 0x788
0xac468 N 0xac46c
0xebc T 0x8e6e4
0x87320c N 0x873210
0xe61414 N 0xe61418
0x78532c N 0x785330
0x838 N 0x83c
0x80122a0 N 0x80122a4
0x7780 N 0x7784
0x84d1c N 0x84d20
0xebc N 0xec0
0x784 T 0xee54bc
0xef66fc N 0xef6700
0xebc N 0xec0
0x3ded0a0 N 0x3ded0a4
0x8ff9769c N 0x8ff976a0
0x5d00 N 0x5d04
0x47c6ec N 0x47c6f0
0xa8 N 0xac
0x58 N 0x5c
0xe61414 T 0xac8
0xe61414 T 0xac8
0xebc N 0xec0
0xfe8 N 0xfec
0xebc T 0x8e6e4
0x55870 T 0x160
0x3ded0a0 N 0x3ded0a4
0x9a8 N 0x9ac
0xd3f394 N 0xd3f398
0x4a57e8 N 0x4a57ec
0x98340c N 0x983410
0x78532c N 0x785330
0x55870 T 0x160
0x5a2101c N 0x5a21020
0x5d00 N 0x5d04
0x2b4 N 0x2b8
0x98340c N 0x983410
0x7780 N 0x7784
0xfe8 N 0xfec
0xac468 N 0xac46c
0x55870 T 0x160
0x80122a0 N 0x80122a4
0x80122a0 T 0x184
0x9a8 N 0x9ac
0x80122a0 T 0x184
0x84d1c N 0x84d20
0xc618 N 0xc61c
0x3347f06c N 0x3347f070
0x972c08 N 0x972c0c
0xb2ad770 N 0xb2ad774
0xe61414 N 0xe61418
0xc618 T 0xbdc
0x87320c N 0x873210
0xbc4 N 0xbc8
0xb2ad770 N 0xb2ad774
0xe61414 T 0xac8
0xef66fc N 0xef6700
0x3ded0a0 N 0x3ded0a4
0xef66fc T 0x2f68d0
0x5233cc N 0x5233d0
0x7780 N 0x7784
0x4a57e8 N 0x4a57ec
0x55870 N 0x55874
0x80122a0 N 0x80122a4
0x87320c N 0x873210
0x7780 N 0x7784
0x838 N 0x83c
0x84d1c N 0x84d20
0x84d1c T 0x33caacdc
0xef66fc N 0xef6700
0x47c6ec N 0x47c6f0
0x8ff9769c N 0x8ff976a0
0xa8 N 0xac
0x972c08 N 0x972c0c
0x8ac N 0x8b0
0x9cb75c64 N 0x9cb75c68
0xfe8 N 0xfec
0x98340c N 0x983410
0x8ac N 0x8b0
0x4a57e8 N 0x4a57ec
0x9cb75c64 T 0x10d78604
0xe61414 N 0xe61418
0x2b4 N 0x2b8
0x8ac T 0x1088
0x98340c N 0x983410
0x90e4 N 0x90e8
0x98340c T 0xce781e8
0xa8 N 0xac
0xa8 T 0xc326d0
0x5233cc N 0x5233d0
0x5233cc T 0x688eac
0x8ff9769c T 0x9ac3a5c
0xef66fc N 0xef6700
0xbc4 N 0xbc8
0x78532c N 0x785330
0xe61414 N 0xe61418
0xac468 N 0xac46c
0x5d00 N 0x5d04
0x972c08 N 0x972c0c
0xfe8 N 0xfec
0xef66fc T 0x2f68d0
0x5d00 T 0x5a8b36ac
0x5a2101c N 0x5a21020
0x84d1c N 0x84d20
0x838 T 0x6b048
0x8ac N 0x8b0
0x58 N 0x5c
0xac468 N 0xac46c
0x84d1c T 0x33caacdc
0x78532c N 0x785330
0x3347f06c N 0x3347f070
0x98340c N 0x983410
0x3347f06c N 0x3347f070
0xc618 N 0xc61c
0x9a8 N 0x9ac
0x55870 T 0x160
0xe61414 T 0xac8
0x2e30 N 0x2e34
0x78532c N 0x785330
0x2b4 N 0x2b8
0x55870 N 0x55874
0xe61414 N 0xe61418
0x90eb4 N 0x90eb8
0x972c08 N 0x972c0c
0x84d1c T 0x33caacdc
0x3347f06c N 0x3347f070
0x84d1c T 0x33caacdc
0xbc4 T 0x70590
0x7780 N 0x7784
0x784 N 0x788
0x78532c N 0x785330
0x2e30 N 0x2e34
0x8ff9769c N 0x8ff976a0
0x58 N 0x5c
0x9a8 N 0x9ac
0x838 N 0x83c
0x2e30 T 0xe9114
0x58 N 0x5c
0x90eb4 N 0x90eb8
0xa8 N 0xac
0x9cb75c64 N 0x9cb75c68
0x81dbace0 N 0x81dbace4
0x44435478 N 0x4443547c
0xc618 N 0xc61c
0x3ded0a0 N 0x3ded0a4
0x44435478 N 0x4443547c
0xd3f394 N 0xd3f398
0xe61414 N 0xe61418
0x58 N 0x5c
0x84d1c N 0x84d20
0x44435478 N 0x4443547c
0xa0c90ddc N 0xa0c90de0
0xef66fc N 0xef6700
0xb2ad770 N 0xb2ad774
0x5d00 N 0x5d04
0x8ac N 0x8b0
0x90eb4 N 0x90eb8
0x55870 N 0x55874
0xb2ad770 N 0xb2ad774
0xb2ad770 N 0xb2ad774
0xa8 N 0xac
0xb2ad770 T 0xc10
0x972c08 N 0x972c0c
0x972c08 N 0x972c0c
0x7780 N 0x7784
0x5233cc N 0x5233d0
0x90eb4 T 0x6d5894
0xe61414 N 0xe61418
0x90e4 N 0x90e8
0x3ded0a0 N 0x3ded0a4
0x90e4 N 0x90e8
0xebc N 0xec0
0x3ded0a0 N 0x3ded0a4
0x3ded0a0 N 0x3ded0a4
0xd018 N 0xd01c
0x8ff9769c N 0x8ff976a0
0xfe8 N 0xfec
0x838 N 0x83c
0xed562a4 N 0xed562a8
0xbc4 N 0xbc8
0x972c08 N 0x972c0c
0x9cb75c64 N 0x9cb75c68
0x58 N 0x5c
0x90e4 N 0x90e8
0xbc4 N 0xbc8
0x2e30 N 0x2e34
0xb2ad770 N 0xb2ad774
0xed562a4 N 0xed562a8
0x84d1c N 0x84d20
0xd3f394 N 0xd3f398
0x972c08 T 0xda578
0xa8 N 0xac
0x58 T 0xcb0
0xb2ad770 N 0xb2ad774
0xef66fc N 0xef6700
0x8ff9769c N 0x8ff976a0
0x81dbace0 N 0x81dbace4
0xa8 T 0xc326d0
0xa8 T 0xc326d0
0x55870 N 0x55874
0xd018 N 0xd01c
0x8ff9769c N 0x8ff976a0
0x55870 T 0x160
0x9a8 N 0x9ac
0xac468 N 0xac46c
0x784 N 0x788
0x972c08 N 0x972c0c
0x972c08 T 0xda578
0x4a57e8 N 0x4a57ec
0x81dbace0 N 0x81dbace4
0xbc4 N 0xbc8
0x84d1c N 0x84d20
0xef66fc N 0xef6700
0xed562a4 N 0xed562a8
0x81dbace0 T 0x51a19b5c
0xe422d4 N 0xe422d8
0xa8 N 0xac
0x784 N 0x788
0x7780 N 0x7784
0xebc N 0xec0
0xebc T 0x8e6e4
0xebc T 0x8e6e4
0x3347f06c N 0x3347f070
0x784 T 0xee54bc
0x90e4 N 0x90e8
0x9cb75c64 N 0x9cb75c68
0x3ded0a0 N 0x3ded0a4
0x47c6ec N 0x47c6f0
0xa0c90ddc N 0xa0c90de0
0x7780 N 0x7784
0x47c6ec T 0x493d4
0x3347f06c N 0x3347f070
0xc618 N 0xc61c
0x81dbace0 N 0x81dbace4
0x87320c N 0x873210
0x5a2101c N 0x5a21020
0x44435478 N 0x4443547c
0x3347f06c N 0x3347f070
0x5a2101c N 0x5a21020
0x78532c N 0x785330
0x80122a0 N 0x80122a4
0x87320c N 0x873210
0xef66fc N 0xef6700
0x98340c N 0x983410
0x8ac N 0x8b0
0x4a57e8 N 0x4a57ec
0x5a2101c N 0x5a21020
0x4a57e8 T 0x4994
0x3ded0a0 N 0x3ded0a4
0xef66fc N 0xef6700
0x8ff9769c N 0x8ff976a0
0x972c08 N 0x972c0c
0xbc4 N 0xbc8
0xe61414 N 0xe61418
0x9cb75c64 N 0x9cb75c68
0x78532c N 0x785330
0xe61414 N 0xe61418
0xebc N 0xec0
0x5d00 N 0x5d04
0x5233cc N 0x5233d0
0xc618 N 0xc61c
0x90e4 N 0x90e8
0xa8 N 0xac
0xbc4 N 0xbc8
0x5233cc N 0x5233d0
0xa0c90ddc N 0xa0c90de0
0x90e4 N 0x90e8
0x7780 N 0x7784
0x55870 N 0x55874
0x44435478 N 0x4443547c
0x5233cc N 0x5233d0
0x58 N 0x5c
0x9cb75c64 N 0x9cb75c68
0x78532c N 0x785330
0x5a2101c N 0x5a21020
0x44435478 N 0x4443547c
0x90e4 N 0x90e8
0xc618 N 0xc61c
0x838 N 0x83c
0x972c08 N 0x972c0c
0xac468 N 0xac46c
0x4a57e8 N 0x4a57ec
0x47c6ec N 0x47c6f0
0x9a8 N 0x9ac
0x78532c N 0x785330
0x8ff9769c N 0x8ff976a0
0x838 N 0x83c
0x4a57e8 N 0x4a57ec
0xc618 N 0xc61c
0x9cb75c64 N 0x9cb75c68
0x5233cc N 0x5233d0
0x7780 N 0x7784
0x84d1c N 0x84d20
0xb2ad770 N 0xb2ad774
0xe61414 N 0xe61418
0x2e30 N 0x2e34
0x2e30 T 0xe9114
0x7780 N 0x7784
0x78532c N 0x785330
0x4a57e8 T 0x4994
0xac468 N 0xac46c
0x84d1c N 0x84d20
0xa8 N 0xac
0x972c08 N 0x972c0c
0xebc N 0xec0
0x5233cc N 0x5233d0
0x47c6ec N 0x47c6f0
0x8ff9769c N 0x8ff976a0
0x2e30 T 0xe9114
0xd018 N 0xd01c
0xb2ad770 N 0xb2ad774
0xe422d4 N 0xe422d8
0x4a57e8 N 0x4a57ec
0xc618 N 0xc61c
0xc618 N 0xc61c
0x4a57e8 T 0x4994
0x4a57e8 T 0x4994
0x87320c N 0x873210
0xc618 N 0xc61c
0x81dbace0 N 0x81dbace4
0x3347f06c N 0x3347f070
0x838 N 0x83c
0xc618 N 0xc61c
0x44435478 N 0x4443547c
0x98340c N 0x983410
0x2e30 N 0x2e34
0xbc4 N 0xbc8
0x55870 N 0x55874
0x44435478 N 0x4443547c
0x5a2101c N 0x5a21020
0xa8 N 0xac
0x90eb4 N 0x90eb8
0x81dbace0 N 0x81dbace4
0x81dbace0 T 0x51a19b5c
0x90eb4 N 0x90eb8
0xbc4 T 0x70590
0x2e30 N 0x2e34
0x3ded0a0 N 0x3ded0a4
0x3ded0a0 N 0x3ded0a4
0x87320c N 0x873210
0x972c08 N 0x972c0c
0xa0c90ddc N 0xa0c90de0
0x98340c N 0x983410
0x2e30 N 0x2e34
0xa0c90ddc N 0xa0c90de0
0xb2ad770 N 0xb2ad774
0xc618 N 0xc61c
0x44435478 N 0x4443547c
0x5233cc N 0x5233d0
0xbc4 N 0xbc8
0x90eb4 N 0x90eb8
0x8ac N 0x8b0
0xebc N 0xec0
0x2e30 N 0x2e34
0xd3f394 N 0xd3f398
0xef66fc N 0xef6700
0x3ded0a0 N 0x3ded0a4
0x9cb75c64 N 0x9cb75c68
0x84d1c N 0x84d20
0x2e30 T 0xe9114
0x47c6ec N 0x47c6f0
0xb2ad770 N 0xb2ad774
0x87320c N 0x873210
0xe422d4 N 0xe422d8
0x784 N 0x788
0xfe8 N 0xfec
0x44435478 N 0x4443547c
0xebc N 0xec0
0x98340c N 0x983410
0xef66fc N 0xef6700
0xef66fc T 0x2f68d0
0x2e30 N 0x2e34
0x4a57e8 N 0x4a57ec
0x3347f06c N 0x3347f070
0x2e30 N 0x2e34
0xfe8 N 0xfec
0x3ded0a0 T 0x4bc
0x8ff9769c N 0x8ff976a0
0xa8 N 0xac
0x7780 N 0x7784
0x78532c N 0x785330
0x55870 N 0x55874
0xd018 N 0xd01c
0x9cb75c64 N 0x9cb75c68
0x3347f06c N 0x3347f070
0x90e4 N 0x90e8
0x78532c N 0x785330
0xe61414 N 0xe61418
0xa0c90ddc N 0xa0c90de0
0x7780 T 0xc94
0xfe8 N 0xfec
0xebc N 0xec0
0x5233cc N 0x5233d0
0x3347f06c N 0x3347f070
0x55870 N 0x55874
0xed562a4 N 0xed562a8
0x2b4 N 0x2b8
0x90e4 N 0x90e8
0x90eb4 N 0x90eb8
0x81dbace0 N 0x81dbace4
0xed562a4 N 0xed562a8
0x3347f06c T 0xcd4753bc
0xfe8 N 0xfec
0x838 N 0x83c
0x4a57e8 N 0x4a57ec
0xe422d4 N 0xe422d8
0x81dbace0 T 0x51a19b5c
0xfe8 N 0xfec
0x4a57e8 N 0x4a57ec
0x7780 N 0x7784
0xa8 N 0xac
0x838 N 0x83c
0x5233cc N 0x5233d0
0x90e4 N 0x90e8
0x5233cc T 0x688eac
0xef66fc N 0xef6700
0xe422d4 T 0x26ec
0xd3f394 N 0xd3f398
0x3ded0a0 N 0x3ded0a4
0x80122a0 N 0x80122a4
0xfe8 N 0xfec
0x55870 T 0x160
0xb2ad770 N 0xb2ad774
0x7780 N 0x7784
0x5233cc N 0x5233d0
0x2e30 N 0x2e34
0xa0c90ddc N 0xa0c90de0
0x98340c N 0x983410
0xbc4 N 0xbc8
0xb2ad770 N 0xb2ad774
0xebc N 0xec0
0x5a2101c N 0x5a21020
0xac468 N 0xac46c
0xd018 N 0xd01c
0x55870 N 0x55874
0x838 N 0x83c
0x5233cc N 0x5233d0
0xbc4 T 0x70590
0xfe8 N 0xfec
0x58 N 0x5c
0xd018 N 0xd01c
0x5233cc T 0x688eac
0xef66fc N 0xef6700
0xd018 T 0x6f724
0x3347f06c N 0x3347f070
0xebc N 0xec0
0x8ac N 0x8b0
0x838 N 0x83c
0xed562a4 N 0xed562a8
0x972c08 N 0x972c0c
0xb2ad770 N 0xb2ad774
0x8ff9769c N 0x8ff976a0
0xe422d4 N 0xe422d8
0x44435478 N 0x4443547c
0x84d1c N 0x84d20
0x8ac T 0x1088
0xb2ad770 T 0xc10
0x4a57e8 N 0x4a57ec
0x9a8 N 0x9ac
0x90eb4 N 0x90eb8
0x58 N 0x5c
0x7780 T 0xc94
0xbc4 N 0xbc8
0x55870 N 0x55874
0x2e30 N 0x2e34
0xb2ad770 N 0xb2ad774
0x5233cc N 0x5233d0
0xc618 N 0xc61c
0x98340c N 0x983410
0x58 N 0x5c
0xc618 N 0xc61c
0x81dbace0 N 0x81dbace4
0x838 N 0x83c
0xef66fc N 0xef6700
0xbc4 T 0x70590
0xebc N 0xec0
0x78532c N 0x785330
0x9a8 T 0xb000
0x3ded0a0 N 0x3ded0a4
0x9cb75c64 N 0x9cb75c68
0x5a2101c N 0x5a21020
0x90eb4 N 0x90eb8
0xbc4 N 0xbc8
0x7780 N 0x7784
0xd018 N 0xd01c
0x84d1c N 0x84d20
0x90eb4 N 0x90eb8
0x5a2101c N 0x5a21020
0xc618 N 0xc61c
0x8ff9769c N 0x8ff976a0
0x2b4 N 0x2b8
0x9a8 N 0x9ac
0x90eb4 N 0x90eb8
0xd018 N 0xd01c
0x2e30 N 0x2e34
0xa0c90ddc N 0xa0c90de0
0x838 N 0x83c
0x3ded0a0 N 0x3ded0a4
0x5d00 N 0x5d04
0x8ac N 0x8b0
0x78532c N 0x785330
0xef66fc N 0xef6700
0xe422d4 N 0xe422d8
0x9a8 N 0x9ac
0xfe8 N 0xfec
0x7780 N 0x7784
0x784 N 0x788
0x55870 N 0x55874
0x87320c N 0x873210
0x7780 T 0xc94
0x3347f06c N 0x3347f070
0xd018 N 0xd01c
0x784 T 0xee54bc
0x3347f06c T 0xcd4753bc
0x9a8 N 0x9ac
0x90e4 N 0x90e8
0x84d1c N 0x84d20
0xa0c90ddc N 0xa0c90de0
0x44435478 N 0x4443547c
0x90eb4 N 0x90eb8
0x47c6ec N 0x47c6f0
0x9cb75c64 N 0x9cb75c68
0xef66fc N 0xef6700
0x98340c N 0x983410
0xe422d4 N 0xe422d8
0x98340c N 0x983410
0x81dbace0 N 0x81dbace4
0x972c08 N 0x972c0c
0x90eb4 N 0x90eb8
0xebc N 0xec0
0xe422d4 N 0xe422d8
0x90eb4 N 0x90eb8
0x972c08 T 0xda578
0xb2ad770 N 0xb2ad774
0xe422d4 N 0xe422d8
0xd018 N 0xd01c
0x7780 N 0x7784
0xb2ad770 T 0xc10
0xe61414 N 0xe61418
0x78532c N 0x785330
0x5a2101c N 0x5a21020
0x90e4 N 0x90e8
0x7780 N 0x7784
0x55870 N 0x55874
0x3ded0a0 N 0x3ded0a4
0x3ded0a0 T 0x4bc
0xe422d4 N 0xe422d8
0x44435478 N 0x4443547c
0x80122a0 N 0x80122a4
0xd3f394 N 0xd3f398
0x4a57e8 N 0x4a57ec
0x972c08 N 0x972c0c
0xef66fc N 0xef6700
0x80122a0 N 0x80122a4
0x9a8 N 0x9ac
0x9a8 N 0x9ac
0xac468 N 0xac46c
0x90eb4 N 0x90eb8
0x2b4 N 0x2b8
0x81dbace0 N 0x81dbace4
0xc618 N 0xc61c
0xe422d4 N 0xe422d8
0xc618 N 0xc61c
0x9cb75c64 N 0x9cb75c68
0x44435478 N 0x4443547c
0x80122a0 N 0x80122a4
0xa0c90ddc N 0xa0c90de0
0x47c6ec N 0x47c6f0
0xfe8 N 0xfec
0x4a57e8 N 0x4a57ec
0xebc N 0xec0
0x81dbace0 N 0x81dbace4
0xbc4 N 0xbc8
0x98340c N 0x983410
0x2e30 N 0x2e34
0x90eb4 N 0x90eb8
0xe422d4 N 0xe422d8
0x2b4 N 0x2b8
0xfe8 N 0xfec
0x9cb75c64 N 0x9cb75c68
0xed562a4 N 0xed562a8
0x2b4 N 0x2b8
0x5d00 N 0x5d04
0x3ded0a0 N 0x3ded0a4
0xa0c90ddc N 0xa0c90de0
0x87320c N 0x873210
0xef66fc N 0xef6700
0x81dbace0 N 0x81dbace4
0x8ff9769c N 0x8ff976a0
0x5d00 N 0x5d04
0xe422d4 N 0xe422d8
0xe422d4 T 0x26ec
0xb2ad770 N 0xb2ad774
0x78532c N 0x785330
0x838 N 0x83c
0xed562a4 N 0xed562a8
0xd3f394 N 0xd3f398
0x90eb4 N 0x90eb8
0xebc N 0xec0
0x8ff9769c N 0x8ff976a0
0x55870 N 0x55874
0x7780 N 0x7784
0x81dbace0 N 0x81dbace4
0x8ac N 0x8b0
0x4a57e8 N 0x4a57ec
0xebc N 0xec0
0xbc4 N 0xbc8
0xb2ad770 N 0xb2ad774
0x5a2101c N 0x5a21020
0xe61414 N 0xe61418
0x8ac T 0x1088
0x7780 N 0x7784
0xd018 N 0xd01c
0x5d00 N 0x5d04
0x98340c N 0x983410
0xb2ad770 N 0xb2ad774
0x80122a0 N 0x80122a4
0x5a2101c N 0x5a21020
0x8ff9769c N 0x8ff976a0
0xd018 T 0x6f724
0x47c6ec N 0x47c6f0
0x9cb75c64 N 0x9cb75c68
0x87320c N 0x873210
0xc618 N 0xc61c
0xc618 N 0xc61c
0xd3f394 N 0xd3f398
0xbc4 N 0xbc8
0x5a2101c N 0x5a21020
0xc618 N 0xc61c
0x55870 N 0x55874
0xfe8 N 0xfec
0x7780 N 0x7784
0x8ff9769c N 0x8ff976a0
0xef66fc N 0xef6700
0xd018 N 0xd01c
0x838 N 0x83c
0xac468 N 0xac46c
0x80122a0 N 0x80122a4
0x87320c T 0x1b0
0x80122a0 T 0x184
0x90eb4 N 0x90eb8
0x784 N 0x788
0x2e30 N 0x2e34
0x98340c N 0x983410
0x8ff9769c N 0x8ff976a0
0x3ded0a0 N 0x3ded0a4
0x784 N 0x788
0x2e30 T 0xe9114
0x838 T 0x6b048
0xd018 N 0xd01c
0x80122a0 N 0x80122a4
0x47c6ec N 0x47c6f0
0x80122a0 T 0x184
0x5233cc N 0x5233d0
0xed562a4 N 0xed562a8
0x5a2101c N 0x5a21020
0xed562a4 N 0xed562a8
0xd3f394 N 0xd3f398
0x2b4 N 0x2b8
0x4a57e8 N 0x4a57ec
0xed562a4 T 0x8652a85c
0x3ded0a0 N 0x3ded0a4
0xfe8 N 0xfec
0xd3f394 N 0xd3f398
0xed562a4 T 0x8652a85c
0x44435478 N 0x4443547c
0x9a8 N 0x9ac
0x4a57e8 N 0x4a57ec
0xbc4 N 0xbc8
0x5a2101c N 0x5a21020
0x8ac N 0x8b0
0xac468 N 0xac46c
0x81dbace0 N 0x81dbace4
0x5233cc N 0x5233d0
0x81dbace0 T 0x51a19b5c
0x47c6ec N 0x47c6f0
0x84d1c N 0x84d20
0x55870 N 0x55874
0x78532c N 0x785330
0x78532c T 0x418
0x7780 N 0x7784
0xd018 N 0xd01c
0xebc N 0xec0
0x87320c N 0x873210
0x3347f06c N 0x3347f070
0x84d1c N 0x84d20
0x784 N 0x788
0xed562a4 N 0xed562a8
0x5233cc N 0x5233d0
0x58 N 0x5c
0x838 N 0x83c
0x2e30 N 0x2e34
0xfe8 N 0xfec
0xed562a4 T 0x8652a85c
0x784 N 0x788
0x44435478 N 0x4443547c
0x84d1c T 0x33caacdc
0x98340c N 0x983410
0x784 N 0x788
0x87320c N 0x873210
0xed562a4 N 0xed562a8
0x784 N 0x788
0x98340c N 0x983410
0xb2ad770 N 0xb2ad774
0xb2ad770 T 0xc10
0x47c6ec N 0x47c6f0
0xbc4 N 0xbc8
0xe422d4 N 0xe422d8
0xac468 N 0xac46c
0xebc N 0xec0
0x81dbace0 N 0x81dbace4
0xed562a4 N 0xed562a8
0xac468 N 0xac46c
0xbc4 N 0xbc8
0xac468 N 0xac46c
0x55870 N 0x55874
0x90e4 N 0x90e8
0x55870 T 0x160
0x47c6ec N 0x47c6f0
0x44435478 N 0x4443547c
0x3ded0a0 N 0x3ded0a4
0x44435478 N 0x4443547c
0xc618 N 0xc61c
0x8ac N 0x8b0
0x90eb4 N 0x90eb8
0x44435478 N 0x4443547c
0x84d1c N 0x84d20
0x972c08 N 0x972c0c
0xbc4 N 0xbc8
0x3347f06c N 0x3347f070
0x2e30 N 0x2e34
0x84d1c T 0x33caacdc
0x784 N 0x788
0x87320c N 0x873210
0x2b4 N 0x2b8
0x5233cc N 0x5233d0
0x90e4 N 0x90e8
0x838 N 0x83c
0xac468 N 0xac46c
0x81dbace0 N 0x81dbace4
0x47c6ec N 0x47c6f0
0x784 N 0x788
0xa8 N 0xac
0x90e4 N 0x90e8
0x2e30 N 0x2e34
0x784 N 0x788
0x7780 N 0x7784
0x2e30 N 0x2e34
0x9a8 N 0x9ac
0xe422d4 N 0xe422d8
0xac468 N 0xac46c
0x784 T 0xee54bc
0x972c08 N 0x972c0c
0x78532c N 0x785330
0x44435478 N 0x4443547c
0xb2ad770 N 0xb2ad774
0x87320c N 0x873210
0x8ac N 0x8b0
0x784 N 0x788
0xe61414 N 0xe61418
0x2b4 N 0x2b8
0x2e30 N 0x2e34
0x98340c N 0x983410
0x78532c N 0x785330
0x3ded0a0 N 0x3ded0a4
0x2e30 T 0xe9114
0x4a57e8 N 0x4a57ec
0x78532c T 0x418
0x78532c N 0x785330
0xd3f394 N 0xd3f398
0x87320c N 0x873210
0xa0c90ddc N 0xa0c90de0
0x78532c N 0x785330
0x7780 N 0x7784
0x784 T 0xee54bc
0xed562a4 N 0xed562a8
0x838 N 0x83c
0x47c6ec N 0x47c6f0
0x8ff9769c N 0x8ff976a0
0x5a2101c N 0x5a21020
0x47c6ec T 0x493d4
0x838 T 0x6b048
0x81dbace0 N 0x81dbace4
0x4a57e8 T 0x4994
0x3ded0a0 N 0x3ded0a4
0xed562a4 N 0xed562a8
0x55870 N 0x55874
0xe61414 N 0xe61418
0xe422d4 N 0xe422d8
0x58 N 0x5c
0x838 N 0x83c
0x784 N 0x788
0x5233cc N 0x5233d0
0x4a57e8 N 0x4a57ec
0xbc4 N 0xbc8
0x2e30 N 0x2e34
0x81dbace0 N 0x81dbace4
0x90e4 N 0x90e8
0x80122a0 N 0x80122a4
0x8ac N 0x8b0
0x9a8 N 0x9ac
0x3ded0a0 N 0x3ded0a4
0x9cb75c64 N 0x9cb75c68
0x3ded0a0 T 0x4bc
0xb2ad770 N 0xb2ad774
0x4a57e8 N 0x4a57ec
0xed562a4 N 0xed562a8
0x81dbace0 N 0x81dbace4
0x81dbace0 N 0x81dbace4
0x98340c N 0x983410
0x80122a0 N 0x80122a4
0x3ded0a0 N 0x3ded0a4
0x838 N 0x83c
0x87320c N 0x873210
0x3347f06c N 0x3347f070
0x3347f06c T 0xcd4753bc
0x8ff9769c N 0x8ff976a0
0x9cb75c64 N 0x9cb75c68
0x3347f06c T 0xcd4753bc
0xc618 N 0xc61c
0xd3f394 N 0xd3f398
0xbc4 N 0xbc8
0x7780 N 0x7784
0xed562a4 N 0xed562a8
0xebc N 0xec0
0x81dbace0 N 0x81dbace4
0x784 N 0x788
0x90eb4 N 0x90eb8
0xd018 N 0xd01c
0x2e30 N 0x2e34
0xa8 N 0xac
0x78532c N 0x785330
0x98340c N 0x983410
0x784 N 0x788
0x9a8 N 0x9ac
0x5d00 N 0x5d04
0xa0c90ddc N 0xa0c90de0
0x5a2101c N 0x5a21020
0x3347f06c N 0x3347f070
0x5a2101c N 0x5a21020
0xac468 N 0xac46c
0x784 T 0xee54bc
0x5a2101c N 0x5a21020
0x81dbace0 N 0x81dbace4
0xed562a4 N 0xed562a8
0x84d1c N 0x84d20
0xed562a4 T 0x8652a85c
0xfe8 N 0xfec
0x87320c N 0x873210
0x7780 N 0x7784
0x972c08 N 0x972c0c
0x90eb4 T 0x6d5894
0x90e4 N 0x90e8
0xe61414 N 0xe61418
0xa8 N 0xac
0x84d1c N 0x84d20
0xed562a4 N 0xed562a8
0x9a8 N 0x9ac
0x9cb75c64 N 0x9cb75c68
0x90e4 N 0x90e8
0x838 N 0x83c
0xac468 N 0xac46c
0xed562a4 N 0xed562a8
0xb2ad770 N 0xb2ad774
0x2b4 N 0x2b8
0x9cb75c64 N 0x9cb75c68
0x8ac N 0x8b0
0x9cb75c64 N 0x9cb75c68
0xac468 N 0xac46c
0x90e4 N 0x90e8
0xa0c90ddc N 0xa0c90de0
0xbc4 N 0xbc8
0x78532c N 0x785330
0xd3f394 N 0xd3f398
0xa8 N 0xac
0x98340c N 0x983410
0x58 N 0x5c
0x2e30 N 0x2e34
0xd3f394 N 0xd3f398
0x5233cc N 0x5233d0
0xe61414 N 0xe61418
0x5d00 N 0x5d04
0xd3f394 N 0xd3f398
0x58 N 0x5c
0x2b4 N 0x2b8
0xef66fc N 0xef6700
0xe422d4 N 0xe422d8
0x98340c N 0x983410
0x5233cc N 0x5233d0
0x78532c N 0x785330
0x5d00 T 0x5a8b36ac
0x3347f06c N 0x3347f070
0xed562a4 N 0xed562a8
0x838 N 0x83c
0x7780 N 0x7784
0xc618 N 0xc61c
0x98340c N 0x983410
0x84d1c N 0x84d20
0x2e30 T 0xe9114
0x838 N 0x83c
0x5a2101c N 0x5a21020
0x2b4 N 0x2b8
0xfe8 N 0xfec
0x4a57e8 N 0x4a57ec
0x838 N 0x83c
0xb2ad770 N 0xb2ad774
0x2e30 N 0x2e34
0xfe8 N 0xfec
0xe61414 N 0xe61418
0x2b4 N 0x2b8
0x838 T 0x6b048
0x2e30 T 0xe9114
0x9cb75c64 N 0x9cb75c68
0xebc N 0xec0
0x44435478 N 0x4443547c
0x8ff9769c N 0x8ff976a0
0x9a8 N 0x9ac
0x9a8 T 0xb000
0x87320c N 0x873210
0x7780 T 0xc94
0x47c6ec N 0x47c6f0
0x47c6ec T 0x493d4
0xebc N 0xec0
0xc618 N 0xc61c
0x87320c N 0x873210
0x2e30 N 0x2e34
0xd018 N 0xd01c
0x47c6ec N 0x47c6f0
0x90eb4 N 0x90eb8
0x2e30 T 0xe9114
0x55870 N 0x55874
0x90e4 N 0x90e8
0x98340c N 0x983410
0xbc4 N 0xbc8
0x972c08 N 0x972c0c
0xc618 N 0xc61c
0x55870 N 0x55874
0x838 N 0x83c
0xac468 N 0xac46c
0xebc T 0x8e6e4
0x784 N 0x788
0x5233cc N 0x5233d0
0x784 T 0xee54bc
0x98340c N 0x983410
0x47c6ec N 0x47c6f0
0xe61414 N 0xe61418
0x90eb4 N 0x90eb8
0x5233cc N 0x5233d0
0x2e30 N 0x2e34
0x90eb4 N 0x90eb8
0x90e4 N 0x90e8
0xe422d4 N 0xe422d8
0x90e4 N 0x90e8
0x55870 N 0x55874
0x7780 T 0xc94
0x78532c N 0x785330
0x47c6ec N 0x47c6f0
0xebc N 0xec0
0xa0c90ddc N 0xa0c90de0
0x838 T 0x6b048
0xe422d4 N 0xe422d8
0xebc N 0xec0
0xac468 N 0xac46c
0xfe8 N 0xfec
0xa8 N 0xac
0x58 N 0x5c
0x9a8 N 0x9ac
0x8ac N 0x8b0
0x784 N 0x788
0x9a8 N 0x9ac
0x44435478 N 0x4443547c
0xac468 N 0xac46c
0x78532c N 0x785330
0xbc4 N 0xbc8
0x5233cc N 0x5233d0
0x7780 T 0xc94
0x2e30 N 0x2e34
0x3347f06c N 0x3347f070
0x58 N 0x5c
0xfe8 N 0xfec
0x84d1c N 0x84d20
0x84d1c N 0x84d20
0x58 T 0xcb0
0x5d00 N 0x5d04
0xebc N 0xec0
0xed562a4 N 0xed562a8
0xfe8 N 0xfec
0x47c6ec N 0x47c6f0
0xebc T 0x8e6e4
0xe422d4 N 0xe422d8
0xfe8 T 0xa884a94
0x2b4 N 0x2b8
0x3ded0a0 N 0x3ded0a4
0x5233cc N 0x5233d0
0x8ac N 0x8b0
0x98340c N 0x983410
0x81dbace0 N 0x81dbace4
0xed562a4 N 0xed562a8
0x8ac N 0x8b0
0x9cb75c64 N 0x9cb75c68
0xbc4 N 0xbc8
0xef66fc N 0xef6700
0x81dbace0 N 0x81dbace4
0x5d00 N 0x5d04
0xd018 N 0xd01c
0xef66fc N 0xef6700
0x8ff9769c N 0x8ff976a0
0x90e4 N 0x90e8
0x5233cc N 0x5233d0
0xd3f394 N 0xd3f398
0xa8 N 0xac
0x81dbace0 N 0x81dbace4
0x47c6ec N 0x47c6f0
0x58 N 0x5c
0x8ac N 0x8b0
0xebc N 0xec0
0xe61414 N 0xe61418
0xd3f394 N 0xd3f398
0x80122a0 N 0x80122a4
0x78532c N 0x785330
0xd3f394 N 0xd3f398
0xb2ad770 N 0xb2ad774
0x44435478 N 0x4443547c
0x90eb4 N 0x90eb8
0xe61414 N 0xe61418
0x7780 N 0x7784
0xd3f394 N 0xd3f398
0x8ff9769c N 0x8ff976a0
0x5233cc N 0x5233d0
0xa0c90ddc N 0xa0c90de0
0x7780 T 0xc94
0xe61414 N 0xe61418
0x84d1c N 0x84d20
0xd018 N 0xd01c
0x3347f06c N 0x3347f070
0x2b4 N 0x2b8
0x8ac N 0x8b0
0x3347f06c N 0x3347f070
0xd018 N 0xd01c
0xef66fc N 0xef6700
0x784 N 0x788
0x78532c N 0x785330
0xed562a4 N 0xed562a8
0x87320c N 0x873210
0x87320c N 0x873210
0xebc N 0xec0
0x5d00 N 0x5d04
0x87320c N 0x873210
0x87320c T 0x1b0
0x5d00 N 0x5d04
0x2e30 N 0x2e34
0x972c08 N 0x972c0c
0xe422d4 N 0xe422d8
0xd018 T 0x6f724
0x972c08 T 0xda578
0x44435478 N 0x4443547c
0x90eb4 N 0x90eb8
0xd018 N 0xd01c
0xd3f394 N 0xd3f398
0x98340c N 0x983410
0x2b4 N 0x2b8
0x90e4 N 0x90e8
0x80122a0 N 0x80122a4
0x2b4 T 0x8de00
0x90eb4 N 0x90eb8
0x78532c N 0x785330
0x80122a0 N 0x80122a4
0x8ac N 0x8b0
0xbc4 N 0xbc8
0x2b4 N 0x2b8
0xe61414 N 0xe61418
0xac468 N 0xac46c
0x47c6ec N 0x47c6f0
0xef66fc N 0xef6700
0x90eb4 N 0x90eb8
0x4a57e8 N 0x4a57ec
0xa8 N 0xac
0xebc N 0xec0
0x8ff9769c N 0x8ff976a0
0x55870 N 0x55874
0x5a2101c N 0x5a21020
0xbc4 T 0x70590
0xebc N 0xec0
0x47c6ec T 0x493d4
0x3347f06c N 0x3347f070
0x2b4 N 0x2b8
0x3ded0a0 N 0x3ded0a4
0xac468 N 0xac46c
0x784 N 0x788
0x98340c N 0x983410
0x5d00 N 0x5d04
0x84d1c N 0x84d20
0xb2ad770 N 0xb2ad774
0x90e4 N 0x90e8
0x8ac N 0x8b0
0x80122a0 N 0x80122a4
0xc618 N 0xc61c
0xed562a4 N 0xed562a8
0xd3f394 N 0xd3f398
0x78532c N 0x785330
0x81dbace0 N 0x81dbace4
0x5a2101c N 0x5a21020
0xe61414 N 0xe61418
0x90e4 N 0x90e8
0x8ac N 0x8b0
0xc618 T 0xbdc
0x8ff9769c N 0x8ff976a0
0xbc4 N 0xbc8
0x90e4 N 0x90e8
0x9a8 N 0x9ac
0x7780 N 0x7784
0x3347f06c N 0x3347f070
0xa8 N 0xac
0xac468 N 0xac46c
0x90e4 T 0xaf3c98
0x9cb75c64 N 0x9cb75c68
0xfe8 N 0xfec
0x5233cc N 0x5233d0
0x55870 N 0x55874
0x5a2101c N 0x5a21020
0x2e30 N 0x2e34
0xa0c90ddc N 0xa0c90de0
0x44435478 N 0x4443547c
0x7780 T 0xc94
0x81dbace0 N 0x81dbace4
0x80122a0 N 0x80122a4
0xac468 N 0xac46c
0x9a8 N 0x9ac
0x972c08 N 0x972c0c
0xed562a4 N 0xed562a8
0x81dbace0 N 0x81dbace4
0xbc4 N 0xbc8
0xac468 N 0xac46c
0x44435478 N 0x4443547c
0x9cb75c64 N 0x9cb75c68
0x972c08 N 0x972c0c
0xb2ad770 N 0xb2ad774
0x2e30 N 0x2e34
0xbc4 N 0xbc8
0x5a2101c N 0x5a21020
0x8ac N 0x8b0
0xed562a4 N 0xed562a8
0x5233cc N 0x5233d0
0x81dbace0 T 0x51a19b5c
0xb2ad770 N 0xb2ad774
0xbc4 N 0xbc8
0xc618 N 0xc61c
0x784 N 0x788
0x5233cc N 0x5233d0
0x5233cc N 0x5233d0
0xb2ad770 N 0xb2ad774
0x4a57e8 N 0x4a57ec
0xb2ad770 N 0xb2ad774
0x58 N 0x5c
0x98340c N 0x983410
0xe61414 N 0xe61418
0x87320c N 0x873210
0x44435478 N 0x4443547c
0x78532c N 0x785330
0xd3f394 N 0xd3f398
0xfe8 N 0xfec
0x90eb4 N 0x90eb8
0xac468 N 0xac46c
0x784 T 0xee54bc
0x8ff9769c N 0x8ff976a0
0x3ded0a0 N 0x3ded0a4
flush_num: 915, br_num: 1902, size: 322b
