0x71ac N 0x71b0
0x5bdbc N 0x5bdc0
0x71ac N 0x71b0
0x5bdbc N 0x5bdc0
0x5bdbc N 0x5bdc0
0x5bdbc N 0x5bdc0
0x2c6ecec N 0x2c6ecf0
0x9c91bb5c N 0x9c91bb60
0x9c91bb5c N 0x9c91bb60
0x71ac N 0x71b0
0x9c91bb5c N 0x9c91bb60
0x2c6ecec N 0x2c6ecf0
0xe770 N 0xe774
0x5bdbc N 0x5bdc0
0x2c6ecec N 0x2c6ecf0
0x5bdbc N 0x5bdc0
0x5bdbc N 0x5bdc0
0x5bdbc N 0x5bdc0
0x2c6ecec N 0x2c6ecf0
0x2c6ecec N 0x2c6ecf0
0xe770 N 0xe774
0x9c91bb5c N 0x9c91bb60
0x9c91bb5c N 0x9c91bb60
0x2c6ecec N 0x2c6ecf0
0x2c6ecec N 0x2c6ecf0
0xe770 N 0xe774
0x9c91bb5c N 0x9c91bb60
0x9c91bb5c N 0x9c91bb60
0xe770 N 0xe774
0xe770 N 0xe774
0x71ac N 0x71b0
0x5bdbc N 0x5bdc0
0x9c91bb5c N 0x9c91bb60
0x2c6ecec N 0x2c6ecf0
0x5bdbc N 0x5bdc0
0x5bdbc N 0x5bdc0
0x5bdbc N 0x5bdc0
0x5bdbc N 0x5bdc0
0xe770 N 0xe774
0xe770 N 0xe774
0xe770 N 0xe774
0x2c6ecec N 0x2c6ecf0
0x9c91bb5c N 0x9c91bb60
0x9c91bb5c N 0x9c91bb60
0xe770 N 0xe774
0xe770 N 0xe774
0x2c6ecec N 0x2c6ecf0
0x9c91bb5c N 0x9c91bb60
0xe770 N 0xe774
0x9c91bb5c N 0x9c91bb60
0xe770 N 0xe774
0x71ac N 0x71b0
0x5bdbc N 0x5bdc0
0x2c6ecec N 0x2c6ecf0
0x71ac N 0x71b0
0xe770 N 0xe774
0xe770 N 0xe774
0x2c6ecec N 0x2c6ecf0
0x5bdbc N 0x5bdc0
0x71ac N 0x71b0
0x71ac N 0x71b0
0x9c91bb5c N 0x9c91bb60
0x5bdbc N 0x5bdc0
0x2c6ecec N 0x2c6ecf0
0x5bdbc N 0x5bdc0
0x5bdbc N 0x5bdc0
0x9c91bb5c N 0x9c91bb60
0x71ac N 0x71b0
0x9c91bb5c N 0x9c91bb60
0x2c6ecec N 0x2c6ecf0
0x2c6ecec N 0x2c6ecf0
0x9c91bb5c N 0x9c91bb60
0x71ac N 0x71b0
0x9c91bb5c N 0x9c91bb60
0x9c91bb5c N 0x9c91bb60
0x9c91bb5c N 0x9c91bb60
0xe770 N 0xe774
0xe770 N 0xe774
0x71ac N 0x71b0
0xe770 N 0xe774
0x9c91bb5c N 0x9c91bb60
0x2c6ecec N 0x2c6ecf0
0x71ac N 0x71b0
0x9c91bb5c N 0x9c91bb60
0x2c6ecec N 0x2c6ecf0
0x5bdbc N 0x5bdc0
0xe770 N 0xe774
0xe770 N 0xe774
0x71ac N 0x71b0
0x5bdbc N 0x5bdc0
0x9c91bb5c N 0x9c91bb60
0x2c6ecec N 0x2c6ecf0
0x9c91bb5c N 0x9c91bb60
0x9c91bb5c N 0x9c91bb60
0xe770 N 0xe774
0x71ac N 0x71b0
0x71ac N 0x71b0
0x5bdbc N 0x5bdc0
0xe770 N 0xe774
0x2c6ecec N 0x2c6ecf0
0x9c91bb5c N 0x9c91bb60
0xe770 N 0xe774
0x2c6ecec N 0x2c6ecf0
0x9c91bb5c N 0x9c91bb60
0xe770 N 0xe774
0x71ac N 0x71b0
0x9c91bb5c N 0x9c91bb60
0x9c91bb5c N 0x9c91bb60
0x2c6ecec N 0x2c6ecf0
0x71ac N 0x71b0
0x71ac N 0x71b0
0x71ac N 0x71b0
0xe770 N 0xe774
0x9c91bb5c N 0x9c91bb60
0x9c91bb5c N 0x9c91bb60
0x2c6ecec N 0x2c6ecf0
0x71ac N 0x71b0
0x71ac N 0x71b0
0xe770 N 0xe774
0x5bdbc N 0x5bdc0
0xe770 N 0xe774
0x5bdbc N 0x5bdc0
0xe770 N 0xe774
0x9c91bb5c N 0x9c91bb60
0x2c6ecec N 0x2c6ecf0
0x71ac N 0x71b0
0x9c91bb5c N 0x9c91bb60
0x2c6ecec N 0x2c6ecf0
0x71ac N 0x71b0
0x2c6ecec N 0x2c6ecf0
0x71ac N 0x71b0
0x2c6ecec N 0x2c6ecf0
0xe770 N 0xe774
0xe770 N 0xe774
0x9c91bb5c N 0x9c91bb60
0x9c91bb5c N 0x9c91bb60
0x2c6ecec N 0x2c6ecf0
0x5bdbc N 0x5bdc0
0x71ac N 0x71b0
0x5bdbc N 0x5bdc0
0x71ac N 0x71b0
0x5bdbc N 0x5bdc0
0x9c91bb5c N 0x9c91bb60
0x2c6ecec N 0x2c6ecf0
0x5bdbc N 0x5bdc0
0x9c91bb5c N 0x9c91bb60
0x9c91bb5c N 0x9c91bb60
0x71ac N 0x71b0
0x2c6ecec N 0x2c6ecf0
0x9c91bb5c N 0x9c91bb60
0x9c91bb5c N 0x9c91bb60
0x71ac N 0x71b0
0x9c91bb5c N 0x9c91bb60
0x5bdbc N 0x5bdc0
0x9c91bb5c N 0x9c91bb60
0x71ac N 0x71b0
0x2c6ecec N 0x2c6ecf0
0x9c91bb5c N 0x9c91bb60
0x2c6ecec N 0x2c6ecf0
0x5bdbc N 0x5bdc0
0xe770 N 0xe774
0x71ac N 0x71b0
0x5bdbc N 0x5bdc0
0x9c91bb5c N 0x9c91bb60
0xe770 N 0xe774
0x5bdbc N 0x5bdc0
0x5bdbc N 0x5bdc0
0x2c6ecec N 0x2c6ecf0
0xe770 N 0xe774
0x5bdbc N 0x5bdc0
0x5bdbc N 0x5bdc0
0x71ac N 0x71b0
0x9c91bb5c N 0x9c91bb60
0x5bdbc N 0x5bdc0
0x9c91bb5c N 0x9c91bb60
0x9c91bb5c N 0x9c91bb60
0x2c6ecec N 0x2c6ecf0
0x71ac N 0x71b0
0xe770 N 0xe774
0x5bdbc N 0x5bdc0
0xe770 N 0xe774
0x2c6ecec N 0x2c6ecf0
0x71ac N 0x71b0
0xe770 N 0xe774
0x9c91bb5c N 0x9c91bb60
0x9c91bb5c N 0x9c91bb60
0xe770 N 0xe774
0xe770 N 0xe774
0x5bdbc N 0x5bdc0
0x5bdbc N 0x5bdc0
0xe770 N 0xe774
0x5bdbc N 0x5bdc0
0x5bdbc N 0x5bdc0
0x5bdbc N 0x5bdc0
0xe770 N 0xe774
0x71ac N 0x71b0
0x71ac N 0x71b0
0x9c91bb5c N 0x9c91bb60
0x9c91bb5c N 0x9c91bb60
0x2c6ecec N 0x2c6ecf0
0x9c91bb5c N 0x9c91bb60
0x9c91bb5c N 0x9c91bb60
0xe770 N 0xe774
0x71ac N 0x71b0
0x71ac N 0x71b0
0x71ac N 0x71b0
0x71ac N 0x71b0
0x2c6ecec N 0x2c6ecf0
0x5bdbc N 0x5bdc0
0x5bdbc N 0x5bdc0
0x71ac N 0x71b0
0x71ac N 0x71b0
0xe770 N 0xe774
0xe770 N 0xe774
0x71ac N 0x71b0
0x2c6ecec N 0x2c6ecf0
0x9c91bb5c N 0x9c91bb60
0x5bdbc N 0x5bdc0
0x2c6ecec N 0x2c6ecf0
0x2c6ecec N 0x2c6ecf0
0x5bdbc N 0x5bdc0
0x71ac N 0x71b0
0x9c91bb5c N 0x9c91bb60
0x71ac N 0x71b0
0x71ac N 0x71b0
0x9c91bb5c N 0x9c91bb60
0x9c91bb5c N 0x9c91bb60
0xe770 N 0xe774
0x9c91bb5c N 0x9c91bb60
0x71ac N 0x71b0
0xe770 N 0xe774
0x9c91bb5c N 0x9c91bb60
0x9c91bb5c N 0x9c91bb60
0x71ac N 0x71b0
0x9c91bb5c N 0x9c91bb60
0x71ac N 0x71b0
0xe770 N 0xe774
0x71ac N 0x71b0
0x71ac N 0x71b0
0x71ac N 0x71b0
0xe770 N 0xe774
0x5bdbc N 0x5bdc0
0x5bdbc N 0x5bdc0
0xe770 N 0xe774
0x2c6ecec N 0x2c6ecf0
0x5bdbc N 0x5bdc0
0xe770 N 0xe774
0x9c91bb5c N 0x9c91bb60
0x71ac N 0x71b0
0x5bdbc N 0x5bdc0
0xe770 N 0xe774
0x9c91bb5c N 0x9c91bb60
0x9c91bb5c N 0x9c91bb60
0x2c6ecec N 0x2c6ecf0
0x2c6ecec N 0x2c6ecf0
0x2c6ecec N 0x2c6ecf0
0xe770 N 0xe774
0x71ac N 0x71b0
0x71ac N 0x71b0
0x9c91bb5c N 0x9c91bb60
0x5bdbc N 0x5bdc0
0x9c91bb5c N 0x9c91bb60
0x2c6ecec N 0x2c6ecf0
0x71ac N 0x71b0
0x2c6ecec N 0x2c6ecf0
0xe770 N 0xe774
0x9c91bb5c N 0x9c91bb60
0x71ac N 0x71b0
0x71ac N 0x71b0
0x71ac N 0x71b0
0x2c6ecec N 0x2c6ecf0
0x9c91bb5c N 0x9c91bb60
0x2c6ecec N 0x2c6ecf0
0x2c6ecec N 0x2c6ecf0
0xe770 N 0xe774
0x71ac N 0x71b0
0x9c91bb5c N 0x9c91bb60
0x5bdbc N 0x5bdc0
0x9c91bb5c N 0x9c91bb60
0xe770 N 0xe774
0x71ac N 0x71b0
0x5bdbc N 0x5bdc0
0xe770 N 0xe774
0x2c6ecec N 0x2c6ecf0
0x2c6ecec N 0x2c6ecf0
0x9c91bb5c N 0x9c91bb60
0xe770 N 0xe774
0x9c91bb5c N 0x9c91bb60
0x5bdbc N 0x5bdc0
0x2c6ecec N 0x2c6ecf0
0x5bdbc N 0x5bdc0
0x5bdbc N 0x5bdc0
0x9c91bb5c N 0x9c91bb60
0x9c91bb5c N 0x9c91bb60
0xe770 N 0xe774
0x9c91bb5c N 0x9c91bb60
0x5bdbc N 0x5bdc0
0x5bdbc N 0x5bdc0
0x5bdbc N 0x5bdc0
0x5bdbc N 0x5bdc0
0x2c6ecec N 0x2c6ecf0
0x2c6ecec N 0x2c6ecf0
0x71ac N 0x71b0
0x71ac N 0x71b0
0x2c6ecec N 0x2c6ecf0
0x5bdbc N 0x5bdc0
0x9c91bb5c N 0x9c91bb60
0x9c91bb5c N 0x9c91bb60
0x2c6ecec N 0x2c6ecf0
0x2c6ecec N 0x2c6ecf0
0x5bdbc N 0x5bdc0
0xe770 N 0xe774
0x2c6ecec N 0x2c6ecf0
0x5bdbc N 0x5bdc0
0xe770 N 0xe774
0x71ac N 0x71b0
0x2c6ecec N 0x2c6ecf0
0x5bdbc N 0x5bdc0
0x71ac N 0x71b0
0x5bdbc N 0x5bdc0
0x2c6ecec N 0x2c6ecf0
0xe770 N 0xe774
0x2c6ecec N 0x2c6ecf0
0x9c91bb5c N 0x9c91bb60
0xe770 N 0xe774
0x5bdbc N 0x5bdc0
0x71ac N 0x71b0
0x5bdbc N 0x5bdc0
0x71ac N 0x71b0
0xe770 N 0xe774
0x2c6ecec N 0x2c6ecf0
0x2c6ecec N 0x2c6ecf0
0x71ac N 0x71b0
0x71ac N 0x71b0
0x2c6ecec N 0x2c6ecf0
0x9c91bb5c N 0x9c91bb60
0xe770 N 0xe774
0x9c91bb5c N 0x9c91bb60
0x5bdbc N 0x5bdc0
0xe770 N 0xe774
0x5bdbc N 0x5bdc0
0x71ac N 0x71b0
0xe770 N 0xe774
0xe770 N 0xe774
0x2c6ecec N 0x2c6ecf0
0x5bdbc N 0x5bdc0
0x2c6ecec N 0x2c6ecf0
0x9c91bb5c N 0x9c91bb60
0xe770 N 0xe774
0x2c6ecec N 0x2c6ecf0
0x5bdbc N 0x5bdc0
0xe770 N 0xe774
0x9c91bb5c N 0x9c91bb60
0x9c91bb5c N 0x9c91bb60
0x2c6ecec N 0x2c6ecf0
0x5bdbc N 0x5bdc0
0x71ac N 0x71b0
0x71ac N 0x71b0
0xe770 N 0xe774
0xe770 N 0xe774
0xe770 N 0xe774
0x71ac N 0x71b0
0x5bdbc N 0x5bdc0
0x9c91bb5c N 0x9c91bb60
0xe770 N 0xe774
0x2c6ecec N 0x2c6ecf0
0x2c6ecec N 0x2c6ecf0
0x71ac N 0x71b0
0x9c91bb5c N 0x9c91bb60
0xe770 N 0xe774
0x2c6ecec N 0x2c6ecf0
0xe770 N 0xe774
0x5bdbc N 0x5bdc0
0x5bdbc N 0x5bdc0
0x9c91bb5c N 0x9c91bb60
0x71ac N 0x71b0
0x9c91bb5c N 0x9c91bb60
0x9c91bb5c N 0x9c91bb60
0x2c6ecec N 0x2c6ecf0
0x9c91bb5c N 0x9c91bb60
0x71ac N 0x71b0
0x2c6ecec N 0x2c6ecf0
0x5bdbc N 0x5bdc0
0x5bdbc N 0x5bdc0
0xe770 N 0xe774
0x71ac N 0x71b0
0xe770 N 0xe774
0x71ac N 0x71b0
0xe770 N 0xe774
0x71ac N 0x71b0
0x9c91bb5c N 0x9c91bb60
0x5bdbc N 0x5bdc0
0xe770 N 0xe774
0x9c91bb5c N 0x9c91bb60
0xe770 N 0xe774
0x5bdbc N 0x5bdc0
0x2c6ecec N 0x2c6ecf0
0x9c91bb5c N 0x9c91bb60
0x71ac N 0x71b0
0x71ac N 0x71b0
0x2c6ecec N 0x2c6ecf0
0x5bdbc N 0x5bdc0
0xe770 N 0xe774
0x2c6ecec N 0x2c6ecf0
0x9c91bb5c N 0x9c91bb60
0x9c91bb5c N 0x9c91bb60
0x71ac N 0x71b0
0x71ac N 0x71b0
0x2c6ecec N 0x2c6ecf0
0xe770 N 0xe774
0x71ac N 0x71b0
0x9c91bb5c N 0x9c91bb60
0x71ac N 0x71b0
0x5bdbc N 0x5bdc0
0x9c91bb5c N 0x9c91bb60
0x5bdbc N 0x5bdc0
0x5bdbc N 0x5bdc0
0x2c6ecec N 0x2c6ecf0
0x5bdbc N 0x5bdc0
0x71ac N 0x71b0
0x9c91bb5c N 0x9c91bb60
0x2c6ecec N 0x2c6ecf0
0x5bdbc N 0x5bdc0
0x9c91bb5c N 0x9c91bb60
0x71ac N 0x71b0
0x71ac N 0x71b0
0x9c91bb5c N 0x9c91bb60
0x2c6ecec N 0x2c6ecf0
0x5bdbc N 0x5bdc0
0x71ac N 0x71b0
0x71ac N 0x71b0
0x2c6ecec N 0x2c6ecf0
0x5bdbc N 0x5bdc0
0x71ac N 0x71b0
0x71ac N 0x71b0
0x71ac N 0x71b0
0x71ac N 0x71b0
0x71ac N 0x71b0
0x9c91bb5c N 0x9c91bb60
0xe770 N 0xe774
0xe770 N 0xe774
0x71ac N 0x71b0
0x5bdbc N 0x5bdc0
0x5bdbc N 0x5bdc0
0x2c6ecec N 0x2c6ecf0
0xe770 N 0xe774
0x2c6ecec N 0x2c6ecf0
0x2c6ecec N 0x2c6ecf0
0x9c91bb5c N 0x9c91bb60
0x9c91bb5c N 0x9c91bb60
0x9c91bb5c N 0x9c91bb60
0x71ac N 0x71b0
0x2c6ecec N 0x2c6ecf0
0x5bdbc N 0x5bdc0
0x5bdbc N 0x5bdc0
0x9c91bb5c N 0x9c91bb60
0x5bdbc N 0x5bdc0
0xe770 N 0xe774
0x5bdbc N 0x5bdc0
0x9c91bb5c N 0x9c91bb60
0x2c6ecec N 0x2c6ecf0
0x2c6ecec N 0x2c6ecf0
0x9c91bb5c N 0x9c91bb60
0x9c91bb5c N 0x9c91bb60
0x2c6ecec N 0x2c6ecf0
0xe770 N 0xe774
0x71ac N 0x71b0
0xe770 N 0xe774
0x71ac N 0x71b0
0x5bdbc N 0x5bdc0
0x2c6ecec N 0x2c6ecf0
0xe770 N 0xe774
0x9c91bb5c N 0x9c91bb60
0xe770 N 0xe774
0x5bdbc N 0x5bdc0
0x5bdbc N 0x5bdc0
0xe770 N 0xe774
0x9c91bb5c N 0x9c91bb60
0x9c91bb5c N 0x9c91bb60
0x71ac N 0x71b0
0x2c6ecec N 0x2c6ecf0
0x71ac N 0x71b0
0xe770 N 0xe774
0xe770 N 0xe774
0x2c6ecec N 0x2c6ecf0
0x2c6ecec N 0x2c6ecf0
0x71ac N 0x71b0
0xe770 N 0xe774
0x5bdbc N 0x5bdc0
0x5bdbc N 0x5bdc0
0xe770 N 0xe774
0x71ac N 0x71b0
0xe770 N 0xe774
0xe770 N 0xe774
0x71ac N 0x71b0
0x5bdbc N 0x5bdc0
0xe770 N 0xe774
0x2c6ecec N 0x2c6ecf0
0x5bdbc N 0x5bdc0
0x71ac N 0x71b0
0x2c6ecec N 0x2c6ecf0
0x5bdbc N 0x5bdc0
0x5bdbc N 0x5bdc0
0x5bdbc N 0x5bdc0
0x71ac N 0x71b0
0x9c91bb5c N 0x9c91bb60
0x9c91bb5c N 0x9c91bb60
0x2c6ecec N 0x2c6ecf0
0xe770 N 0xe774
0x71ac N 0x71b0
0x71ac N 0x71b0
0x71ac N 0x71b0
0x9c91bb5c N 0x9c91bb60
0x2c6ecec N 0x2c6ecf0
0x2c6ecec N 0x2c6ecf0
0x71ac N 0x71b0
0x9c91bb5c N 0x9c91bb60
0xe770 N 0xe774
0x2c6ecec N 0x2c6ecf0
0x5bdbc N 0x5bdc0
0x2c6ecec N 0x2c6ecf0
0x2c6ecec N 0x2c6ecf0
0x5bdbc N 0x5bdc0
0x2c6ecec N 0x2c6ecf0
0x5bdbc N 0x5bdc0
0x71ac N 0x71b0
0x9c91bb5c N 0x9c91bb60
0x71ac N 0x71b0
0x9c91bb5c N 0x9c91bb60
0x71ac N 0x71b0
0xe770 N 0xe774
0x5bdbc N 0x5bdc0
0x5bdbc N 0x5bdc0
0x2c6ecec N 0x2c6ecf0
0xe770 N 0xe774
0x9c91bb5c N 0x9c91bb60
0x5bdbc N 0x5bdc0
0xe770 N 0xe774
0x71ac N 0x71b0
0x9c91bb5c N 0x9c91bb60
0x2c6ecec N 0x2c6ecf0
0x2c6ecec N 0x2c6ecf0
0x71ac N 0x71b0
0x5bdbc N 0x5bdc0
0x71ac N 0x71b0
0x5bdbc N 0x5bdc0
0x2c6ecec N 0x2c6ecf0
0x5bdbc N 0x5bdc0
0x71ac N 0x71b0
0x9c91bb5c N 0x9c91bb60
0x9c91bb5c N 0x9c91bb60
0x9c91bb5c N 0x9c91bb60
0x71ac N 0x71b0
0x5bdbc N 0x5bdc0
0x5bdbc N 0x5bdc0
0x71ac N 0x71b0
0x2c6ecec N 0x2c6ecf0
0x9c91bb5c N 0x9c91bb60
0xe770 N 0xe774
0x71ac N 0x71b0
0x5bdbc N 0x5bdc0
0x2c6ecec N 0x2c6ecf0
0x5bdbc N 0x5bdc0
0xe770 N 0xe774
0x9c91bb5c N 0x9c91bb60
0xe770 N 0xe774
0x71ac N 0x71b0
0xe770 N 0xe774
0x2c6ecec N 0x2c6ecf0
0x2c6ecec N 0x2c6ecf0
0xe770 N 0xe774
0x5bdbc N 0x5bdc0
0xe770 N 0xe774
0xe770 N 0xe774
0x71ac N 0x71b0
0x5bdbc N 0x5bdc0
0x9c91bb5c N 0x9c91bb60
0x71ac N 0x71b0
0xe770 N 0xe774
0x9c91bb5c N 0x9c91bb60
0x5bdbc N 0x5bdc0
0x2c6ecec N 0x2c6ecf0
0x9c91bb5c N 0x9c91bb60
0x2c6ecec N 0x2c6ecf0
0x5bdbc N 0x5bdc0
0xe770 N 0xe774
0x2c6ecec N 0x2c6ecf0
0xe770 N 0xe774
0x5bdbc N 0x5bdc0
0x71ac N 0x71b0
0x2c6ecec N 0x2c6ecf0
0x9c91bb5c N 0x9c91bb60
0x5bdbc N 0x5bdc0
0x9c91bb5c N 0x9c91bb60
0x5bdbc N 0x5bdc0
0x71ac N 0x71b0
0xe770 N 0xe774
0x5bdbc N 0x5bdc0
0x5bdbc N 0x5bdc0
flush_num: 293, br_num: 599, size: 52b
